True
2.3.0
True
Args in experiment:
Namespace(activation='gelu', anomaly_ratio=0.25, batch_size=512, c_out=5, channel_independent=1, checkpoints='./checkpoints/', d_ff=512, d_layers=1, d_model=1024, data='DYG_base', data_path='DYG_data_3_sub2.csv', dec_in=5, des='Exp', device_ids=[0, 1, 2, 3], devices='0,1,2,3', direction=[1, 1, 2, 0, 2], distil=True, dropout=0.1, e_layers=2, embed='timeF', enc_in=5, enc_out=5, factor=3, features='M', freq='h', gpu=0, inverse=False, is_training=1, itr=1, label_len=48, learning_rate=0.0001, loss='MSE', lradj='type1', mask_rate=0.25, model='iTransformer', model_id='kdd_sub2_336', moe_logits_init='{\n    "0": {0: 3.0, 1: 2.0, 2: 5.0},\n    "1": {0: 5.0, 1: 3.0, 2: 1.0},\n    "2": {0: 2.0, 1: 5.0, 2: 3.0}, \n    "3": {0: -5.0, 1: 3.0, 2: 5.0},\n    "4": {0: 5.0, 1: 4.0, 2: -5.0}\n}', moving_avg=25, n_heads=8, num_kernels=6, num_workers=10, output_attention=False, p_hidden_dims=[128, 128], p_hidden_layers=2, patience=3, pred_len=336, root_path='./data/DYG/KDD', seasonal_patterns='Monthly', seg_len=12, seq_len=96, target='zs', task_name='long_term_forecast', top_k=5, train_epochs=10, use_amp=True, use_gpu=True, use_multi_gpu=True)
Use GPU: cuda:0
>>>>>>>start training : long_term_forecast_kdd_sub2_336_iTransformer_DYG_base_ftM_sl96_ll48_pl336_dm1024_nh8_el2_dl1_df512_fc3_ebtimeF_dtTrue_Exp_0>>>>>>>>>>>>>>>>>>>>>>>>>>
DYG_base
原始数据形状: (108051, 6)
Index(['Viscosity', 'Chemical Efficiency', 'DO Value', 'pH Online',
       'Air Flow'],
      dtype='object')
train 75204
DYG_base
原始数据形状: (108051, 6)
Index(['Viscosity', 'Chemical Efficiency', 'DO Value', 'pH Online',
       'Air Flow'],
      dtype='object')
val 10471
DYG_base
原始数据形状: (108051, 6)
Index(['Viscosity', 'Chemical Efficiency', 'DO Value', 'pH Online',
       'Air Flow'],
      dtype='object')
test 21275
	iters: 100, epoch: 1 | loss: 0.7518885
	speed: 0.0863s/iter; left time: 117.4619s
Epoch: 1 cost time: 11.596392154693604
Epoch: 1, Steps: 146 | Train Loss: 0.8137410 Vali Loss: 0.6554298 Test Loss: 6.8923335
Validation loss decreased (inf --> 0.655430).  Saving model ...
Updating learning rate to 0.0001
	iters: 100, epoch: 2 | loss: 0.6401871
	speed: 1.0170s/iter; left time: 1235.6822s
Epoch: 2 cost time: 9.018155574798584
Epoch: 2, Steps: 146 | Train Loss: 0.7054611 Vali Loss: 0.6352183 Test Loss: 6.6813254
Validation loss decreased (0.655430 --> 0.635218).  Saving model ...
Updating learning rate to 5e-05
	iters: 100, epoch: 3 | loss: 0.6239110
	speed: 1.0361s/iter; left time: 1107.6217s
Epoch: 3 cost time: 9.272058725357056
Epoch: 3, Steps: 146 | Train Loss: 0.6775540 Vali Loss: 0.6286675 Test Loss: 6.6827650
Validation loss decreased (0.635218 --> 0.628668).  Saving model ...
Updating learning rate to 2.5e-05
	iters: 100, epoch: 4 | loss: 0.5711006
	speed: 1.1932s/iter; left time: 1101.2796s
Epoch: 4 cost time: 9.726261138916016
Epoch: 4, Steps: 146 | Train Loss: 0.6654538 Vali Loss: 0.6269668 Test Loss: 6.6402893
Validation loss decreased (0.628668 --> 0.626967).  Saving model ...
Updating learning rate to 1.25e-05
	iters: 100, epoch: 5 | loss: 0.6748994
	speed: 1.1540s/iter; left time: 896.6872s
Epoch: 5 cost time: 8.813770771026611
Epoch: 5, Steps: 146 | Train Loss: 0.6601545 Vali Loss: 0.6256878 Test Loss: 6.6486936
Validation loss decreased (0.626967 --> 0.625688).  Saving model ...
Updating learning rate to 6.25e-06
	iters: 100, epoch: 6 | loss: 0.6679861
	speed: 1.0416s/iter; left time: 657.2239s
Epoch: 6 cost time: 9.060180187225342
Epoch: 6, Steps: 146 | Train Loss: 0.6570534 Vali Loss: 0.6255512 Test Loss: 6.6464319
Validation loss decreased (0.625688 --> 0.625551).  Saving model ...
Updating learning rate to 3.125e-06
	iters: 100, epoch: 7 | loss: 0.6153637
	speed: 1.0950s/iter; left time: 531.0897s
Epoch: 7 cost time: 8.62272572517395
Epoch: 7, Steps: 146 | Train Loss: 0.6556250 Vali Loss: 0.6260163 Test Loss: 6.6390071
EarlyStopping counter: 1 out of 3
Updating learning rate to 1.5625e-06
	iters: 100, epoch: 8 | loss: 0.6709198
	speed: 1.2821s/iter; left time: 434.6185s
Epoch: 8 cost time: 8.746653318405151
Epoch: 8, Steps: 146 | Train Loss: 0.6555315 Vali Loss: 0.6250809 Test Loss: 6.6379333
Validation loss decreased (0.625551 --> 0.625081).  Saving model ...
Updating learning rate to 7.8125e-07
	iters: 100, epoch: 9 | loss: 0.5953472
	speed: 1.0873s/iter; left time: 209.8513s
Epoch: 9 cost time: 8.322458267211914
Epoch: 9, Steps: 146 | Train Loss: 0.6550008 Vali Loss: 0.6267698 Test Loss: 6.6322832
EarlyStopping counter: 1 out of 3
Updating learning rate to 3.90625e-07
	iters: 100, epoch: 10 | loss: 0.6570879
	speed: 1.0407s/iter; left time: 48.9140s
Epoch: 10 cost time: 7.861399173736572
Epoch: 10, Steps: 146 | Train Loss: 0.6545016 Vali Loss: 0.6259637 Test Loss: 6.6317673
EarlyStopping counter: 2 out of 3
Updating learning rate to 1.953125e-07
>>>>>>>testing : long_term_forecast_kdd_sub2_336_iTransformer_DYG_base_ftM_sl96_ll48_pl336_dm1024_nh8_el2_dl1_df512_fc3_ebtimeF_dtTrue_Exp_0<<<<<<<<<<<<<<<<<<<<<<<<<<<<<<<<<
DYG_base
原始数据形状: (108051, 6)
Index(['Viscosity', 'Chemical Efficiency', 'DO Value', 'pH Online',
       'Air Flow'],
      dtype='object')
test 21275
test shape: (21275, 1, 336, 5) (21275, 1, 336, 5)
test shape: (21275, 336, 5) (21275, 336, 5)
mae:0.6988, mse:6.6379
(21275, 336, 5)
(21275, 336, 5)
