True
2.3.0
True
Args in experiment:
Namespace(activation='gelu', anomaly_ratio=0.25, batch_size=256, c_out=5, channel_independent=1, checkpoints='./checkpoints/', d_ff=512, d_layers=1, d_model=1024, data='DYG_base', data_path='DYG_data_3_sub1.csv', dec_in=5, des='Exp', device_ids=[1, 2, 3, 4], devices='1,2,3,4', direction=[1, 1, 2, 0, 0], distil=True, dropout=0.1, e_layers=2, embed='timeF', enc_in=5, enc_out=5, factor=3, features='M', freq='h', gpu=1, inverse=False, is_training=1, itr=1, label_len=48, learning_rate=0.0001, loss='MSE', lradj='type1', mask_rate=0.25, model='iTransformer', model_id='kdd_sub1_192', moe_logits_init='{\n    "0": {0: 5.0, 1: 1.0, 2: -5.0},  \n    "1": {0: 1.0, 1: 5.0, 2: -5.0},  \n    "2": {0: -5.0, 1: 1.0, 2: 5.0},  \n    "3": {0: -5.0, 1: 4.0, 2: 5.0},  \n    "4": {0: -5.0, 1: 4.0, 2: 5.0}\n}', moving_avg=25, n_heads=8, num_kernels=6, num_workers=10, output_attention=False, p_hidden_dims=[128, 128], p_hidden_layers=2, patience=3, pred_len=192, root_path='./data/DYG/KDD', seasonal_patterns='Monthly', seg_len=12, seq_len=96, target='zs', task_name='long_term_forecast', top_k=5, train_epochs=10, use_amp=True, use_gpu=True, use_multi_gpu=True)
Use GPU: cuda:1
>>>>>>>start training : long_term_forecast_kdd_sub1_192_iTransformer_DYG_base_ftM_sl96_ll48_pl192_dm1024_nh8_el2_dl1_df512_fc3_ebtimeF_dtTrue_Exp_0>>>>>>>>>>>>>>>>>>>>>>>>>>
DYG_base
原始数据形状: (108051, 6)
Index(['Bacterial Density', 'Viscosity', 'Alcohol Addition', 'Reducing Sugar',
       'Non Reducing Suger'],
      dtype='object')
train 75348
DYG_base
原始数据形状: (108051, 6)
Index(['Bacterial Density', 'Viscosity', 'Alcohol Addition', 'Reducing Sugar',
       'Non Reducing Suger'],
      dtype='object')
val 10615
DYG_base
原始数据形状: (108051, 6)
Index(['Bacterial Density', 'Viscosity', 'Alcohol Addition', 'Reducing Sugar',
       'Non Reducing Suger'],
      dtype='object')
test 21419
	iters: 100, epoch: 1 | loss: 0.6301676
	speed: 0.1496s/iter; left time: 425.1124s
	iters: 200, epoch: 1 | loss: 0.6781809
	speed: 0.1221s/iter; left time: 334.7002s
Epoch: 1 cost time: 38.699491024017334
Epoch: 1, Steps: 294 | Train Loss: 0.7263973 Vali Loss: 0.4533195 Test Loss: 0.4984401
Validation loss decreased (inf --> 0.453319).  Saving model ...
Updating learning rate to 0.0001
	iters: 100, epoch: 2 | loss: 0.7994780
	speed: 1.8538s/iter; left time: 4721.7143s
	iters: 200, epoch: 2 | loss: 0.4957721
	speed: 0.1208s/iter; left time: 295.5994s
Epoch: 2 cost time: 45.34848690032959
Epoch: 2, Steps: 294 | Train Loss: 0.6064953 Vali Loss: 0.4480149 Test Loss: 0.4695516
Validation loss decreased (0.453319 --> 0.448015).  Saving model ...
Updating learning rate to 5e-05
	iters: 100, epoch: 3 | loss: 0.5842596
	speed: 1.8816s/iter; left time: 4239.1881s
	iters: 200, epoch: 3 | loss: 0.4796920
	speed: 0.1254s/iter; left time: 269.9145s
Epoch: 3 cost time: 36.45355558395386
Epoch: 3, Steps: 294 | Train Loss: 0.5732644 Vali Loss: 0.4324187 Test Loss: 0.4566820
Validation loss decreased (0.448015 --> 0.432419).  Saving model ...
Updating learning rate to 2.5e-05
	iters: 100, epoch: 4 | loss: 0.7063519
	speed: 2.4601s/iter; left time: 4819.4131s
	iters: 200, epoch: 4 | loss: 0.4130290
	speed: 0.1175s/iter; left time: 218.4582s
Epoch: 4 cost time: 40.77456784248352
Epoch: 4, Steps: 294 | Train Loss: 0.5625384 Vali Loss: 0.4370272 Test Loss: 0.4539687
EarlyStopping counter: 1 out of 3
Updating learning rate to 1.25e-05
	iters: 100, epoch: 5 | loss: 0.5638996
	speed: 2.1251s/iter; left time: 3538.3518s
	iters: 200, epoch: 5 | loss: 0.5279126
	speed: 0.1660s/iter; left time: 259.7979s
Epoch: 5 cost time: 48.92261791229248
Epoch: 5, Steps: 294 | Train Loss: 0.5564925 Vali Loss: 0.4312729 Test Loss: 0.4496855
Validation loss decreased (0.432419 --> 0.431273).  Saving model ...
Updating learning rate to 6.25e-06
	iters: 100, epoch: 6 | loss: 0.4330853
	speed: 2.0905s/iter; left time: 2866.0839s
	iters: 200, epoch: 6 | loss: 0.4902155
	speed: 0.1734s/iter; left time: 220.3326s
Epoch: 6 cost time: 48.39753246307373
Epoch: 6, Steps: 294 | Train Loss: 0.5529862 Vali Loss: 0.4314846 Test Loss: 0.4497266
EarlyStopping counter: 1 out of 3
Updating learning rate to 3.125e-06
	iters: 100, epoch: 7 | loss: 0.4981329
	speed: 2.6545s/iter; left time: 2858.8670s
	iters: 200, epoch: 7 | loss: 0.5794378
	speed: 0.1737s/iter; left time: 169.7007s
Epoch: 7 cost time: 48.66469931602478
Epoch: 7, Steps: 294 | Train Loss: 0.5527203 Vali Loss: 0.4303704 Test Loss: 0.4480997
Validation loss decreased (0.431273 --> 0.430370).  Saving model ...
Updating learning rate to 1.5625e-06
	iters: 100, epoch: 8 | loss: 0.6594284
	speed: 2.1035s/iter; left time: 1647.0640s
	iters: 200, epoch: 8 | loss: 0.4732669
	speed: 0.1670s/iter; left time: 114.0277s
Epoch: 8 cost time: 47.34657597541809
Epoch: 8, Steps: 294 | Train Loss: 0.5512306 Vali Loss: 0.4309434 Test Loss: 0.4483049
EarlyStopping counter: 1 out of 3
Updating learning rate to 7.8125e-07
	iters: 100, epoch: 9 | loss: 0.5846492
	speed: 2.1399s/iter; left time: 1046.3885s
	iters: 200, epoch: 9 | loss: 0.3404395
	speed: 0.1621s/iter; left time: 63.0535s
Epoch: 9 cost time: 47.504411458969116
Epoch: 9, Steps: 294 | Train Loss: 0.5511966 Vali Loss: 0.4304083 Test Loss: 0.4482050
EarlyStopping counter: 2 out of 3
Updating learning rate to 3.90625e-07
	iters: 100, epoch: 10 | loss: 0.5787744
	speed: 2.1335s/iter; left time: 416.0412s
	iters: 200, epoch: 10 | loss: 0.4217163
	speed: 0.1410s/iter; left time: 13.3991s
Epoch: 10 cost time: 39.7772581577301
Epoch: 10, Steps: 294 | Train Loss: 0.5506261 Vali Loss: 0.4302451 Test Loss: 0.4481332
Validation loss decreased (0.430370 --> 0.430245).  Saving model ...
Updating learning rate to 1.953125e-07
>>>>>>>testing : long_term_forecast_kdd_sub1_192_iTransformer_DYG_base_ftM_sl96_ll48_pl192_dm1024_nh8_el2_dl1_df512_fc3_ebtimeF_dtTrue_Exp_0<<<<<<<<<<<<<<<<<<<<<<<<<<<<<<<<<
DYG_base
原始数据形状: (108051, 6)
Index(['Bacterial Density', 'Viscosity', 'Alcohol Addition', 'Reducing Sugar',
       'Non Reducing Suger'],
      dtype='object')
test 21419
test shape: (21419, 1, 192, 5) (21419, 1, 192, 5)
test shape: (21419, 192, 5) (21419, 192, 5)
mae:0.4091, mse:0.4481
(21419, 192, 5)
(21419, 192, 5)
