True
2.3.0
True
Args in experiment:
Namespace(activation='gelu', anomaly_ratio=0.25, batch_size=512, c_out=5, channel_independent=1, checkpoints='./checkpoints/', d_ff=512, d_layers=1, d_model=1024, data='DYG_base', data_path='DYG_data_3_sub2.csv', dec_in=5, des='Exp', device_ids=[0, 1, 2, 3], devices='0,1,2,3', direction=[1, 1, 2, 0, 2], distil=True, dropout=0.1, e_layers=2, embed='timeF', enc_in=5, enc_out=5, factor=3, features='M', freq='h', gpu=0, inverse=False, is_training=1, itr=1, label_len=48, learning_rate=0.0001, loss='MSE', lradj='type1', mask_rate=0.25, model='iTransformer', model_id='kdd_sub2_192', moe_logits_init='{\n    "0": {0: 3.0, 1: 2.0, 2: 5.0},\n    "1": {0: 5.0, 1: 3.0, 2: 1.0},\n    "2": {0: 2.0, 1: 5.0, 2: 3.0}, \n    "3": {0: -5.0, 1: 3.0, 2: 5.0},\n    "4": {0: 5.0, 1: 4.0, 2: -5.0}\n}', moving_avg=25, n_heads=8, num_kernels=6, num_workers=10, output_attention=False, p_hidden_dims=[128, 128], p_hidden_layers=2, patience=3, pred_len=192, root_path='./data/DYG/KDD', seasonal_patterns='Monthly', seg_len=12, seq_len=96, target='zs', task_name='long_term_forecast', top_k=5, train_epochs=10, use_amp=True, use_gpu=True, use_multi_gpu=True)
Use GPU: cuda:0
>>>>>>>start training : long_term_forecast_kdd_sub2_192_iTransformer_DYG_base_ftM_sl96_ll48_pl192_dm1024_nh8_el2_dl1_df512_fc3_ebtimeF_dtTrue_Exp_0>>>>>>>>>>>>>>>>>>>>>>>>>>
DYG_base
原始数据形状: (108051, 6)
Index(['Viscosity', 'Chemical Efficiency', 'DO Value', 'pH Online',
       'Air Flow'],
      dtype='object')
train 75348
DYG_base
原始数据形状: (108051, 6)
Index(['Viscosity', 'Chemical Efficiency', 'DO Value', 'pH Online',
       'Air Flow'],
      dtype='object')
val 10615
DYG_base
原始数据形状: (108051, 6)
Index(['Viscosity', 'Chemical Efficiency', 'DO Value', 'pH Online',
       'Air Flow'],
      dtype='object')
test 21419
	iters: 100, epoch: 1 | loss: 0.8278245
	speed: 0.0910s/iter; left time: 124.7531s
Epoch: 1 cost time: 11.936885118484497
Epoch: 1, Steps: 147 | Train Loss: 0.7583376 Vali Loss: 0.5977677 Test Loss: 6.2643800
Validation loss decreased (inf --> 0.597768).  Saving model ...
Updating learning rate to 0.0001
	iters: 100, epoch: 2 | loss: 0.6491353
	speed: 1.2541s/iter; left time: 1534.9842s
Epoch: 2 cost time: 9.175875186920166
Epoch: 2, Steps: 147 | Train Loss: 0.6375837 Vali Loss: 0.5797036 Test Loss: 5.8842516
Validation loss decreased (0.597768 --> 0.579704).  Saving model ...
Updating learning rate to 5e-05
	iters: 100, epoch: 3 | loss: 0.6209272
	speed: 1.0201s/iter; left time: 1098.5995s
Epoch: 3 cost time: 8.947259187698364
Epoch: 3, Steps: 147 | Train Loss: 0.6071181 Vali Loss: 0.5726565 Test Loss: 5.7902274
Validation loss decreased (0.579704 --> 0.572656).  Saving model ...
Updating learning rate to 2.5e-05
	iters: 100, epoch: 4 | loss: 0.5200939
	speed: 1.0384s/iter; left time: 965.6746s
Epoch: 4 cost time: 9.132471799850464
Epoch: 4, Steps: 147 | Train Loss: 0.5944506 Vali Loss: 0.5733848 Test Loss: 5.7944584
EarlyStopping counter: 1 out of 3
Updating learning rate to 1.25e-05
	iters: 100, epoch: 5 | loss: 0.6425022
	speed: 1.2221s/iter; left time: 956.9020s
Epoch: 5 cost time: 9.209982872009277
Epoch: 5, Steps: 147 | Train Loss: 0.5881991 Vali Loss: 0.5676597 Test Loss: 5.7680345
Validation loss decreased (0.572656 --> 0.567660).  Saving model ...
Updating learning rate to 6.25e-06
	iters: 100, epoch: 6 | loss: 0.5286081
	speed: 1.1522s/iter; left time: 732.7865s
Epoch: 6 cost time: 8.306328535079956
Epoch: 6, Steps: 147 | Train Loss: 0.5850290 Vali Loss: 0.5697287 Test Loss: 5.7654023
EarlyStopping counter: 1 out of 3
Updating learning rate to 3.125e-06
	iters: 100, epoch: 7 | loss: 0.5898860
	speed: 1.0257s/iter; left time: 501.5676s
Epoch: 7 cost time: 8.609937191009521
Epoch: 7, Steps: 147 | Train Loss: 0.5837851 Vali Loss: 0.5668253 Test Loss: 5.7411952
Validation loss decreased (0.567660 --> 0.566825).  Saving model ...
Updating learning rate to 1.5625e-06
	iters: 100, epoch: 8 | loss: 0.6451447
	speed: 1.0352s/iter; left time: 354.0461s
Epoch: 8 cost time: 8.484570026397705
Epoch: 8, Steps: 147 | Train Loss: 0.5827526 Vali Loss: 0.5672117 Test Loss: 5.7490792
EarlyStopping counter: 1 out of 3
Updating learning rate to 7.8125e-07
	iters: 100, epoch: 9 | loss: 0.5484245
	speed: 1.2339s/iter; left time: 240.6178s
Epoch: 9 cost time: 9.24169635772705
Epoch: 9, Steps: 147 | Train Loss: 0.5825577 Vali Loss: 0.5684987 Test Loss: 5.7443776
EarlyStopping counter: 2 out of 3
Updating learning rate to 3.90625e-07
	iters: 100, epoch: 10 | loss: 0.5946818
	speed: 1.1010s/iter; left time: 52.8472s
Epoch: 10 cost time: 8.967967748641968
Epoch: 10, Steps: 147 | Train Loss: 0.5823413 Vali Loss: 0.5670763 Test Loss: 5.7469039
EarlyStopping counter: 3 out of 3
Early stopping
Updating learning rate to 1.953125e-07
>>>>>>>testing : long_term_forecast_kdd_sub2_192_iTransformer_DYG_base_ftM_sl96_ll48_pl192_dm1024_nh8_el2_dl1_df512_fc3_ebtimeF_dtTrue_Exp_0<<<<<<<<<<<<<<<<<<<<<<<<<<<<<<<<<
DYG_base
原始数据形状: (108051, 6)
Index(['Viscosity', 'Chemical Efficiency', 'DO Value', 'pH Online',
       'Air Flow'],
      dtype='object')
test 21419
test shape: (21419, 1, 192, 5) (21419, 1, 192, 5)
test shape: (21419, 192, 5) (21419, 192, 5)
mae:0.6462, mse:5.7412
(21419, 192, 5)
(21419, 192, 5)
