True
2.3.0
True
Args in experiment:
Namespace(activation='gelu', anomaly_ratio=0.25, batch_size=512, c_out=5, channel_independent=1, checkpoints='./checkpoints/', d_ff=512, d_layers=1, d_model=1024, data='DYG_base', data_path='DYG_data_3_sub1.csv', dec_in=5, des='Exp', device_ids=[0, 1, 2, 3], devices='0,1,2,3', direction=[1, 1, 2, 0, 0], distil=True, dropout=0.1, e_layers=2, embed='timeF', enc_in=5, enc_out=5, factor=3, features='M', freq='h', gpu=0, inverse=False, is_training=1, itr=1, label_len=48, learning_rate=0.0001, loss='MSE', lradj='type1', mask_rate=0.25, model='iTransformer', model_id='kdd_sub1_96', moe_logits_init='{\n    "0": {0: 5.0, 1: 1.0, 2: -5.0},  \n    "1": {0: 1.0, 1: 5.0, 2: -5.0},  \n    "2": {0: -5.0, 1: 1.0, 2: 5.0},  \n    "3": {0: -5.0, 1: 4.0, 2: 5.0},  \n    "4": {0: -5.0, 1: 4.0, 2: 5.0}\n}', moving_avg=25, n_heads=8, num_kernels=6, num_workers=10, output_attention=False, p_hidden_dims=[128, 128], p_hidden_layers=2, patience=3, pred_len=96, root_path='./data/DYG/KDD', seasonal_patterns='Monthly', seg_len=12, seq_len=96, target='zs', task_name='long_term_forecast', top_k=5, train_epochs=10, use_amp=True, use_gpu=True, use_multi_gpu=True)
Use GPU: cuda:0
>>>>>>>start training : long_term_forecast_kdd_sub1_96_iTransformer_DYG_base_ftM_sl96_ll48_pl96_dm1024_nh8_el2_dl1_df512_fc3_ebtimeF_dtTrue_Exp_0>>>>>>>>>>>>>>>>>>>>>>>>>>
DYG_base
原始数据形状: (108051, 6)
Index(['Bacterial Density', 'Viscosity', 'Alcohol Addition', 'Reducing Sugar',
       'Non Reducing Suger'],
      dtype='object')
train 75444
DYG_base
原始数据形状: (108051, 6)
Index(['Bacterial Density', 'Viscosity', 'Alcohol Addition', 'Reducing Sugar',
       'Non Reducing Suger'],
      dtype='object')
val 10711
DYG_base
原始数据形状: (108051, 6)
Index(['Bacterial Density', 'Viscosity', 'Alcohol Addition', 'Reducing Sugar',
       'Non Reducing Suger'],
      dtype='object')
test 21515
	iters: 100, epoch: 1 | loss: 0.6333671
	speed: 0.0777s/iter; left time: 106.4778s
Epoch: 1 cost time: 10.133578300476074
Epoch: 1, Steps: 147 | Train Loss: 0.7504827 Vali Loss: 0.4358805 Test Loss: 0.4816551
Validation loss decreased (inf --> 0.435881).  Saving model ...
Updating learning rate to 0.0001
	iters: 100, epoch: 2 | loss: 0.6441296
	speed: 1.0243s/iter; left time: 1253.7705s
Epoch: 2 cost time: 8.535000562667847
Epoch: 2, Steps: 147 | Train Loss: 0.5843240 Vali Loss: 0.4217991 Test Loss: 0.4541494
Validation loss decreased (0.435881 --> 0.421799).  Saving model ...
Updating learning rate to 5e-05
	iters: 100, epoch: 3 | loss: 0.5639989
	speed: 1.0016s/iter; left time: 1078.6899s
Epoch: 3 cost time: 8.500606298446655
Epoch: 3, Steps: 147 | Train Loss: 0.5457573 Vali Loss: 0.4006254 Test Loss: 0.4218414
Validation loss decreased (0.421799 --> 0.400625).  Saving model ...
Updating learning rate to 2.5e-05
	iters: 100, epoch: 4 | loss: 0.4888555
	speed: 0.9944s/iter; left time: 924.8355s
Epoch: 4 cost time: 8.292998313903809
Epoch: 4, Steps: 147 | Train Loss: 0.5307798 Vali Loss: 0.3944638 Test Loss: 0.4175118
Validation loss decreased (0.400625 --> 0.394464).  Saving model ...
Updating learning rate to 1.25e-05
	iters: 100, epoch: 5 | loss: 0.6204011
	speed: 1.0109s/iter; left time: 791.5096s
Epoch: 5 cost time: 8.461855173110962
Epoch: 5, Steps: 147 | Train Loss: 0.5230416 Vali Loss: 0.3950915 Test Loss: 0.4145373
EarlyStopping counter: 1 out of 3
Updating learning rate to 6.25e-06
	iters: 100, epoch: 6 | loss: 0.4933373
	speed: 1.0170s/iter; left time: 646.8306s
Epoch: 6 cost time: 9.278457880020142
Epoch: 6, Steps: 147 | Train Loss: 0.5215091 Vali Loss: 0.3928352 Test Loss: 0.4120118
Validation loss decreased (0.394464 --> 0.392835).  Saving model ...
Updating learning rate to 3.125e-06
	iters: 100, epoch: 7 | loss: 0.5924466
	speed: 1.0287s/iter; left time: 503.0559s
Epoch: 7 cost time: 8.472746849060059
Epoch: 7, Steps: 147 | Train Loss: 0.5191313 Vali Loss: 0.3926640 Test Loss: 0.4114219
Validation loss decreased (0.392835 --> 0.392664).  Saving model ...
Updating learning rate to 1.5625e-06
	iters: 100, epoch: 8 | loss: 0.4170575
	speed: 0.9998s/iter; left time: 341.9303s
Epoch: 8 cost time: 8.82521104812622
Epoch: 8, Steps: 147 | Train Loss: 0.5200186 Vali Loss: 0.3897425 Test Loss: 0.4115163
Validation loss decreased (0.392664 --> 0.389742).  Saving model ...
Updating learning rate to 7.8125e-07
	iters: 100, epoch: 9 | loss: 0.5095475
	speed: 1.0409s/iter; left time: 202.9843s
Epoch: 9 cost time: 8.926525831222534
Epoch: 9, Steps: 147 | Train Loss: 0.5185440 Vali Loss: 0.3904394 Test Loss: 0.4110727
EarlyStopping counter: 1 out of 3
Updating learning rate to 3.90625e-07
	iters: 100, epoch: 10 | loss: 0.6966866
	speed: 1.0122s/iter; left time: 48.5877s
Epoch: 10 cost time: 9.081536293029785
Epoch: 10, Steps: 147 | Train Loss: 0.5185051 Vali Loss: 0.3896844 Test Loss: 0.4110990
Validation loss decreased (0.389742 --> 0.389684).  Saving model ...
Updating learning rate to 1.953125e-07
>>>>>>>testing : long_term_forecast_kdd_sub1_96_iTransformer_DYG_base_ftM_sl96_ll48_pl96_dm1024_nh8_el2_dl1_df512_fc3_ebtimeF_dtTrue_Exp_0<<<<<<<<<<<<<<<<<<<<<<<<<<<<<<<<<
DYG_base
原始数据形状: (108051, 6)
Index(['Bacterial Density', 'Viscosity', 'Alcohol Addition', 'Reducing Sugar',
       'Non Reducing Suger'],
      dtype='object')
test 21515
test shape: (21515, 1, 96, 5) (21515, 1, 96, 5)
test shape: (21515, 96, 5) (21515, 96, 5)
mae:0.3868, mse:0.4111
(21515, 96, 5)
(21515, 96, 5)
