True
2.3.0
True
Args in experiment:
Namespace(activation='gelu', anomaly_ratio=0.25, batch_size=256, c_out=5, channel_independent=1, checkpoints='./checkpoints/', d_ff=512, d_layers=1, d_model=1024, data='DYG_base', data_path='DYG_data_3_sub1.csv', dec_in=5, des='Exp', device_ids=[1, 2, 3, 4], devices='1,2,3,4', direction=[1, 1, 2, 0, 0], distil=True, dropout=0.1, e_layers=2, embed='timeF', enc_in=5, enc_out=5, factor=3, features='M', freq='h', gpu=1, inverse=False, is_training=1, itr=1, label_len=48, learning_rate=0.0001, loss='MSE', lradj='type1', mask_rate=0.25, model='iTransformer', model_id='kdd_sub1_192', moe_logits_init='{\n    "0": {0: 5.0, 1: 1.0, 2: -5.0},  \n    "1": {0: 1.0, 1: 5.0, 2: -5.0},  \n    "2": {0: -5.0, 1: 1.0, 2: 5.0},  \n    "3": {0: -5.0, 1: 4.0, 2: 5.0},  \n    "4": {0: -5.0, 1: 4.0, 2: 5.0}\n}', moving_avg=25, n_heads=8, num_kernels=6, num_workers=10, output_attention=False, p_hidden_dims=[128, 128], p_hidden_layers=2, patience=3, pred_len=192, root_path='./data/DYG/KDD', seasonal_patterns='Monthly', seg_len=12, seq_len=96, target='temp5', task_name='long_term_forecast', top_k=5, train_epochs=10, use_amp=True, use_gpu=True, use_multi_gpu=True)
Use GPU: cuda:1
>>>>>>>start training : long_term_forecast_kdd_sub1_192_iTransformer_DYG_base_ftM_sl96_ll48_pl192_dm1024_nh8_el2_dl1_df512_fc3_ebtimeF_dtTrue_Exp_0>>>>>>>>>>>>>>>>>>>>>>>>>>
DYG_base
原始数据形状: (108051, 6)
Index(['Bacterial Density', 'Viscosity', 'Alcohol Addition', 'Reducing Sugar',
       'Non Reducing Suger'],
      dtype='object')
train 75348
DYG_base
原始数据形状: (108051, 6)
Index(['Bacterial Density', 'Viscosity', 'Alcohol Addition', 'Reducing Sugar',
       'Non Reducing Suger'],
      dtype='object')
val 10615
DYG_base
原始数据形状: (108051, 6)
Index(['Bacterial Density', 'Viscosity', 'Alcohol Addition', 'Reducing Sugar',
       'Non Reducing Suger'],
      dtype='object')
test 21419
	iters: 100, epoch: 1 | loss: 0.6301676
	speed: 0.1500s/iter; left time: 426.2450s
	iters: 200, epoch: 1 | loss: 0.6781809
	speed: 0.1288s/iter; left time: 353.1027s
Epoch: 1 cost time: 42.048107385635376
Epoch: 1, Steps: 294 | Train Loss: 0.7263973 Vali Loss: 0.4533195 Test Loss: 0.4984401
Validation loss decreased (inf --> 0.453319).  Saving model ...
Updating learning rate to 0.0001
	iters: 100, epoch: 2 | loss: 0.7994780
	speed: 1.8853s/iter; left time: 4801.9091s
	iters: 200, epoch: 2 | loss: 0.4957721
	speed: 0.0897s/iter; left time: 219.5815s
Epoch: 2 cost time: 27.87052607536316
Epoch: 2, Steps: 294 | Train Loss: 0.6064953 Vali Loss: 0.4480149 Test Loss: 0.4695516
Validation loss decreased (0.453319 --> 0.448015).  Saving model ...
Updating learning rate to 5e-05
	iters: 100, epoch: 3 | loss: 0.5842596
	speed: 2.4139s/iter; left time: 5438.5770s
	iters: 200, epoch: 3 | loss: 0.4796920
	speed: 0.0947s/iter; left time: 203.8293s
Epoch: 3 cost time: 27.62016749382019
Epoch: 3, Steps: 294 | Train Loss: 0.5732644 Vali Loss: 0.4324187 Test Loss: 0.4566820
Validation loss decreased (0.448015 --> 0.432419).  Saving model ...
Updating learning rate to 2.5e-05
	iters: 100, epoch: 4 | loss: 0.7063519
	speed: 1.9217s/iter; left time: 3764.6599s
	iters: 200, epoch: 4 | loss: 0.4130290
	speed: 0.1426s/iter; left time: 265.1415s
Epoch: 4 cost time: 41.68881392478943
Epoch: 4, Steps: 294 | Train Loss: 0.5625384 Vali Loss: 0.4370272 Test Loss: 0.4539687
EarlyStopping counter: 1 out of 3
Updating learning rate to 1.25e-05
	iters: 100, epoch: 5 | loss: 0.5638996
	speed: 2.0352s/iter; left time: 3388.6195s
	iters: 200, epoch: 5 | loss: 0.5279126
	speed: 0.1449s/iter; left time: 226.7691s
Epoch: 5 cost time: 41.94009709358215
Epoch: 5, Steps: 294 | Train Loss: 0.5564925 Vali Loss: 0.4312729 Test Loss: 0.4496855
Validation loss decreased (0.432419 --> 0.431273).  Saving model ...
Updating learning rate to 6.25e-06
	iters: 100, epoch: 6 | loss: 0.4330853
	speed: 2.4368s/iter; left time: 3340.8476s
	iters: 200, epoch: 6 | loss: 0.4902155
	speed: 0.1326s/iter; left time: 168.5271s
Epoch: 6 cost time: 40.57695746421814
Epoch: 6, Steps: 294 | Train Loss: 0.5529862 Vali Loss: 0.4314846 Test Loss: 0.4497266
EarlyStopping counter: 1 out of 3
Updating learning rate to 3.125e-06
	iters: 100, epoch: 7 | loss: 0.4981329
	speed: 2.1918s/iter; left time: 2360.5648s
	iters: 200, epoch: 7 | loss: 0.5794378
	speed: 0.1453s/iter; left time: 141.9813s
Epoch: 7 cost time: 43.66004991531372
Epoch: 7, Steps: 294 | Train Loss: 0.5527203 Vali Loss: 0.4303704 Test Loss: 0.4480997
Validation loss decreased (0.431273 --> 0.430370).  Saving model ...
Updating learning rate to 1.5625e-06
	iters: 100, epoch: 8 | loss: 0.6594284
	speed: 2.1642s/iter; left time: 1694.5987s
	iters: 200, epoch: 8 | loss: 0.4732669
	speed: 0.1473s/iter; left time: 100.5837s
Epoch: 8 cost time: 44.499993085861206
Epoch: 8, Steps: 294 | Train Loss: 0.5512306 Vali Loss: 0.4309434 Test Loss: 0.4483049
EarlyStopping counter: 1 out of 3
Updating learning rate to 7.8125e-07
	iters: 100, epoch: 9 | loss: 0.5846492
	speed: 2.1884s/iter; left time: 1070.1106s
	iters: 200, epoch: 9 | loss: 0.3404395
	speed: 0.1485s/iter; left time: 57.7477s
Epoch: 9 cost time: 44.19899344444275
Epoch: 9, Steps: 294 | Train Loss: 0.5511966 Vali Loss: 0.4304083 Test Loss: 0.4482050
EarlyStopping counter: 2 out of 3
Updating learning rate to 3.90625e-07
	iters: 100, epoch: 10 | loss: 0.5787744
	speed: 2.4804s/iter; left time: 483.6824s
	iters: 200, epoch: 10 | loss: 0.4217163
	speed: 0.1376s/iter; left time: 13.0715s
Epoch: 10 cost time: 41.19548988342285
Epoch: 10, Steps: 294 | Train Loss: 0.5506261 Vali Loss: 0.4302451 Test Loss: 0.4481332
Validation loss decreased (0.430370 --> 0.430245).  Saving model ...
Updating learning rate to 1.953125e-07
>>>>>>>testing : long_term_forecast_kdd_sub1_192_iTransformer_DYG_base_ftM_sl96_ll48_pl192_dm1024_nh8_el2_dl1_df512_fc3_ebtimeF_dtTrue_Exp_0<<<<<<<<<<<<<<<<<<<<<<<<<<<<<<<<<
DYG_base
原始数据形状: (108051, 6)
Index(['Bacterial Density', 'Viscosity', 'Alcohol Addition', 'Reducing Sugar',
       'Non Reducing Suger'],
      dtype='object')
test 21419
test shape: (21419, 1, 192, 5) (21419, 1, 192, 5)
test shape: (21419, 192, 5) (21419, 192, 5)
mae:0.4091, mse:0.4481
(21419, 192, 5)
(21419, 192, 5)
