True
2.3.0
True
Args in experiment:
Namespace(activation='gelu', anomaly_ratio=0.25, batch_size=256, c_out=5, channel_independent=1, checkpoints='./checkpoints/', d_ff=512, d_layers=1, d_model=1024, data='DYG_base', data_path='EDA_offair.csv', dec_in=5, des='Exp', device_ids=[0, 1, 3], devices='0,1,3', direction=[1, 1, 2, 0, 0], distil=True, dropout=0.1, e_layers=2, embed='timeF', enc_in=5, enc_out=5, factor=3, features='M', freq='h', gpu=0, inverse=False, is_training=1, itr=1, label_len=48, learning_rate=0.0001, loss='MSE', lradj='type1', mask_rate=0.25, model='Autoformer', model_id='kdd_offair_96', moe_logits_init='{\n    "0": {0: 5.0, 1: 1.0, 2: -5.0},  \n    "1": {0: 1.0, 1: 5.0, 2: -5.0},  \n    "2": {0: -5.0, 1: 1.0, 2: 5.0},  \n    "3": {0: -5.0, 1: 4.0, 2: 5.0},  \n    "4": {0: -5.0, 1: 4.0, 2: 5.0}\n}', moving_avg=25, n_heads=8, num_kernels=6, num_workers=10, output_attention=False, p_hidden_dims=[128, 128], p_hidden_layers=2, patience=3, pred_len=96, root_path='./data/public', seasonal_patterns='Monthly', seg_len=12, seq_len=96, target='zs', task_name='long_term_forecast', temp=1.0, top_k=5, train_epochs=10, use_amp=False, use_gpu=True, use_multi_gpu=True)
Use GPU: cuda:0
>>>>>>>start training : long_term_forecast_kdd_offair_96_Autoformer_DYG_base_ftM_sl96_ll48_pl96_dm1024_nh8_el2_dl1_df512_fc3_ebtimeF_dtTrue_Exp_0>>>>>>>>>>>>>>>>>>>>>>>>>>
DYG_base
原始数据形状: (113935, 6)
Index(['pH', 'CO2', 'OUR', 'O2', 'CER'], dtype='object')
train 79563
DYG_base
原始数据形状: (113935, 6)
Index(['pH', 'CO2', 'OUR', 'O2', 'CER'], dtype='object')
val 11299
DYG_base
原始数据形状: (113935, 6)
Index(['pH', 'CO2', 'OUR', 'O2', 'CER'], dtype='object')
test 22692
Traceback (most recent call last):
  File "run_FFT.py", line 169, in <module>
    exp.train(setting)
  File "/home/home_new/syc/code/Timeserise_Library/exp/exp_long_term_forecasting.py", line 238, in train
    outputs = self.model(batch_x, batch_x_mark, dec_inp, batch_y_mark)
  File "/home/home_new/syc/anaconda3/envs/py38torch121/lib/python3.8/site-packages/torch/nn/modules/module.py", line 1532, in _wrapped_call_impl
    return self._call_impl(*args, **kwargs)
  File "/home/home_new/syc/anaconda3/envs/py38torch121/lib/python3.8/site-packages/torch/nn/modules/module.py", line 1541, in _call_impl
    return forward_call(*args, **kwargs)
  File "/home/home_new/syc/anaconda3/envs/py38torch121/lib/python3.8/site-packages/torch/nn/parallel/data_parallel.py", line 185, in forward
    outputs = self.parallel_apply(replicas, inputs, module_kwargs)
  File "/home/home_new/syc/anaconda3/envs/py38torch121/lib/python3.8/site-packages/torch/nn/parallel/data_parallel.py", line 200, in parallel_apply
    return parallel_apply(replicas, inputs, kwargs, self.device_ids[:len(replicas)])
  File "/home/home_new/syc/anaconda3/envs/py38torch121/lib/python3.8/site-packages/torch/nn/parallel/parallel_apply.py", line 108, in parallel_apply
    output.reraise()
  File "/home/home_new/syc/anaconda3/envs/py38torch121/lib/python3.8/site-packages/torch/_utils.py", line 705, in reraise
    raise exception
torch.cuda.OutOfMemoryError: Caught OutOfMemoryError in replica 0 on device 0.
Original Traceback (most recent call last):
  File "/home/home_new/syc/anaconda3/envs/py38torch121/lib/python3.8/site-packages/torch/nn/parallel/parallel_apply.py", line 83, in _worker
    output = module(*input, **kwargs)
  File "/home/home_new/syc/anaconda3/envs/py38torch121/lib/python3.8/site-packages/torch/nn/modules/module.py", line 1532, in _wrapped_call_impl
    return self._call_impl(*args, **kwargs)
  File "/home/home_new/syc/anaconda3/envs/py38torch121/lib/python3.8/site-packages/torch/nn/modules/module.py", line 1541, in _call_impl
    return forward_call(*args, **kwargs)
  File "/home/home_new/syc/code/Timeserise_Library/models/Autoformer.py", line 146, in forward
    dec_out = self.forecast(x_enc, x_mark_enc, x_dec, x_mark_dec)
  File "/home/home_new/syc/code/Timeserise_Library/models/Autoformer.py", line 106, in forecast
    seasonal_part, trend_part = self.decoder(dec_out, enc_out, x_mask=None, cross_mask=None,
  File "/home/home_new/syc/anaconda3/envs/py38torch121/lib/python3.8/site-packages/torch/nn/modules/module.py", line 1532, in _wrapped_call_impl
    return self._call_impl(*args, **kwargs)
  File "/home/home_new/syc/anaconda3/envs/py38torch121/lib/python3.8/site-packages/torch/nn/modules/module.py", line 1541, in _call_impl
    return forward_call(*args, **kwargs)
  File "/home/home_new/syc/code/Timeserise_Library/layers/Autoformer_EncDec.py", line 195, in forward
    x, residual_trend = layer(x, cross, x_mask=x_mask, cross_mask=cross_mask)
  File "/home/home_new/syc/anaconda3/envs/py38torch121/lib/python3.8/site-packages/torch/nn/modules/module.py", line 1532, in _wrapped_call_impl
    return self._call_impl(*args, **kwargs)
  File "/home/home_new/syc/anaconda3/envs/py38torch121/lib/python3.8/site-packages/torch/nn/modules/module.py", line 1541, in _call_impl
    return forward_call(*args, **kwargs)
  File "/home/home_new/syc/code/Timeserise_Library/layers/Autoformer_EncDec.py", line 167, in forward
    x = x + self.dropout(self.cross_attention(
  File "/home/home_new/syc/anaconda3/envs/py38torch121/lib/python3.8/site-packages/torch/nn/modules/module.py", line 1532, in _wrapped_call_impl
    return self._call_impl(*args, **kwargs)
  File "/home/home_new/syc/anaconda3/envs/py38torch121/lib/python3.8/site-packages/torch/nn/modules/module.py", line 1541, in _call_impl
    return forward_call(*args, **kwargs)
  File "/home/home_new/syc/code/Timeserise_Library/layers/AutoCorrelation.py", line 155, in forward
    out, attn = self.inner_correlation(
  File "/home/home_new/syc/anaconda3/envs/py38torch121/lib/python3.8/site-packages/torch/nn/modules/module.py", line 1532, in _wrapped_call_impl
    return self._call_impl(*args, **kwargs)
  File "/home/home_new/syc/anaconda3/envs/py38torch121/lib/python3.8/site-packages/torch/nn/modules/module.py", line 1541, in _call_impl
    return forward_call(*args, **kwargs)
  File "/home/home_new/syc/code/Timeserise_Library/layers/AutoCorrelation.py", line 121, in forward
    V = self.time_delay_agg_training(values.permute(0, 2, 3, 1).contiguous(), corr).permute(0, 3, 1, 2)
  File "/home/home_new/syc/code/Timeserise_Library/layers/AutoCorrelation.py", line 47, in time_delay_agg_training
    delays_agg = delays_agg + pattern * \
torch.cuda.OutOfMemoryError: CUDA out of memory. Tried to allocate 50.00 MiB. GPU 

