True
2.3.0
True
Args in experiment:
Namespace(activation='gelu', anomaly_ratio=0.25, batch_size=256, c_out=5, channel_independent=1, checkpoints='./checkpoints/', d_ff=256, d_layers=1, d_model=256, data='DYG_base', data_path='EDA_femprocess_v2.csv', dec_in=5, des='Exp', device_ids=[0, 1, 2, 7], devices='0,1,2,7', direction=[1, 1, 2, 0, 2], distil=True, dropout=0.1, e_layers=2, embed='timeF', enc_in=5, enc_out=5, factor=3, features='M', freq='h', gpu=0, inverse=False, is_training=1, itr=1, label_len=48, learning_rate=0.0001, loss='MSE', lradj='type1', mask_rate=0.25, model='Crossformer', model_id='kdd_femprocess_v2_960', moe_logits_init='{\n    "0": {0: 3.0, 1: 2.0, 2: 5.0},\n    "1": {0: 5.0, 1: 3.0, 2: 1.0},\n    "2": {0: 2.0, 1: 5.0, 2: 3.0}, \n    "3": {0: -5.0, 1: 3.0, 2: 5.0},\n    "4": {0: 5.0, 1: 4.0, 2: -5.0}\n}', moving_avg=25, n_heads=8, num_kernels=6, num_workers=10, output_attention=False, p_hidden_dims=[128, 128], p_hidden_layers=2, patience=3, pred_len=960, root_path='./data/public', seasonal_patterns='Monthly', seg_len=12, seq_len=96, target='v2', task_name='long_term_forecast', temp=1.0, top_k=5, train_epochs=10, use_amp=True, use_gpu=True, use_multi_gpu=True)
Use GPU: cuda:0
>>>>>>>start training : long_term_forecast_kdd_femprocess_v2_960_Crossformer_DYG_base_ftM_sl96_ll48_pl960_dm256_nh8_el2_dl1_df256_fc3_ebtimeF_dtTrue_Exp_0>>>>>>>>>>>>>>>>>>>>>>>>>>
DYG_base
原始数据形状: (113935, 6)
Index(['flow_rate', 'heating_cooling_water_flow_rate', 'vessel_weight',
       'vessel_volume', 'generated_heat'],
      dtype='object')
train 78699
DYG_base
原始数据形状: (113935, 6)
Index(['flow_rate', 'heating_cooling_water_flow_rate', 'vessel_weight',
       'vessel_volume', 'generated_heat'],
      dtype='object')
val 10435
DYG_base
原始数据形状: (113935, 6)
Index(['flow_rate', 'heating_cooling_water_flow_rate', 'vessel_weight',
       'vessel_volume', 'generated_heat'],
      dtype='object')
test 21828
	iters: 100, epoch: 1 | loss: 0.9065062
	speed: 0.2285s/iter; left time: 678.9486s
	iters: 200, epoch: 1 | loss: 0.7684240
	speed: 0.2052s/iter; left time: 589.2496s
	iters: 300, epoch: 1 | loss: 0.6801507
	speed: 0.1983s/iter; left time: 549.5477s
Epoch: 1 cost time: 64.72813320159912
Epoch: 1, Steps: 307 | Train Loss: 0.8855536 Vali Loss: 0.6855534 Test Loss: 0.9228364
Validation loss decreased (inf --> 0.685553).  Saving model ...
Updating learning rate to 0.0001
	iters: 100, epoch: 2 | loss: 0.6353192
	speed: 5.0822s/iter; left time: 13538.8548s
	iters: 200, epoch: 2 | loss: 0.6691372
	speed: 0.1955s/iter; left time: 501.1913s
	iters: 300, epoch: 2 | loss: 0.6412868
	speed: 0.2005s/iter; left time: 493.9861s
Epoch: 2 cost time: 60.63396906852722
Epoch: 2, Steps: 307 | Train Loss: 0.6424692 Vali Loss: 0.6350642 Test Loss: 0.8904179
Validation loss decreased (0.685553 --> 0.635064).  Saving model ...
Updating learning rate to 5e-05
	iters: 100, epoch: 3 | loss: 0.6167071
	speed: 5.8739s/iter; left time: 13844.7180s
	iters: 200, epoch: 3 | loss: 0.5952406
	speed: 0.1991s/iter; left time: 449.3981s
	iters: 300, epoch: 3 | loss: 0.5872534
	speed: 0.1999s/iter; left time: 431.2428s
Epoch: 3 cost time: 61.96760058403015
Epoch: 3, Steps: 307 | Train Loss: 0.6002982 Vali Loss: 0.6168082 Test Loss: 0.8880072
Validation loss decreased (0.635064 --> 0.616808).  Saving model ...
Updating learning rate to 2.5e-05
	iters: 100, epoch: 4 | loss: 0.5787089
	speed: 5.9301s/iter; left time: 12156.6519s
	iters: 200, epoch: 4 | loss: 0.5880787
	speed: 0.2177s/iter; left time: 424.5485s
	iters: 300, epoch: 4 | loss: 0.5702820
	speed: 0.2082s/iter; left time: 385.1509s
Epoch: 4 cost time: 65.9777455329895
Epoch: 4, Steps: 307 | Train Loss: 0.5813002 Vali Loss: 0.6149575 Test Loss: 0.8840010
Validation loss decreased (0.616808 --> 0.614958).  Saving model ...
Updating learning rate to 1.25e-05
	iters: 100, epoch: 5 | loss: 0.5941835
	speed: 5.7560s/iter; left time: 10032.7849s
	iters: 200, epoch: 5 | loss: 0.5902494
	speed: 0.1954s/iter; left time: 321.0762s
	iters: 300, epoch: 5 | loss: 0.5622233
	speed: 0.1956s/iter; left time: 301.7734s
Epoch: 5 cost time: 60.596139430999756
Epoch: 5, Steps: 307 | Train Loss: 0.5723524 Vali Loss: 0.6142883 Test Loss: 0.8820211
Validation loss decreased (0.614958 --> 0.614288).  Saving model ...
Updating learning rate to 6.25e-06
	iters: 100, epoch: 6 | loss: 0.5585421
	speed: 5.7085s/iter; left time: 8197.4007s
	iters: 200, epoch: 6 | loss: 0.5376377
	speed: 0.1778s/iter; left time: 237.5073s
	iters: 300, epoch: 6 | loss: 0.5845047
	speed: 0.1875s/iter; left time: 231.7290s
Epoch: 6 cost time: 56.65549969673157
Epoch: 6, Steps: 307 | Train Loss: 0.5674361 Vali Loss: 0.6135453 Test Loss: 0.8833948
Validation loss decreased (0.614288 --> 0.613545).  Saving model ...
Updating learning rate to 3.125e-06
	iters: 100, epoch: 7 | loss: 0.5704206
	speed: 6.0379s/iter; left time: 6816.7590s
	iters: 200, epoch: 7 | loss: 0.5683632
	speed: 0.2109s/iter; left time: 216.9741s
	iters: 300, epoch: 7 | loss: 0.5533031
	speed: 0.2073s/iter; left time: 192.5644s
Epoch: 7 cost time: 66.36949872970581
Epoch: 7, Steps: 307 | Train Loss: 0.5648096 Vali Loss: 0.6144347 Test Loss: 0.8824763
EarlyStopping counter: 1 out of 3
Updating learning rate to 1.5625e-06
	iters: 100, epoch: 8 | loss: 0.5782931
	speed: 7.3485s/iter; left time: 6040.4609s
	iters: 200, epoch: 8 | loss: 0.5698158
	speed: 0.2121s/iter; left time: 153.1159s
	iters: 300, epoch: 8 | loss: 0.5254604
	speed: 0.2122s/iter; left time: 132.0011s
Epoch: 8 cost time: 65.97502160072327
Epoch: 8, Steps: 307 | Train Loss: 0.5633312 Vali Loss: 0.6150600 Test Loss: 0.8824018
EarlyStopping counter: 2 out of 3
Updating learning rate to 7.8125e-07
	iters: 100, epoch: 9 | loss: 0.5558411
	speed: 6.6983s/iter; left time: 3449.6089s
	iters: 200, epoch: 9 | loss: 0.5831454
	speed: 0.2353s/iter; left time: 97.6510s
	iters: 300, epoch: 9 | loss: 0.5628016
	speed: 0.2455s/iter; left time: 77.3479s
Epoch: 9 cost time: 74.58113288879395
Epoch: 9, Steps: 307 | Train Loss: 0.5630132 Vali Loss: 0.6142231 Test Loss: 0.8836523
EarlyStopping counter: 3 out of 3
Early stopping
Updating learning rate to 3.90625e-07
	iters: 100, epoch: 10 | loss: 0.5208740
	speed: 6.0297s/iter; left time: 1254.1826s
	iters: 200, epoch: 10 | loss: 0.5621004
	speed: 0.2436s/iter; left time: 26.3117s
	iters: 300, epoch: 10 | loss: 0.5609587
	speed: 0.2489s/iter; left time: 1.9915s
Epoch: 10 cost time: 75.77859306335449
Epoch: 10, Steps: 307 | Train Loss: 0.5626643 Vali Loss: 0.6135031 Test Loss: 0.8825825
Validation loss decreased (0.613545 --> 0.613503).  Saving model ...
Early stopping
Updating learning rate to 1.953125e-07
>>>>>>>testing : long_term_forecast_kdd_femprocess_v2_960_Crossformer_DYG_base_ftM_sl96_ll48_pl960_dm256_nh8_el2_dl1_df256_fc3_ebtimeF_dtTrue_Exp_0<<<<<<<<<<<<<<<<<<<<<<<<<<<<<<<<<
DYG_base
原始数据形状: (113935, 6)
Index(['flow_rate', 'heating_cooling_water_flow_rate', 'vessel_weight',
       'vessel_volume', 'generated_heat'],
      dtype='object')
test 21828
test shape: (21828, 1, 960, 5) (21828, 1, 960, 5)
test shape: (21828, 960, 5) (21828, 960, 5)
mae:0.5642, mse:0.8826
(21828, 960, 5)
(21828, 960, 5)
