True
2.3.0
True
Args in experiment:
Namespace(activation='gelu', anomaly_ratio=0.25, batch_size=256, c_out=5, channel_independent=1, checkpoints='./checkpoints/', d_ff=512, d_layers=1, d_model=1024, data='DYG_base', data_path='EDA_femprocess.csv', dec_in=5, des='Exp', device_ids=[2, 4, 7], devices='2,4,7', direction=[1, 1, 2, 0, 2], distil=True, dropout=0.1, e_layers=2, embed='timeF', enc_in=5, enc_out=5, factor=3, features='M', freq='h', gpu=2, inverse=False, is_training=1, itr=1, label_len=48, learning_rate=0.0001, loss='MSE', lradj='type1', mask_rate=0.25, model='Crossformer', model_id='kdd_femprocess_96', moe_logits_init='{\n    "0": {0: 3.0, 1: 2.0, 2: 5.0},\n    "1": {0: 5.0, 1: 3.0, 2: 1.0},\n    "2": {0: 2.0, 1: 5.0, 2: 3.0}, \n    "3": {0: -5.0, 1: 3.0, 2: 5.0},\n    "4": {0: 5.0, 1: 4.0, 2: -5.0}\n}', moving_avg=25, n_heads=8, num_kernels=6, num_workers=10, output_attention=False, p_hidden_dims=[128, 128], p_hidden_layers=2, patience=3, pred_len=96, root_path='./data/public', seasonal_patterns='Monthly', seg_len=12, seq_len=96, target='zs', task_name='long_term_forecast', temp=1.0, top_k=5, train_epochs=10, use_amp=True, use_gpu=True, use_multi_gpu=True)
Use GPU: cuda:2
>>>>>>>start training : long_term_forecast_kdd_femprocess_96_Crossformer_DYG_base_ftM_sl96_ll48_pl96_dm1024_nh8_el2_dl1_df512_fc3_ebtimeF_dtTrue_Exp_0>>>>>>>>>>>>>>>>>>>>>>>>>>
DYG_base
原始数据形状: (113935, 6)
Index(['flow_rate', 'heating_cooling_water_flow_rate', 'concentration',
       'vessel_volume', 'generated_heat'],
      dtype='object')
train 79563
DYG_base
原始数据形状: (113935, 6)
Index(['flow_rate', 'heating_cooling_water_flow_rate', 'concentration',
       'vessel_volume', 'generated_heat'],
      dtype='object')
val 11299
DYG_base
原始数据形状: (113935, 6)
Index(['flow_rate', 'heating_cooling_water_flow_rate', 'concentration',
       'vessel_volume', 'generated_heat'],
      dtype='object')
test 22692
	iters: 100, epoch: 1 | loss: 0.3975669
	speed: 0.4976s/iter; left time: 1493.2377s
	iters: 200, epoch: 1 | loss: 0.3471512
	speed: 0.3981s/iter; left time: 1154.9320s
	iters: 300, epoch: 1 | loss: 0.2898867
	speed: 0.4123s/iter; left time: 1154.8367s
Epoch: 1 cost time: 135.82003021240234
Epoch: 1, Steps: 310 | Train Loss: 0.3906327 Vali Loss: 0.2309121 Test Loss: 0.6010217
Validation loss decreased (inf --> 0.230912).  Saving model ...
Updating learning rate to 0.0001
	iters: 100, epoch: 2 | loss: 0.2613849
	speed: 5.3293s/iter; left time: 14341.1951s
	iters: 200, epoch: 2 | loss: 0.2734569
	speed: 0.3738s/iter; left time: 968.3999s
	iters: 300, epoch: 2 | loss: 0.2610342
	speed: 0.3844s/iter; left time: 957.5051s
Epoch: 2 cost time: 117.64306998252869
Epoch: 2, Steps: 310 | Train Loss: 0.2727952 Vali Loss: 0.2132199 Test Loss: 0.5886406
Validation loss decreased (0.230912 --> 0.213220).  Saving model ...
Updating learning rate to 5e-05
	iters: 100, epoch: 3 | loss: 0.2372177
	speed: 5.3493s/iter; left time: 12736.6336s
	iters: 200, epoch: 3 | loss: 0.2191646
	speed: 0.3625s/iter; left time: 826.8914s
	iters: 300, epoch: 3 | loss: 0.2413624
	speed: 0.3546s/iter; left time: 773.4046s
Epoch: 3 cost time: 117.3170006275177
