True
2.3.0
True
Args in experiment:
Namespace(activation='gelu', anomaly_ratio=0.25, batch_size=256, c_out=5, channel_independent=1, checkpoints='./checkpoints/', d_ff=256, d_layers=1, d_model=256, data='DYG_base', data_path='EDA_femprocess_v2.csv', dec_in=5, des='Exp', device_ids=[4, 6, 7], devices='4,6,7', direction=[1, 1, 2, 0, 2], distil=True, dropout=0.1, e_layers=2, embed='timeF', enc_in=5, enc_out=5, factor=3, features='M', freq='h', gpu=4, inverse=False, is_training=1, itr=1, label_len=48, learning_rate=0.0001, loss='MSE', lradj='type1', mask_rate=0.25, model='Crossformer', model_id='kdd_femprocess_v2_336', moe_logits_init='{\n    "0": {0: 3.0, 1: 2.0, 2: 5.0},\n    "1": {0: 5.0, 1: 3.0, 2: 1.0},\n    "2": {0: 2.0, 1: 5.0, 2: 3.0}, \n    "3": {0: -5.0, 1: 3.0, 2: 5.0},\n    "4": {0: 5.0, 1: 4.0, 2: -5.0}\n}', moving_avg=25, n_heads=8, num_kernels=6, num_workers=10, output_attention=False, p_hidden_dims=[128, 128], p_hidden_layers=2, patience=3, pred_len=336, root_path='./data/public', seasonal_patterns='Monthly', seg_len=12, seq_len=96, target='v2', task_name='long_term_forecast', temp=1.0, top_k=5, train_epochs=10, use_amp=True, use_gpu=True, use_multi_gpu=True)
Use GPU: cuda:4
>>>>>>>start training : long_term_forecast_kdd_femprocess_v2_336_Crossformer_DYG_base_ftM_sl96_ll48_pl336_dm256_nh8_el2_dl1_df256_fc3_ebtimeF_dtTrue_Exp_0>>>>>>>>>>>>>>>>>>>>>>>>>>
DYG_base
原始数据形状: (113935, 6)
Index(['flow_rate', 'heating_cooling_water_flow_rate', 'vessel_weight',
       'vessel_volume', 'generated_heat'],
      dtype='object')
train 79323
DYG_base
原始数据形状: (113935, 6)
Index(['flow_rate', 'heating_cooling_water_flow_rate', 'vessel_weight',
       'vessel_volume', 'generated_heat'],
      dtype='object')
val 11059
DYG_base
原始数据形状: (113935, 6)
Index(['flow_rate', 'heating_cooling_water_flow_rate', 'vessel_weight',
       'vessel_volume', 'generated_heat'],
      dtype='object')
test 22452
	iters: 100, epoch: 1 | loss: 0.6121519
	speed: 0.2093s/iter; left time: 626.0462s
	iters: 200, epoch: 1 | loss: 0.5205725
	speed: 0.1990s/iter; left time: 575.2127s
	iters: 300, epoch: 1 | loss: 0.5434637
	speed: 0.2007s/iter; left time: 560.1511s
Epoch: 1 cost time: 62.85962200164795
Epoch: 1, Steps: 309 | Train Loss: 0.6555519 Vali Loss: 0.5234202 Test Loss: 0.7165821
Validation loss decreased (inf --> 0.523420).  Saving model ...
Updating learning rate to 0.0001
	iters: 100, epoch: 2 | loss: 0.4895324
	speed: 4.1270s/iter; left time: 11068.4968s
	iters: 200, epoch: 2 | loss: 0.5535120
	speed: 0.2097s/iter; left time: 541.5064s
	iters: 300, epoch: 2 | loss: 0.5069383
	speed: 0.2025s/iter; left time: 502.6913s
Epoch: 2 cost time: 63.80806064605713
Epoch: 2, Steps: 309 | Train Loss: 0.4898622 Vali Loss: 0.4887580 Test Loss: 0.6972322
Validation loss decreased (0.523420 --> 0.488758).  Saving model ...
Updating learning rate to 5e-05
	iters: 100, epoch: 3 | loss: 0.4218670
	speed: 6.1868s/iter; left time: 14681.3473s
	iters: 200, epoch: 3 | loss: 0.4344230
	speed: 0.1965s/iter; left time: 446.6930s
	iters: 300, epoch: 3 | loss: 0.4275644
	speed: 0.2060s/iter; left time: 447.7377s
Epoch: 3 cost time: 61.91809415817261
Epoch: 3, Steps: 309 | Train Loss: 0.4521380 Vali Loss: 0.4826412 Test Loss: 0.6955051
Validation loss decreased (0.488758 --> 0.482641).  Saving model ...
Updating learning rate to 2.5e-05
	iters: 100, epoch: 4 | loss: 0.4254235
	speed: 6.3300s/iter; left time: 13065.1451s
	iters: 200, epoch: 4 | loss: 0.3993943
	speed: 0.2062s/iter; left time: 404.9968s
	iters: 300, epoch: 4 | loss: 0.4944130
	speed: 0.1977s/iter; left time: 368.4496s
Epoch: 4 cost time: 61.72704076766968
Epoch: 4, Steps: 309 | Train Loss: 0.4342794 Vali Loss: 0.4760182 Test Loss: 0.6930765
Validation loss decreased (0.482641 --> 0.476018).  Saving model ...
Updating learning rate to 1.25e-05
	iters: 100, epoch: 5 | loss: 0.4044685
	speed: 4.1607s/iter; left time: 7302.0866s
	iters: 200, epoch: 5 | loss: 0.4233144
	speed: 0.1980s/iter; left time: 327.6828s
	iters: 300, epoch: 5 | loss: 0.4044715
	speed: 0.2046s/iter; left time: 318.1555s
Epoch: 5 cost time: 61.35565257072449
Epoch: 5, Steps: 309 | Train Loss: 0.4253844 Vali Loss: 0.4746508 Test Loss: 0.6898760
Validation loss decreased (0.476018 --> 0.474651).  Saving model ...
Updating learning rate to 6.25e-06
	iters: 100, epoch: 6 | loss: 0.4275361
	speed: 4.1577s/iter; left time: 6012.0566s
	iters: 200, epoch: 6 | loss: 0.4369088
	speed: 0.2008s/iter; left time: 270.3341s
	iters: 300, epoch: 6 | loss: 0.4499343
	speed: 0.2035s/iter; left time: 253.5363s
Epoch: 6 cost time: 62.88853406906128
Epoch: 6, Steps: 309 | Train Loss: 0.4213538 Vali Loss: 0.4698954 Test Loss: 0.6941324
Validation loss decreased (0.474651 --> 0.469895).  Saving model ...
Updating learning rate to 3.125e-06
	iters: 100, epoch: 7 | loss: 0.3967862
	speed: 4.1205s/iter; left time: 4684.9857s
	iters: 200, epoch: 7 | loss: 0.4217898
	speed: 0.2089s/iter; left time: 216.5959s
	iters: 300, epoch: 7 | loss: 0.3782556
	speed: 0.2086s/iter; left time: 195.5030s
Epoch: 7 cost time: 63.72285723686218
Epoch: 7, Steps: 309 | Train Loss: 0.4194070 Vali Loss: 0.4708664 Test Loss: 0.6915761
EarlyStopping counter: 1 out of 3
Updating learning rate to 1.5625e-06
	iters: 100, epoch: 8 | loss: 0.3600249
	speed: 6.1366s/iter; left time: 5081.1179s
	iters: 200, epoch: 8 | loss: 0.4111063
	speed: 0.2017s/iter; left time: 146.8718s
	iters: 300, epoch: 8 | loss: 0.3849039
	speed: 0.2012s/iter; left time: 126.3746s
Epoch: 8 cost time: 62.73599123954773
Epoch: 8, Steps: 309 | Train Loss: 0.4183760 Vali Loss: 0.4720362 Test Loss: 0.6913810
EarlyStopping counter: 2 out of 3
Updating learning rate to 7.8125e-07
	iters: 100, epoch: 9 | loss: 0.3858537
	speed: 6.2836s/iter; left time: 3261.2094s
	iters: 200, epoch: 9 | loss: 0.3987063
	speed: 0.1910s/iter; left time: 80.0166s
	iters: 300, epoch: 9 | loss: 0.4500698
	speed: 0.2008s/iter; left time: 64.0689s
Epoch: 9 cost time: 60.94082498550415
Epoch: 9, Steps: 309 | Train Loss: 0.4179611 Vali Loss: 0.4710758 Test Loss: 0.6934150
EarlyStopping counter: 3 out of 3
Early stopping
Updating learning rate to 3.90625e-07
	iters: 100, epoch: 10 | loss: 0.4147224
	speed: 4.1513s/iter; left time: 871.7630s
	iters: 200, epoch: 10 | loss: 0.4029870
	speed: 0.2017s/iter; left time: 22.1922s
	iters: 300, epoch: 10 | loss: 0.4252788
	speed: 0.2020s/iter; left time: 2.0202s
Epoch: 10 cost time: 61.25089359283447
Epoch: 10, Steps: 309 | Train Loss: 0.4177568 Vali Loss: 0.4713390 Test Loss: 0.6922042
EarlyStopping counter: 4 out of 3
Early stopping
Updating learning rate to 1.953125e-07
>>>>>>>testing : long_term_forecast_kdd_femprocess_v2_336_Crossformer_DYG_base_ftM_sl96_ll48_pl336_dm256_nh8_el2_dl1_df256_fc3_ebtimeF_dtTrue_Exp_0<<<<<<<<<<<<<<<<<<<<<<<<<<<<<<<<<
DYG_base
原始数据形状: (113935, 6)
Index(['flow_rate', 'heating_cooling_water_flow_rate', 'vessel_weight',
       'vessel_volume', 'generated_heat'],
      dtype='object')
test 22452
test shape: (22452, 1, 336, 5) (22452, 1, 336, 5)
test shape: (22452, 336, 5) (22452, 336, 5)
mae:0.4490, mse:0.6941
(22452, 336, 5)
(22452, 336, 5)
