True
2.3.0
True
Args in experiment:
Namespace(activation='gelu', anomaly_ratio=0.25, batch_size=256, c_out=5, channel_independent=1, checkpoints='./checkpoints/', d_ff=512, d_layers=1, d_model=64, data='DYG_base', data_path='EDA_offair.csv', dec_in=5, des='Exp', device_ids=[2, 4, 7], devices='2,4,7', direction=[1, 1, 2, 0, 0], distil=True, dropout=0.1, e_layers=2, embed='timeF', enc_in=5, enc_out=5, factor=3, features='M', freq='h', gpu=2, inverse=False, is_training=1, itr=1, label_len=48, learning_rate=0.0001, loss='MSE', lradj='type1', mask_rate=0.25, model='Crossformer', model_id='kdd_offair_96', moe_logits_init='{\n    "0": {0: 5.0, 1: 1.0, 2: -5.0},  \n    "1": {0: 1.0, 1: 5.0, 2: -5.0},  \n    "2": {0: -5.0, 1: 1.0, 2: 5.0},  \n    "3": {0: -5.0, 1: 4.0, 2: 5.0},  \n    "4": {0: -5.0, 1: 4.0, 2: 5.0}\n}', moving_avg=25, n_heads=8, num_kernels=6, num_workers=10, output_attention=False, p_hidden_dims=[128, 128], p_hidden_layers=2, patience=3, pred_len=96, root_path='./data/public', seasonal_patterns='Monthly', seg_len=12, seq_len=96, target='r2', task_name='long_term_forecast', temp=1.0, top_k=5, train_epochs=10, use_amp=True, use_gpu=True, use_multi_gpu=True)
Use GPU: cuda:2
>>>>>>>start training : long_term_forecast_kdd_offair_96_Crossformer_DYG_base_ftM_sl96_ll48_pl96_dm64_nh8_el2_dl1_df512_fc3_ebtimeF_dtTrue_Exp_0>>>>>>>>>>>>>>>>>>>>>>>>>>
DYG_base
原始数据形状: (113935, 6)
Index(['pH', 'CO2', 'OUR', 'O2', 'CER'], dtype='object')
train 79563
DYG_base
原始数据形状: (113935, 6)
Index(['pH', 'CO2', 'OUR', 'O2', 'CER'], dtype='object')
val 11299
DYG_base
原始数据形状: (113935, 6)
Index(['pH', 'CO2', 'OUR', 'O2', 'CER'], dtype='object')
test 22692
	iters: 100, epoch: 1 | loss: 0.5192769
	speed: 0.3682s/iter; left time: 1105.0984s
	iters: 200, epoch: 1 | loss: 0.4551152
	speed: 0.3099s/iter; left time: 899.0018s
	iters: 300, epoch: 1 | loss: 0.3684669
	speed: 0.2677s/iter; left time: 749.7876s
Epoch: 1 cost time: 97.2805016040802
Epoch: 1, Steps: 310 | Train Loss: 0.5997424 Vali Loss: 0.3840460 Test Loss: 0.8746025
Validation loss decreased (inf --> 0.384046).  Saving model ...
Updating learning rate to 0.0001
	iters: 100, epoch: 2 | loss: 0.4702754
	speed: 10.9776s/iter; left time: 29540.7746s
	iters: 200, epoch: 2 | loss: 0.2486677
	speed: 0.3540s/iter; left time: 917.3111s
	iters: 300, epoch: 2 | loss: 0.5200729
	speed: 0.3546s/iter; left time: 883.3201s
Epoch: 2 cost time: 108.94936490058899
Epoch: 2, Steps: 310 | Train Loss: 0.4176793 Vali Loss: 0.3271824 Test Loss: 0.7796921
Validation loss decreased (0.384046 --> 0.327182).  Saving model ...
Updating learning rate to 5e-05
	iters: 100, epoch: 3 | loss: 0.3441967
	speed: 11.1226s/iter; left time: 26482.8744s
	iters: 200, epoch: 3 | loss: 0.5216142
	speed: 0.2662s/iter; left time: 607.2960s
	iters: 300, epoch: 3 | loss: 0.3299697
	speed: 0.2597s/iter; left time: 566.3788s
Epoch: 3 cost time: 87.81142854690552
Epoch: 3, Steps: 310 | Train Loss: 0.3713783 Vali Loss: 0.3042750 Test Loss: 0.7521508
Validation loss decreased (0.327182 --> 0.304275).  Saving model ...
Updating learning rate to 2.5e-05
	iters: 100, epoch: 4 | loss: 0.3448107
	speed: 11.6360s/iter; left time: 24098.2586s
	iters: 200, epoch: 4 | loss: 0.2786267
	speed: 0.2555s/iter; left time: 503.5652s
	iters: 300, epoch: 4 | loss: 0.3736607
	speed: 0.3096s/iter; left time: 579.3232s
Epoch: 4 cost time: 83.27697372436523
Epoch: 4, Steps: 310 | Train Loss: 0.3526300 Vali Loss: 0.2965320 Test Loss: 0.7420409
Validation loss decreased (0.304275 --> 0.296532).  Saving model ...
Updating learning rate to 1.25e-05
	iters: 100, epoch: 5 | loss: 0.3110485
	speed: 11.2768s/iter; left time: 19858.4147s
	iters: 200, epoch: 5 | loss: 0.4358992
	speed: 0.2208s/iter; left time: 366.8226s
	iters: 300, epoch: 5 | loss: 0.2521188
	speed: 0.1926s/iter; left time: 300.5925s
Epoch: 5 cost time: 63.52052903175354
Epoch: 5, Steps: 310 | Train Loss: 0.3443074 Vali Loss: 0.2935057 Test Loss: 0.7355361
Validation loss decreased (0.296532 --> 0.293506).  Saving model ...
Updating learning rate to 6.25e-06
	iters: 100, epoch: 6 | loss: 0.3748014
	speed: 9.3732s/iter; left time: 13600.5765s
	iters: 200, epoch: 6 | loss: 0.3597092
	speed: 0.2174s/iter; left time: 293.7249s
	iters: 300, epoch: 6 | loss: 0.3258617
	speed: 0.2127s/iter; left time: 266.0844s
Epoch: 6 cost time: 64.9048969745636
Epoch: 6, Steps: 310 | Train Loss: 0.3401873 Vali Loss: 0.2924360 Test Loss: 0.7330031
Validation loss decreased (0.293506 --> 0.292436).  Saving model ...
Updating learning rate to 3.125e-06
	iters: 100, epoch: 7 | loss: 0.3142583
	speed: 9.6645s/iter; left time: 11027.1415s
	iters: 200, epoch: 7 | loss: 0.3009205
	speed: 0.1943s/iter; left time: 202.2796s
	iters: 300, epoch: 7 | loss: 0.3921255
	speed: 0.1899s/iter; left time: 178.7133s
Epoch: 7 cost time: 61.916844844818115
Epoch: 7, Steps: 310 | Train Loss: 0.3385884 Vali Loss: 0.2932220 Test Loss: 0.7318539
EarlyStopping counter: 1 out of 3
Updating learning rate to 1.5625e-06
	iters: 100, epoch: 8 | loss: 0.2879483
	speed: 9.9220s/iter; left time: 8245.1616s
	iters: 200, epoch: 8 | loss: 0.2995878
	speed: 0.2006s/iter; left time: 146.6438s
	iters: 300, epoch: 8 | loss: 0.2794911
	speed: 0.1983s/iter; left time: 125.1459s
Epoch: 8 cost time: 62.33791661262512
Epoch: 8, Steps: 310 | Train Loss: 0.3368915 Vali Loss: 0.2924360 Test Loss: 0.7313274
EarlyStopping counter: 2 out of 3
Updating learning rate to 7.8125e-07
	iters: 100, epoch: 9 | loss: 0.3598022
	speed: 9.8184s/iter; left time: 5115.3979s
	iters: 200, epoch: 9 | loss: 0.4008425
	speed: 0.1959s/iter; left time: 82.4878s
	iters: 300, epoch: 9 | loss: 0.2568917
	speed: 0.1935s/iter; left time: 62.1097s
Epoch: 9 cost time: 61.33472943305969
Epoch: 9, Steps: 310 | Train Loss: 0.3356380 Vali Loss: 0.2927243 Test Loss: 0.7313775
EarlyStopping counter: 3 out of 3
Early stopping
Updating learning rate to 3.90625e-07
	iters: 100, epoch: 10 | loss: 0.3118099
	speed: 9.8734s/iter; left time: 2083.2863s
	iters: 200, epoch: 10 | loss: 0.2880035
	speed: 0.2024s/iter; left time: 22.4674s
	iters: 300, epoch: 10 | loss: 0.3240620
	speed: 0.2080s/iter; left time: 2.2878s
Epoch: 10 cost time: 63.84168028831482
Epoch: 10, Steps: 310 | Train Loss: 0.3369244 Vali Loss: 0.2928838 Test Loss: 0.7311248
EarlyStopping counter: 4 out of 3
Early stopping
Updating learning rate to 1.953125e-07
>>>>>>>testing : long_term_forecast_kdd_offair_96_Crossformer_DYG_base_ftM_sl96_ll48_pl96_dm64_nh8_el2_dl1_df512_fc3_ebtimeF_dtTrue_Exp_0<<<<<<<<<<<<<<<<<<<<<<<<<<<<<<<<<
DYG_base
原始数据形状: (113935, 6)
Index(['pH', 'CO2', 'OUR', 'O2', 'CER'], dtype='object')
test 22692
test shape: (22692, 1, 96, 5) (22692, 1, 96, 5)
test shape: (22692, 96, 5) (22692, 96, 5)
mae:0.3469, mse:0.7330
(22692, 96, 5)
(22692, 96, 5)
