True
2.3.0
True
Args in experiment:
Namespace(activation='gelu', anomaly_ratio=0.25, batch_size=256, c_out=5, channel_independent=1, checkpoints='./checkpoints/', d_ff=512, d_layers=1, d_model=1024, data='DYG_base', data_path='EDA_offair.csv', dec_in=5, des='Exp', device_ids=[4, 5, 7], devices='4,5,7', direction=[1, 1, 2, 0, 0], distil=True, dropout=0.1, e_layers=2, embed='timeF', enc_in=5, enc_out=5, factor=3, features='M', freq='h', gpu=4, inverse=False, is_training=1, itr=1, label_len=48, learning_rate=0.0001, loss='MSE', lradj='type1', mask_rate=0.25, model='Crossformer', model_id='kdd_offair_192', moe_logits_init='{\n    "0": {0: 5.0, 1: 1.0, 2: -5.0},  \n    "1": {0: 1.0, 1: 5.0, 2: -5.0},  \n    "2": {0: -5.0, 1: 1.0, 2: 5.0},  \n    "3": {0: -5.0, 1: 4.0, 2: 5.0},  \n    "4": {0: -5.0, 1: 4.0, 2: 5.0}\n}', moving_avg=25, n_heads=8, num_kernels=6, num_workers=10, output_attention=False, p_hidden_dims=[128, 128], p_hidden_layers=2, patience=3, pred_len=192, root_path='./data/public', seasonal_patterns='Monthly', seg_len=12, seq_len=96, target='zs', task_name='long_term_forecast', temp=1.0, top_k=5, train_epochs=10, use_amp=True, use_gpu=True, use_multi_gpu=True)
Use GPU: cuda:4
>>>>>>>start training : long_term_forecast_kdd_offair_192_Crossformer_DYG_base_ftM_sl96_ll48_pl192_dm1024_nh8_el2_dl1_df512_fc3_ebtimeF_dtTrue_Exp_0>>>>>>>>>>>>>>>>>>>>>>>>>>
DYG_base
原始数据形状: (113935, 6)
Index(['pH', 'CO2', 'OUR', 'O2', 'CER'], dtype='object')
train 79467
DYG_base
原始数据形状: (113935, 6)
Index(['pH', 'CO2', 'OUR', 'O2', 'CER'], dtype='object')
val 11203
DYG_base
原始数据形状: (113935, 6)
Index(['pH', 'CO2', 'OUR', 'O2', 'CER'], dtype='object')
test 22596
	iters: 100, epoch: 1 | loss: 0.6581765
	speed: 0.3228s/iter; left time: 968.6285s
	iters: 200, epoch: 1 | loss: 0.3618109
	speed: 0.3193s/iter; left time: 926.3411s
	iters: 300, epoch: 1 | loss: 0.2828558
	speed: 0.3320s/iter; left time: 929.9316s
Epoch: 1 cost time: 100.89260339736938
Epoch: 1, Steps: 310 | Train Loss: 0.5122157 Vali Loss: 0.2968244 Test Loss: 0.8186920
Validation loss decreased (inf --> 0.296824).  Saving model ...
Updating learning rate to 0.0001
	iters: 100, epoch: 2 | loss: 0.3159424
	speed: 5.6942s/iter; left time: 15323.0966s
	iters: 200, epoch: 2 | loss: 0.2923644
	speed: 0.3027s/iter; left time: 784.1706s
	iters: 300, epoch: 2 | loss: 0.3515877
	speed: 0.3060s/iter; left time: 762.2007s
Epoch: 2 cost time: 95.0974645614624
Epoch: 2, Steps: 310 | Train Loss: 0.3333139 Vali Loss: 0.2844758 Test Loss: 0.8285359
Validation loss decreased (0.296824 --> 0.284476).  Saving model ...
Updating learning rate to 5e-05
	iters: 100, epoch: 3 | loss: 0.2681349
	speed: 5.7004s/iter; left time: 13572.6741s
	iters: 200, epoch: 3 | loss: 0.2726734
	speed: 0.3245s/iter; left time: 740.0804s
	iters: 300, epoch: 3 | loss: 0.2076276
	speed: 0.3087s/iter; left time: 673.3551s
Epoch: 3 cost time: 97.32144403457642
Epoch: 3, Steps: 310 | Train Loss: 0.2908189 Vali Loss: 0.3299711 Test Loss: 0.8218771
EarlyStopping counter: 1 out of 3
Updating learning rate to 2.5e-05
	iters: 100, epoch: 4 | loss: 0.2047171
	speed: 5.5066s/iter; left time: 11404.1571s
	iters: 200, epoch: 4 | loss: 0.3218395
	speed: 0.3236s/iter; left time: 637.7525s
	iters: 300, epoch: 4 | loss: 0.2905553
	speed: 0.3264s/iter; left time: 610.6307s
Epoch: 4 cost time: 100.71528911590576
Epoch: 4, Steps: 310 | Train Loss: 0.2704261 Vali Loss: 0.2987280 Test Loss: 0.8152335
EarlyStopping counter: 2 out of 3
Updating learning rate to 1.25e-05
	iters: 100, epoch: 5 | loss: 0.2549222
	speed: 5.5894s/iter; left time: 9842.9280s
	iters: 200, epoch: 5 | loss: 0.2726138
	speed: 0.1912s/iter; left time: 317.6554s
	iters: 300, epoch: 5 | loss: 0.1983872
	speed: 0.1894s/iter; left time: 295.6583s
Epoch: 5 cost time: 70.94008326530457
Epoch: 5, Steps: 310 | Train Loss: 0.2582085 Vali Loss: 0.3199838 Test Loss: 0.8047925
EarlyStopping counter: 3 out of 3
Early stopping
Updating learning rate to 6.25e-06
	iters: 100, epoch: 6 | loss: 0.2077874
	speed: 5.1207s/iter; left time: 7430.0876s
	iters: 200, epoch: 6 | loss: 0.2888278
	speed: 0.1909s/iter; left time: 257.8550s
	iters: 300, epoch: 6 | loss: 0.2018736
	speed: 0.2063s/iter; left time: 258.0825s
Epoch: 6 cost time: 63.36405420303345
Epoch: 6, Steps: 310 | Train Loss: 0.2505413 Vali Loss: 0.3305422 Test Loss: 0.8102869
EarlyStopping counter: 4 out of 3
Early stopping
Updating learning rate to 3.125e-06
	iters: 100, epoch: 7 | loss: 0.2281441
	speed: 5.0524s/iter; left time: 5764.7771s
	iters: 200, epoch: 7 | loss: 0.3421526
	speed: 0.1879s/iter; left time: 195.5809s
	iters: 300, epoch: 7 | loss: 0.1814869
	speed: 0.1962s/iter; left time: 184.6268s
Epoch: 7 cost time: 60.48208451271057
Epoch: 7, Steps: 310 | Train Loss: 0.2452717 Vali Loss: 0.3446516 Test Loss: 0.8099084
EarlyStopping counter: 5 out of 3
Early stopping
Updating learning rate to 1.5625e-06
	iters: 100, epoch: 8 | loss: 0.2413001
	speed: 5.1849s/iter; left time: 4308.6214s
	iters: 200, epoch: 8 | loss: 0.2172219
	speed: 0.2097s/iter; left time: 153.2635s
	iters: 300, epoch: 8 | loss: 0.2933472
	speed: 0.2133s/iter; left time: 134.5788s
Epoch: 8 cost time: 66.25598096847534
Epoch: 8, Steps: 310 | Train Loss: 0.2413726 Vali Loss: 0.3416942 Test Loss: 0.8119829
EarlyStopping counter: 6 out of 3
Early stopping
Updating learning rate to 7.8125e-07
	iters: 100, epoch: 9 | loss: 0.1760832
	speed: 5.0738s/iter; left time: 2643.4300s
	iters: 200, epoch: 9 | loss: 0.2319988
	speed: 0.2070s/iter; left time: 87.1317s
	iters: 300, epoch: 9 | loss: 0.2530095
	speed: 0.2151s/iter; left time: 69.0590s
Epoch: 9 cost time: 65.46288895606995
Epoch: 9, Steps: 310 | Train Loss: 0.2391379 Vali Loss: 0.3400796 Test Loss: 0.8072059
EarlyStopping counter: 7 out of 3
Early stopping
Updating learning rate to 3.90625e-07
	iters: 100, epoch: 10 | loss: 0.2443843
	speed: 5.3015s/iter; left time: 1118.6232s
	iters: 200, epoch: 10 | loss: 0.3019822
	speed: 0.2144s/iter; left time: 23.7933s
	iters: 300, epoch: 10 | loss: 0.2624124
	speed: 0.2257s/iter; left time: 2.4826s
Epoch: 10 cost time: 68.27097344398499
Epoch: 10, Steps: 310 | Train Loss: 0.2378955 Vali Loss: 0.3446827 Test Loss: 0.8068664
EarlyStopping counter: 8 out of 3
Early stopping
Updating learning rate to 1.953125e-07
>>>>>>>testing : long_term_forecast_kdd_offair_192_Crossformer_DYG_base_ftM_sl96_ll48_pl192_dm1024_nh8_el2_dl1_df512_fc3_ebtimeF_dtTrue_Exp_0<<<<<<<<<<<<<<<<<<<<<<<<<<<<<<<<<
DYG_base
原始数据形状: (113935, 6)
Index(['pH', 'CO2', 'OUR', 'O2', 'CER'], dtype='object')
test 22596
test shape: (22596, 1, 192, 5) (22596, 1, 192, 5)
test shape: (22596, 192, 5) (22596, 192, 5)
mae:0.3710, mse:0.8285
(22596, 192, 5)
(22596, 192, 5)
