True
2.3.0
True
Args in experiment:
Namespace(activation='gelu', anomaly_ratio=0.25, batch_size=256, c_out=5, channel_independent=1, checkpoints='./checkpoints/', d_ff=512, d_layers=1, d_model=1024, data='DYG_base', data_path='DYG_data_3_sub2.csv', dec_in=5, des='Exp', device_ids=[0, 5], devices='0,5', direction=[1, 1, 2, 0, 2], distil=True, dropout=0.1, e_layers=2, embed='timeF', enc_in=5, enc_out=5, factor=3, features='M', freq='h', gpu=0, inverse=False, is_training=1, itr=1, label_len=48, learning_rate=0.0001, loss='MSE', lradj='type1', mask_rate=0.25, model='DHSL', model_id='kdd_sub2_96', moe_logits_init='{\n    "0": {0: 3.0, 1: 2.0, 2: 5.0},\n    "1": {0: 5.0, 1: 3.0, 2: 1.0},\n    "2": {0: 2.0, 1: 5.0, 2: 3.0}, \n    "3": {0: -5.0, 1: 3.0, 2: 5.0},\n    "4": {0: 5.0, 1: 4.0, 2: -5.0}\n}', moving_avg=25, n_heads=8, num_kernels=6, num_workers=10, output_attention=False, p_hidden_dims=[128, 128], p_hidden_layers=2, patience=3, pred_len=96, root_path='./data/DYG/KDD', seasonal_patterns='Monthly', seg_len=12, seq_len=96, target='zs', task_name='long_term_forecast', temp=1.0, top_k=5, train_epochs=10, use_amp=True, use_gpu=True, use_multi_gpu=True)
Use GPU: cuda:0
>>>>>>>start training : long_term_forecast_kdd_sub2_96_DHSL_DYG_base_ftM_sl96_ll48_pl96_dm1024_nh8_el2_dl1_df512_fc3_ebtimeF_dtTrue_Exp_0>>>>>>>>>>>>>>>>>>>>>>>>>>
DYG_base
原始数据形状: (108051, 6)
Index(['Viscosity', 'Chemical Efficiency', 'DO Value', 'pH Online',
       'Air Flow'],
      dtype='object')
train 75444
DYG_base
原始数据形状: (108051, 6)
Index(['Viscosity', 'Chemical Efficiency', 'DO Value', 'pH Online',
       'Air Flow'],
      dtype='object')
val 10711
DYG_base
原始数据形状: (108051, 6)
Index(['Viscosity', 'Chemical Efficiency', 'DO Value', 'pH Online',
       'Air Flow'],
      dtype='object')
test 21515
	iters: 100, epoch: 1 | loss: 0.5112480
	speed: 0.0663s/iter; left time: 188.4552s
	iters: 200, epoch: 1 | loss: 0.5829145
	speed: 0.0457s/iter; left time: 125.1403s
Epoch: 1 cost time: 15.28082013130188
Epoch: 1, Steps: 294 | Train Loss: 0.5570723 Vali Loss: 0.4811937 Test Loss: 4.2305465
Validation loss decreased (inf --> 0.481194).  Saving model ...
Updating learning rate to 0.0001
	iters: 100, epoch: 2 | loss: 0.4329658
	speed: 1.1040s/iter; left time: 2811.9427s
	iters: 200, epoch: 2 | loss: 0.4192950
	speed: 0.0434s/iter; left time: 106.1057s
Epoch: 2 cost time: 13.01008129119873
Epoch: 2, Steps: 294 | Train Loss: 0.4415201 Vali Loss: 0.4488394 Test Loss: 4.0854907
Validation loss decreased (0.481194 --> 0.448839).  Saving model ...
Updating learning rate to 5e-05
	iters: 100, epoch: 3 | loss: 0.3896666
	speed: 1.1731s/iter; left time: 2643.0610s
	iters: 200, epoch: 3 | loss: 0.4302272
	speed: 0.0560s/iter; left time: 120.5441s
Epoch: 3 cost time: 16.91881489753723
Epoch: 3, Steps: 294 | Train Loss: 0.4105901 Vali Loss: 0.4481720 Test Loss: 4.0281320
Validation loss decreased (0.448839 --> 0.448172).  Saving model ...
Updating learning rate to 2.5e-05
	iters: 100, epoch: 4 | loss: 0.3599290
	speed: 1.2756s/iter; left time: 2498.9120s
	iters: 200, epoch: 4 | loss: 0.3610744
	speed: 0.0499s/iter; left time: 92.8153s
Epoch: 4 cost time: 15.4452486038208
Epoch: 4, Steps: 294 | Train Loss: 0.3963742 Vali Loss: 0.4388935 Test Loss: 4.0043359
Validation loss decreased (0.448172 --> 0.438893).  Saving model ...
Updating learning rate to 1.25e-05
	iters: 100, epoch: 5 | loss: 0.3518244
	speed: 1.1239s/iter; left time: 1871.2422s
	iters: 200, epoch: 5 | loss: 0.3611130
	speed: 0.0393s/iter; left time: 61.5539s
Epoch: 5 cost time: 11.327346563339233
Epoch: 5, Steps: 294 | Train Loss: 0.3882385 Vali Loss: 0.4412569 Test Loss: 3.9982734
EarlyStopping counter: 1 out of 3
Updating learning rate to 6.25e-06
	iters: 100, epoch: 6 | loss: 0.4261151
	speed: 1.1222s/iter; left time: 1538.5276s
	iters: 200, epoch: 6 | loss: 0.4146131
	speed: 0.0384s/iter; left time: 48.7993s
Epoch: 6 cost time: 11.631940841674805
Epoch: 6, Steps: 294 | Train Loss: 0.3840581 Vali Loss: 0.4369937 Test Loss: 3.9724040
Validation loss decreased (0.438893 --> 0.436994).  Saving model ...
Updating learning rate to 3.125e-06
	iters: 100, epoch: 7 | loss: 0.3524943
	speed: 1.1874s/iter; left time: 1278.8029s
	iters: 200, epoch: 7 | loss: 0.5235906
	speed: 0.0407s/iter; left time: 39.7401s
Epoch: 7 cost time: 12.489048719406128
Epoch: 7, Steps: 294 | Train Loss: 0.3818426 Vali Loss: 0.4395268 Test Loss: 3.9615538
EarlyStopping counter: 1 out of 3
Updating learning rate to 1.5625e-06
	iters: 100, epoch: 8 | loss: 0.3623783
	speed: 1.2240s/iter; left time: 958.3929s
	iters: 200, epoch: 8 | loss: 0.3999826
	speed: 0.0422s/iter; left time: 28.8350s
Epoch: 8 cost time: 12.972871780395508
Epoch: 8, Steps: 294 | Train Loss: 0.3805119 Vali Loss: 0.4394166 Test Loss: 3.9617033
EarlyStopping counter: 2 out of 3
Updating learning rate to 7.8125e-07
	iters: 100, epoch: 9 | loss: 0.4240258
	speed: 1.1997s/iter; left time: 586.6714s
	iters: 200, epoch: 9 | loss: 0.4536911
	speed: 0.0417s/iter; left time: 16.2217s
Epoch: 9 cost time: 11.597206115722656
Epoch: 9, Steps: 294 | Train Loss: 0.3801196 Vali Loss: 0.4366550 Test Loss: 3.9582770
Validation loss decreased (0.436994 --> 0.436655).  Saving model ...
Updating learning rate to 3.90625e-07
	iters: 100, epoch: 10 | loss: 0.3773805
	speed: 1.1875s/iter; left time: 231.5672s
	iters: 200, epoch: 10 | loss: 0.3685183
	speed: 0.0345s/iter; left time: 3.2764s
Epoch: 10 cost time: 11.130203247070312
Epoch: 10, Steps: 294 | Train Loss: 0.3798798 Vali Loss: 0.4378614 Test Loss: 3.9592636
EarlyStopping counter: 1 out of 3
Updating learning rate to 1.953125e-07
>>>>>>>testing : long_term_forecast_kdd_sub2_96_DHSL_DYG_base_ftM_sl96_ll48_pl96_dm1024_nh8_el2_dl1_df512_fc3_ebtimeF_dtTrue_Exp_0<<<<<<<<<<<<<<<<<<<<<<<<<<<<<<<<<
DYG_base
原始数据形状: (108051, 6)
Index(['Viscosity', 'Chemical Efficiency', 'DO Value', 'pH Online',
       'Air Flow'],
      dtype='object')
test 21515
test shape: (21515, 1, 96, 5) (21515, 1, 96, 5)
test shape: (21515, 96, 5) (21515, 96, 5)
mae:0.5219, mse:3.9592
(21515, 96, 5)
(21515, 96, 5)
