True
2.3.0
True
Args in experiment:
Namespace(activation='gelu', anomaly_ratio=0.25, batch_size=256, c_out=5, channel_independent=1, checkpoints='./checkpoints/', d_ff=512, d_layers=1, d_model=1024, data='DYG_base', data_path='DYG_data_3_sub1.csv', dec_in=5, des='Exp', device_ids=[0, 5], devices='0,5', direction=[1, 1, 2, 0, 0], distil=True, dropout=0.1, e_layers=2, embed='timeF', enc_in=5, enc_out=5, factor=3, features='M', freq='h', gpu=0, inverse=False, is_training=1, itr=1, label_len=48, learning_rate=0.0001, loss='MSE', lradj='type1', mask_rate=0.25, model='DHSL', model_id='kdd_sub1_192', moe_logits_init='{\n    "0": {0: 5.0, 1: 1.0, 2: -5.0},  \n    "1": {0: 1.0, 1: 5.0, 2: -5.0},  \n    "2": {0: -5.0, 1: 1.0, 2: 5.0},  \n    "3": {0: -5.0, 1: 4.0, 2: 5.0},  \n    "4": {0: -5.0, 1: 4.0, 2: 5.0}\n}', moving_avg=25, n_heads=8, num_kernels=6, num_workers=10, output_attention=False, p_hidden_dims=[128, 128], p_hidden_layers=2, patience=3, pred_len=192, root_path='./data/DYG/KDD', seasonal_patterns='Monthly', seg_len=12, seq_len=96, target='zs', task_name='long_term_forecast', temp=1.0, top_k=5, train_epochs=10, use_amp=True, use_gpu=True, use_multi_gpu=True)
Use GPU: cuda:0
>>>>>>>start training : long_term_forecast_kdd_sub1_192_DHSL_DYG_base_ftM_sl96_ll48_pl192_dm1024_nh8_el2_dl1_df512_fc3_ebtimeF_dtTrue_Exp_0>>>>>>>>>>>>>>>>>>>>>>>>>>
DYG_base
原始数据形状: (108051, 6)
Index(['Bacterial Density', 'Viscosity', 'Alcohol Addition', 'Reducing Sugar',
       'Non Reducing Suger'],
      dtype='object')
train 75348
DYG_base
原始数据形状: (108051, 6)
Index(['Bacterial Density', 'Viscosity', 'Alcohol Addition', 'Reducing Sugar',
       'Non Reducing Suger'],
      dtype='object')
val 10615
DYG_base
原始数据形状: (108051, 6)
Index(['Bacterial Density', 'Viscosity', 'Alcohol Addition', 'Reducing Sugar',
       'Non Reducing Suger'],
      dtype='object')
test 21419
	iters: 100, epoch: 1 | loss: 0.6170184
	speed: 0.0756s/iter; left time: 214.6545s
	iters: 200, epoch: 1 | loss: 0.5497280
	speed: 0.0665s/iter; left time: 182.2362s
Epoch: 1 cost time: 20.05292582511902
Epoch: 1, Steps: 294 | Train Loss: 0.5904650 Vali Loss: 0.3884594 Test Loss: 0.3618978
Validation loss decreased (inf --> 0.388459).  Saving model ...
Updating learning rate to 0.0001
	iters: 100, epoch: 2 | loss: 0.4820383
	speed: 1.2807s/iter; left time: 3261.8408s
	iters: 200, epoch: 2 | loss: 0.2765131
	speed: 0.0553s/iter; left time: 135.3201s
Epoch: 2 cost time: 16.715403079986572
Epoch: 2, Steps: 294 | Train Loss: 0.5056115 Vali Loss: 0.3705933 Test Loss: 0.3481887
Validation loss decreased (0.388459 --> 0.370593).  Saving model ...
Updating learning rate to 5e-05
	iters: 100, epoch: 3 | loss: 0.5089995
	speed: 1.3748s/iter; left time: 3097.3559s
	iters: 200, epoch: 3 | loss: 0.5663275
	speed: 0.0462s/iter; left time: 99.5128s
Epoch: 3 cost time: 14.115039587020874
Epoch: 3, Steps: 294 | Train Loss: 0.4914181 Vali Loss: 0.3709731 Test Loss: 0.3430701
EarlyStopping counter: 1 out of 3
Updating learning rate to 2.5e-05
	iters: 100, epoch: 4 | loss: 0.5945791
	speed: 1.3561s/iter; left time: 2656.5476s
	iters: 200, epoch: 4 | loss: 0.4967750
	speed: 0.0698s/iter; left time: 129.7259s
Epoch: 4 cost time: 21.012815475463867
Epoch: 4, Steps: 294 | Train Loss: 0.4861257 Vali Loss: 0.3657974 Test Loss: 0.3410501
Validation loss decreased (0.370593 --> 0.365797).  Saving model ...
Updating learning rate to 1.25e-05
	iters: 100, epoch: 5 | loss: 0.7299150
	speed: 1.3076s/iter; left time: 2177.1995s
	iters: 200, epoch: 5 | loss: 0.4617004
	speed: 0.0661s/iter; left time: 103.4332s
Epoch: 5 cost time: 19.614316701889038
Epoch: 5, Steps: 294 | Train Loss: 0.4818134 Vali Loss: 0.3657386 Test Loss: 0.3389144
Validation loss decreased (0.365797 --> 0.365739).  Saving model ...
Updating learning rate to 6.25e-06
	iters: 100, epoch: 6 | loss: 0.4258663
	speed: 1.3612s/iter; left time: 1866.1676s
	iters: 200, epoch: 6 | loss: 0.5574964
	speed: 0.0699s/iter; left time: 88.8467s
Epoch: 6 cost time: 19.50281023979187
Epoch: 6, Steps: 294 | Train Loss: 0.4797401 Vali Loss: 0.3712404 Test Loss: 0.3393547
EarlyStopping counter: 1 out of 3
Updating learning rate to 3.125e-06
	iters: 100, epoch: 7 | loss: 0.3584670
	speed: 1.3276s/iter; left time: 1429.8111s
	iters: 200, epoch: 7 | loss: 0.2967613
	speed: 0.0664s/iter; left time: 64.8706s
Epoch: 7 cost time: 20.007277250289917
Epoch: 7, Steps: 294 | Train Loss: 0.4788014 Vali Loss: 0.3653079 Test Loss: 0.3378859
Validation loss decreased (0.365739 --> 0.365308).  Saving model ...
Updating learning rate to 1.5625e-06
	iters: 100, epoch: 8 | loss: 0.3265513
	speed: 1.3903s/iter; left time: 1088.6186s
	iters: 200, epoch: 8 | loss: 0.7591615
	speed: 0.0690s/iter; left time: 47.1087s
Epoch: 8 cost time: 21.230170488357544
Epoch: 8, Steps: 294 | Train Loss: 0.4780149 Vali Loss: 0.3665099 Test Loss: 0.3377135
EarlyStopping counter: 1 out of 3
Updating learning rate to 7.8125e-07
	iters: 100, epoch: 9 | loss: 0.4239305
	speed: 1.3391s/iter; left time: 654.8050s
	iters: 200, epoch: 9 | loss: 0.4688371
	speed: 0.0658s/iter; left time: 25.6092s
Epoch: 9 cost time: 20.20724582672119
Epoch: 9, Steps: 294 | Train Loss: 0.4774858 Vali Loss: 0.3667479 Test Loss: 0.3379165
EarlyStopping counter: 2 out of 3
Updating learning rate to 3.90625e-07
	iters: 100, epoch: 10 | loss: 0.3228821
	speed: 1.3373s/iter; left time: 260.7773s
	iters: 200, epoch: 10 | loss: 0.5147904
	speed: 0.0649s/iter; left time: 6.1664s
Epoch: 10 cost time: 17.85895824432373
Epoch: 10, Steps: 294 | Train Loss: 0.4774446 Vali Loss: 0.3670774 Test Loss: 0.3379456
EarlyStopping counter: 3 out of 3
Early stopping
Updating learning rate to 1.953125e-07
>>>>>>>testing : long_term_forecast_kdd_sub1_192_DHSL_DYG_base_ftM_sl96_ll48_pl192_dm1024_nh8_el2_dl1_df512_fc3_ebtimeF_dtTrue_Exp_0<<<<<<<<<<<<<<<<<<<<<<<<<<<<<<<<<
DYG_base
原始数据形状: (108051, 6)
Index(['Bacterial Density', 'Viscosity', 'Alcohol Addition', 'Reducing Sugar',
       'Non Reducing Suger'],
      dtype='object')
test 21419
test shape: (21419, 1, 192, 5) (21419, 1, 192, 5)
test shape: (21419, 192, 5) (21419, 192, 5)
mae:0.3562, mse:0.3379
(21419, 192, 5)
(21419, 192, 5)
