True
2.3.0
True
Args in experiment:
Namespace(activation='gelu', anomaly_ratio=0.25, batch_size=256, c_out=5, channel_independent=1, checkpoints='./checkpoints/', d_ff=512, d_layers=1, d_model=1024, data='DYG_base', data_path='DYG_data_3_sub3.csv', dec_in=5, des='Exp', device_ids=[0, 5], devices='0,5', direction=[0, 0, 0, 1, 1], distil=True, dropout=0.1, e_layers=2, embed='timeF', enc_in=5, enc_out=5, factor=3, features='M', freq='h', gpu=0, inverse=False, is_training=1, itr=1, label_len=48, learning_rate=0.0001, loss='MSE', lradj='type1', mask_rate=0.25, model='DHSL', model_id='kdd_sub3_192', moe_logits_init='{\n    "0": {0: 3.0, 1: 5.0, 2: -5.0},\n    "1": {0: 5.0, 1: 1.0, 2: 1.0},  \n    "2": {0: 2.0, 1: 1.0, 2: 5.0},\n    "3": {0: -5.0, 1: 2.0, 2: 5.0},\n    "4": {0: -5.0, 1: 5.0, 2: 2.0}\n}', moving_avg=25, n_heads=8, num_kernels=6, num_workers=10, output_attention=False, p_hidden_dims=[128, 128], p_hidden_layers=2, patience=3, pred_len=192, root_path='./data/DYG/KDD', seasonal_patterns='Monthly', seg_len=12, seq_len=96, target='zs', task_name='long_term_forecast', temp=1.0, top_k=5, train_epochs=10, use_amp=True, use_gpu=True, use_multi_gpu=True)
Use GPU: cuda:0
>>>>>>>start training : long_term_forecast_kdd_sub3_192_DHSL_DYG_base_ftM_sl96_ll48_pl192_dm1024_nh8_el2_dl1_df512_fc3_ebtimeF_dtTrue_Exp_0>>>>>>>>>>>>>>>>>>>>>>>>>>
DYG_base
原始数据形状: (108051, 6)
Index(['Bacterial Density', 'Viscosity', 'Chemical Efficiency', 'pH Online',
       'Total Sugar'],
      dtype='object')
train 75348
DYG_base
原始数据形状: (108051, 6)
Index(['Bacterial Density', 'Viscosity', 'Chemical Efficiency', 'pH Online',
       'Total Sugar'],
      dtype='object')
val 10615
DYG_base
原始数据形状: (108051, 6)
Index(['Bacterial Density', 'Viscosity', 'Chemical Efficiency', 'pH Online',
       'Total Sugar'],
      dtype='object')
test 21419
	iters: 100, epoch: 1 | loss: 0.7011974
	speed: 0.0597s/iter; left time: 169.6825s
	iters: 200, epoch: 1 | loss: 0.5837849
	speed: 0.0432s/iter; left time: 118.5135s
Epoch: 1 cost time: 14.119405746459961
Epoch: 1, Steps: 294 | Train Loss: 0.6677398 Vali Loss: 0.3981853 Test Loss: 4.3080049
Validation loss decreased (inf --> 0.398185).  Saving model ...
Updating learning rate to 0.0001
	iters: 100, epoch: 2 | loss: 0.5232402
	speed: 1.1495s/iter; left time: 2927.8026s
	iters: 200, epoch: 2 | loss: 0.3255225
	speed: 0.0379s/iter; left time: 92.8301s
Epoch: 2 cost time: 11.64067792892456
Epoch: 2, Steps: 294 | Train Loss: 0.5860844 Vali Loss: 0.3900471 Test Loss: 4.2465286
Validation loss decreased (0.398185 --> 0.390047).  Saving model ...
Updating learning rate to 5e-05
	iters: 100, epoch: 3 | loss: 0.5995986
	speed: 1.1432s/iter; left time: 2575.6681s
	iters: 200, epoch: 3 | loss: 0.5772464
	speed: 0.0334s/iter; left time: 71.9125s
Epoch: 3 cost time: 10.133723497390747
Epoch: 3, Steps: 294 | Train Loss: 0.5693430 Vali Loss: 0.3886279 Test Loss: 4.2146263
Validation loss decreased (0.390047 --> 0.388628).  Saving model ...
Updating learning rate to 2.5e-05
	iters: 100, epoch: 4 | loss: 0.6050461
	speed: 1.2642s/iter; left time: 2476.5479s
	iters: 200, epoch: 4 | loss: 0.5696508
	speed: 0.0561s/iter; left time: 104.3702s
Epoch: 4 cost time: 17.515321016311646
Epoch: 4, Steps: 294 | Train Loss: 0.5593498 Vali Loss: 0.3873520 Test Loss: 4.2026954
Validation loss decreased (0.388628 --> 0.387352).  Saving model ...
Updating learning rate to 1.25e-05
	iters: 100, epoch: 5 | loss: 0.8263372
	speed: 1.3139s/iter; left time: 2187.6897s
	iters: 200, epoch: 5 | loss: 0.5657512
	speed: 0.0402s/iter; left time: 62.9628s
Epoch: 5 cost time: 13.57794737815857
Epoch: 5, Steps: 294 | Train Loss: 0.5543401 Vali Loss: 0.3874674 Test Loss: 4.1954303
EarlyStopping counter: 1 out of 3
Updating learning rate to 6.25e-06
	iters: 100, epoch: 6 | loss: 0.4537468
	speed: 1.3357s/iter; left time: 1831.2480s
	iters: 200, epoch: 6 | loss: 0.5739657
	speed: 0.0598s/iter; left time: 76.0579s
Epoch: 6 cost time: 19.564937829971313
Epoch: 6, Steps: 294 | Train Loss: 0.5521664 Vali Loss: 0.3909179 Test Loss: 4.1921420
EarlyStopping counter: 2 out of 3
Updating learning rate to 3.125e-06
	iters: 100, epoch: 7 | loss: 0.3845195
	speed: 1.3868s/iter; left time: 1493.6050s
	iters: 200, epoch: 7 | loss: 0.4755745
	speed: 0.0676s/iter; left time: 66.0070s
Epoch: 7 cost time: 20.01443076133728
Epoch: 7, Steps: 294 | Train Loss: 0.5510128 Vali Loss: 0.3857489 Test Loss: 4.1873312
Validation loss decreased (0.387352 --> 0.385749).  Saving model ...
Updating learning rate to 1.5625e-06
	iters: 100, epoch: 8 | loss: 0.4653217
	speed: 1.3943s/iter; left time: 1091.7210s
	iters: 200, epoch: 8 | loss: 0.7584460
	speed: 0.0591s/iter; left time: 40.3755s
Epoch: 8 cost time: 18.065064907073975
Epoch: 8, Steps: 294 | Train Loss: 0.5500761 Vali Loss: 0.3870138 Test Loss: 4.1874638
EarlyStopping counter: 1 out of 3
Updating learning rate to 7.8125e-07
	iters: 100, epoch: 9 | loss: 0.4419358
	speed: 1.3624s/iter; left time: 666.2272s
	iters: 200, epoch: 9 | loss: 0.4864756
	speed: 0.0696s/iter; left time: 27.0896s
Epoch: 9 cost time: 20.878915786743164
Epoch: 9, Steps: 294 | Train Loss: 0.5495663 Vali Loss: 0.3871536 Test Loss: 4.1878948
EarlyStopping counter: 2 out of 3
Updating learning rate to 3.90625e-07
	iters: 100, epoch: 10 | loss: 0.3561413
	speed: 1.3425s/iter; left time: 261.7939s
	iters: 200, epoch: 10 | loss: 0.5372131
	speed: 0.0710s/iter; left time: 6.7449s
Epoch: 10 cost time: 20.534591913223267
Epoch: 10, Steps: 294 | Train Loss: 0.5493910 Vali Loss: 0.3869814 Test Loss: 4.1877470
EarlyStopping counter: 3 out of 3
Early stopping
Updating learning rate to 1.953125e-07
>>>>>>>testing : long_term_forecast_kdd_sub3_192_DHSL_DYG_base_ftM_sl96_ll48_pl192_dm1024_nh8_el2_dl1_df512_fc3_ebtimeF_dtTrue_Exp_0<<<<<<<<<<<<<<<<<<<<<<<<<<<<<<<<<
DYG_base
原始数据形状: (108051, 6)
Index(['Bacterial Density', 'Viscosity', 'Chemical Efficiency', 'pH Online',
       'Total Sugar'],
      dtype='object')
test 21419
test shape: (21419, 1, 192, 5) (21419, 1, 192, 5)
test shape: (21419, 192, 5) (21419, 192, 5)
mae:0.4915, mse:4.1875
(21419, 192, 5)
(21419, 192, 5)
