True
2.3.0
True
Args in experiment:
Namespace(activation='gelu', anomaly_ratio=0.25, batch_size=256, c_out=5, channel_independent=1, checkpoints='./checkpoints/', d_ff=512, d_layers=1, d_model=1024, data='DYG_base', data_path='DYG_data_3_sub2.csv', dec_in=5, des='Exp', device_ids=[0, 5], devices='0,5', direction=[1, 1, 2, 0, 2], distil=True, dropout=0.1, e_layers=2, embed='timeF', enc_in=5, enc_out=5, factor=3, features='M', freq='h', gpu=0, inverse=False, is_training=1, itr=1, label_len=48, learning_rate=0.0001, loss='MSE', lradj='type1', mask_rate=0.25, model='DHSL', model_id='kdd_sub2_336', moe_logits_init='{\n    "0": {0: 3.0, 1: 2.0, 2: 5.0},\n    "1": {0: 5.0, 1: 3.0, 2: 1.0},\n    "2": {0: 2.0, 1: 5.0, 2: 3.0}, \n    "3": {0: -5.0, 1: 3.0, 2: 5.0},\n    "4": {0: 5.0, 1: 4.0, 2: -5.0}\n}', moving_avg=25, n_heads=8, num_kernels=6, num_workers=10, output_attention=False, p_hidden_dims=[128, 128], p_hidden_layers=2, patience=3, pred_len=336, root_path='./data/DYG/KDD', seasonal_patterns='Monthly', seg_len=12, seq_len=96, target='zs', task_name='long_term_forecast', temp=1.0, top_k=5, train_epochs=10, use_amp=True, use_gpu=True, use_multi_gpu=True)
Use GPU: cuda:0
>>>>>>>start training : long_term_forecast_kdd_sub2_336_DHSL_DYG_base_ftM_sl96_ll48_pl336_dm1024_nh8_el2_dl1_df512_fc3_ebtimeF_dtTrue_Exp_0>>>>>>>>>>>>>>>>>>>>>>>>>>
DYG_base
原始数据形状: (108051, 6)
Index(['Viscosity', 'Chemical Efficiency', 'DO Value', 'pH Online',
       'Air Flow'],
      dtype='object')
train 75204
DYG_base
原始数据形状: (108051, 6)
Index(['Viscosity', 'Chemical Efficiency', 'DO Value', 'pH Online',
       'Air Flow'],
      dtype='object')
val 10471
DYG_base
原始数据形状: (108051, 6)
Index(['Viscosity', 'Chemical Efficiency', 'DO Value', 'pH Online',
       'Air Flow'],
      dtype='object')
test 21275
	iters: 100, epoch: 1 | loss: 0.6544113
	speed: 0.0597s/iter; left time: 169.0219s
	iters: 200, epoch: 1 | loss: 0.4975301
	speed: 0.0436s/iter; left time: 119.1090s
Epoch: 1 cost time: 14.12559986114502
Epoch: 1, Steps: 293 | Train Loss: 0.6385252 Vali Loss: 0.5713152 Test Loss: 4.5294790
Validation loss decreased (inf --> 0.571315).  Saving model ...
Updating learning rate to 0.0001
	iters: 100, epoch: 2 | loss: 0.6367225
	speed: 1.2863s/iter; left time: 3264.6548s
	iters: 200, epoch: 2 | loss: 0.5461306
	speed: 0.0384s/iter; left time: 93.6516s
Epoch: 2 cost time: 11.887863874435425
Epoch: 2, Steps: 293 | Train Loss: 0.5551169 Vali Loss: 0.5758330 Test Loss: 4.4711361
EarlyStopping counter: 1 out of 3
Updating learning rate to 5e-05
	iters: 100, epoch: 3 | loss: 0.4982468
	speed: 1.4127s/iter; left time: 3171.4128s
	iters: 200, epoch: 3 | loss: 0.5441193
	speed: 0.0410s/iter; left time: 87.9780s
Epoch: 3 cost time: 12.83240818977356
Epoch: 3, Steps: 293 | Train Loss: 0.5373091 Vali Loss: 0.5697258 Test Loss: 4.4487271
Validation loss decreased (0.571315 --> 0.569726).  Saving model ...
Updating learning rate to 2.5e-05
	iters: 100, epoch: 4 | loss: 0.5608822
	speed: 1.2900s/iter; left time: 2518.1287s
	iters: 200, epoch: 4 | loss: 0.4825158
	speed: 0.0387s/iter; left time: 71.7301s
Epoch: 4 cost time: 12.007429361343384
Epoch: 4, Steps: 293 | Train Loss: 0.5306440 Vali Loss: 0.5679313 Test Loss: 4.4464941
Validation loss decreased (0.569726 --> 0.567931).  Saving model ...
Updating learning rate to 1.25e-05
	iters: 100, epoch: 5 | loss: 0.5873860
	speed: 1.3091s/iter; left time: 2171.7925s
	iters: 200, epoch: 5 | loss: 0.5221122
	speed: 0.0378s/iter; left time: 58.9733s
Epoch: 5 cost time: 11.95937442779541
Epoch: 5, Steps: 293 | Train Loss: 0.5255595 Vali Loss: 0.5618708 Test Loss: 4.4380231
Validation loss decreased (0.567931 --> 0.561871).  Saving model ...
Updating learning rate to 6.25e-06
	iters: 100, epoch: 6 | loss: 0.5078303
	speed: 1.3257s/iter; left time: 1810.8396s
	iters: 200, epoch: 6 | loss: 0.5560359
	speed: 0.0388s/iter; left time: 49.1517s
Epoch: 6 cost time: 11.638992309570312
Epoch: 6, Steps: 293 | Train Loss: 0.5229627 Vali Loss: 0.5661849 Test Loss: 4.4343586
EarlyStopping counter: 1 out of 3
Updating learning rate to 3.125e-06
	iters: 100, epoch: 7 | loss: 0.5535911
	speed: 1.3053s/iter; left time: 1400.6378s
	iters: 200, epoch: 7 | loss: 0.5610414
	speed: 0.0376s/iter; left time: 36.6002s
Epoch: 7 cost time: 11.401662111282349
Epoch: 7, Steps: 293 | Train Loss: 0.5220066 Vali Loss: 0.5647401 Test Loss: 4.4318919
EarlyStopping counter: 2 out of 3
Updating learning rate to 1.5625e-06
	iters: 100, epoch: 8 | loss: 0.5598588
	speed: 1.3214s/iter; left time: 1030.6653s
	iters: 200, epoch: 8 | loss: 0.5272748
	speed: 0.0396s/iter; left time: 26.9007s
Epoch: 8 cost time: 11.800469398498535
Epoch: 8, Steps: 293 | Train Loss: 0.5212021 Vali Loss: 0.5651270 Test Loss: 4.4320178
EarlyStopping counter: 3 out of 3
Early stopping
Updating learning rate to 7.8125e-07
	iters: 100, epoch: 9 | loss: 0.5187024
	speed: 1.2548s/iter; left time: 611.1036s
	iters: 200, epoch: 9 | loss: 0.5067775
	speed: 0.0377s/iter; left time: 14.5913s
Epoch: 9 cost time: 11.703802108764648
Epoch: 9, Steps: 293 | Train Loss: 0.5205612 Vali Loss: 0.5646873 Test Loss: 4.4309959
EarlyStopping counter: 4 out of 3
Early stopping
Updating learning rate to 3.90625e-07
	iters: 100, epoch: 10 | loss: 0.6239609
	speed: 1.3001s/iter; left time: 252.2200s
	iters: 200, epoch: 10 | loss: 0.4597598
	speed: 0.0389s/iter; left time: 3.6599s
Epoch: 10 cost time: 11.405884981155396
Epoch: 10, Steps: 293 | Train Loss: 0.5204582 Vali Loss: 0.5653552 Test Loss: 4.4308972
EarlyStopping counter: 5 out of 3
Early stopping
Updating learning rate to 1.953125e-07
>>>>>>>testing : long_term_forecast_kdd_sub2_336_DHSL_DYG_base_ftM_sl96_ll48_pl336_dm1024_nh8_el2_dl1_df512_fc3_ebtimeF_dtTrue_Exp_0<<<<<<<<<<<<<<<<<<<<<<<<<<<<<<<<<
DYG_base
原始数据形状: (108051, 6)
Index(['Viscosity', 'Chemical Efficiency', 'DO Value', 'pH Online',
       'Air Flow'],
      dtype='object')
test 21275
test shape: (21275, 1, 336, 5) (21275, 1, 336, 5)
test shape: (21275, 336, 5) (21275, 336, 5)
mae:0.5826, mse:4.4381
(21275, 336, 5)
(21275, 336, 5)
