True
2.3.0
True
Args in experiment:
Namespace(activation='gelu', anomaly_ratio=0.25, batch_size=256, c_out=5, channel_independent=1, checkpoints='./checkpoints/', d_ff=512, d_layers=1, d_model=1024, data='DYG_base', data_path='EDA_offair.csv', dec_in=5, des='Exp', device_ids=[4, 5, 7], devices='4,5,7', direction=[1, 1, 2, 0, 0], distil=True, dropout=0.1, e_layers=2, embed='timeF', enc_in=5, enc_out=5, factor=3, features='M', freq='h', gpu=4, inverse=False, is_training=1, itr=1, label_len=48, learning_rate=0.0001, loss='MSE', lradj='type1', mask_rate=0.25, model='DHSL', model_id='kdd_offair_336', moe_logits_init='{\n    "0": {0: 5.0, 1: 1.0, 2: -5.0},  \n    "1": {0: 1.0, 1: 5.0, 2: -5.0},  \n    "2": {0: -5.0, 1: 1.0, 2: 5.0},  \n    "3": {0: -5.0, 1: 4.0, 2: 5.0},  \n    "4": {0: -5.0, 1: 4.0, 2: 5.0}\n}', moving_avg=25, n_heads=8, num_kernels=6, num_workers=10, output_attention=False, p_hidden_dims=[128, 128], p_hidden_layers=2, patience=3, pred_len=336, root_path='./data/public', seasonal_patterns='Monthly', seg_len=12, seq_len=96, target='zs', task_name='long_term_forecast', temp=1.0, top_k=5, train_epochs=10, use_amp=True, use_gpu=True, use_multi_gpu=True)
Use GPU: cuda:4
>>>>>>>start training : long_term_forecast_kdd_offair_336_DHSL_DYG_base_ftM_sl96_ll48_pl336_dm1024_nh8_el2_dl1_df512_fc3_ebtimeF_dtTrue_Exp_0>>>>>>>>>>>>>>>>>>>>>>>>>>
DYG_base
原始数据形状: (113935, 6)
Index(['pH', 'CO2', 'OUR', 'O2', 'CER'], dtype='object')
train 79323
DYG_base
原始数据形状: (113935, 6)
Index(['pH', 'CO2', 'OUR', 'O2', 'CER'], dtype='object')
val 11059
DYG_base
原始数据形状: (113935, 6)
Index(['pH', 'CO2', 'OUR', 'O2', 'CER'], dtype='object')
test 22452
	iters: 100, epoch: 1 | loss: 0.6636794
	speed: 0.0946s/iter; left time: 283.0277s
	iters: 200, epoch: 1 | loss: 0.7577438
	speed: 0.0791s/iter; left time: 228.7624s
	iters: 300, epoch: 1 | loss: 0.5022742
	speed: 0.0682s/iter; left time: 190.2611s
Epoch: 1 cost time: 24.77447199821472
Epoch: 1, Steps: 309 | Train Loss: 0.6533195 Vali Loss: 0.4736513 Test Loss: 1.0966661
Validation loss decreased (inf --> 0.473651).  Saving model ...
Updating learning rate to 0.0001
	iters: 100, epoch: 2 | loss: 0.6197659
	speed: 1.2123s/iter; left time: 3251.2954s
	iters: 200, epoch: 2 | loss: 0.6258942
	speed: 0.0662s/iter; left time: 170.8854s
	iters: 300, epoch: 2 | loss: 0.4787749
	speed: 0.0646s/iter; left time: 160.3020s
Epoch: 2 cost time: 20.822880029678345
Epoch: 2, Steps: 309 | Train Loss: 0.5382257 Vali Loss: 0.4273245 Test Loss: 1.0569025
Validation loss decreased (0.473651 --> 0.427324).  Saving model ...
Updating learning rate to 5e-05
	iters: 100, epoch: 3 | loss: 0.4490452
	speed: 1.2111s/iter; left time: 2873.8569s
	iters: 200, epoch: 3 | loss: 0.4643609
	speed: 0.0668s/iter; left time: 151.8862s
	iters: 300, epoch: 3 | loss: 0.5935943
	speed: 0.0713s/iter; left time: 154.9923s
Epoch: 3 cost time: 22.492332696914673
Epoch: 3, Steps: 309 | Train Loss: 0.4959868 Vali Loss: 0.4271228 Test Loss: 1.0499481
Validation loss decreased (0.427324 --> 0.427123).  Saving model ...
Updating learning rate to 2.5e-05
	iters: 100, epoch: 4 | loss: 0.3607118
	speed: 1.2972s/iter; left time: 2677.4880s
	iters: 200, epoch: 4 | loss: 0.4903055
	speed: 0.0733s/iter; left time: 144.0506s
	iters: 300, epoch: 4 | loss: 0.5637161
	speed: 0.0723s/iter; left time: 134.8304s
Epoch: 4 cost time: 23.814419984817505
Epoch: 4, Steps: 309 | Train Loss: 0.4760466 Vali Loss: 0.4074326 Test Loss: 1.0404583
Validation loss decreased (0.427123 --> 0.407433).  Saving model ...
Updating learning rate to 1.25e-05
	iters: 100, epoch: 5 | loss: 0.4388032
	speed: 1.3141s/iter; left time: 2306.2718s
	iters: 200, epoch: 5 | loss: 0.4588388
	speed: 0.0733s/iter; left time: 121.2613s
	iters: 300, epoch: 5 | loss: 0.4086074
	speed: 0.0717s/iter; left time: 111.4561s
Epoch: 5 cost time: 22.42744517326355
Epoch: 5, Steps: 309 | Train Loss: 0.4664426 Vali Loss: 0.4065364 Test Loss: 1.0335249
Validation loss decreased (0.407433 --> 0.406536).  Saving model ...
Updating learning rate to 6.25e-06
	iters: 100, epoch: 6 | loss: 0.4418559
	speed: 1.2918s/iter; left time: 1867.8876s
	iters: 200, epoch: 6 | loss: 0.5720662
	speed: 0.0702s/iter; left time: 94.4772s
	iters: 300, epoch: 6 | loss: 0.4638657
	speed: 0.0725s/iter; left time: 90.2791s
Epoch: 6 cost time: 21.983428239822388
Epoch: 6, Steps: 309 | Train Loss: 0.4612331 Vali Loss: 0.4066856 Test Loss: 1.0324295
EarlyStopping counter: 1 out of 3
Updating learning rate to 3.125e-06
	iters: 100, epoch: 7 | loss: 0.5365443
	speed: 1.2875s/iter; left time: 1463.8993s
	iters: 200, epoch: 7 | loss: 0.4478080
	speed: 0.0711s/iter; left time: 73.7410s
	iters: 300, epoch: 7 | loss: 0.4660594
	speed: 0.0686s/iter; left time: 64.2462s
Epoch: 7 cost time: 22.13051724433899
Epoch: 7, Steps: 309 | Train Loss: 0.4583905 Vali Loss: 0.4116162 Test Loss: 1.0341088
EarlyStopping counter: 2 out of 3
Updating learning rate to 1.5625e-06
	iters: 100, epoch: 8 | loss: 0.4294352
	speed: 1.2297s/iter; left time: 1018.2204s
	iters: 200, epoch: 8 | loss: 0.4894724
	speed: 0.0543s/iter; left time: 39.5039s
	iters: 300, epoch: 8 | loss: 0.4910652
	speed: 0.0519s/iter; left time: 32.6053s
Epoch: 8 cost time: 17.53874397277832
Epoch: 8, Steps: 309 | Train Loss: 0.4568299 Vali Loss: 0.4092386 Test Loss: 1.0333568
EarlyStopping counter: 3 out of 3
Early stopping
Updating learning rate to 7.8125e-07
	iters: 100, epoch: 9 | loss: 0.3535936
	speed: 1.3692s/iter; left time: 710.6393s
	iters: 200, epoch: 9 | loss: 0.6473809
	speed: 0.0928s/iter; left time: 38.8923s
	iters: 300, epoch: 9 | loss: 0.4722349
	speed: 0.0586s/iter; left time: 18.6967s
Epoch: 9 cost time: 25.295990228652954
Epoch: 9, Steps: 309 | Train Loss: 0.4562723 Vali Loss: 0.4095075 Test Loss: 1.0326011
EarlyStopping counter: 4 out of 3
Early stopping
Updating learning rate to 3.90625e-07
	iters: 100, epoch: 10 | loss: 0.5628983
	speed: 1.3836s/iter; left time: 290.5602s
	iters: 200, epoch: 10 | loss: 0.3840981
	speed: 0.0620s/iter; left time: 6.8169s
	iters: 300, epoch: 10 | loss: 0.5168988
	speed: 0.0659s/iter; left time: 0.6592s
Epoch: 10 cost time: 20.037084102630615
Epoch: 10, Steps: 309 | Train Loss: 0.4557317 Vali Loss: 0.4085692 Test Loss: 1.0328013
EarlyStopping counter: 5 out of 3
Early stopping
Updating learning rate to 1.953125e-07
>>>>>>>testing : long_term_forecast_kdd_offair_336_DHSL_DYG_base_ftM_sl96_ll48_pl336_dm1024_nh8_el2_dl1_df512_fc3_ebtimeF_dtTrue_Exp_0<<<<<<<<<<<<<<<<<<<<<<<<<<<<<<<<<
DYG_base
原始数据形状: (113935, 6)
Index(['pH', 'CO2', 'OUR', 'O2', 'CER'], dtype='object')
test 22452
test shape: (22452, 1, 336, 5) (22452, 1, 336, 5)
test shape: (22452, 336, 5) (22452, 336, 5)
mae:0.4883, mse:1.0326
(22452, 336, 5)
(22452, 336, 5)
