True
2.3.0
True
Args in experiment:
Namespace(activation='gelu', anomaly_ratio=0.25, batch_size=256, c_out=5, channel_independent=1, checkpoints='./checkpoints/', d_ff=512, d_layers=1, d_model=1024, data='DYG_base', data_path='EDA_offair.csv', dec_in=5, des='Exp', device_ids=[4, 5, 7], devices='4,5,7', direction=[1, 1, 2, 0, 0], distil=True, dropout=0.1, e_layers=2, embed='timeF', enc_in=5, enc_out=5, factor=3, features='M', freq='h', gpu=4, inverse=False, is_training=1, itr=1, label_len=48, learning_rate=0.0001, loss='MSE', lradj='type1', mask_rate=0.25, model='DHSL', model_id='kdd_offair_96', moe_logits_init='{\n    "0": {0: 5.0, 1: 1.0, 2: -5.0},  \n    "1": {0: 1.0, 1: 5.0, 2: -5.0},  \n    "2": {0: -5.0, 1: 1.0, 2: 5.0},  \n    "3": {0: -5.0, 1: 4.0, 2: 5.0},  \n    "4": {0: -5.0, 1: 4.0, 2: 5.0}\n}', moving_avg=25, n_heads=8, num_kernels=6, num_workers=10, output_attention=False, p_hidden_dims=[128, 128], p_hidden_layers=2, patience=3, pred_len=96, root_path='./data/public', seasonal_patterns='Monthly', seg_len=12, seq_len=96, target='zs', task_name='long_term_forecast', temp=1.0, top_k=5, train_epochs=10, use_amp=True, use_gpu=True, use_multi_gpu=True)
Use GPU: cuda:4
>>>>>>>start training : long_term_forecast_kdd_offair_96_DHSL_DYG_base_ftM_sl96_ll48_pl96_dm1024_nh8_el2_dl1_df512_fc3_ebtimeF_dtTrue_Exp_0>>>>>>>>>>>>>>>>>>>>>>>>>>
DYG_base
原始数据形状: (113935, 6)
Index(['pH', 'CO2', 'OUR', 'O2', 'CER'], dtype='object')
train 79563
DYG_base
原始数据形状: (113935, 6)
Index(['pH', 'CO2', 'OUR', 'O2', 'CER'], dtype='object')
val 11299
DYG_base
原始数据形状: (113935, 6)
Index(['pH', 'CO2', 'OUR', 'O2', 'CER'], dtype='object')
test 22692
	iters: 100, epoch: 1 | loss: 0.3657351
	speed: 0.0846s/iter; left time: 253.8956s
	iters: 200, epoch: 1 | loss: 0.3479896
	speed: 0.0503s/iter; left time: 146.0433s
	iters: 300, epoch: 1 | loss: 0.3965679
	speed: 0.0489s/iter; left time: 137.0917s
Epoch: 1 cost time: 18.933451890945435
Epoch: 1, Steps: 310 | Train Loss: 0.4581403 Vali Loss: 0.3666284 Test Loss: 0.8057259
Validation loss decreased (inf --> 0.366628).  Saving model ...
Updating learning rate to 0.0001
	iters: 100, epoch: 2 | loss: 0.3144059
	speed: 1.1153s/iter; left time: 3001.3967s
	iters: 200, epoch: 2 | loss: 0.4821852
	speed: 0.0525s/iter; left time: 136.0080s
	iters: 300, epoch: 2 | loss: 0.4120324
	speed: 0.0538s/iter; left time: 134.1040s
Epoch: 2 cost time: 16.764570713043213
Epoch: 2, Steps: 310 | Train Loss: 0.3806750 Vali Loss: 0.3495732 Test Loss: 0.8049949
Validation loss decreased (0.366628 --> 0.349573).  Saving model ...
Updating learning rate to 5e-05
	iters: 100, epoch: 3 | loss: 0.3941691
	speed: 1.0578s/iter; left time: 2518.5933s
	iters: 200, epoch: 3 | loss: 0.3100754
	speed: 0.0523s/iter; left time: 119.4006s
	iters: 300, epoch: 3 | loss: 0.3543667
	speed: 0.0528s/iter; left time: 115.1686s
Epoch: 3 cost time: 16.860098361968994
Epoch: 3, Steps: 310 | Train Loss: 0.3112977 Vali Loss: 0.3831172 Test Loss: 0.7938478
EarlyStopping counter: 1 out of 3
Updating learning rate to 2.5e-05
	iters: 100, epoch: 4 | loss: 0.2718832
	speed: 1.0816s/iter; left time: 2239.9111s
	iters: 200, epoch: 4 | loss: 0.3552504
	speed: 0.0676s/iter; left time: 133.3167s
	iters: 300, epoch: 4 | loss: 0.2837854
	speed: 0.0746s/iter; left time: 139.5286s
Epoch: 4 cost time: 21.60417151451111
Epoch: 4, Steps: 310 | Train Loss: 0.2855491 Vali Loss: 0.3512483 Test Loss: 0.7859496
EarlyStopping counter: 2 out of 3
Updating learning rate to 1.25e-05
	iters: 100, epoch: 5 | loss: 0.3036446
	speed: 1.3967s/iter; left time: 2459.5959s
	iters: 200, epoch: 5 | loss: 0.3266044
	speed: 0.0690s/iter; left time: 114.6516s
	iters: 300, epoch: 5 | loss: 0.2885311
	speed: 0.0781s/iter; left time: 121.8970s
Epoch: 5 cost time: 23.96322751045227
Epoch: 5, Steps: 310 | Train Loss: 0.2739988 Vali Loss: 0.3598678 Test Loss: 0.7807720
EarlyStopping counter: 3 out of 3
Early stopping
Updating learning rate to 6.25e-06
	iters: 100, epoch: 6 | loss: 0.3230998
	speed: 1.4952s/iter; left time: 2169.5304s
	iters: 200, epoch: 6 | loss: 0.2018979
	speed: 0.0737s/iter; left time: 99.5322s
	iters: 300, epoch: 6 | loss: 0.3288330
	speed: 0.0754s/iter; left time: 94.2719s
Epoch: 6 cost time: 23.331742525100708
Epoch: 6, Steps: 310 | Train Loss: 0.2686115 Vali Loss: 0.3612239 Test Loss: 0.7831451
EarlyStopping counter: 4 out of 3
Early stopping
Updating learning rate to 3.125e-06
	iters: 100, epoch: 7 | loss: 0.2452325
	speed: 1.4490s/iter; left time: 1653.3156s
	iters: 200, epoch: 7 | loss: 0.2295385
	speed: 0.0742s/iter; left time: 77.2839s
	iters: 300, epoch: 7 | loss: 0.2566795
	speed: 0.0678s/iter; left time: 63.8415s
Epoch: 7 cost time: 23.05921196937561
Epoch: 7, Steps: 310 | Train Loss: 0.2654345 Vali Loss: 0.3650050 Test Loss: 0.7852464
EarlyStopping counter: 5 out of 3
Early stopping
Updating learning rate to 1.5625e-06
	iters: 100, epoch: 8 | loss: 0.2809173
	speed: 1.2064s/iter; left time: 1002.5486s
	iters: 200, epoch: 8 | loss: 0.3078995
	speed: 0.0540s/iter; left time: 39.4491s
	iters: 300, epoch: 8 | loss: 0.1857002
	speed: 0.0660s/iter; left time: 41.6717s
Epoch: 8 cost time: 19.475433826446533
Epoch: 8, Steps: 310 | Train Loss: 0.2639948 Vali Loss: 0.3660928 Test Loss: 0.7834560
EarlyStopping counter: 6 out of 3
Early stopping
Updating learning rate to 7.8125e-07
	iters: 100, epoch: 9 | loss: 0.2039786
	speed: 1.3966s/iter; left time: 727.6108s
	iters: 200, epoch: 9 | loss: 0.2718894
	speed: 0.0690s/iter; left time: 29.0380s
	iters: 300, epoch: 9 | loss: 0.2451487
	speed: 0.0644s/iter; left time: 20.6607s
Epoch: 9 cost time: 21.660632610321045
Epoch: 9, Steps: 310 | Train Loss: 0.2632247 Vali Loss: 0.3629500 Test Loss: 0.7851964
EarlyStopping counter: 7 out of 3
Early stopping
Updating learning rate to 3.90625e-07
	iters: 100, epoch: 10 | loss: 0.3014024
	speed: 1.4768s/iter; left time: 311.5949s
	iters: 200, epoch: 10 | loss: 0.1914950
	speed: 0.0699s/iter; left time: 7.7566s
	iters: 300, epoch: 10 | loss: 0.2710622
	speed: 0.0672s/iter; left time: 0.7391s
Epoch: 10 cost time: 22.281211614608765
Epoch: 10, Steps: 310 | Train Loss: 0.2625888 Vali Loss: 0.3646749 Test Loss: 0.7866076
EarlyStopping counter: 8 out of 3
Early stopping
Updating learning rate to 1.953125e-07
>>>>>>>testing : long_term_forecast_kdd_offair_96_DHSL_DYG_base_ftM_sl96_ll48_pl96_dm1024_nh8_el2_dl1_df512_fc3_ebtimeF_dtTrue_Exp_0<<<<<<<<<<<<<<<<<<<<<<<<<<<<<<<<<
DYG_base
原始数据形状: (113935, 6)
Index(['pH', 'CO2', 'OUR', 'O2', 'CER'], dtype='object')
test 22692
test shape: (22692, 1, 96, 5) (22692, 1, 96, 5)
test shape: (22692, 96, 5) (22692, 96, 5)
mae:0.4107, mse:0.8050
(22692, 96, 5)
(22692, 96, 5)
