True
2.3.0
True
Args in experiment:
Namespace(activation='gelu', anomaly_ratio=0.25, batch_size=256, c_out=5, channel_independent=1, checkpoints='./checkpoints/', d_ff=512, d_layers=1, d_model=1024, data='DYG_base', data_path='DYG_data_3_sub3.csv', dec_in=5, des='Exp', device_ids=[0, 5], devices='0,5', direction=[0, 0, 0, 1, 1], distil=True, dropout=0.1, e_layers=2, embed='timeF', enc_in=5, enc_out=5, factor=3, features='M', freq='h', gpu=0, inverse=False, is_training=1, itr=1, label_len=48, learning_rate=0.0001, loss='MSE', lradj='type1', mask_rate=0.25, model='DHSL', model_id='kdd_sub3_336', moe_logits_init='{\n    "0": {0: 3.0, 1: 5.0, 2: -5.0},\n    "1": {0: 5.0, 1: 1.0, 2: 1.0},  \n    "2": {0: 2.0, 1: 1.0, 2: 5.0},\n    "3": {0: -5.0, 1: 2.0, 2: 5.0},\n    "4": {0: -5.0, 1: 5.0, 2: 2.0}\n}', moving_avg=25, n_heads=8, num_kernels=6, num_workers=10, output_attention=False, p_hidden_dims=[128, 128], p_hidden_layers=2, patience=3, pred_len=336, root_path='./data/DYG/KDD', seasonal_patterns='Monthly', seg_len=12, seq_len=96, target='zs', task_name='long_term_forecast', temp=1.0, top_k=5, train_epochs=10, use_amp=True, use_gpu=True, use_multi_gpu=True)
Use GPU: cuda:0
>>>>>>>start training : long_term_forecast_kdd_sub3_336_DHSL_DYG_base_ftM_sl96_ll48_pl336_dm1024_nh8_el2_dl1_df512_fc3_ebtimeF_dtTrue_Exp_0>>>>>>>>>>>>>>>>>>>>>>>>>>
DYG_base
原始数据形状: (108051, 6)
Index(['Bacterial Density', 'Viscosity', 'Chemical Efficiency', 'pH Online',
       'Total Sugar'],
      dtype='object')
train 75204
DYG_base
原始数据形状: (108051, 6)
Index(['Bacterial Density', 'Viscosity', 'Chemical Efficiency', 'pH Online',
       'Total Sugar'],
      dtype='object')
val 10471
DYG_base
原始数据形状: (108051, 6)
Index(['Bacterial Density', 'Viscosity', 'Chemical Efficiency', 'pH Online',
       'Total Sugar'],
      dtype='object')
test 21275
	iters: 100, epoch: 1 | loss: 0.5478697
	speed: 0.0845s/iter; left time: 239.2585s
	iters: 200, epoch: 1 | loss: 0.5284675
	speed: 0.0666s/iter; left time: 181.9347s
Epoch: 1 cost time: 21.15359878540039
Epoch: 1, Steps: 293 | Train Loss: 0.6987609 Vali Loss: 0.4426986 Test Loss: 4.4007177
Validation loss decreased (inf --> 0.442699).  Saving model ...
Updating learning rate to 0.0001
	iters: 100, epoch: 2 | loss: 0.5721837
	speed: 1.3574s/iter; left time: 3445.1990s
	iters: 200, epoch: 2 | loss: 0.7011863
	speed: 0.0661s/iter; left time: 161.1986s
Epoch: 2 cost time: 20.798660039901733
Epoch: 2, Steps: 293 | Train Loss: 0.6294827 Vali Loss: 0.4396536 Test Loss: 4.3938065
Validation loss decreased (0.442699 --> 0.439654).  Saving model ...
Updating learning rate to 5e-05
	iters: 100, epoch: 3 | loss: 0.6307620
	speed: 1.2935s/iter; left time: 2903.8902s
	iters: 200, epoch: 3 | loss: 0.5917056
	speed: 0.0540s/iter; left time: 115.9076s
Epoch: 3 cost time: 17.615965604782104
Epoch: 3, Steps: 293 | Train Loss: 0.6189897 Vali Loss: 0.4420309 Test Loss: 4.3654218
EarlyStopping counter: 1 out of 3
Updating learning rate to 2.5e-05
	iters: 100, epoch: 4 | loss: 0.8322899
	speed: 1.3469s/iter; left time: 2629.0745s
	iters: 200, epoch: 4 | loss: 0.6413394
	speed: 0.0569s/iter; left time: 105.3589s
Epoch: 4 cost time: 17.280956029891968
Epoch: 4, Steps: 293 | Train Loss: 0.6101091 Vali Loss: 0.4414905 Test Loss: 4.3460011
EarlyStopping counter: 2 out of 3
Updating learning rate to 1.25e-05
	iters: 100, epoch: 5 | loss: 0.6085152
	speed: 1.3208s/iter; left time: 2191.1942s
	iters: 200, epoch: 5 | loss: 0.5886225
	speed: 0.0558s/iter; left time: 86.9993s
Epoch: 5 cost time: 17.715237617492676
Epoch: 5, Steps: 293 | Train Loss: 0.6050554 Vali Loss: 0.4366086 Test Loss: 4.3416791
Validation loss decreased (0.439654 --> 0.436609).  Saving model ...
Updating learning rate to 6.25e-06
	iters: 100, epoch: 6 | loss: 0.6366391
	speed: 1.3957s/iter; left time: 1906.5788s
	iters: 200, epoch: 6 | loss: 0.6175556
	speed: 0.0583s/iter; left time: 73.8196s
Epoch: 6 cost time: 17.12406325340271
Epoch: 6, Steps: 293 | Train Loss: 0.6031402 Vali Loss: 0.4390667 Test Loss: 4.3378463
EarlyStopping counter: 1 out of 3
Updating learning rate to 3.125e-06
	iters: 100, epoch: 7 | loss: 0.5480367
	speed: 1.3418s/iter; left time: 1439.7054s
	iters: 200, epoch: 7 | loss: 0.5829453
	speed: 0.0589s/iter; left time: 57.3147s
Epoch: 7 cost time: 17.493539810180664
Epoch: 7, Steps: 293 | Train Loss: 0.6025088 Vali Loss: 0.4390303 Test Loss: 4.3363872
EarlyStopping counter: 2 out of 3
Updating learning rate to 1.5625e-06
	iters: 100, epoch: 8 | loss: 0.5825738
	speed: 1.3640s/iter; left time: 1063.9453s
	iters: 200, epoch: 8 | loss: 0.6223938
	speed: 0.0579s/iter; left time: 39.4015s
Epoch: 8 cost time: 17.511857271194458
Epoch: 8, Steps: 293 | Train Loss: 0.6013452 Vali Loss: 0.4390221 Test Loss: 4.3358526
EarlyStopping counter: 3 out of 3
Early stopping
Updating learning rate to 7.8125e-07
	iters: 100, epoch: 9 | loss: 0.7128706
	speed: 1.4252s/iter; left time: 694.0724s
	iters: 200, epoch: 9 | loss: 0.7203110
	speed: 0.0519s/iter; left time: 20.0854s
Epoch: 9 cost time: 16.086272716522217
Epoch: 9, Steps: 293 | Train Loss: 0.6008818 Vali Loss: 0.4392145 Test Loss: 4.3355069
EarlyStopping counter: 4 out of 3
Early stopping
Updating learning rate to 3.90625e-07
	iters: 100, epoch: 10 | loss: 0.7955839
	speed: 1.3598s/iter; left time: 263.7993s
	iters: 200, epoch: 10 | loss: 0.4557181
	speed: 0.0642s/iter; left time: 6.0332s
Epoch: 10 cost time: 20.072373867034912
Epoch: 10, Steps: 293 | Train Loss: 0.6004360 Vali Loss: 0.4394813 Test Loss: 4.3355479
EarlyStopping counter: 5 out of 3
Early stopping
Updating learning rate to 1.953125e-07
>>>>>>>testing : long_term_forecast_kdd_sub3_336_DHSL_DYG_base_ftM_sl96_ll48_pl336_dm1024_nh8_el2_dl1_df512_fc3_ebtimeF_dtTrue_Exp_0<<<<<<<<<<<<<<<<<<<<<<<<<<<<<<<<<
DYG_base
原始数据形状: (108051, 6)
Index(['Bacterial Density', 'Viscosity', 'Chemical Efficiency', 'pH Online',
       'Total Sugar'],
      dtype='object')
test 21275
test shape: (21275, 1, 336, 5) (21275, 1, 336, 5)
test shape: (21275, 336, 5) (21275, 336, 5)
mae:0.5153, mse:4.3412
(21275, 336, 5)
(21275, 336, 5)
