True
2.3.0
True
Args in experiment:
Namespace(activation='gelu', anomaly_ratio=0.25, batch_size=256, c_out=5, channel_independent=1, checkpoints='./checkpoints/', d_ff=512, d_layers=1, d_model=1024, data='DYG_base', data_path='EDA_offair.csv', dec_in=5, des='Exp', device_ids=[4, 5, 7], devices='4,5,7', direction=[1, 1, 2, 0, 0], distil=True, dropout=0.1, e_layers=2, embed='timeF', enc_in=5, enc_out=5, factor=3, features='M', freq='h', gpu=4, inverse=False, is_training=1, itr=1, label_len=48, learning_rate=0.0001, loss='MSE', lradj='type1', mask_rate=0.25, model='DHSL', model_id='kdd_offair_720', moe_logits_init='{\n    "0": {0: 5.0, 1: 1.0, 2: -5.0},  \n    "1": {0: 1.0, 1: 5.0, 2: -5.0},  \n    "2": {0: -5.0, 1: 1.0, 2: 5.0},  \n    "3": {0: -5.0, 1: 4.0, 2: 5.0},  \n    "4": {0: -5.0, 1: 4.0, 2: 5.0}\n}', moving_avg=25, n_heads=8, num_kernels=6, num_workers=10, output_attention=False, p_hidden_dims=[128, 128], p_hidden_layers=2, patience=3, pred_len=720, root_path='./data/public', seasonal_patterns='Monthly', seg_len=12, seq_len=96, target='zs', task_name='long_term_forecast', temp=1.0, top_k=5, train_epochs=10, use_amp=True, use_gpu=True, use_multi_gpu=True)
Use GPU: cuda:4
>>>>>>>start training : long_term_forecast_kdd_offair_720_DHSL_DYG_base_ftM_sl96_ll48_pl720_dm1024_nh8_el2_dl1_df512_fc3_ebtimeF_dtTrue_Exp_0>>>>>>>>>>>>>>>>>>>>>>>>>>
DYG_base
原始数据形状: (113935, 6)
Index(['pH', 'CO2', 'OUR', 'O2', 'CER'], dtype='object')
train 78939
DYG_base
原始数据形状: (113935, 6)
Index(['pH', 'CO2', 'OUR', 'O2', 'CER'], dtype='object')
val 10675
DYG_base
原始数据形状: (113935, 6)
Index(['pH', 'CO2', 'OUR', 'O2', 'CER'], dtype='object')
test 22068
	iters: 100, epoch: 1 | loss: 0.8245463
	speed: 0.0812s/iter; left time: 242.1418s
	iters: 200, epoch: 1 | loss: 0.7066894
	speed: 0.0651s/iter; left time: 187.5160s
	iters: 300, epoch: 1 | loss: 0.6255656
	speed: 0.0655s/iter; left time: 182.0435s
Epoch: 1 cost time: 21.628599166870117
Epoch: 1, Steps: 308 | Train Loss: 0.7282724 Vali Loss: 0.4874570 Test Loss: 1.2563798
Validation loss decreased (inf --> 0.487457).  Saving model ...
Updating learning rate to 0.0001
	iters: 100, epoch: 2 | loss: 0.6134492
	speed: 1.1295s/iter; left time: 3019.1335s
	iters: 200, epoch: 2 | loss: 0.7444052
	speed: 0.0642s/iter; left time: 165.1122s
	iters: 300, epoch: 2 | loss: 0.6844051
	speed: 0.0622s/iter; left time: 153.7041s
Epoch: 2 cost time: 19.770119190216064
Epoch: 2, Steps: 308 | Train Loss: 0.6368820 Vali Loss: 0.4538640 Test Loss: 1.2284893
Validation loss decreased (0.487457 --> 0.453864).  Saving model ...
Updating learning rate to 5e-05
	iters: 100, epoch: 3 | loss: 0.5720342
	speed: 1.1292s/iter; left time: 2670.4642s
	iters: 200, epoch: 3 | loss: 0.6220946
	speed: 0.0805s/iter; left time: 182.2358s
	iters: 300, epoch: 3 | loss: 0.6173656
	speed: 0.0796s/iter; left time: 172.3980s
Epoch: 3 cost time: 23.986592292785645
Epoch: 3, Steps: 308 | Train Loss: 0.5991365 Vali Loss: 0.4383696 Test Loss: 1.2129891
Validation loss decreased (0.453864 --> 0.438370).  Saving model ...
Updating learning rate to 2.5e-05
	iters: 100, epoch: 4 | loss: 0.5591533
	speed: 1.3356s/iter; left time: 2747.3892s
	iters: 200, epoch: 4 | loss: 0.5016950
	speed: 0.0800s/iter; left time: 156.6327s
	iters: 300, epoch: 4 | loss: 0.4736317
	speed: 0.0825s/iter; left time: 153.2816s
Epoch: 4 cost time: 25.967640161514282
Epoch: 4, Steps: 308 | Train Loss: 0.5821744 Vali Loss: 0.4338508 Test Loss: 1.1989015
Validation loss decreased (0.438370 --> 0.433851).  Saving model ...
Updating learning rate to 1.25e-05
	iters: 100, epoch: 5 | loss: 0.5786290
	speed: 1.2864s/iter; left time: 2249.9472s
	iters: 200, epoch: 5 | loss: 0.5329098
	speed: 0.0716s/iter; left time: 117.9962s
	iters: 300, epoch: 5 | loss: 0.6377705
	speed: 0.0734s/iter; left time: 113.6826s
Epoch: 5 cost time: 22.616333961486816
Epoch: 5, Steps: 308 | Train Loss: 0.5729258 Vali Loss: 0.4287513 Test Loss: 1.2015450
Validation loss decreased (0.433851 --> 0.428751).  Saving model ...
Updating learning rate to 6.25e-06
	iters: 100, epoch: 6 | loss: 0.5213926
	speed: 1.3214s/iter; left time: 1904.0673s
	iters: 200, epoch: 6 | loss: 0.5357124
	speed: 0.0693s/iter; left time: 92.9782s
	iters: 300, epoch: 6 | loss: 0.5313203
	speed: 0.0717s/iter; left time: 89.0178s
Epoch: 6 cost time: 22.62651228904724
Epoch: 6, Steps: 308 | Train Loss: 0.5671528 Vali Loss: 0.4287975 Test Loss: 1.2018558
EarlyStopping counter: 1 out of 3
Updating learning rate to 3.125e-06
	iters: 100, epoch: 7 | loss: 0.5132602
	speed: 2.5232s/iter; left time: 2858.7837s
	iters: 200, epoch: 7 | loss: 0.5593219
	speed: 0.1097s/iter; left time: 113.3489s
	iters: 300, epoch: 7 | loss: 0.4660171
	speed: 0.1041s/iter; left time: 97.0862s
Epoch: 7 cost time: 33.48360848426819
Epoch: 7, Steps: 308 | Train Loss: 0.5648083 Vali Loss: 0.4263541 Test Loss: 1.1978276
Validation loss decreased (0.428751 --> 0.426354).  Saving model ...
Updating learning rate to 1.5625e-06
	iters: 100, epoch: 8 | loss: 0.5447155
	speed: 2.7325s/iter; left time: 2254.3229s
	iters: 200, epoch: 8 | loss: 0.4511612
	speed: 0.1168s/iter; left time: 84.6612s
	iters: 300, epoch: 8 | loss: 0.7391965
	speed: 0.1089s/iter; left time: 68.0934s
Epoch: 8 cost time: 36.3221435546875
Epoch: 8, Steps: 308 | Train Loss: 0.5633243 Vali Loss: 0.4274873 Test Loss: 1.1968933
EarlyStopping counter: 1 out of 3
Updating learning rate to 7.8125e-07
	iters: 100, epoch: 9 | loss: 0.6068301
	speed: 5.2542s/iter; left time: 2716.3977s
	iters: 200, epoch: 9 | loss: 0.5924066
	speed: 0.1644s/iter; left time: 68.5626s
	iters: 300, epoch: 9 | loss: 0.5333129
	speed: 0.1654s/iter; left time: 52.4377s
Epoch: 9 cost time: 50.49977493286133
Epoch: 9, Steps: 308 | Train Loss: 0.5627821 Vali Loss: 0.4262397 Test Loss: 1.1962862
Validation loss decreased (0.426354 --> 0.426240).  Saving model ...
Updating learning rate to 3.90625e-07
	iters: 100, epoch: 10 | loss: 0.5160936
	speed: 6.3930s/iter; left time: 1336.1391s
	iters: 200, epoch: 10 | loss: 0.5702128
	speed: 0.1908s/iter; left time: 20.7941s
	iters: 300, epoch: 10 | loss: 0.4593758
	speed: 0.1940s/iter; left time: 1.7458s
Epoch: 10 cost time: 59.776752948760986
Epoch: 10, Steps: 308 | Train Loss: 0.5622540 Vali Loss: 0.4256313 Test Loss: 1.1983021
Validation loss decreased (0.426240 --> 0.425631).  Saving model ...
Updating learning rate to 1.953125e-07
>>>>>>>testing : long_term_forecast_kdd_offair_720_DHSL_DYG_base_ftM_sl96_ll48_pl720_dm1024_nh8_el2_dl1_df512_fc3_ebtimeF_dtTrue_Exp_0<<<<<<<<<<<<<<<<<<<<<<<<<<<<<<<<<
DYG_base
原始数据形状: (113935, 6)
Index(['pH', 'CO2', 'OUR', 'O2', 'CER'], dtype='object')
test 22068
test shape: (22068, 1, 720, 5) (22068, 1, 720, 5)
test shape: (22068, 720, 5) (22068, 720, 5)
mae:0.5640, mse:1.1979
(22068, 720, 5)
(22068, 720, 5)
