True
2.3.0
True
Args in experiment:
Namespace(activation='gelu', anomaly_ratio=0.25, batch_size=256, c_out=5, channel_independent=1, checkpoints='./checkpoints/', d_ff=512, d_layers=1, d_model=1024, data='DYG_base', data_path='DYG_data_3_sub2.csv', dec_in=5, des='Exp', device_ids=[0, 5], devices='0,5', direction=[1, 1, 2, 0, 2], distil=True, dropout=0.1, e_layers=2, embed='timeF', enc_in=5, enc_out=5, factor=3, features='M', freq='h', gpu=0, inverse=False, is_training=1, itr=1, label_len=48, learning_rate=0.0001, loss='MSE', lradj='type1', mask_rate=0.25, model='DHSL', model_id='kdd_sub2_192', moe_logits_init='{\n    "0": {0: 3.0, 1: 2.0, 2: 5.0},\n    "1": {0: 5.0, 1: 3.0, 2: 1.0},\n    "2": {0: 2.0, 1: 5.0, 2: 3.0}, \n    "3": {0: -5.0, 1: 3.0, 2: 5.0},\n    "4": {0: 5.0, 1: 4.0, 2: -5.0}\n}', moving_avg=25, n_heads=8, num_kernels=6, num_workers=10, output_attention=False, p_hidden_dims=[128, 128], p_hidden_layers=2, patience=3, pred_len=192, root_path='./data/DYG/KDD', seasonal_patterns='Monthly', seg_len=12, seq_len=96, target='zs', task_name='long_term_forecast', temp=1.0, top_k=5, train_epochs=10, use_amp=True, use_gpu=True, use_multi_gpu=True)
Use GPU: cuda:0
>>>>>>>start training : long_term_forecast_kdd_sub2_192_DHSL_DYG_base_ftM_sl96_ll48_pl192_dm1024_nh8_el2_dl1_df512_fc3_ebtimeF_dtTrue_Exp_0>>>>>>>>>>>>>>>>>>>>>>>>>>
DYG_base
原始数据形状: (108051, 6)
Index(['Viscosity', 'Chemical Efficiency', 'DO Value', 'pH Online',
       'Air Flow'],
      dtype='object')
train 75348
DYG_base
原始数据形状: (108051, 6)
Index(['Viscosity', 'Chemical Efficiency', 'DO Value', 'pH Online',
       'Air Flow'],
      dtype='object')
val 10615
DYG_base
原始数据形状: (108051, 6)
Index(['Viscosity', 'Chemical Efficiency', 'DO Value', 'pH Online',
       'Air Flow'],
      dtype='object')
test 21419
	iters: 100, epoch: 1 | loss: 0.5650895
	speed: 0.0522s/iter; left time: 148.3878s
	iters: 200, epoch: 1 | loss: 0.4659912
	speed: 0.0291s/iter; left time: 79.7330s
Epoch: 1 cost time: 10.801985740661621
Epoch: 1, Steps: 294 | Train Loss: 0.5903611 Vali Loss: 0.5259583 Test Loss: 4.3951936
Validation loss decreased (inf --> 0.525958).  Saving model ...
Updating learning rate to 0.0001
	iters: 100, epoch: 2 | loss: 0.4678521
	speed: 1.1592s/iter; left time: 2952.5530s
	iters: 200, epoch: 2 | loss: 0.4510480
	speed: 0.0276s/iter; left time: 67.6303s
Epoch: 2 cost time: 8.647400856018066
Epoch: 2, Steps: 294 | Train Loss: 0.4972326 Vali Loss: 0.5052587 Test Loss: 4.3138075
Validation loss decreased (0.525958 --> 0.505259).  Saving model ...
Updating learning rate to 5e-05
	iters: 100, epoch: 3 | loss: 0.4612791
	speed: 1.0538s/iter; left time: 2374.1940s
	iters: 200, epoch: 3 | loss: 0.3961590
	speed: 0.0271s/iter; left time: 58.3231s
Epoch: 3 cost time: 8.616665840148926
Epoch: 3, Steps: 294 | Train Loss: 0.4715097 Vali Loss: 0.5085372 Test Loss: 4.2705059
EarlyStopping counter: 1 out of 3
Updating learning rate to 2.5e-05
	iters: 100, epoch: 4 | loss: 0.3764982
	speed: 1.0207s/iter; left time: 1999.6426s
	iters: 200, epoch: 4 | loss: 0.4555625
	speed: 0.0320s/iter; left time: 59.5589s
Epoch: 4 cost time: 8.931636571884155
Epoch: 4, Steps: 294 | Train Loss: 0.4594842 Vali Loss: 0.4993323 Test Loss: 4.2516527
Validation loss decreased (0.505259 --> 0.499332).  Saving model ...
Updating learning rate to 1.25e-05
	iters: 100, epoch: 5 | loss: 0.4815593
	speed: 1.1777s/iter; left time: 1960.7964s
	iters: 200, epoch: 5 | loss: 0.4496495
	speed: 0.0280s/iter; left time: 43.8518s
Epoch: 5 cost time: 9.132230043411255
Epoch: 5, Steps: 294 | Train Loss: 0.4538775 Vali Loss: 0.4991687 Test Loss: 4.2444773
Validation loss decreased (0.499332 --> 0.499169).  Saving model ...
Updating learning rate to 6.25e-06
	iters: 100, epoch: 6 | loss: 0.4106809
	speed: 1.0447s/iter; left time: 1432.2783s
	iters: 200, epoch: 6 | loss: 0.4013532
	speed: 0.0277s/iter; left time: 35.2301s
Epoch: 6 cost time: 8.804991245269775
Epoch: 6, Steps: 294 | Train Loss: 0.4513071 Vali Loss: 0.4995763 Test Loss: 4.2392211
EarlyStopping counter: 1 out of 3
Updating learning rate to 3.125e-06
	iters: 100, epoch: 7 | loss: 0.3776311
	speed: 1.2511s/iter; left time: 1347.4562s
	iters: 200, epoch: 7 | loss: 0.5429374
	speed: 0.0390s/iter; left time: 38.0929s
Epoch: 7 cost time: 11.709275245666504
Epoch: 7, Steps: 294 | Train Loss: 0.4498517 Vali Loss: 0.4963855 Test Loss: 4.2373962
Validation loss decreased (0.499169 --> 0.496385).  Saving model ...
Updating learning rate to 1.5625e-06
	iters: 100, epoch: 8 | loss: 0.5276662
	speed: 1.2989s/iter; left time: 1017.0488s
	iters: 200, epoch: 8 | loss: 0.4119740
	speed: 0.0412s/iter; left time: 28.1121s
Epoch: 8 cost time: 11.894091129302979
Epoch: 8, Steps: 294 | Train Loss: 0.4490771 Vali Loss: 0.4975144 Test Loss: 4.2345414
EarlyStopping counter: 1 out of 3
Updating learning rate to 7.8125e-07
	iters: 100, epoch: 9 | loss: 0.4132802
	speed: 1.3863s/iter; left time: 677.9220s
	iters: 200, epoch: 9 | loss: 0.4197246
	speed: 0.0390s/iter; left time: 15.1668s
Epoch: 9 cost time: 11.938408374786377
Epoch: 9, Steps: 294 | Train Loss: 0.4488341 Vali Loss: 0.4970597 Test Loss: 4.2344346
EarlyStopping counter: 2 out of 3
Updating learning rate to 3.90625e-07
	iters: 100, epoch: 10 | loss: 0.4055652
	speed: 1.2277s/iter; left time: 239.3934s
	iters: 200, epoch: 10 | loss: 0.4119526
	speed: 0.0392s/iter; left time: 3.7286s
Epoch: 10 cost time: 12.116867542266846
Epoch: 10, Steps: 294 | Train Loss: 0.4485322 Vali Loss: 0.4976877 Test Loss: 4.2345724
EarlyStopping counter: 3 out of 3
Early stopping
Updating learning rate to 1.953125e-07
>>>>>>>testing : long_term_forecast_kdd_sub2_192_DHSL_DYG_base_ftM_sl96_ll48_pl192_dm1024_nh8_el2_dl1_df512_fc3_ebtimeF_dtTrue_Exp_0<<<<<<<<<<<<<<<<<<<<<<<<<<<<<<<<<
DYG_base
原始数据形状: (108051, 6)
Index(['Viscosity', 'Chemical Efficiency', 'DO Value', 'pH Online',
       'Air Flow'],
      dtype='object')
test 21419
test shape: (21419, 1, 192, 5) (21419, 1, 192, 5)
test shape: (21419, 192, 5) (21419, 192, 5)
mae:0.5529, mse:4.2371
(21419, 192, 5)
(21419, 192, 5)
