True
2.3.0
True
Args in experiment:
Namespace(activation='gelu', anomaly_ratio=0.25, batch_size=256, c_out=5, channel_independent=1, checkpoints='./checkpoints/', d_ff=512, d_layers=1, d_model=1024, data='DYG_base', data_path='EDA_offair.csv', dec_in=5, des='Exp', device_ids=[4, 5, 7], devices='4,5,7', direction=[1, 1, 2, 0, 0], distil=True, dropout=0.1, e_layers=2, embed='timeF', enc_in=5, enc_out=5, factor=3, features='M', freq='h', gpu=4, inverse=False, is_training=1, itr=1, label_len=48, learning_rate=0.0001, loss='MSE', lradj='type1', mask_rate=0.25, model='DLinear', model_id='kdd_offair_192', moe_logits_init='{\n    "0": {0: 5.0, 1: 1.0, 2: -5.0},  \n    "1": {0: 1.0, 1: 5.0, 2: -5.0},  \n    "2": {0: -5.0, 1: 1.0, 2: 5.0},  \n    "3": {0: -5.0, 1: 4.0, 2: 5.0},  \n    "4": {0: -5.0, 1: 4.0, 2: 5.0}\n}', moving_avg=25, n_heads=8, num_kernels=6, num_workers=10, output_attention=False, p_hidden_dims=[128, 128], p_hidden_layers=2, patience=3, pred_len=192, root_path='./data/public', seasonal_patterns='Monthly', seg_len=12, seq_len=96, target='zs', task_name='long_term_forecast', temp=1.0, top_k=5, train_epochs=10, use_amp=True, use_gpu=True, use_multi_gpu=True)
Use GPU: cuda:4
>>>>>>>start training : long_term_forecast_kdd_offair_192_DLinear_DYG_base_ftM_sl96_ll48_pl192_dm1024_nh8_el2_dl1_df512_fc3_ebtimeF_dtTrue_Exp_0>>>>>>>>>>>>>>>>>>>>>>>>>>
DYG_base
原始数据形状: (113935, 6)
Index(['pH', 'CO2', 'OUR', 'O2', 'CER'], dtype='object')
train 79467
DYG_base
原始数据形状: (113935, 6)
Index(['pH', 'CO2', 'OUR', 'O2', 'CER'], dtype='object')
val 11203
DYG_base
原始数据形状: (113935, 6)
Index(['pH', 'CO2', 'OUR', 'O2', 'CER'], dtype='object')
test 22596
	iters: 100, epoch: 1 | loss: 0.7310072
	speed: 0.0355s/iter; left time: 106.3938s
	iters: 200, epoch: 1 | loss: 0.8338594
	speed: 0.0124s/iter; left time: 36.0604s
	iters: 300, epoch: 1 | loss: 0.6968227
	speed: 0.0084s/iter; left time: 23.4179s
Epoch: 1 cost time: 5.760205268859863
Epoch: 1, Steps: 310 | Train Loss: 0.7476938 Vali Loss: 0.5829173 Test Loss: 1.2263460
Validation loss decreased (inf --> 0.582917).  Saving model ...
Updating learning rate to 0.0001
	iters: 100, epoch: 2 | loss: 0.8166062
	speed: 0.5081s/iter; left time: 1367.1803s
	iters: 200, epoch: 2 | loss: 0.6582643
	speed: 0.0127s/iter; left time: 32.9163s
	iters: 300, epoch: 2 | loss: 0.7458679
	speed: 0.0100s/iter; left time: 24.8770s
Epoch: 2 cost time: 4.162937879562378
Epoch: 2, Steps: 310 | Train Loss: 0.6793126 Vali Loss: 0.5732639 Test Loss: 1.2223094
Validation loss decreased (0.582917 --> 0.573264).  Saving model ...
Updating learning rate to 5e-05
	iters: 100, epoch: 3 | loss: 0.8314164
	speed: 0.4429s/iter; left time: 1054.6399s
	iters: 200, epoch: 3 | loss: 0.5422297
	speed: 0.0111s/iter; left time: 25.3624s
	iters: 300, epoch: 3 | loss: 0.5844406
	speed: 0.0106s/iter; left time: 23.0840s
Epoch: 3 cost time: 3.89207124710083
Epoch: 3, Steps: 310 | Train Loss: 0.6707282 Vali Loss: 0.5737934 Test Loss: 1.2210293
EarlyStopping counter: 1 out of 3
Updating learning rate to 2.5e-05
	iters: 100, epoch: 4 | loss: 0.7175249
	speed: 0.4294s/iter; left time: 889.2928s
	iters: 200, epoch: 4 | loss: 0.8224397
	speed: 0.0115s/iter; left time: 22.7071s
	iters: 300, epoch: 4 | loss: 0.5654628
	speed: 0.0105s/iter; left time: 19.6793s
Epoch: 4 cost time: 3.9352595806121826
Epoch: 4, Steps: 310 | Train Loss: 0.6683426 Vali Loss: 0.5721686 Test Loss: 1.2194878
Validation loss decreased (0.573264 --> 0.572169).  Saving model ...
Updating learning rate to 1.25e-05
	iters: 100, epoch: 5 | loss: 0.7021243
	speed: 0.4154s/iter; left time: 731.4576s
	iters: 200, epoch: 5 | loss: 0.5033168
	speed: 0.0102s/iter; left time: 16.9692s
	iters: 300, epoch: 5 | loss: 0.7510889
	speed: 0.0089s/iter; left time: 13.8636s
Epoch: 5 cost time: 3.344788074493408
Epoch: 5, Steps: 310 | Train Loss: 0.6674863 Vali Loss: 0.5724530 Test Loss: 1.2189201
EarlyStopping counter: 1 out of 3
Updating learning rate to 6.25e-06
	iters: 100, epoch: 6 | loss: 0.5618203
	speed: 0.4225s/iter; left time: 612.9982s
	iters: 200, epoch: 6 | loss: 0.6076533
	speed: 0.0090s/iter; left time: 12.2228s
	iters: 300, epoch: 6 | loss: 0.7525495
	speed: 0.0080s/iter; left time: 10.0528s
Epoch: 6 cost time: 3.198881149291992
Epoch: 6, Steps: 310 | Train Loss: 0.6667939 Vali Loss: 0.5696818 Test Loss: 1.2187618
Validation loss decreased (0.572169 --> 0.569682).  Saving model ...
Updating learning rate to 3.125e-06
	iters: 100, epoch: 7 | loss: 0.5476604
	speed: 0.4984s/iter; left time: 568.7043s
	iters: 200, epoch: 7 | loss: 0.7975137
	speed: 0.0114s/iter; left time: 11.8481s
	iters: 300, epoch: 7 | loss: 0.6826451
	speed: 0.0116s/iter; left time: 10.9564s
Epoch: 7 cost time: 4.0290045738220215
Epoch: 7, Steps: 310 | Train Loss: 0.6666035 Vali Loss: 0.5705589 Test Loss: 1.2185941
EarlyStopping counter: 1 out of 3
Updating learning rate to 1.5625e-06
	iters: 100, epoch: 8 | loss: 0.7946840
	speed: 0.4947s/iter; left time: 411.0695s
	iters: 200, epoch: 8 | loss: 0.5244607
	speed: 0.0165s/iter; left time: 12.0962s
	iters: 300, epoch: 8 | loss: 0.6014515
	speed: 0.0166s/iter; left time: 10.4621s
Epoch: 8 cost time: 5.45598030090332
Epoch: 8, Steps: 310 | Train Loss: 0.6664819 Vali Loss: 0.5712526 Test Loss: 1.2184949
EarlyStopping counter: 2 out of 3
Updating learning rate to 7.8125e-07
	iters: 100, epoch: 9 | loss: 0.6928566
	speed: 0.5572s/iter; left time: 290.2942s
	iters: 200, epoch: 9 | loss: 0.6719671
	speed: 0.0157s/iter; left time: 6.6157s
	iters: 300, epoch: 9 | loss: 0.6721306
	speed: 0.0178s/iter; left time: 5.7160s
Epoch: 9 cost time: 5.613097429275513
Epoch: 9, Steps: 310 | Train Loss: 0.6663668 Vali Loss: 0.5701746 Test Loss: 1.2184414
EarlyStopping counter: 3 out of 3
Early stopping
Updating learning rate to 3.90625e-07
	iters: 100, epoch: 10 | loss: 0.6054126
	speed: 0.4356s/iter; left time: 91.9218s
	iters: 200, epoch: 10 | loss: 0.5264426
	speed: 0.0147s/iter; left time: 1.6332s
	iters: 300, epoch: 10 | loss: 0.5978794
	speed: 0.0129s/iter; left time: 0.1416s
Epoch: 10 cost time: 4.812193155288696
Epoch: 10, Steps: 310 | Train Loss: 0.6664953 Vali Loss: 0.5696164 Test Loss: 1.2184290
Validation loss decreased (0.569682 --> 0.569616).  Saving model ...
Early stopping
Updating learning rate to 1.953125e-07
>>>>>>>testing : long_term_forecast_kdd_offair_192_DLinear_DYG_base_ftM_sl96_ll48_pl192_dm1024_nh8_el2_dl1_df512_fc3_ebtimeF_dtTrue_Exp_0<<<<<<<<<<<<<<<<<<<<<<<<<<<<<<<<<
DYG_base
原始数据形状: (113935, 6)
Index(['pH', 'CO2', 'OUR', 'O2', 'CER'], dtype='object')
test 22596
test shape: (22596, 1, 192, 5) (22596, 1, 192, 5)
test shape: (22596, 192, 5) (22596, 192, 5)
mae:0.5503, mse:1.2184
(22596, 192, 5)
(22596, 192, 5)
