True
2.3.0
True
Args in experiment:
Namespace(activation='gelu', anomaly_ratio=0.25, batch_size=256, c_out=5, channel_independent=1, checkpoints='./checkpoints/', d_ff=256, d_layers=1, d_model=256, data='DYG_base', data_path='EDA_femprocess_v2.csv', dec_in=5, des='Exp', device_ids=[1, 2, 3, 4], devices='1,2,3,4', direction=[1, 1, 2, 0, 2], distil=True, dropout=0.1, e_layers=2, embed='timeF', enc_in=5, enc_out=5, factor=3, features='M', freq='h', gpu=1, inverse=False, is_training=1, itr=1, label_len=48, learning_rate=0.0001, loss='MSE', lradj='type1', mask_rate=0.25, model='DLinear', model_id='kdd_femprocess_v2_720', moe_logits_init='{\n    "0": {0: 3.0, 1: 2.0, 2: 5.0},\n    "1": {0: 5.0, 1: 3.0, 2: 1.0},\n    "2": {0: 2.0, 1: 5.0, 2: 3.0}, \n    "3": {0: -5.0, 1: 3.0, 2: 5.0},\n    "4": {0: 5.0, 1: 4.0, 2: -5.0}\n}', moving_avg=25, n_heads=8, num_kernels=6, num_workers=10, output_attention=False, p_hidden_dims=[128, 128], p_hidden_layers=2, patience=3, pred_len=720, root_path='./data/public', seasonal_patterns='Monthly', seg_len=12, seq_len=96, target='v2', task_name='long_term_forecast', temp=1.0, top_k=5, train_epochs=10, use_amp=True, use_gpu=True, use_multi_gpu=True)
Use GPU: cuda:1
>>>>>>>start training : long_term_forecast_kdd_femprocess_v2_720_DLinear_DYG_base_ftM_sl96_ll48_pl720_dm256_nh8_el2_dl1_df256_fc3_ebtimeF_dtTrue_Exp_0>>>>>>>>>>>>>>>>>>>>>>>>>>
DYG_base
原始数据形状: (113935, 6)
Index(['flow_rate', 'heating_cooling_water_flow_rate', 'vessel_weight',
       'vessel_volume', 'generated_heat'],
      dtype='object')
train 78939
DYG_base
原始数据形状: (113935, 6)
Index(['flow_rate', 'heating_cooling_water_flow_rate', 'vessel_weight',
       'vessel_volume', 'generated_heat'],
      dtype='object')
val 10675
DYG_base
原始数据形状: (113935, 6)
Index(['flow_rate', 'heating_cooling_water_flow_rate', 'vessel_weight',
       'vessel_volume', 'generated_heat'],
      dtype='object')
test 22068
	iters: 100, epoch: 1 | loss: 0.9426838
	speed: 0.1626s/iter; left time: 484.7520s
	iters: 200, epoch: 1 | loss: 0.9008855
	speed: 0.0980s/iter; left time: 282.2113s
	iters: 300, epoch: 1 | loss: 0.8638057
	speed: 0.0971s/iter; left time: 269.9184s
Epoch: 1 cost time: 36.70963168144226
Epoch: 1, Steps: 308 | Train Loss: 1.0090370 Vali Loss: 0.8557862 Test Loss: 1.0781142
Validation loss decreased (inf --> 0.855786).  Saving model ...
Updating learning rate to 0.0001
	iters: 100, epoch: 2 | loss: 0.8619502
	speed: 1.1088s/iter; left time: 2963.8422s
	iters: 200, epoch: 2 | loss: 0.8855366
	speed: 0.1003s/iter; left time: 258.0345s
	iters: 300, epoch: 2 | loss: 0.8359905
	speed: 0.1034s/iter; left time: 255.7656s
Epoch: 2 cost time: 32.288578510284424
Epoch: 2, Steps: 308 | Train Loss: 0.8811399 Vali Loss: 0.8463997 Test Loss: 1.0726184
Validation loss decreased (0.855786 --> 0.846400).  Saving model ...
Updating learning rate to 5e-05
	iters: 100, epoch: 3 | loss: 0.8943057
	speed: 1.0813s/iter; left time: 2557.1649s
	iters: 200, epoch: 3 | loss: 0.8977488
	speed: 0.0967s/iter; left time: 218.9759s
	iters: 300, epoch: 3 | loss: 0.9116507
	speed: 0.1045s/iter; left time: 226.1606s
Epoch: 3 cost time: 32.25943112373352
Epoch: 3, Steps: 308 | Train Loss: 0.8774061 Vali Loss: 0.8468086 Test Loss: 1.0718799
EarlyStopping counter: 1 out of 3
Updating learning rate to 2.5e-05
	iters: 100, epoch: 4 | loss: 0.8791785
	speed: 1.0578s/iter; left time: 2175.8004s
	iters: 200, epoch: 4 | loss: 0.8707189
	speed: 0.0713s/iter; left time: 139.5601s
	iters: 300, epoch: 4 | loss: 0.8553184
	speed: 0.1053s/iter; left time: 195.6064s
Epoch: 4 cost time: 25.155319213867188
Epoch: 4, Steps: 308 | Train Loss: 0.8765742 Vali Loss: 0.8449626 Test Loss: 1.0714016
Validation loss decreased (0.846400 --> 0.844963).  Saving model ...
Updating learning rate to 1.25e-05
	iters: 100, epoch: 5 | loss: 0.8507414
	speed: 1.1064s/iter; left time: 1935.1264s
	iters: 200, epoch: 5 | loss: 0.9186354
	speed: 0.1054s/iter; left time: 173.8602s
	iters: 300, epoch: 5 | loss: 0.8945670
	speed: 0.1066s/iter; left time: 165.0676s
Epoch: 5 cost time: 32.62583351135254
Epoch: 5, Steps: 308 | Train Loss: 0.8762878 Vali Loss: 0.8451178 Test Loss: 1.0712683
EarlyStopping counter: 1 out of 3
Updating learning rate to 6.25e-06
	iters: 100, epoch: 6 | loss: 0.8821325
	speed: 0.7609s/iter; left time: 1096.4749s
	iters: 200, epoch: 6 | loss: 0.9140604
	speed: 0.1056s/iter; left time: 141.6377s
	iters: 300, epoch: 6 | loss: 0.9273470
	speed: 0.0978s/iter; left time: 121.3923s
Epoch: 6 cost time: 31.943406343460083
Epoch: 6, Steps: 308 | Train Loss: 0.8761153 Vali Loss: 0.8442109 Test Loss: 1.0712742
Validation loss decreased (0.844963 --> 0.844211).  Saving model ...
Updating learning rate to 3.125e-06
	iters: 100, epoch: 7 | loss: 0.8384108
	speed: 1.8606s/iter; left time: 2108.0435s
	iters: 200, epoch: 7 | loss: 0.8635902
	speed: 0.0970s/iter; left time: 100.2078s
	iters: 300, epoch: 7 | loss: 0.8510520
	speed: 0.0937s/iter; left time: 87.4462s
Epoch: 7 cost time: 30.062788009643555
Epoch: 7, Steps: 308 | Train Loss: 0.8760391 Vali Loss: 0.8450520 Test Loss: 1.0712326
EarlyStopping counter: 1 out of 3
Updating learning rate to 1.5625e-06
	iters: 100, epoch: 8 | loss: 0.8818008
	speed: 1.8648s/iter; left time: 1538.4421s
	iters: 200, epoch: 8 | loss: 0.8616199
	speed: 0.1028s/iter; left time: 74.5345s
	iters: 300, epoch: 8 | loss: 0.8587294
	speed: 0.0528s/iter; left time: 32.9804s
Epoch: 8 cost time: 26.312710523605347
Epoch: 8, Steps: 308 | Train Loss: 0.8760597 Vali Loss: 0.8448938 Test Loss: 1.0712296
EarlyStopping counter: 2 out of 3
Updating learning rate to 7.8125e-07
	iters: 100, epoch: 9 | loss: 0.8972511
	speed: 1.8324s/iter; left time: 947.3761s
	iters: 200, epoch: 9 | loss: 0.8630841
	speed: 0.1054s/iter; left time: 43.9319s
	iters: 300, epoch: 9 | loss: 0.8602914
	speed: 0.1064s/iter; left time: 33.7337s
Epoch: 9 cost time: 33.03441500663757
Epoch: 9, Steps: 308 | Train Loss: 0.8759455 Vali Loss: 0.8451996 Test Loss: 1.0712247
EarlyStopping counter: 3 out of 3
Early stopping
Updating learning rate to 3.90625e-07
	iters: 100, epoch: 10 | loss: 0.9013205
	speed: 1.8473s/iter; left time: 386.0771s
	iters: 200, epoch: 10 | loss: 0.8670141
	speed: 0.0991s/iter; left time: 10.8009s
	iters: 300, epoch: 10 | loss: 0.8928126
	speed: 0.0931s/iter; left time: 0.8383s
Epoch: 10 cost time: 30.291028261184692
Epoch: 10, Steps: 308 | Train Loss: 0.8759918 Vali Loss: 0.8458149 Test Loss: 1.0712199
EarlyStopping counter: 4 out of 3
Early stopping
Updating learning rate to 1.953125e-07
>>>>>>>testing : long_term_forecast_kdd_femprocess_v2_720_DLinear_DYG_base_ftM_sl96_ll48_pl720_dm256_nh8_el2_dl1_df256_fc3_ebtimeF_dtTrue_Exp_0<<<<<<<<<<<<<<<<<<<<<<<<<<<<<<<<<
DYG_base
原始数据形状: (113935, 6)
Index(['flow_rate', 'heating_cooling_water_flow_rate', 'vessel_weight',
       'vessel_volume', 'generated_heat'],
      dtype='object')
test 22068
test shape: (22068, 1, 720, 5) (22068, 1, 720, 5)
test shape: (22068, 720, 5) (22068, 720, 5)
mae:0.6952, mse:1.0713
(22068, 720, 5)
(22068, 720, 5)
