True
2.3.0
True
Args in experiment:
Namespace(activation='gelu', anomaly_ratio=0.25, batch_size=256, c_out=5, channel_independent=1, checkpoints='./checkpoints/', d_ff=512, d_layers=1, d_model=1024, data='DYG_base', data_path='EDA_offair.csv', dec_in=5, des='Exp', device_ids=[0, 1, 3], devices='0,1,3', direction=[1, 1, 2, 0, 0], distil=True, dropout=0.1, e_layers=2, embed='timeF', enc_in=5, enc_out=5, factor=3, features='M', freq='h', gpu=0, inverse=False, is_training=1, itr=1, label_len=48, learning_rate=0.0001, loss='MSE', lradj='type1', mask_rate=0.25, model='FEDformer', model_id='kdd_offair_192', moe_logits_init='{\n    "0": {0: 5.0, 1: 1.0, 2: -5.0},  \n    "1": {0: 1.0, 1: 5.0, 2: -5.0},  \n    "2": {0: -5.0, 1: 1.0, 2: 5.0},  \n    "3": {0: -5.0, 1: 4.0, 2: 5.0},  \n    "4": {0: -5.0, 1: 4.0, 2: 5.0}\n}', moving_avg=25, n_heads=8, num_kernels=6, num_workers=10, output_attention=False, p_hidden_dims=[128, 128], p_hidden_layers=2, patience=3, pred_len=192, root_path='./data/public', seasonal_patterns='Monthly', seg_len=12, seq_len=96, target='zs', task_name='long_term_forecast', temp=1.0, top_k=5, train_epochs=10, use_amp=False, use_gpu=True, use_multi_gpu=True)
Use GPU: cuda:0
fourier enhanced block used!
modes=32, index=[2, 3, 4, 5, 8, 9, 10, 11, 13, 14, 15, 16, 17, 18, 19, 20, 23, 25, 26, 28, 31, 32, 34, 35, 37, 38, 39, 40, 42, 43, 44, 46]
fourier enhanced block used!
modes=32, index=[0, 2, 6, 8, 10, 13, 14, 21, 22, 23, 28, 34, 35, 36, 42, 44, 45, 52, 55, 64, 66, 67, 68, 69, 72, 73, 83, 93, 98, 115, 117, 119]
 fourier enhanced cross attention used!
modes_q=32, index_q=[1, 5, 8, 12, 15, 20, 22, 26, 28, 30, 31, 36, 37, 46, 48, 55, 63, 64, 66, 77, 78, 81, 82, 85, 88, 90, 91, 94, 97, 99, 106, 107]
modes_kv=32, index_kv=[0, 1, 4, 6, 7, 11, 12, 13, 14, 17, 18, 19, 23, 24, 25, 26, 27, 28, 29, 31, 32, 33, 34, 35, 37, 38, 39, 40, 43, 44, 45, 46]
>>>>>>>start training : long_term_forecast_kdd_offair_192_FEDformer_DYG_base_ftM_sl96_ll48_pl192_dm1024_nh8_el2_dl1_df512_fc3_ebtimeF_dtTrue_Exp_0>>>>>>>>>>>>>>>>>>>>>>>>>>
DYG_base
原始数据形状: (113935, 6)
Index(['pH', 'CO2', 'OUR', 'O2', 'CER'], dtype='object')
train 79467
DYG_base
原始数据形状: (113935, 6)
Index(['pH', 'CO2', 'OUR', 'O2', 'CER'], dtype='object')
val 11203
DYG_base
原始数据形状: (113935, 6)
Index(['pH', 'CO2', 'OUR', 'O2', 'CER'], dtype='object')
test 22596
	iters: 100, epoch: 1 | loss: 1.0810744
	speed: 0.6065s/iter; left time: 1819.9921s
	iters: 200, epoch: 1 | loss: 1.1901050
	speed: 0.5791s/iter; left time: 1680.0989s
	iters: 300, epoch: 1 | loss: 0.7564350
	speed: 0.5881s/iter; left time: 1647.2503s
Epoch: 1 cost time: 183.632586479187
Epoch: 1, Steps: 310 | Train Loss: 1.0081376 Vali Loss: 0.6756074 Test Loss: 1.5861709
Validation loss decreased (inf --> 0.675607).  Saving model ...
Updating learning rate to 0.0001
	iters: 100, epoch: 2 | loss: 0.7736299
	speed: 15.2174s/iter; left time: 40950.0165s
	iters: 200, epoch: 2 | loss: 0.6315055
	speed: 0.5955s/iter; left time: 1542.8440s
	iters: 300, epoch: 2 | loss: 0.7664952
	speed: 0.5934s/iter; left time: 1478.1903s
Epoch: 2 cost time: 185.11044359207153
Epoch: 2, Steps: 310 | Train Loss: 0.8250074 Vali Loss: 0.6136836 Test Loss: 1.6535722
Validation loss decreased (0.675607 --> 0.613684).  Saving model ...
Updating learning rate to 5e-05
	iters: 100, epoch: 3 | loss: 0.6335948
	speed: 14.0857s/iter; left time: 33538.1010s
	iters: 200, epoch: 3 | loss: 1.0839709
	speed: 0.5194s/iter; left time: 1184.8529s
	iters: 300, epoch: 3 | loss: 0.6694484
	speed: 0.5217s/iter; left time: 1137.8901s
Epoch: 3 cost time: 162.06751418113708
Epoch: 3, Steps: 310 | Train Loss: 0.7562146 Vali Loss: 0.5927404 Test Loss: 1.7267690
Validation loss decreased (0.613684 --> 0.592740).  Saving model ...
Updating learning rate to 2.5e-05
	iters: 100, epoch: 4 | loss: 0.7720101
	speed: 13.3690s/iter; left time: 27687.1844s
	iters: 200, epoch: 4 | loss: 0.7854177
	speed: 0.4625s/iter; left time: 911.5000s
	iters: 300, epoch: 4 | loss: 0.7543417
	speed: 0.4613s/iter; left time: 863.0356s
Epoch: 4 cost time: 144.16317701339722
Epoch: 4, Steps: 310 | Train Loss: 0.7309234 Vali Loss: 0.5632203 Test Loss: 1.7080228
Validation loss decreased (0.592740 --> 0.563220).  Saving model ...
Updating learning rate to 1.25e-05
	iters: 100, epoch: 5 | loss: 0.5176398
	speed: 13.2663s/iter; left time: 23361.9682s
	iters: 200, epoch: 5 | loss: 0.6016753
	speed: 0.5149s/iter; left time: 855.2645s
	iters: 300, epoch: 5 | loss: 0.5541704
	speed: 0.5228s/iter; left time: 816.1560s
Epoch: 5 cost time: 157.73519825935364
Epoch: 5, Steps: 310 | Train Loss: 0.7183494 Vali Loss: 0.5600517 Test Loss: 1.7176570
Validation loss decreased (0.563220 --> 0.560052).  Saving model ...
Updating learning rate to 6.25e-06
	iters: 100, epoch: 6 | loss: 0.6293236
	speed: 13.1529s/iter; left time: 19084.8311s
	iters: 200, epoch: 6 | loss: 0.6906399
	speed: 0.5128s/iter; left time: 692.7508s
	iters: 300, epoch: 6 | loss: 0.5947708
	speed: 0.5124s/iter; left time: 641.0451s
Epoch: 6 cost time: 157.5522780418396
Epoch: 6, Steps: 310 | Train Loss: 0.7129425 Vali Loss: 0.5600283 Test Loss: 1.6918457
Validation loss decreased (0.560052 --> 0.560028).  Saving model ...
Updating learning rate to 3.125e-06
	iters: 100, epoch: 7 | loss: 0.5475021
	speed: 13.2965s/iter; left time: 15171.2677s
	iters: 200, epoch: 7 | loss: 0.9117283
	speed: 0.4909s/iter; left time: 511.0288s
	iters: 300, epoch: 7 | loss: 0.9843139
	speed: 0.5149s/iter; left time: 484.5586s
Epoch: 7 cost time: 152.52680778503418
Epoch: 7, Steps: 310 | Train Loss: 0.7100327 Vali Loss: 0.5549957 Test Loss: 1.6953982
Validation loss decreased (0.560028 --> 0.554996).  Saving model ...
Updating learning rate to 1.5625e-06
	iters: 100, epoch: 8 | loss: 0.7256934
	speed: 13.4465s/iter; left time: 11174.0479s
	iters: 200, epoch: 8 | loss: 1.0240023
	speed: 0.5211s/iter; left time: 380.9562s
	iters: 300, epoch: 8 | loss: 0.7311397
	speed: 0.5275s/iter; left time: 332.8519s
Epoch: 8 cost time: 158.7528531551361
Epoch: 8, Steps: 310 | Train Loss: 0.7092007 Vali Loss: 0.5555997 Test Loss: 1.6946794
EarlyStopping counter: 1 out of 3
Updating learning rate to 7.8125e-07
	iters: 100, epoch: 9 | loss: 0.4930939
	speed: 13.9598s/iter; left time: 7273.0415s
	iters: 200, epoch: 9 | loss: 0.5388169
	speed: 0.5519s/iter; left time: 232.3346s
	iters: 300, epoch: 9 | loss: 0.7611541
	speed: 0.5111s/iter; left time: 164.0781s
Epoch: 9 cost time: 167.62250089645386
Epoch: 9, Steps: 310 | Train Loss: 0.7076084 Vali Loss: 0.5568696 Test Loss: 1.6922815
EarlyStopping counter: 2 out of 3
Updating learning rate to 3.90625e-07
	iters: 100, epoch: 10 | loss: 0.5994389
	speed: 13.2851s/iter; left time: 2803.1629s
	iters: 200, epoch: 10 | loss: 1.0451710
	speed: 0.4677s/iter; left time: 51.9138s
	iters: 300, epoch: 10 | loss: 0.6287351
	speed: 0.4543s/iter; left time: 4.9975s
Epoch: 10 cost time: 143.48901200294495
Epoch: 10, Steps: 310 | Train Loss: 0.7075155 Vali Loss: 0.5561731 Test Loss: 1.6946988
EarlyStopping counter: 3 out of 3
Early stopping
Updating learning rate to 1.953125e-07
>>>>>>>testing : long_term_forecast_kdd_offair_192_FEDformer_DYG_base_ftM_sl96_ll48_pl192_dm1024_nh8_el2_dl1_df512_fc3_ebtimeF_dtTrue_Exp_0<<<<<<<<<<<<<<<<<<<<<<<<<<<<<<<<<
DYG_base
原始数据形状: (113935, 6)
Index(['pH', 'CO2', 'OUR', 'O2', 'CER'], dtype='object')
test 22596
test shape: (22596, 1, 192, 5) (22596, 1, 192, 5)
test shape: (22596, 192, 5) (22596, 192, 5)
mae:0.5997, mse:1.6954
(22596, 192, 5)
(22596, 192, 5)
