True
2.3.0
usage: run_FFT.py [-h] --task_name TASK_NAME --is_training IS_TRAINING
                  --model_id MODEL_ID --model MODEL --data DATA
                  [--root_path ROOT_PATH] [--data_path DATA_PATH]
                  [--features FEATURES] [--target TARGET] [--freq FREQ]
                  [--checkpoints CHECKPOINTS] [--seq_len SEQ_LEN]
                  [--label_len LABEL_LEN] [--pred_len PRED_LEN]
                  [--seasonal_patterns SEASONAL_PATTERNS] [--inverse]
                  [--seg_len SEG_LEN] [--mask_rate MASK_RATE]
                  [--anomaly_ratio ANOMALY_RATIO] [--top_k TOP_K]
                  [--num_kernels NUM_KERNELS] [--enc_in ENC_IN]
                  [--enc_out ENC_OUT] [--dec_in DEC_IN] [--c_out C_OUT]
                  [--d_model D_MODEL] [--n_heads N_HEADS]
                  [--e_layers E_LAYERS] [--d_layers D_LAYERS] [--d_ff D_FF]
                  [--moving_avg MOVING_AVG] [--factor FACTOR] [--distil]
                  [--dropout DROPOUT] [--embed EMBED]
                  [--activation ACTIVATION] [--output_attention]
                  [--num_workers NUM_WORKERS] [--itr ITR]
                  [--train_epochs TRAIN_EPOCHS] [--batch_size BATCH_SIZE]
                  [--patience PATIENCE] [--learning_rate LEARNING_RATE]
                  [--des DES] [--loss LOSS] [--temp TEMP] [--lradj LRADJ]
                  [--use_amp] [--use_gpu USE_GPU] [--gpu GPU]
                  [--use_multi_gpu] [--devices DEVICES]
                  [--p_hidden_dims P_HIDDEN_DIMS [P_HIDDEN_DIMS ...]]
                  [--p_hidden_layers P_HIDDEN_LAYERS] [--direction DIRECTION]
                  [--channel_independent CHANNEL_INDEPENDENT]
                  [--moe_logits_init MOE_LOGITS_INIT]
run_FFT.py: error: unrecognized arguments: False
