True
2.3.0
True
Args in experiment:
Namespace(activation='gelu', anomaly_ratio=0.25, batch_size=256, c_out=5, channel_independent=1, checkpoints='./checkpoints/', d_ff=512, d_layers=1, d_model=1024, data='DYG_base', data_path='DYG_data_3_sub1.csv', dec_in=5, des='zs', device_ids=[1, 2, 3, 4], devices='1,2,3,4', direction=[1, 1, 2, 0, 0], distil=True, dropout=0.1, e_layers=2, embed='timeF', enc_in=5, enc_out=5, factor=3, features='M', freq='h', gpu=1, inverse=False, is_training=1, itr=1, label_len=48, learning_rate=0.0001, loss='MSE', lradj='type1', mask_rate=0.25, model='HGI_PerHKGNN', model_id='kdd_sub1_192_g3', moe_logits_init='{\n    "0": {0: 5.0, 1: 1.0, 2: -5.0},  \n    "1": {0: 1.0, 1: 5.0, 2: -5.0},  \n    "2": {0: -5.0, 1: 1.0, 2: 5.0},  \n    "3": {0: -5.0, 1: 4.0, 2: 5.0},  \n    "4": {0: -5.0, 1: 4.0, 2: 5.0}\n}', moving_avg=25, n_heads=8, num_kernels=6, num_workers=10, output_attention=False, p_hidden_dims=[128, 128], p_hidden_layers=2, patience=3, pred_len=192, root_path='./data/DYG/KDD', seasonal_patterns='Monthly', seg_len=12, seq_len=96, target='zs', task_name='long_term_forecast', temp=3.0, top_k=5, train_epochs=10, use_amp=True, use_gpu=True, use_multi_gpu=True)
Use GPU: cuda:1
[HyperPearson] Dataset: sub1 | K-Groups: 3 | Hypergraph Built.
>>>>>>>start training : long_term_forecast_kdd_sub1_192_g3_HGI_PerHKGNN_DYG_base_ftM_sl96_ll48_pl192_dm1024_nh8_el2_dl1_df512_fc3_ebtimeF_dtTrue_zs_0>>>>>>>>>>>>>>>>>>>>>>>>>>
DYG_base
原始数据形状: (108051, 6)
Index(['Bacterial Density', 'Viscosity', 'Alcohol Addition', 'Reducing Sugar',
       'Non Reducing Suger'],
      dtype='object')
train 75348
DYG_base
原始数据形状: (108051, 6)
Index(['Bacterial Density', 'Viscosity', 'Alcohol Addition', 'Reducing Sugar',
       'Non Reducing Suger'],
      dtype='object')
val 10615
DYG_base
原始数据形状: (108051, 6)
Index(['Bacterial Density', 'Viscosity', 'Alcohol Addition', 'Reducing Sugar',
       'Non Reducing Suger'],
      dtype='object')
test 21419
	iters: 100, epoch: 1 | loss: 0.5153868
	speed: 0.2418s/iter; left time: 686.8780s
	iters: 200, epoch: 1 | loss: 0.4039254
	speed: 0.1592s/iter; left time: 436.2716s
Epoch: 1 cost time: 61.254154205322266
Epoch: 1, Steps: 294 | Train Loss: 0.5522619 Vali Loss: 0.3416345 Test Loss: 0.3176280
Validation loss decreased (inf --> 0.341634).  Saving model ...
Updating learning rate to 0.0001
	iters: 100, epoch: 2 | loss: 0.4352482
	speed: 2.7580s/iter; left time: 7024.5187s
	iters: 200, epoch: 2 | loss: 0.5028648
	speed: 0.2117s/iter; left time: 518.1366s
Epoch: 2 cost time: 64.20469951629639
Epoch: 2, Steps: 294 | Train Loss: 0.4768404 Vali Loss: 0.3385559 Test Loss: 0.3403470
Validation loss decreased (0.341634 --> 0.338556).  Saving model ...
Updating learning rate to 5e-05
	iters: 100, epoch: 3 | loss: 0.4131021
	speed: 3.8219s/iter; left time: 8610.7924s
	iters: 200, epoch: 3 | loss: 0.6295006
	speed: 0.1604s/iter; left time: 345.4075s
Epoch: 3 cost time: 50.78027009963989
Epoch: 3, Steps: 294 | Train Loss: 0.4540322 Vali Loss: 0.3362877 Test Loss: 0.3399765
Validation loss decreased (0.338556 --> 0.336288).  Saving model ...
Updating learning rate to 2.5e-05
	iters: 100, epoch: 4 | loss: 0.5593585
	speed: 3.6723s/iter; left time: 7194.0860s
	iters: 200, epoch: 4 | loss: 0.3697800
	speed: 0.1633s/iter; left time: 303.6422s
Epoch: 4 cost time: 53.02898454666138
Epoch: 4, Steps: 294 | Train Loss: 0.4410965 Vali Loss: 0.3339382 Test Loss: 0.3368058
Validation loss decreased (0.336288 --> 0.333938).  Saving model ...
Updating learning rate to 1.25e-05
	iters: 100, epoch: 5 | loss: 0.5987904
	speed: 3.7271s/iter; left time: 6205.6556s
	iters: 200, epoch: 5 | loss: 0.4918474
	speed: 0.1592s/iter; left time: 249.1108s
Epoch: 5 cost time: 54.80083608627319
Epoch: 5, Steps: 294 | Train Loss: 0.4317344 Vali Loss: 0.3330799 Test Loss: 0.3324912
Validation loss decreased (0.333938 --> 0.333080).  Saving model ...
Updating learning rate to 6.25e-06
	iters: 100, epoch: 6 | loss: 0.4990476
	speed: 3.3603s/iter; left time: 4606.9103s
	iters: 200, epoch: 6 | loss: 0.3434770
	speed: 0.2050s/iter; left time: 260.6066s
Epoch: 6 cost time: 62.30005931854248
Epoch: 6, Steps: 294 | Train Loss: 0.4251167 Vali Loss: 0.3345133 Test Loss: 0.3508501
EarlyStopping counter: 1 out of 3
Updating learning rate to 3.125e-06
	iters: 100, epoch: 7 | loss: 0.4511440
	speed: 3.1685s/iter; left time: 3412.4826s
	iters: 200, epoch: 7 | loss: 0.4239771
	speed: 0.1601s/iter; left time: 156.3868s
Epoch: 7 cost time: 48.534714460372925
Epoch: 7, Steps: 294 | Train Loss: 0.4218397 Vali Loss: 0.3326771 Test Loss: 0.3427968
Validation loss decreased (0.333080 --> 0.332677).  Saving model ...
Updating learning rate to 1.5625e-06
	iters: 100, epoch: 8 | loss: 0.4314065
	speed: 3.0154s/iter; left time: 2361.0320s
	iters: 200, epoch: 8 | loss: 0.4859281
	speed: 0.2341s/iter; left time: 159.8673s
Epoch: 8 cost time: 72.36749863624573
Epoch: 8, Steps: 294 | Train Loss: 0.4190646 Vali Loss: 0.3328973 Test Loss: 0.3478414
EarlyStopping counter: 1 out of 3
Updating learning rate to 7.8125e-07
	iters: 100, epoch: 9 | loss: 0.4275000
	speed: 6.7619s/iter; left time: 3306.5647s
	iters: 200, epoch: 9 | loss: 0.4105585
	speed: 0.2551s/iter; left time: 99.2172s
Epoch: 9 cost time: 76.31072974205017
Epoch: 9, Steps: 294 | Train Loss: 0.4184232 Vali Loss: 0.3333681 Test Loss: 0.3441997
EarlyStopping counter: 2 out of 3
Updating learning rate to 3.90625e-07
	iters: 100, epoch: 10 | loss: 0.3693529
	speed: 5.9934s/iter; left time: 1168.7199s
	iters: 200, epoch: 10 | loss: 0.3297279
	speed: 0.2662s/iter; left time: 25.2884s
Epoch: 10 cost time: 77.6686749458313
Epoch: 10, Steps: 294 | Train Loss: 0.4179988 Vali Loss: 0.3340822 Test Loss: 0.3439432
EarlyStopping counter: 3 out of 3
Early stopping
Updating learning rate to 1.953125e-07
>>>>>>>testing : long_term_forecast_kdd_sub1_192_g3_HGI_PerHKGNN_DYG_base_ftM_sl96_ll48_pl192_dm1024_nh8_el2_dl1_df512_fc3_ebtimeF_dtTrue_zs_0<<<<<<<<<<<<<<<<<<<<<<<<<<<<<<<<<
DYG_base
原始数据形状: (108051, 6)
Index(['Bacterial Density', 'Viscosity', 'Alcohol Addition', 'Reducing Sugar',
       'Non Reducing Suger'],
      dtype='object')
test 21419
test shape: (21419, 1, 192, 5) (21419, 1, 192, 5)
test shape: (21419, 192, 5) (21419, 192, 5)
mae:0.3512, mse:0.3428
(21419, 192, 5)
(21419, 192, 5)
