True
2.3.0
True
Args in experiment:
Namespace(activation='gelu', anomaly_ratio=0.25, batch_size=256, c_out=5, channel_independent=1, checkpoints='./checkpoints/', d_ff=512, d_layers=1, d_model=1024, data='DYG_base', data_path='DYG_data_3_sub2.csv', dec_in=5, des='v2', device_ids=[2, 3, 4, 5], devices='2,3,4,5', direction=[1, 1, 2, 0, 2], distil=True, dropout=0.1, e_layers=2, embed='timeF', enc_in=5, enc_out=5, factor=3, features='M', freq='h', gpu=2, inverse=False, is_training=1, itr=1, label_len=48, learning_rate=0.0001, loss='MSE', lradj='type1', mask_rate=0.25, model='HGI_PerHKGNN', model_id='kdd_sub2_96_g5', moe_logits_init='{\n    "0": {0: 3.0, 1: 2.0, 2: 5.0},\n    "1": {0: 5.0, 1: 3.0, 2: 1.0},\n    "2": {0: 2.0, 1: 5.0, 2: 3.0}, \n    "3": {0: -5.0, 1: 3.0, 2: 5.0},\n    "4": {0: 5.0, 1: 4.0, 2: -5.0}\n}', moving_avg=25, n_heads=8, num_kernels=6, num_workers=10, output_attention=False, p_hidden_dims=[128, 128], p_hidden_layers=2, patience=3, pred_len=96, root_path='./data/DYG/KDD', seasonal_patterns='Monthly', seg_len=12, seq_len=96, target='v2', task_name='long_term_forecast', temp=5.0, top_k=5, train_epochs=10, use_amp=True, use_gpu=True, use_multi_gpu=True)
Use GPU: cuda:2
[HyperPearson] Dataset: sub2 | K-Groups: 5 | Hypergraph Built.
>>>>>>>start training : long_term_forecast_kdd_sub2_96_g5_HGI_PerHKGNN_DYG_base_ftM_sl96_ll48_pl96_dm1024_nh8_el2_dl1_df512_fc3_ebtimeF_dtTrue_v2_0>>>>>>>>>>>>>>>>>>>>>>>>>>
DYG_base
原始数据形状: (108051, 6)
Index(['Viscosity', 'Chemical Efficiency', 'DO Value', 'pH Online',
       'Air Flow'],
      dtype='object')
train 75444
DYG_base
原始数据形状: (108051, 6)
Index(['Viscosity', 'Chemical Efficiency', 'DO Value', 'pH Online',
       'Air Flow'],
      dtype='object')
val 10711
DYG_base
原始数据形状: (108051, 6)
Index(['Viscosity', 'Chemical Efficiency', 'DO Value', 'pH Online',
       'Air Flow'],
      dtype='object')
test 21515
	iters: 100, epoch: 1 | loss: 0.4566188
	speed: 0.1233s/iter; left time: 350.2013s
	iters: 200, epoch: 1 | loss: 0.3861055
	speed: 0.0942s/iter; left time: 258.3346s
Epoch: 1 cost time: 30.968135595321655
Epoch: 1, Steps: 294 | Train Loss: 0.4599063 Vali Loss: 0.4044818 Test Loss: 3.9371114
Validation loss decreased (inf --> 0.404482).  Saving model ...
Updating learning rate to 0.0001
	iters: 100, epoch: 2 | loss: 0.4317925
	speed: 3.9305s/iter; left time: 10011.0139s
	iters: 200, epoch: 2 | loss: 0.4108464
	speed: 0.1079s/iter; left time: 263.9355s
Epoch: 2 cost time: 33.312663555145264
Epoch: 2, Steps: 294 | Train Loss: 0.3708341 Vali Loss: 0.4008092 Test Loss: 3.9190586
Validation loss decreased (0.404482 --> 0.400809).  Saving model ...
Updating learning rate to 5e-05
	iters: 100, epoch: 3 | loss: 0.3238459
	speed: 3.8945s/iter; left time: 8774.3189s
	iters: 200, epoch: 3 | loss: 0.3310921
	speed: 0.1128s/iter; left time: 242.7631s
Epoch: 3 cost time: 35.73438811302185
Epoch: 3, Steps: 294 | Train Loss: 0.3488907 Vali Loss: 0.3935225 Test Loss: 3.9707191
Validation loss decreased (0.400809 --> 0.393523).  Saving model ...
Updating learning rate to 2.5e-05
	iters: 100, epoch: 4 | loss: 0.3418763
	speed: 3.9650s/iter; left time: 7767.4760s
	iters: 200, epoch: 4 | loss: 0.3385890
	speed: 0.1161s/iter; left time: 215.8441s
Epoch: 4 cost time: 33.14354467391968
Epoch: 4, Steps: 294 | Train Loss: 0.3351995 Vali Loss: 0.3934033 Test Loss: 4.0094113
Validation loss decreased (0.393523 --> 0.393403).  Saving model ...
Updating learning rate to 1.25e-05
	iters: 100, epoch: 5 | loss: 0.3219451
	speed: 3.7994s/iter; left time: 6325.9773s
	iters: 200, epoch: 5 | loss: 0.3034665
	speed: 0.1167s/iter; left time: 182.5984s
Epoch: 5 cost time: 34.988423347473145
Epoch: 5, Steps: 294 | Train Loss: 0.3285482 Vali Loss: 0.4022517 Test Loss: 4.0064740
EarlyStopping counter: 1 out of 3
Updating learning rate to 6.25e-06
	iters: 100, epoch: 6 | loss: 0.3015736
	speed: 3.7691s/iter; left time: 5167.3682s
	iters: 200, epoch: 6 | loss: 0.2785380
	speed: 0.1027s/iter; left time: 130.5584s
Epoch: 6 cost time: 32.276265382766724
Epoch: 6, Steps: 294 | Train Loss: 0.3251247 Vali Loss: 0.3942761 Test Loss: 4.0086942
EarlyStopping counter: 2 out of 3
Updating learning rate to 3.125e-06
	iters: 100, epoch: 7 | loss: 0.3116268
	speed: 3.9075s/iter; left time: 4208.4145s
	iters: 200, epoch: 7 | loss: 0.3974577
	speed: 0.1099s/iter; left time: 107.3846s
Epoch: 7 cost time: 34.916452407836914
Epoch: 7, Steps: 294 | Train Loss: 0.3233980 Vali Loss: 0.3924809 Test Loss: 4.0250721
Validation loss decreased (0.393403 --> 0.392481).  Saving model ...
Updating learning rate to 1.5625e-06
	iters: 100, epoch: 8 | loss: 0.2984107
	speed: 3.8846s/iter; left time: 3041.6282s
	iters: 200, epoch: 8 | loss: 0.3145141
	speed: 0.1216s/iter; left time: 83.0747s
Epoch: 8 cost time: 36.44999933242798
Epoch: 8, Steps: 294 | Train Loss: 0.3221273 Vali Loss: 0.3952011 Test Loss: 4.0253930
EarlyStopping counter: 1 out of 3
Updating learning rate to 7.8125e-07
	iters: 100, epoch: 9 | loss: 0.3062722
	speed: 3.9174s/iter; left time: 1915.6262s
	iters: 200, epoch: 9 | loss: 0.3302200
	speed: 0.1288s/iter; left time: 50.1141s
Epoch: 9 cost time: 37.68873739242554
Epoch: 9, Steps: 294 | Train Loss: 0.3218681 Vali Loss: 0.3947563 Test Loss: 4.0300145
EarlyStopping counter: 2 out of 3
Updating learning rate to 3.90625e-07
	iters: 100, epoch: 10 | loss: 0.3258501
	speed: 4.0836s/iter; left time: 796.3077s
	iters: 200, epoch: 10 | loss: 0.3122120
	speed: 0.1090s/iter; left time: 10.3542s
Epoch: 10 cost time: 35.98217177391052
Epoch: 10, Steps: 294 | Train Loss: 0.3216349 Vali Loss: 0.3955359 Test Loss: 4.0301356
EarlyStopping counter: 3 out of 3
Early stopping
Updating learning rate to 1.953125e-07
>>>>>>>testing : long_term_forecast_kdd_sub2_96_g5_HGI_PerHKGNN_DYG_base_ftM_sl96_ll48_pl96_dm1024_nh8_el2_dl1_df512_fc3_ebtimeF_dtTrue_v2_0<<<<<<<<<<<<<<<<<<<<<<<<<<<<<<<<<
DYG_base
原始数据形状: (108051, 6)
Index(['Viscosity', 'Chemical Efficiency', 'DO Value', 'pH Online',
       'Air Flow'],
      dtype='object')
test 21515
test shape: (21515, 1, 96, 5) (21515, 1, 96, 5)
test shape: (21515, 96, 5) (21515, 96, 5)
mae:0.5146, mse:4.0251
(21515, 96, 5)
(21515, 96, 5)
