True
2.3.0
True
Args in experiment:
Namespace(activation='gelu', anomaly_ratio=0.25, batch_size=256, c_out=5, channel_independent=1, checkpoints='./checkpoints/', d_ff=512, d_layers=1, d_model=1024, data='DYG_base', data_path='DYG_data_3_sub3.csv', dec_in=5, des='Exp', device_ids=[0, 1, 3], devices='0,1,3', direction=[0, 0, 0, 1, 1], distil=True, dropout=0.1, e_layers=2, embed='timeF', enc_in=5, enc_out=5, factor=3, features='M', freq='h', gpu=0, inverse=False, is_training=1, itr=1, label_len=48, learning_rate=0.0001, loss='MSE', lradj='type1', mask_rate=0.25, model='HGI_PerHKGNN', model_id='kdd_sub3_96', moe_logits_init='{\n    "0": {0: 3.0, 1: 5.0, 2: -5.0},\n    "1": {0: 5.0, 1: 1.0, 2: 1.0},  \n    "2": {0: 2.0, 1: 1.0, 2: 5.0},\n    "3": {0: -5.0, 1: 2.0, 2: 5.0},\n    "4": {0: -5.0, 1: 5.0, 2: 2.0}\n}', moving_avg=25, n_heads=8, num_kernels=6, num_workers=10, output_attention=False, p_hidden_dims=[128, 128], p_hidden_layers=2, patience=3, pred_len=96, root_path='./data/DYG/KDD', seasonal_patterns='Monthly', seg_len=12, seq_len=96, target='g1', task_name='long_term_forecast', temp=1.0, top_k=5, train_epochs=10, use_amp=True, use_gpu=True, use_multi_gpu=True)
Use GPU: cuda:0
[HyperPearson] Dataset: sub3 | K-Groups: 1 | Hypergraph Built.
>>>>>>>start training : long_term_forecast_kdd_sub3_96_HGI_PerHKGNN_DYG_base_ftM_sl96_ll48_pl96_dm1024_nh8_el2_dl1_df512_fc3_ebtimeF_dtTrue_Exp_0>>>>>>>>>>>>>>>>>>>>>>>>>>
DYG_base
原始数据形状: (108051, 6)
Index(['Bacterial Density', 'Viscosity', 'Chemical Efficiency', 'pH Online',
       'Total Sugar'],
      dtype='object')
train 75444
DYG_base
原始数据形状: (108051, 6)
Index(['Bacterial Density', 'Viscosity', 'Chemical Efficiency', 'pH Online',
       'Total Sugar'],
      dtype='object')
val 10711
DYG_base
原始数据形状: (108051, 6)
Index(['Bacterial Density', 'Viscosity', 'Chemical Efficiency', 'pH Online',
       'Total Sugar'],
      dtype='object')
test 21515
	iters: 100, epoch: 1 | loss: 0.7718237
	speed: 0.2771s/iter; left time: 787.1534s
	iters: 200, epoch: 1 | loss: 0.6551188
	speed: 0.2338s/iter; left time: 640.7451s
Epoch: 1 cost time: 67.28531527519226
Epoch: 1, Steps: 294 | Train Loss: 0.5586703 Vali Loss: 0.3078588 Test Loss: 4.0984898
Validation loss decreased (inf --> 0.307859).  Saving model ...
Updating learning rate to 0.0001
	iters: 100, epoch: 2 | loss: 0.5593599
	speed: 4.3588s/iter; left time: 11101.7655s
	iters: 200, epoch: 2 | loss: 0.5999637
	speed: 0.2632s/iter; left time: 644.1187s
Epoch: 2 cost time: 78.52896356582642
Epoch: 2, Steps: 294 | Train Loss: 0.4758030 Vali Loss: 0.2991206 Test Loss: 4.0166225
Validation loss decreased (0.307859 --> 0.299121).  Saving model ...
Updating learning rate to 5e-05
	iters: 100, epoch: 3 | loss: 0.4362295
	speed: 5.3951s/iter; left time: 12155.1987s
	iters: 200, epoch: 3 | loss: 0.2750086
	speed: 0.1396s/iter; left time: 300.4719s
Epoch: 3 cost time: 42.789395332336426
Epoch: 3, Steps: 294 | Train Loss: 0.4449610 Vali Loss: 0.2977788 Test Loss: 4.1832967
Validation loss decreased (0.299121 --> 0.297779).  Saving model ...
Updating learning rate to 2.5e-05
	iters: 100, epoch: 4 | loss: 0.5274251
	speed: 4.4415s/iter; left time: 8700.8585s
	iters: 200, epoch: 4 | loss: 0.4217425
	speed: 0.1821s/iter; left time: 338.5733s
Epoch: 4 cost time: 53.28771901130676
Epoch: 4, Steps: 294 | Train Loss: 0.4231363 Vali Loss: 0.2962956 Test Loss: 4.1488023
Validation loss decreased (0.297779 --> 0.296296).  Saving model ...
Updating learning rate to 1.25e-05
	iters: 100, epoch: 5 | loss: 0.3049429
	speed: 3.9972s/iter; left time: 6655.4105s
	iters: 200, epoch: 5 | loss: 0.3373295
	speed: 0.1800s/iter; left time: 281.6625s
Epoch: 5 cost time: 52.18672466278076
Epoch: 5, Steps: 294 | Train Loss: 0.3996689 Vali Loss: 0.3026624 Test Loss: 4.2602272
EarlyStopping counter: 1 out of 3
Updating learning rate to 6.25e-06
	iters: 100, epoch: 6 | loss: 0.4591869
	speed: 4.0042s/iter; left time: 5489.7512s
	iters: 200, epoch: 6 | loss: 0.3278304
	speed: 0.1367s/iter; left time: 173.7566s
Epoch: 6 cost time: 41.65261197090149
Epoch: 6, Steps: 294 | Train Loss: 0.3877935 Vali Loss: 0.2986562 Test Loss: 4.2660165
EarlyStopping counter: 2 out of 3
Updating learning rate to 3.125e-06
	iters: 100, epoch: 7 | loss: 0.2238390
	speed: 4.0573s/iter; left time: 4369.7389s
	iters: 200, epoch: 7 | loss: 0.4281574
	speed: 0.1444s/iter; left time: 141.0652s
Epoch: 7 cost time: 47.46406292915344
Epoch: 7, Steps: 294 | Train Loss: 0.3809199 Vali Loss: 0.2967327 Test Loss: 4.2972584
EarlyStopping counter: 3 out of 3
Early stopping
Updating learning rate to 1.5625e-06
	iters: 100, epoch: 8 | loss: 0.4407966
	speed: 3.4913s/iter; left time: 2733.6719s
	iters: 200, epoch: 8 | loss: 0.2697089
	speed: 0.1447s/iter; left time: 98.8606s
Epoch: 8 cost time: 44.05238103866577
Epoch: 8, Steps: 294 | Train Loss: 0.3781356 Vali Loss: 0.2987869 Test Loss: 4.2960687
EarlyStopping counter: 4 out of 3
Early stopping
Updating learning rate to 7.8125e-07
	iters: 100, epoch: 9 | loss: 0.3793817
	speed: 3.4554s/iter; left time: 1689.7071s
	iters: 200, epoch: 9 | loss: 0.3797640
	speed: 0.1663s/iter; left time: 64.6911s
Epoch: 9 cost time: 49.88344740867615
Epoch: 9, Steps: 294 | Train Loss: 0.3772442 Vali Loss: 0.2985568 Test Loss: 4.3094058
EarlyStopping counter: 5 out of 3
Early stopping
Updating learning rate to 3.90625e-07
	iters: 100, epoch: 10 | loss: 0.3708349
	speed: 3.6249s/iter; left time: 706.8589s
	iters: 200, epoch: 10 | loss: 0.6155771
	speed: 0.1287s/iter; left time: 12.2226s
Epoch: 10 cost time: 39.15920114517212
Epoch: 10, Steps: 294 | Train Loss: 0.3763330 Vali Loss: 0.2991971 Test Loss: 4.3111653
EarlyStopping counter: 6 out of 3
Early stopping
Updating learning rate to 1.953125e-07
>>>>>>>testing : long_term_forecast_kdd_sub3_96_HGI_PerHKGNN_DYG_base_ftM_sl96_ll48_pl96_dm1024_nh8_el2_dl1_df512_fc3_ebtimeF_dtTrue_Exp_0<<<<<<<<<<<<<<<<<<<<<<<<<<<<<<<<<
DYG_base
原始数据形状: (108051, 6)
Index(['Bacterial Density', 'Viscosity', 'Chemical Efficiency', 'pH Online',
       'Total Sugar'],
      dtype='object')
test 21515
test shape: (21515, 1, 96, 5) (21515, 1, 96, 5)
test shape: (21515, 96, 5) (21515, 96, 5)
mae:0.4651, mse:4.1488
(21515, 96, 5)
(21515, 96, 5)
