True
2.3.0
True
Args in experiment:
Namespace(activation='gelu', anomaly_ratio=0.25, batch_size=256, c_out=5, channel_independent=1, checkpoints='./checkpoints/', d_ff=512, d_layers=1, d_model=1024, data='DYG_base', data_path='DYG_data_3_sub3.csv', dec_in=5, des='v2', device_ids=[2, 3, 4, 5], devices='2,3,4,5', direction=[0, 0, 0, 1, 1], distil=True, dropout=0.1, e_layers=2, embed='timeF', enc_in=5, enc_out=5, factor=3, features='M', freq='h', gpu=2, inverse=False, is_training=1, itr=1, label_len=48, learning_rate=0.0001, loss='MSE', lradj='type1', mask_rate=0.25, model='HGI_PerHKGNN', model_id='kdd_sub3_96_g2', moe_logits_init='{\n    "0": {0: 3.0, 1: 5.0, 2: -5.0},\n    "1": {0: 5.0, 1: 1.0, 2: 1.0},  \n    "2": {0: 2.0, 1: 1.0, 2: 5.0},\n    "3": {0: -5.0, 1: 2.0, 2: 5.0},\n    "4": {0: -5.0, 1: 5.0, 2: 2.0}\n}', moving_avg=25, n_heads=8, num_kernels=6, num_workers=10, output_attention=False, p_hidden_dims=[128, 128], p_hidden_layers=2, patience=3, pred_len=96, root_path='./data/DYG/KDD', seasonal_patterns='Monthly', seg_len=12, seq_len=96, target='v2', task_name='long_term_forecast', temp=2.0, top_k=5, train_epochs=10, use_amp=True, use_gpu=True, use_multi_gpu=True)
Use GPU: cuda:2
[HyperPearson] Dataset: sub3 | K-Groups: 2 | Hypergraph Built.
>>>>>>>start training : long_term_forecast_kdd_sub3_96_g2_HGI_PerHKGNN_DYG_base_ftM_sl96_ll48_pl96_dm1024_nh8_el2_dl1_df512_fc3_ebtimeF_dtTrue_v2_0>>>>>>>>>>>>>>>>>>>>>>>>>>
DYG_base
原始数据形状: (108051, 6)
Index(['Bacterial Density', 'Viscosity', 'Chemical Efficiency', 'pH Online',
       'Total Sugar'],
      dtype='object')
train 75444
DYG_base
原始数据形状: (108051, 6)
Index(['Bacterial Density', 'Viscosity', 'Chemical Efficiency', 'pH Online',
       'Total Sugar'],
      dtype='object')
val 10711
DYG_base
原始数据形状: (108051, 6)
Index(['Bacterial Density', 'Viscosity', 'Chemical Efficiency', 'pH Online',
       'Total Sugar'],
      dtype='object')
test 21515
	iters: 100, epoch: 1 | loss: 0.7548110
	speed: 0.1093s/iter; left time: 310.4815s
	iters: 200, epoch: 1 | loss: 0.6499397
	speed: 0.0744s/iter; left time: 203.8213s
Epoch: 1 cost time: 25.983447790145874
Epoch: 1, Steps: 294 | Train Loss: 0.5550595 Vali Loss: 0.3116960 Test Loss: 3.9169576
Validation loss decreased (inf --> 0.311696).  Saving model ...
Updating learning rate to 0.0001
	iters: 100, epoch: 2 | loss: 0.5556698
	speed: 3.2088s/iter; left time: 8172.6966s
	iters: 200, epoch: 2 | loss: 0.5974429
	speed: 0.1017s/iter; left time: 248.8426s
Epoch: 2 cost time: 31.43284583091736
Epoch: 2, Steps: 294 | Train Loss: 0.4733999 Vali Loss: 0.3049542 Test Loss: 3.8393576
Validation loss decreased (0.311696 --> 0.304954).  Saving model ...
Updating learning rate to 5e-05
	iters: 100, epoch: 3 | loss: 0.4382698
	speed: 3.0249s/iter; left time: 6815.0119s
	iters: 200, epoch: 3 | loss: 0.2754361
	speed: 0.0854s/iter; left time: 183.9352s
Epoch: 3 cost time: 27.766337633132935
Epoch: 3, Steps: 294 | Train Loss: 0.4384391 Vali Loss: 0.3027811 Test Loss: 3.9187267
Validation loss decreased (0.304954 --> 0.302781).  Saving model ...
Updating learning rate to 2.5e-05
	iters: 100, epoch: 4 | loss: 0.5346388
	speed: 2.9836s/iter; left time: 5844.8382s
	iters: 200, epoch: 4 | loss: 0.3576755
	speed: 0.0954s/iter; left time: 177.3576s
Epoch: 4 cost time: 28.644322156906128
Epoch: 4, Steps: 294 | Train Loss: 0.4031350 Vali Loss: 0.2979455 Test Loss: 3.9663019
Validation loss decreased (0.302781 --> 0.297946).  Saving model ...
Updating learning rate to 1.25e-05
	iters: 100, epoch: 5 | loss: 0.3041721
	speed: 2.8688s/iter; left time: 4776.5088s
	iters: 200, epoch: 5 | loss: 0.3359452
	speed: 0.0865s/iter; left time: 135.3744s
Epoch: 5 cost time: 26.148422241210938
Epoch: 5, Steps: 294 | Train Loss: 0.3851488 Vali Loss: 0.3051046 Test Loss: 3.9241862
EarlyStopping counter: 1 out of 3
Updating learning rate to 6.25e-06
	iters: 100, epoch: 6 | loss: 0.4592245
	speed: 2.8469s/iter; left time: 3903.1406s
	iters: 200, epoch: 6 | loss: 0.3178374
	speed: 0.0834s/iter; left time: 106.0443s
Epoch: 6 cost time: 25.061891794204712
Epoch: 6, Steps: 294 | Train Loss: 0.3771351 Vali Loss: 0.2982200 Test Loss: 3.9543426
EarlyStopping counter: 2 out of 3
Updating learning rate to 3.125e-06
	iters: 100, epoch: 7 | loss: 0.2217316
	speed: 3.0659s/iter; left time: 3302.0272s
	iters: 200, epoch: 7 | loss: 0.4073997
	speed: 0.0985s/iter; left time: 96.2570s
Epoch: 7 cost time: 30.7257297039032
Epoch: 7, Steps: 294 | Train Loss: 0.3717537 Vali Loss: 0.2965249 Test Loss: 4.0184770
Validation loss decreased (0.297946 --> 0.296525).  Saving model ...
Updating learning rate to 1.5625e-06
	iters: 100, epoch: 8 | loss: 0.4730121
	speed: 3.3387s/iter; left time: 2614.2328s
	iters: 200, epoch: 8 | loss: 0.2732074
	speed: 0.1114s/iter; left time: 76.0689s
Epoch: 8 cost time: 34.39338040351868
Epoch: 8, Steps: 294 | Train Loss: 0.3685418 Vali Loss: 0.2983975 Test Loss: 4.0200849
EarlyStopping counter: 1 out of 3
Updating learning rate to 7.8125e-07
	iters: 100, epoch: 9 | loss: 0.2844314
	speed: 3.3178s/iter; left time: 1622.3939s
	iters: 200, epoch: 9 | loss: 0.3704115
	speed: 0.0955s/iter; left time: 37.1533s
Epoch: 9 cost time: 29.255024909973145
Epoch: 9, Steps: 294 | Train Loss: 0.3665268 Vali Loss: 0.2984178 Test Loss: 4.0378952
EarlyStopping counter: 2 out of 3
Updating learning rate to 3.90625e-07
	iters: 100, epoch: 10 | loss: 0.3653037
	speed: 3.1246s/iter; left time: 609.2967s
	iters: 200, epoch: 10 | loss: 0.6470615
	speed: 0.0949s/iter; left time: 9.0180s
Epoch: 10 cost time: 29.65738844871521
Epoch: 10, Steps: 294 | Train Loss: 0.3658544 Vali Loss: 0.2991404 Test Loss: 4.0379472
EarlyStopping counter: 3 out of 3
Early stopping
Updating learning rate to 1.953125e-07
>>>>>>>testing : long_term_forecast_kdd_sub3_96_g2_HGI_PerHKGNN_DYG_base_ftM_sl96_ll48_pl96_dm1024_nh8_el2_dl1_df512_fc3_ebtimeF_dtTrue_v2_0<<<<<<<<<<<<<<<<<<<<<<<<<<<<<<<<<
DYG_base
原始数据形状: (108051, 6)
Index(['Bacterial Density', 'Viscosity', 'Chemical Efficiency', 'pH Online',
       'Total Sugar'],
      dtype='object')
test 21515
test shape: (21515, 1, 96, 5) (21515, 1, 96, 5)
test shape: (21515, 96, 5) (21515, 96, 5)
mae:0.4690, mse:4.0185
(21515, 96, 5)
(21515, 96, 5)
