True
2.3.0
True
Args in experiment:
Namespace(activation='gelu', anomaly_ratio=0.25, batch_size=256, c_out=5, channel_independent=1, checkpoints='./checkpoints/', d_ff=512, d_layers=1, d_model=1024, data='DYG_base', data_path='DYG_data_3_sub2.csv', dec_in=5, des='v2', device_ids=[2, 3, 4, 5], devices='2,3,4,5', direction=[1, 1, 2, 0, 2], distil=True, dropout=0.1, e_layers=2, embed='timeF', enc_in=5, enc_out=5, factor=3, features='M', freq='h', gpu=2, inverse=False, is_training=1, itr=1, label_len=48, learning_rate=0.0001, loss='MSE', lradj='type1', mask_rate=0.25, model='HGI_PerHKGNN', model_id='kdd_sub2_720_g5', moe_logits_init='{\n    "0": {0: 3.0, 1: 2.0, 2: 5.0},\n    "1": {0: 5.0, 1: 3.0, 2: 1.0},\n    "2": {0: 2.0, 1: 5.0, 2: 3.0}, \n    "3": {0: -5.0, 1: 3.0, 2: 5.0},\n    "4": {0: 5.0, 1: 4.0, 2: -5.0}\n}', moving_avg=25, n_heads=8, num_kernels=6, num_workers=10, output_attention=False, p_hidden_dims=[128, 128], p_hidden_layers=2, patience=3, pred_len=720, root_path='./data/DYG/KDD', seasonal_patterns='Monthly', seg_len=12, seq_len=96, target='v2', task_name='long_term_forecast', temp=5.0, top_k=5, train_epochs=10, use_amp=True, use_gpu=True, use_multi_gpu=True)
Use GPU: cuda:2
[HyperPearson] Dataset: sub2 | K-Groups: 5 | Hypergraph Built.
>>>>>>>start training : long_term_forecast_kdd_sub2_720_g5_HGI_PerHKGNN_DYG_base_ftM_sl96_ll48_pl720_dm1024_nh8_el2_dl1_df512_fc3_ebtimeF_dtTrue_v2_0>>>>>>>>>>>>>>>>>>>>>>>>>>
DYG_base
原始数据形状: (108051, 6)
Index(['Viscosity', 'Chemical Efficiency', 'DO Value', 'pH Online',
       'Air Flow'],
      dtype='object')
train 74820
DYG_base
原始数据形状: (108051, 6)
Index(['Viscosity', 'Chemical Efficiency', 'DO Value', 'pH Online',
       'Air Flow'],
      dtype='object')
val 10087
DYG_base
原始数据形状: (108051, 6)
Index(['Viscosity', 'Chemical Efficiency', 'DO Value', 'pH Online',
       'Air Flow'],
      dtype='object')
test 20891
	iters: 100, epoch: 1 | loss: 0.6851984
	speed: 0.2918s/iter; left time: 823.1752s
	iters: 200, epoch: 1 | loss: 0.7163943
	speed: 0.2328s/iter; left time: 633.4956s
Epoch: 1 cost time: 73.45679068565369
Epoch: 1, Steps: 292 | Train Loss: 0.7073889 Vali Loss: 0.6824412 Test Loss: 4.6830139
Validation loss decreased (inf --> 0.682441).  Saving model ...
Updating learning rate to 0.0001
	iters: 100, epoch: 2 | loss: 0.6679806
	speed: 6.1867s/iter; left time: 15646.1742s
	iters: 200, epoch: 2 | loss: 0.5758719
	speed: 0.2380s/iter; left time: 578.1945s
Epoch: 2 cost time: 69.35843324661255
Epoch: 2, Steps: 292 | Train Loss: 0.6233368 Vali Loss: 0.6901612 Test Loss: 4.7040696
EarlyStopping counter: 1 out of 3
Updating learning rate to 5e-05
	iters: 100, epoch: 3 | loss: 0.5825114
	speed: 5.6671s/iter; left time: 12677.3452s
	iters: 200, epoch: 3 | loss: 0.6111730
	speed: 0.2241s/iter; left time: 478.8697s
Epoch: 3 cost time: 68.18602728843689
Epoch: 3, Steps: 292 | Train Loss: 0.6022688 Vali Loss: 0.6903187 Test Loss: 4.7120357
EarlyStopping counter: 2 out of 3
Updating learning rate to 2.5e-05
	iters: 100, epoch: 4 | loss: 0.5862407
	speed: 5.8107s/iter; left time: 11301.7894s
	iters: 200, epoch: 4 | loss: 0.5827265
	speed: 0.2337s/iter; left time: 431.1172s
Epoch: 4 cost time: 70.24432635307312
Epoch: 4, Steps: 292 | Train Loss: 0.5905630 Vali Loss: 0.6934979 Test Loss: 4.7419686
EarlyStopping counter: 3 out of 3
Early stopping
Updating learning rate to 1.25e-05
	iters: 100, epoch: 5 | loss: 0.5700359
	speed: 5.6860s/iter; left time: 9398.9105s
	iters: 200, epoch: 5 | loss: 0.6080949
	speed: 0.2476s/iter; left time: 384.4608s
Epoch: 5 cost time: 74.74419689178467
Epoch: 5, Steps: 292 | Train Loss: 0.5824711 Vali Loss: 0.6922646 Test Loss: 4.7691298
EarlyStopping counter: 4 out of 3
Early stopping
Updating learning rate to 6.25e-06
	iters: 100, epoch: 6 | loss: 0.5656480
	speed: 6.0815s/iter; left time: 8276.8913s
	iters: 200, epoch: 6 | loss: 0.5350600
	speed: 0.2462s/iter; left time: 310.5182s
Epoch: 6 cost time: 71.34221982955933
Epoch: 6, Steps: 292 | Train Loss: 0.5774325 Vali Loss: 0.6941297 Test Loss: 4.7785993
EarlyStopping counter: 5 out of 3
Early stopping
Updating learning rate to 3.125e-06
	iters: 100, epoch: 7 | loss: 0.5533773
	speed: 5.6799s/iter; left time: 6071.8441s
	iters: 200, epoch: 7 | loss: 0.5502715
	speed: 0.2300s/iter; left time: 222.8274s
Epoch: 7 cost time: 69.53793787956238
Epoch: 7, Steps: 292 | Train Loss: 0.5746441 Vali Loss: 0.6942468 Test Loss: 4.7799029
EarlyStopping counter: 6 out of 3
Early stopping
Updating learning rate to 1.5625e-06
	iters: 100, epoch: 8 | loss: 0.5897849
	speed: 5.5518s/iter; left time: 4313.7371s
	iters: 200, epoch: 8 | loss: 0.6057222
	speed: 0.2168s/iter; left time: 146.7852s
Epoch: 8 cost time: 66.1879780292511
Epoch: 8, Steps: 292 | Train Loss: 0.5732537 Vali Loss: 0.6959023 Test Loss: 4.7863250
EarlyStopping counter: 7 out of 3
Early stopping
Updating learning rate to 7.8125e-07
	iters: 100, epoch: 9 | loss: 0.5361665
	speed: 4.0510s/iter; left time: 1964.7323s
	iters: 200, epoch: 9 | loss: 0.5406439
	speed: 0.1720s/iter; left time: 66.2067s
Epoch: 9 cost time: 52.10722041130066
Epoch: 9, Steps: 292 | Train Loss: 0.5725472 Vali Loss: 0.6958182 Test Loss: 4.7886519
EarlyStopping counter: 8 out of 3
Early stopping
Updating learning rate to 3.90625e-07
	iters: 100, epoch: 10 | loss: 0.6233048
	speed: 2.8935s/iter; left time: 558.4394s
	iters: 200, epoch: 10 | loss: 0.5734878
	speed: 0.1809s/iter; left time: 16.8237s
Epoch: 10 cost time: 53.84986996650696
Epoch: 10, Steps: 292 | Train Loss: 0.5720127 Vali Loss: 0.6966868 Test Loss: 4.7880335
EarlyStopping counter: 9 out of 3
Early stopping
Updating learning rate to 1.953125e-07
>>>>>>>testing : long_term_forecast_kdd_sub2_720_g5_HGI_PerHKGNN_DYG_base_ftM_sl96_ll48_pl720_dm1024_nh8_el2_dl1_df512_fc3_ebtimeF_dtTrue_v2_0<<<<<<<<<<<<<<<<<<<<<<<<<<<<<<<<<
DYG_base
原始数据形状: (108051, 6)
Index(['Viscosity', 'Chemical Efficiency', 'DO Value', 'pH Online',
       'Air Flow'],
      dtype='object')
test 20891
test shape: (20891, 1, 720, 5) (20891, 1, 720, 5)
test shape: (20891, 720, 5) (20891, 720, 5)
mae:0.6458, mse:4.6830
(20891, 720, 5)
(20891, 720, 5)
