True
2.3.0
True
Args in experiment:
Namespace(activation='gelu', anomaly_ratio=0.25, batch_size=256, c_out=5, channel_independent=1, checkpoints='./checkpoints/', d_ff=512, d_layers=1, d_model=1024, data='DYG_base', data_path='DYG_data_3_sub3.csv', dec_in=5, des='Exp', device_ids=[0, 1, 3], devices='0,1,3', direction=[0, 0, 0, 1, 1], distil=True, dropout=0.1, e_layers=2, embed='timeF', enc_in=5, enc_out=5, factor=3, features='M', freq='h', gpu=0, inverse=False, is_training=1, itr=1, label_len=48, learning_rate=0.0001, loss='MSE', lradj='type1', mask_rate=0.25, model='HGI_PerHKGNN', model_id='kdd_sub3_192', moe_logits_init='{\n    "0": {0: 3.0, 1: 5.0, 2: -5.0},\n    "1": {0: 5.0, 1: 1.0, 2: 1.0},  \n    "2": {0: 2.0, 1: 1.0, 2: 5.0},\n    "3": {0: -5.0, 1: 2.0, 2: 5.0},\n    "4": {0: -5.0, 1: 5.0, 2: 2.0}\n}', moving_avg=25, n_heads=8, num_kernels=6, num_workers=10, output_attention=False, p_hidden_dims=[128, 128], p_hidden_layers=2, patience=3, pred_len=192, root_path='./data/DYG/KDD', seasonal_patterns='Monthly', seg_len=12, seq_len=96, target='g1', task_name='long_term_forecast', temp=1.0, top_k=5, train_epochs=10, use_amp=True, use_gpu=True, use_multi_gpu=True)
Use GPU: cuda:0
[HyperPearson] Dataset: sub3 | K-Groups: 1 | Hypergraph Built.
>>>>>>>start training : long_term_forecast_kdd_sub3_192_HGI_PerHKGNN_DYG_base_ftM_sl96_ll48_pl192_dm1024_nh8_el2_dl1_df512_fc3_ebtimeF_dtTrue_Exp_0>>>>>>>>>>>>>>>>>>>>>>>>>>
DYG_base
原始数据形状: (108051, 6)
Index(['Bacterial Density', 'Viscosity', 'Chemical Efficiency', 'pH Online',
       'Total Sugar'],
      dtype='object')
train 75348
DYG_base
原始数据形状: (108051, 6)
Index(['Bacterial Density', 'Viscosity', 'Chemical Efficiency', 'pH Online',
       'Total Sugar'],
      dtype='object')
val 10615
DYG_base
原始数据形状: (108051, 6)
Index(['Bacterial Density', 'Viscosity', 'Chemical Efficiency', 'pH Online',
       'Total Sugar'],
      dtype='object')
test 21419
	iters: 100, epoch: 1 | loss: 0.6124173
	speed: 0.2139s/iter; left time: 607.6776s
	iters: 200, epoch: 1 | loss: 0.6112241
	speed: 0.1557s/iter; left time: 426.7699s
Epoch: 1 cost time: 51.682278633117676
Epoch: 1, Steps: 294 | Train Loss: 0.6147169 Vali Loss: 0.3678917 Test Loss: 4.2272191
Validation loss decreased (inf --> 0.367892).  Saving model ...
Updating learning rate to 0.0001
	iters: 100, epoch: 2 | loss: 0.4573071
	speed: 7.6908s/iter; left time: 19588.3711s
	iters: 200, epoch: 2 | loss: 0.5651932
	speed: 0.1612s/iter; left time: 394.4952s
Epoch: 2 cost time: 48.83068823814392
Epoch: 2, Steps: 294 | Train Loss: 0.5344844 Vali Loss: 0.3634943 Test Loss: 4.2290921
Validation loss decreased (0.367892 --> 0.363494).  Saving model ...
Updating learning rate to 5e-05
	iters: 100, epoch: 3 | loss: 0.4273230
	speed: 7.8080s/iter; left time: 17591.5293s
	iters: 200, epoch: 3 | loss: 0.6716983
	speed: 0.1674s/iter; left time: 360.4883s
Epoch: 3 cost time: 55.452494382858276
Epoch: 3, Steps: 294 | Train Loss: 0.5102554 Vali Loss: 0.3614857 Test Loss: 4.2704482
Validation loss decreased (0.363494 --> 0.361486).  Saving model ...
Updating learning rate to 2.5e-05
	iters: 100, epoch: 4 | loss: 0.5970359
	speed: 9.6730s/iter; left time: 18949.4474s
	iters: 200, epoch: 4 | loss: 0.3937717
	speed: 0.1820s/iter; left time: 338.3501s
Epoch: 4 cost time: 57.046985387802124
Epoch: 4, Steps: 294 | Train Loss: 0.4929463 Vali Loss: 0.3557751 Test Loss: 4.3544183
Validation loss decreased (0.361486 --> 0.355775).  Saving model ...
Updating learning rate to 1.25e-05
	iters: 100, epoch: 5 | loss: 0.6151551
	speed: 11.5507s/iter; left time: 19231.8775s
	iters: 200, epoch: 5 | loss: 0.5657504
	speed: 0.2316s/iter; left time: 362.4204s
Epoch: 5 cost time: 67.9695463180542
Epoch: 5, Steps: 294 | Train Loss: 0.4792502 Vali Loss: 0.3565678 Test Loss: 4.3703995
EarlyStopping counter: 1 out of 3
Updating learning rate to 6.25e-06
	iters: 100, epoch: 6 | loss: 0.5226994
	speed: 8.6809s/iter; left time: 11901.5813s
	iters: 200, epoch: 6 | loss: 0.4301918
	speed: 0.2232s/iter; left time: 283.6441s
Epoch: 6 cost time: 69.5087468624115
Epoch: 6, Steps: 294 | Train Loss: 0.4702203 Vali Loss: 0.3612686 Test Loss: 4.4221783
EarlyStopping counter: 2 out of 3
Updating learning rate to 3.125e-06
	iters: 100, epoch: 7 | loss: 0.4885279
	speed: 8.0821s/iter; left time: 8704.4675s
	iters: 200, epoch: 7 | loss: 0.4818904
	speed: 0.2201s/iter; left time: 215.0093s
Epoch: 7 cost time: 65.8476722240448
Epoch: 7, Steps: 294 | Train Loss: 0.4655134 Vali Loss: 0.3591458 Test Loss: 4.4139795
EarlyStopping counter: 3 out of 3
Early stopping
Updating learning rate to 1.5625e-06
	iters: 100, epoch: 8 | loss: 0.4412507
	speed: 8.9009s/iter; left time: 6969.4321s
	iters: 200, epoch: 8 | loss: 0.5092075
	speed: 0.2099s/iter; left time: 143.3806s
Epoch: 8 cost time: 64.17707228660583
Epoch: 8, Steps: 294 | Train Loss: 0.4622063 Vali Loss: 0.3615056 Test Loss: 4.4286766
EarlyStopping counter: 4 out of 3
Early stopping
Updating learning rate to 7.8125e-07
	iters: 100, epoch: 9 | loss: 0.4688747
	speed: 7.2695s/iter; left time: 3554.7628s
	iters: 200, epoch: 9 | loss: 0.4348986
	speed: 0.2239s/iter; left time: 87.1076s
Epoch: 9 cost time: 68.01796579360962
Epoch: 9, Steps: 294 | Train Loss: 0.4608395 Vali Loss: 0.3610744 Test Loss: 4.4286671
EarlyStopping counter: 5 out of 3
Early stopping
Updating learning rate to 3.90625e-07
	iters: 100, epoch: 10 | loss: 0.3981802
	speed: 8.5163s/iter; left time: 1660.6811s
	iters: 200, epoch: 10 | loss: 0.3546225
	speed: 0.2220s/iter; left time: 21.0871s
Epoch: 10 cost time: 68.61137390136719
Epoch: 10, Steps: 294 | Train Loss: 0.4601205 Vali Loss: 0.3615299 Test Loss: 4.4293003
EarlyStopping counter: 6 out of 3
Early stopping
Updating learning rate to 1.953125e-07
>>>>>>>testing : long_term_forecast_kdd_sub3_192_HGI_PerHKGNN_DYG_base_ftM_sl96_ll48_pl192_dm1024_nh8_el2_dl1_df512_fc3_ebtimeF_dtTrue_Exp_0<<<<<<<<<<<<<<<<<<<<<<<<<<<<<<<<<
DYG_base
原始数据形状: (108051, 6)
Index(['Bacterial Density', 'Viscosity', 'Chemical Efficiency', 'pH Online',
       'Total Sugar'],
      dtype='object')
test 21419
test shape: (21419, 1, 192, 5) (21419, 1, 192, 5)
test shape: (21419, 192, 5) (21419, 192, 5)
mae:0.5129, mse:4.3544
(21419, 192, 5)
(21419, 192, 5)
