True
2.3.0
True
Args in experiment:
Namespace(activation='gelu', anomaly_ratio=0.25, batch_size=256, c_out=5, channel_independent=1, checkpoints='./checkpoints/', d_ff=512, d_layers=1, d_model=1024, data='DYG_base', data_path='DYG_data_3_sub3.csv', dec_in=5, des='Exp', device_ids=[0, 1, 3], devices='0,1,3', direction=[0, 0, 0, 1, 1], distil=True, dropout=0.1, e_layers=2, embed='timeF', enc_in=5, enc_out=5, factor=3, features='M', freq='h', gpu=0, inverse=False, is_training=1, itr=1, label_len=48, learning_rate=0.0001, loss='MSE', lradj='type1', mask_rate=0.25, model='HGI_PerHKGNN', model_id='kdd_sub3_336', moe_logits_init='{\n    "0": {0: 3.0, 1: 5.0, 2: -5.0},\n    "1": {0: 5.0, 1: 1.0, 2: 1.0},  \n    "2": {0: 2.0, 1: 1.0, 2: 5.0},\n    "3": {0: -5.0, 1: 2.0, 2: 5.0},\n    "4": {0: -5.0, 1: 5.0, 2: 2.0}\n}', moving_avg=25, n_heads=8, num_kernels=6, num_workers=10, output_attention=False, p_hidden_dims=[128, 128], p_hidden_layers=2, patience=3, pred_len=336, root_path='./data/DYG/KDD', seasonal_patterns='Monthly', seg_len=12, seq_len=96, target='g1', task_name='long_term_forecast', temp=1.0, top_k=5, train_epochs=10, use_amp=True, use_gpu=True, use_multi_gpu=True)
Use GPU: cuda:0
[HyperPearson] Dataset: sub3 | K-Groups: 1 | Hypergraph Built.
>>>>>>>start training : long_term_forecast_kdd_sub3_336_HGI_PerHKGNN_DYG_base_ftM_sl96_ll48_pl336_dm1024_nh8_el2_dl1_df512_fc3_ebtimeF_dtTrue_Exp_0>>>>>>>>>>>>>>>>>>>>>>>>>>
DYG_base
原始数据形状: (108051, 6)
Index(['Bacterial Density', 'Viscosity', 'Chemical Efficiency', 'pH Online',
       'Total Sugar'],
      dtype='object')
train 75204
DYG_base
原始数据形状: (108051, 6)
Index(['Bacterial Density', 'Viscosity', 'Chemical Efficiency', 'pH Online',
       'Total Sugar'],
      dtype='object')
val 10471
DYG_base
原始数据形状: (108051, 6)
Index(['Bacterial Density', 'Viscosity', 'Chemical Efficiency', 'pH Online',
       'Total Sugar'],
      dtype='object')
test 21275
	iters: 100, epoch: 1 | loss: 0.4750614
	speed: 0.2918s/iter; left time: 826.1678s
	iters: 200, epoch: 1 | loss: 0.6771259
	speed: 0.2784s/iter; left time: 760.3110s
Epoch: 1 cost time: 81.7252049446106
Epoch: 1, Steps: 293 | Train Loss: 0.6652248 Vali Loss: 0.4283938 Test Loss: 4.3382368
Validation loss decreased (inf --> 0.428394).  Saving model ...
Updating learning rate to 0.0001
	iters: 100, epoch: 2 | loss: 0.6321024
	speed: 6.0175s/iter; left time: 15272.3520s
	iters: 200, epoch: 2 | loss: 0.6217205
	speed: 0.2387s/iter; left time: 581.9017s
Epoch: 2 cost time: 73.2132465839386
Epoch: 2, Steps: 293 | Train Loss: 0.5862088 Vali Loss: 0.4174518 Test Loss: 4.3983722
Validation loss decreased (0.428394 --> 0.417452).  Saving model ...
Updating learning rate to 5e-05
	iters: 100, epoch: 3 | loss: 0.5358648
	speed: 11.8648s/iter; left time: 26636.5355s
	iters: 200, epoch: 3 | loss: 0.5414943
	speed: 0.3488s/iter; left time: 748.1848s
Epoch: 3 cost time: 105.56041646003723
Epoch: 3, Steps: 293 | Train Loss: 0.5627365 Vali Loss: 0.4124692 Test Loss: 4.4297862
Validation loss decreased (0.417452 --> 0.412469).  Saving model ...
Updating learning rate to 2.5e-05
	iters: 100, epoch: 4 | loss: 0.5662524
	speed: 7.8355s/iter; left time: 15294.8910s
	iters: 200, epoch: 4 | loss: 0.5603630
	speed: 0.3412s/iter; left time: 631.9026s
Epoch: 4 cost time: 101.77611422538757
Epoch: 4, Steps: 293 | Train Loss: 0.5467213 Vali Loss: 0.4179191 Test Loss: 4.4834261
EarlyStopping counter: 1 out of 3
Updating learning rate to 1.25e-05
	iters: 100, epoch: 5 | loss: 0.4237395
	speed: 7.6452s/iter; left time: 12683.3138s
	iters: 200, epoch: 5 | loss: 0.5782671
	speed: 0.2407s/iter; left time: 375.3036s
Epoch: 5 cost time: 71.33586716651917
Epoch: 5, Steps: 293 | Train Loss: 0.5292475 Vali Loss: 0.4250677 Test Loss: 4.5567822
EarlyStopping counter: 2 out of 3
Updating learning rate to 6.25e-06
	iters: 100, epoch: 6 | loss: 0.4279265
	speed: 6.2167s/iter; left time: 8492.0495s
	iters: 200, epoch: 6 | loss: 0.4721831
	speed: 0.2679s/iter; left time: 339.2104s
Epoch: 6 cost time: 79.11561393737793
Epoch: 6, Steps: 293 | Train Loss: 0.5165245 Vali Loss: 0.4236110 Test Loss: 4.5854959
EarlyStopping counter: 3 out of 3
Early stopping
Updating learning rate to 3.125e-06
	iters: 100, epoch: 7 | loss: 0.5747691
	speed: 7.8833s/iter; left time: 8458.7847s
	iters: 200, epoch: 7 | loss: 0.4279194
	speed: 0.2402s/iter; left time: 233.7474s
Epoch: 7 cost time: 75.81808042526245
Epoch: 7, Steps: 293 | Train Loss: 0.5089060 Vali Loss: 0.4230043 Test Loss: 4.6038957
EarlyStopping counter: 4 out of 3
Early stopping
Updating learning rate to 1.5625e-06
	iters: 100, epoch: 8 | loss: 0.4367969
	speed: 6.5756s/iter; left time: 5128.9759s
	iters: 200, epoch: 8 | loss: 0.4432646
	speed: 0.3397s/iter; left time: 230.9751s
Epoch: 8 cost time: 104.06491923332214
Epoch: 8, Steps: 293 | Train Loss: 0.5056700 Vali Loss: 0.4254474 Test Loss: 4.6114459
EarlyStopping counter: 5 out of 3
Early stopping
Updating learning rate to 7.8125e-07
	iters: 100, epoch: 9 | loss: 0.3983752
	speed: 7.7184s/iter; left time: 3758.8462s
	iters: 200, epoch: 9 | loss: 0.4750284
	speed: 0.2784s/iter; left time: 107.7357s
Epoch: 9 cost time: 79.2056131362915
Epoch: 9, Steps: 293 | Train Loss: 0.5034301 Vali Loss: 0.4262916 Test Loss: 4.6116791
EarlyStopping counter: 6 out of 3
Early stopping
Updating learning rate to 3.90625e-07
	iters: 100, epoch: 10 | loss: 0.5206685
	speed: 9.7872s/iter; left time: 1898.7146s
	iters: 200, epoch: 10 | loss: 0.4823569
	speed: 0.3564s/iter; left time: 33.5041s
Epoch: 10 cost time: 105.07231116294861
Epoch: 10, Steps: 293 | Train Loss: 0.5030423 Vali Loss: 0.4267839 Test Loss: 4.6129527
EarlyStopping counter: 7 out of 3
Early stopping
Updating learning rate to 1.953125e-07
>>>>>>>testing : long_term_forecast_kdd_sub3_336_HGI_PerHKGNN_DYG_base_ftM_sl96_ll48_pl336_dm1024_nh8_el2_dl1_df512_fc3_ebtimeF_dtTrue_Exp_0<<<<<<<<<<<<<<<<<<<<<<<<<<<<<<<<<
DYG_base
原始数据形状: (108051, 6)
Index(['Bacterial Density', 'Viscosity', 'Chemical Efficiency', 'pH Online',
       'Total Sugar'],
      dtype='object')
test 21275
test shape: (21275, 1, 336, 5) (21275, 1, 336, 5)
test shape: (21275, 336, 5) (21275, 336, 5)
mae:0.5431, mse:4.4298
(21275, 336, 5)
(21275, 336, 5)
