True
2.3.0
True
Args in experiment:
Namespace(activation='gelu', anomaly_ratio=0.25, batch_size=256, c_out=5, channel_independent=1, checkpoints='./checkpoints/', d_ff=512, d_layers=1, d_model=1024, data='DYG_base', data_path='DYG_data_3_sub1.csv', dec_in=5, des='zs', device_ids=[1, 2, 3, 4], devices='1,2,3,4', direction=[1, 1, 2, 0, 0], distil=True, dropout=0.1, e_layers=2, embed='timeF', enc_in=5, enc_out=5, factor=3, features='M', freq='h', gpu=1, inverse=False, is_training=1, itr=1, label_len=48, learning_rate=0.0001, loss='MSE', lradj='type1', mask_rate=0.25, model='HGI_PerHKGNN', model_id='kdd_sub1_336_g3', moe_logits_init='{\n    "0": {0: 5.0, 1: 1.0, 2: -5.0},  \n    "1": {0: 1.0, 1: 5.0, 2: -5.0},  \n    "2": {0: -5.0, 1: 1.0, 2: 5.0},  \n    "3": {0: -5.0, 1: 4.0, 2: 5.0},  \n    "4": {0: -5.0, 1: 4.0, 2: 5.0}\n}', moving_avg=25, n_heads=8, num_kernels=6, num_workers=10, output_attention=False, p_hidden_dims=[128, 128], p_hidden_layers=2, patience=3, pred_len=336, root_path='./data/DYG/KDD', seasonal_patterns='Monthly', seg_len=12, seq_len=96, target='zs', task_name='long_term_forecast', temp=3.0, top_k=5, train_epochs=10, use_amp=True, use_gpu=True, use_multi_gpu=True)
Use GPU: cuda:1
[HyperPearson] Dataset: sub1 | K-Groups: 3 | Hypergraph Built.
>>>>>>>start training : long_term_forecast_kdd_sub1_336_g3_HGI_PerHKGNN_DYG_base_ftM_sl96_ll48_pl336_dm1024_nh8_el2_dl1_df512_fc3_ebtimeF_dtTrue_zs_0>>>>>>>>>>>>>>>>>>>>>>>>>>
DYG_base
原始数据形状: (108051, 6)
Index(['Bacterial Density', 'Viscosity', 'Alcohol Addition', 'Reducing Sugar',
       'Non Reducing Suger'],
      dtype='object')
train 75204
DYG_base
原始数据形状: (108051, 6)
Index(['Bacterial Density', 'Viscosity', 'Alcohol Addition', 'Reducing Sugar',
       'Non Reducing Suger'],
      dtype='object')
val 10471
DYG_base
原始数据形状: (108051, 6)
Index(['Bacterial Density', 'Viscosity', 'Alcohol Addition', 'Reducing Sugar',
       'Non Reducing Suger'],
      dtype='object')
test 21275
	iters: 100, epoch: 1 | loss: 0.4640548
	speed: 0.3581s/iter; left time: 1013.7366s
	iters: 200, epoch: 1 | loss: 0.6205376
	speed: 0.2675s/iter; left time: 730.5715s
Epoch: 1 cost time: 89.28754496574402
Epoch: 1, Steps: 293 | Train Loss: 0.6043592 Vali Loss: 0.4133343 Test Loss: 0.3558535
Validation loss decreased (inf --> 0.413334).  Saving model ...
Updating learning rate to 0.0001
	iters: 100, epoch: 2 | loss: 0.5117366
	speed: 6.2848s/iter; left time: 15950.7841s
	iters: 200, epoch: 2 | loss: 0.6020052
	speed: 0.3067s/iter; left time: 747.6846s
Epoch: 2 cost time: 89.05333399772644
Epoch: 2, Steps: 293 | Train Loss: 0.5271025 Vali Loss: 0.4117388 Test Loss: 0.3700742
Validation loss decreased (0.413334 --> 0.411739).  Saving model ...
Updating learning rate to 5e-05
	iters: 100, epoch: 3 | loss: 0.5203658
	speed: 5.0275s/iter; left time: 11286.7052s
	iters: 200, epoch: 3 | loss: 0.4811729
	speed: 0.2736s/iter; left time: 586.7923s
Epoch: 3 cost time: 85.84722328186035
Epoch: 3, Steps: 293 | Train Loss: 0.5087366 Vali Loss: 0.4023065 Test Loss: 0.3717329
Validation loss decreased (0.411739 --> 0.402306).  Saving model ...
Updating learning rate to 2.5e-05
	iters: 100, epoch: 4 | loss: 0.5011219
	speed: 6.3062s/iter; left time: 12309.7025s
	iters: 200, epoch: 4 | loss: 0.5309778
	speed: 0.2635s/iter; left time: 487.9436s
Epoch: 4 cost time: 86.84114789962769
Epoch: 4, Steps: 293 | Train Loss: 0.4994371 Vali Loss: 0.4066575 Test Loss: 0.3884588
EarlyStopping counter: 1 out of 3
Updating learning rate to 1.25e-05
	iters: 100, epoch: 5 | loss: 0.4115357
	speed: 2.3191s/iter; left time: 3847.3562s
	iters: 200, epoch: 5 | loss: 0.5410332
	speed: 0.2058s/iter; left time: 320.8778s
Epoch: 5 cost time: 62.75960373878479
Epoch: 5, Steps: 293 | Train Loss: 0.4925985 Vali Loss: 0.4110181 Test Loss: 0.3898827
EarlyStopping counter: 2 out of 3
Updating learning rate to 6.25e-06
	iters: 100, epoch: 6 | loss: 0.4320600
	speed: 3.9456s/iter; left time: 5389.6402s
	iters: 200, epoch: 6 | loss: 0.4251451
	speed: 0.2546s/iter; left time: 322.3218s
Epoch: 6 cost time: 76.89349150657654
Epoch: 6, Steps: 293 | Train Loss: 0.4886266 Vali Loss: 0.4080303 Test Loss: 0.3900041
EarlyStopping counter: 3 out of 3
Early stopping
Updating learning rate to 3.125e-06
	iters: 100, epoch: 7 | loss: 0.5575655
	speed: 4.0652s/iter; left time: 4361.9582s
	iters: 200, epoch: 7 | loss: 0.3948625
	speed: 0.2535s/iter; left time: 246.6268s
Epoch: 7 cost time: 74.84797286987305
Epoch: 7, Steps: 293 | Train Loss: 0.4858083 Vali Loss: 0.4059319 Test Loss: 0.3895921
EarlyStopping counter: 4 out of 3
Early stopping
Updating learning rate to 1.5625e-06
	iters: 100, epoch: 8 | loss: 0.3980395
	speed: 4.2522s/iter; left time: 3316.7327s
	iters: 200, epoch: 8 | loss: 0.3710640
	speed: 0.2221s/iter; left time: 150.9946s
Epoch: 8 cost time: 70.20297050476074
Epoch: 8, Steps: 293 | Train Loss: 0.4845383 Vali Loss: 0.4081350 Test Loss: 0.3964373
EarlyStopping counter: 5 out of 3
Early stopping
Updating learning rate to 7.8125e-07
	iters: 100, epoch: 9 | loss: 0.3599409
	speed: 4.0606s/iter; left time: 1977.4959s
	iters: 200, epoch: 9 | loss: 0.4530905
	speed: 0.2749s/iter; left time: 106.3959s
Epoch: 9 cost time: 87.74571776390076
Epoch: 9, Steps: 293 | Train Loss: 0.4835365 Vali Loss: 0.4086044 Test Loss: 0.3948612
EarlyStopping counter: 6 out of 3
Early stopping
Updating learning rate to 3.90625e-07
	iters: 100, epoch: 10 | loss: 0.4862667
	speed: 6.7027s/iter; left time: 1300.3182s
	iters: 200, epoch: 10 | loss: 0.5375299
	speed: 0.3122s/iter; left time: 29.3430s
Epoch: 10 cost time: 94.06889414787292
Epoch: 10, Steps: 293 | Train Loss: 0.4834370 Vali Loss: 0.4083323 Test Loss: 0.3958997
EarlyStopping counter: 7 out of 3
Early stopping
Updating learning rate to 1.953125e-07
>>>>>>>testing : long_term_forecast_kdd_sub1_336_g3_HGI_PerHKGNN_DYG_base_ftM_sl96_ll48_pl336_dm1024_nh8_el2_dl1_df512_fc3_ebtimeF_dtTrue_zs_0<<<<<<<<<<<<<<<<<<<<<<<<<<<<<<<<<
DYG_base
原始数据形状: (108051, 6)
Index(['Bacterial Density', 'Viscosity', 'Alcohol Addition', 'Reducing Sugar',
       'Non Reducing Suger'],
      dtype='object')
test 21275
test shape: (21275, 1, 336, 5) (21275, 1, 336, 5)
test shape: (21275, 336, 5) (21275, 336, 5)
mae:0.3842, mse:0.3717
(21275, 336, 5)
(21275, 336, 5)
