True
2.3.0
True
Args in experiment:
Namespace(activation='gelu', anomaly_ratio=0.25, batch_size=256, c_out=5, channel_independent=1, checkpoints='./checkpoints/', d_ff=512, d_layers=1, d_model=1024, data='DYG_base', data_path='DYG_data_3_sub1.csv', dec_in=5, des='zs', device_ids=[1, 2, 3, 4], devices='1,2,3,4', direction=[1, 1, 2, 0, 0], distil=True, dropout=0.1, e_layers=2, embed='timeF', enc_in=5, enc_out=5, factor=3, features='M', freq='h', gpu=1, inverse=False, is_training=1, itr=1, label_len=48, learning_rate=0.0001, loss='MSE', lradj='type1', mask_rate=0.25, model='HGI_PerHKGNN', model_id='kdd_sub1_192_g2', moe_logits_init='{\n    "0": {0: 5.0, 1: 1.0, 2: -5.0},  \n    "1": {0: 1.0, 1: 5.0, 2: -5.0},  \n    "2": {0: -5.0, 1: 1.0, 2: 5.0},  \n    "3": {0: -5.0, 1: 4.0, 2: 5.0},  \n    "4": {0: -5.0, 1: 4.0, 2: 5.0}\n}', moving_avg=25, n_heads=8, num_kernels=6, num_workers=10, output_attention=False, p_hidden_dims=[128, 128], p_hidden_layers=2, patience=3, pred_len=192, root_path='./data/DYG/KDD', seasonal_patterns='Monthly', seg_len=12, seq_len=96, target='zs', task_name='long_term_forecast', temp=2.0, top_k=5, train_epochs=10, use_amp=True, use_gpu=True, use_multi_gpu=True)
Use GPU: cuda:1
[HyperPearson] Dataset: sub1 | K-Groups: 2 | Hypergraph Built.
>>>>>>>start training : long_term_forecast_kdd_sub1_192_g2_HGI_PerHKGNN_DYG_base_ftM_sl96_ll48_pl192_dm1024_nh8_el2_dl1_df512_fc3_ebtimeF_dtTrue_zs_0>>>>>>>>>>>>>>>>>>>>>>>>>>
DYG_base
原始数据形状: (108051, 6)
Index(['Bacterial Density', 'Viscosity', 'Alcohol Addition', 'Reducing Sugar',
       'Non Reducing Suger'],
      dtype='object')
train 75348
DYG_base
原始数据形状: (108051, 6)
Index(['Bacterial Density', 'Viscosity', 'Alcohol Addition', 'Reducing Sugar',
       'Non Reducing Suger'],
      dtype='object')
val 10615
DYG_base
原始数据形状: (108051, 6)
Index(['Bacterial Density', 'Viscosity', 'Alcohol Addition', 'Reducing Sugar',
       'Non Reducing Suger'],
      dtype='object')
test 21419
	iters: 100, epoch: 1 | loss: 0.5124547
	speed: 0.1157s/iter; left time: 328.8186s
	iters: 200, epoch: 1 | loss: 0.4025256
	speed: 0.0866s/iter; left time: 237.3671s
Epoch: 1 cost time: 28.316730499267578
Epoch: 1, Steps: 294 | Train Loss: 0.5500351 Vali Loss: 0.3414216 Test Loss: 0.3191317
Validation loss decreased (inf --> 0.341422).  Saving model ...
Updating learning rate to 0.0001
	iters: 100, epoch: 2 | loss: 0.4338489
	speed: 2.1506s/iter; left time: 5477.6631s
	iters: 200, epoch: 2 | loss: 0.5051827
	speed: 0.0753s/iter; left time: 184.2523s
Epoch: 2 cost time: 24.02876853942871
Epoch: 2, Steps: 294 | Train Loss: 0.4756588 Vali Loss: 0.3412096 Test Loss: 0.3399660
Validation loss decreased (0.341422 --> 0.341210).  Saving model ...
Updating learning rate to 5e-05
	iters: 100, epoch: 3 | loss: 0.4130280
	speed: 1.7325s/iter; left time: 3903.2814s
	iters: 200, epoch: 3 | loss: 0.6272557
	speed: 0.0846s/iter; left time: 182.1994s
Epoch: 3 cost time: 26.52859330177307
Epoch: 3, Steps: 294 | Train Loss: 0.4530653 Vali Loss: 0.3385773 Test Loss: 0.3469725
Validation loss decreased (0.341210 --> 0.338577).  Saving model ...
Updating learning rate to 2.5e-05
	iters: 100, epoch: 4 | loss: 0.5599847
	speed: 2.0461s/iter; left time: 4008.3945s
	iters: 200, epoch: 4 | loss: 0.3667819
	speed: 0.1547s/iter; left time: 287.5081s
Epoch: 4 cost time: 47.30447864532471
Epoch: 4, Steps: 294 | Train Loss: 0.4402348 Vali Loss: 0.3372690 Test Loss: 0.3425999
Validation loss decreased (0.338577 --> 0.337269).  Saving model ...
Updating learning rate to 1.25e-05
	iters: 100, epoch: 5 | loss: 0.5969662
	speed: 3.6190s/iter; left time: 6025.6838s
	iters: 200, epoch: 5 | loss: 0.4881224
	speed: 0.1545s/iter; left time: 241.7345s
Epoch: 5 cost time: 46.934879779815674
Epoch: 5, Steps: 294 | Train Loss: 0.4308304 Vali Loss: 0.3349488 Test Loss: 0.3381718
Validation loss decreased (0.337269 --> 0.334949).  Saving model ...
Updating learning rate to 6.25e-06
	iters: 100, epoch: 6 | loss: 0.4983267
	speed: 2.4773s/iter; left time: 3396.3457s
	iters: 200, epoch: 6 | loss: 0.3610069
	speed: 0.1829s/iter; left time: 232.4316s
Epoch: 6 cost time: 55.056392192840576
Epoch: 6, Steps: 294 | Train Loss: 0.4243076 Vali Loss: 0.3365039 Test Loss: 0.3556796
EarlyStopping counter: 1 out of 3
Updating learning rate to 3.125e-06
	iters: 100, epoch: 7 | loss: 0.4484975
	speed: 2.6303s/iter; left time: 2832.8651s
	iters: 200, epoch: 7 | loss: 0.4183735
	speed: 0.2005s/iter; left time: 195.8724s
Epoch: 7 cost time: 60.431100845336914
Epoch: 7, Steps: 294 | Train Loss: 0.4209415 Vali Loss: 0.3359156 Test Loss: 0.3487072
EarlyStopping counter: 2 out of 3
Updating learning rate to 1.5625e-06
	iters: 100, epoch: 8 | loss: 0.4289377
	speed: 2.5593s/iter; left time: 2003.9424s
	iters: 200, epoch: 8 | loss: 0.4845580
	speed: 0.1839s/iter; left time: 125.6247s
Epoch: 8 cost time: 54.78145384788513
Epoch: 8, Steps: 294 | Train Loss: 0.4182433 Vali Loss: 0.3364203 Test Loss: 0.3527220
EarlyStopping counter: 3 out of 3
Early stopping
Updating learning rate to 7.8125e-07
	iters: 100, epoch: 9 | loss: 0.4249350
	speed: 2.7031s/iter; left time: 1321.8189s
	iters: 200, epoch: 9 | loss: 0.4067374
	speed: 0.1771s/iter; left time: 68.8733s
Epoch: 9 cost time: 54.02673006057739
Epoch: 9, Steps: 294 | Train Loss: 0.4177437 Vali Loss: 0.3367093 Test Loss: 0.3486401
EarlyStopping counter: 4 out of 3
Early stopping
Updating learning rate to 3.90625e-07
	iters: 100, epoch: 10 | loss: 0.3672331
	speed: 2.8388s/iter; left time: 553.5679s
	iters: 200, epoch: 10 | loss: 0.3229978
	speed: 0.1728s/iter; left time: 16.4170s
Epoch: 10 cost time: 52.69633865356445
Epoch: 10, Steps: 294 | Train Loss: 0.4175070 Vali Loss: 0.3374036 Test Loss: 0.3484309
EarlyStopping counter: 5 out of 3
Early stopping
Updating learning rate to 1.953125e-07
>>>>>>>testing : long_term_forecast_kdd_sub1_192_g2_HGI_PerHKGNN_DYG_base_ftM_sl96_ll48_pl192_dm1024_nh8_el2_dl1_df512_fc3_ebtimeF_dtTrue_zs_0<<<<<<<<<<<<<<<<<<<<<<<<<<<<<<<<<
DYG_base
原始数据形状: (108051, 6)
Index(['Bacterial Density', 'Viscosity', 'Alcohol Addition', 'Reducing Sugar',
       'Non Reducing Suger'],
      dtype='object')
test 21419
test shape: (21419, 1, 192, 5) (21419, 1, 192, 5)
test shape: (21419, 192, 5) (21419, 192, 5)
mae:0.3512, mse:0.3382
(21419, 192, 5)
(21419, 192, 5)
