True
2.3.0
True
Args in experiment:
Namespace(activation='gelu', anomaly_ratio=0.25, batch_size=256, c_out=5, channel_independent=1, checkpoints='./checkpoints/', d_ff=512, d_layers=1, d_model=1024, data='DYG_base', data_path='DYG_data_3_sub3.csv', dec_in=5, des='v2', device_ids=[2, 3, 4, 5], devices='2,3,4,5', direction=[0, 0, 0, 1, 1], distil=True, dropout=0.1, e_layers=2, embed='timeF', enc_in=5, enc_out=5, factor=3, features='M', freq='h', gpu=2, inverse=False, is_training=1, itr=1, label_len=48, learning_rate=0.0001, loss='MSE', lradj='type1', mask_rate=0.25, model='HGI_PerHKGNN', model_id='kdd_sub3_96_g5', moe_logits_init='{\n    "0": {0: 3.0, 1: 5.0, 2: -5.0},\n    "1": {0: 5.0, 1: 1.0, 2: 1.0},  \n    "2": {0: 2.0, 1: 1.0, 2: 5.0},\n    "3": {0: -5.0, 1: 2.0, 2: 5.0},\n    "4": {0: -5.0, 1: 5.0, 2: 2.0}\n}', moving_avg=25, n_heads=8, num_kernels=6, num_workers=10, output_attention=False, p_hidden_dims=[128, 128], p_hidden_layers=2, patience=3, pred_len=96, root_path='./data/DYG/KDD', seasonal_patterns='Monthly', seg_len=12, seq_len=96, target='v2', task_name='long_term_forecast', temp=5.0, top_k=5, train_epochs=10, use_amp=True, use_gpu=True, use_multi_gpu=True)
Use GPU: cuda:2
[HyperPearson] Dataset: sub3 | K-Groups: 5 | Hypergraph Built.
>>>>>>>start training : long_term_forecast_kdd_sub3_96_g5_HGI_PerHKGNN_DYG_base_ftM_sl96_ll48_pl96_dm1024_nh8_el2_dl1_df512_fc3_ebtimeF_dtTrue_v2_0>>>>>>>>>>>>>>>>>>>>>>>>>>
DYG_base
原始数据形状: (108051, 6)
Index(['Bacterial Density', 'Viscosity', 'Chemical Efficiency', 'pH Online',
       'Total Sugar'],
      dtype='object')
train 75444
DYG_base
原始数据形状: (108051, 6)
Index(['Bacterial Density', 'Viscosity', 'Chemical Efficiency', 'pH Online',
       'Total Sugar'],
      dtype='object')
val 10711
DYG_base
原始数据形状: (108051, 6)
Index(['Bacterial Density', 'Viscosity', 'Chemical Efficiency', 'pH Online',
       'Total Sugar'],
      dtype='object')
test 21515
	iters: 100, epoch: 1 | loss: 0.7644121
	speed: 0.1120s/iter; left time: 318.0778s
	iters: 200, epoch: 1 | loss: 0.6487715
	speed: 0.0821s/iter; left time: 225.1538s
Epoch: 1 cost time: 27.52109122276306
Epoch: 1, Steps: 294 | Train Loss: 0.5572660 Vali Loss: 0.3123716 Test Loss: 3.6956828
Validation loss decreased (inf --> 0.312372).  Saving model ...
Updating learning rate to 0.0001
	iters: 100, epoch: 2 | loss: 0.5584373
	speed: 2.9795s/iter; left time: 7588.8665s
	iters: 200, epoch: 2 | loss: 0.6065177
	speed: 0.0875s/iter; left time: 214.1561s
Epoch: 2 cost time: 28.252273082733154
Epoch: 2, Steps: 294 | Train Loss: 0.4762048 Vali Loss: 0.3057357 Test Loss: 3.9903727
Validation loss decreased (0.312372 --> 0.305736).  Saving model ...
Updating learning rate to 5e-05
	iters: 100, epoch: 3 | loss: 0.4413277
	speed: 3.0437s/iter; left time: 6857.5265s
	iters: 200, epoch: 3 | loss: 0.2738454
	speed: 0.0946s/iter; left time: 203.6612s
Epoch: 3 cost time: 29.741878271102905
Epoch: 3, Steps: 294 | Train Loss: 0.4476814 Vali Loss: 0.3014697 Test Loss: 3.9542704
Validation loss decreased (0.305736 --> 0.301470).  Saving model ...
Updating learning rate to 2.5e-05
	iters: 100, epoch: 4 | loss: 0.5418761
	speed: 3.1331s/iter; left time: 6137.7905s
	iters: 200, epoch: 4 | loss: 0.3654114
	speed: 0.0823s/iter; left time: 153.0246s
Epoch: 4 cost time: 25.87470269203186
Epoch: 4, Steps: 294 | Train Loss: 0.4231587 Vali Loss: 0.3003795 Test Loss: 4.0014024
Validation loss decreased (0.301470 --> 0.300380).  Saving model ...
Updating learning rate to 1.25e-05
	iters: 100, epoch: 5 | loss: 0.3086856
	speed: 3.0172s/iter; left time: 5023.6055s
	iters: 200, epoch: 5 | loss: 0.3363775
	speed: 0.0827s/iter; left time: 129.4228s
Epoch: 5 cost time: 26.884035348892212
Epoch: 5, Steps: 294 | Train Loss: 0.3980294 Vali Loss: 0.3040607 Test Loss: 3.9692256
EarlyStopping counter: 1 out of 3
Updating learning rate to 6.25e-06
	iters: 100, epoch: 6 | loss: 0.4620070
	speed: 2.5932s/iter; left time: 3555.3093s
	iters: 200, epoch: 6 | loss: 0.3484362
	speed: 0.0473s/iter; left time: 60.1347s
Epoch: 6 cost time: 15.320171356201172
Epoch: 6, Steps: 294 | Train Loss: 0.3817995 Vali Loss: 0.3005300 Test Loss: 4.0317588
EarlyStopping counter: 2 out of 3
Updating learning rate to 3.125e-06
	iters: 100, epoch: 7 | loss: 0.2256036
	speed: 1.8021s/iter; left time: 1940.8541s
	iters: 200, epoch: 7 | loss: 0.4208823
	speed: 0.0512s/iter; left time: 49.9771s
Epoch: 7 cost time: 15.661921501159668
Epoch: 7, Steps: 294 | Train Loss: 0.3713197 Vali Loss: 0.2986931 Test Loss: 4.0862308
Validation loss decreased (0.300380 --> 0.298693).  Saving model ...
Updating learning rate to 1.5625e-06
	iters: 100, epoch: 8 | loss: 0.4894691
	speed: 1.8653s/iter; left time: 1460.5345s
	iters: 200, epoch: 8 | loss: 0.2874137
	speed: 0.0515s/iter; left time: 35.1797s
Epoch: 8 cost time: 17.981820344924927
Epoch: 8, Steps: 294 | Train Loss: 0.3667268 Vali Loss: 0.3009450 Test Loss: 4.0696311
EarlyStopping counter: 1 out of 3
Updating learning rate to 7.8125e-07
	iters: 100, epoch: 9 | loss: 0.2849884
	speed: 1.6318s/iter; left time: 797.9426s
	iters: 200, epoch: 9 | loss: 0.3861227
	speed: 0.0682s/iter; left time: 26.5351s
Epoch: 9 cost time: 20.321444272994995
Epoch: 9, Steps: 294 | Train Loss: 0.3648923 Vali Loss: 0.3010573 Test Loss: 4.0854254
EarlyStopping counter: 2 out of 3
Updating learning rate to 3.90625e-07
	iters: 100, epoch: 10 | loss: 0.3935631
	speed: 1.7404s/iter; left time: 339.3687s
	iters: 200, epoch: 10 | loss: 0.5619302
	speed: 0.0483s/iter; left time: 4.5902s
Epoch: 10 cost time: 15.403303623199463
Epoch: 10, Steps: 294 | Train Loss: 0.3639044 Vali Loss: 0.3017740 Test Loss: 4.0850344
EarlyStopping counter: 3 out of 3
Early stopping
Updating learning rate to 1.953125e-07
>>>>>>>testing : long_term_forecast_kdd_sub3_96_g5_HGI_PerHKGNN_DYG_base_ftM_sl96_ll48_pl96_dm1024_nh8_el2_dl1_df512_fc3_ebtimeF_dtTrue_v2_0<<<<<<<<<<<<<<<<<<<<<<<<<<<<<<<<<
DYG_base
原始数据形状: (108051, 6)
Index(['Bacterial Density', 'Viscosity', 'Chemical Efficiency', 'pH Online',
       'Total Sugar'],
      dtype='object')
test 21515
test shape: (21515, 1, 96, 5) (21515, 1, 96, 5)
test shape: (21515, 96, 5) (21515, 96, 5)
mae:0.4773, mse:4.0862
(21515, 96, 5)
(21515, 96, 5)
