True
2.3.0
True
Args in experiment:
Namespace(activation='gelu', anomaly_ratio=0.25, batch_size=256, c_out=5, channel_independent=1, checkpoints='./checkpoints/', d_ff=512, d_layers=1, d_model=1024, data='DYG_base', data_path='DYG_data_3_sub3.csv', dec_in=5, des='v2', device_ids=[2, 3, 4, 5], devices='2,3,4,5', direction=[0, 0, 0, 1, 1], distil=True, dropout=0.1, e_layers=2, embed='timeF', enc_in=5, enc_out=5, factor=3, features='M', freq='h', gpu=2, inverse=False, is_training=1, itr=1, label_len=48, learning_rate=0.0001, loss='MSE', lradj='type1', mask_rate=0.25, model='HGI_PerHKGNN', model_id='kdd_sub3_192_g3', moe_logits_init='{\n    "0": {0: 3.0, 1: 5.0, 2: -5.0},\n    "1": {0: 5.0, 1: 1.0, 2: 1.0},  \n    "2": {0: 2.0, 1: 1.0, 2: 5.0},\n    "3": {0: -5.0, 1: 2.0, 2: 5.0},\n    "4": {0: -5.0, 1: 5.0, 2: 2.0}\n}', moving_avg=25, n_heads=8, num_kernels=6, num_workers=10, output_attention=False, p_hidden_dims=[128, 128], p_hidden_layers=2, patience=3, pred_len=192, root_path='./data/DYG/KDD', seasonal_patterns='Monthly', seg_len=12, seq_len=96, target='v2', task_name='long_term_forecast', temp=3.0, top_k=5, train_epochs=10, use_amp=True, use_gpu=True, use_multi_gpu=True)
Use GPU: cuda:2
[HyperPearson] Dataset: sub3 | K-Groups: 3 | Hypergraph Built.
>>>>>>>start training : long_term_forecast_kdd_sub3_192_g3_HGI_PerHKGNN_DYG_base_ftM_sl96_ll48_pl192_dm1024_nh8_el2_dl1_df512_fc3_ebtimeF_dtTrue_v2_0>>>>>>>>>>>>>>>>>>>>>>>>>>
DYG_base
原始数据形状: (108051, 6)
Index(['Bacterial Density', 'Viscosity', 'Chemical Efficiency', 'pH Online',
       'Total Sugar'],
      dtype='object')
train 75348
DYG_base
原始数据形状: (108051, 6)
Index(['Bacterial Density', 'Viscosity', 'Chemical Efficiency', 'pH Online',
       'Total Sugar'],
      dtype='object')
val 10615
DYG_base
原始数据形状: (108051, 6)
Index(['Bacterial Density', 'Viscosity', 'Chemical Efficiency', 'pH Online',
       'Total Sugar'],
      dtype='object')
test 21419
	iters: 100, epoch: 1 | loss: 0.6127512
	speed: 0.1313s/iter; left time: 372.9242s
	iters: 200, epoch: 1 | loss: 0.6026990
	speed: 0.0958s/iter; left time: 262.5465s
Epoch: 1 cost time: 31.976614952087402
Epoch: 1, Steps: 294 | Train Loss: 0.6139458 Vali Loss: 0.3679500 Test Loss: 4.1903057
Validation loss decreased (inf --> 0.367950).  Saving model ...
Updating learning rate to 0.0001
	iters: 100, epoch: 2 | loss: 0.4557031
	speed: 4.3362s/iter; left time: 11044.1758s
	iters: 200, epoch: 2 | loss: 0.5706480
	speed: 0.1027s/iter; left time: 251.2314s
Epoch: 2 cost time: 31.696025609970093
Epoch: 2, Steps: 294 | Train Loss: 0.5338122 Vali Loss: 0.3656999 Test Loss: 4.1641850
Validation loss decreased (0.367950 --> 0.365700).  Saving model ...
Updating learning rate to 5e-05
	iters: 100, epoch: 3 | loss: 0.4262937
	speed: 4.2116s/iter; left time: 9488.6503s
	iters: 200, epoch: 3 | loss: 0.6648211
	speed: 0.0956s/iter; left time: 205.7246s
Epoch: 3 cost time: 29.823302745819092
Epoch: 3, Steps: 294 | Train Loss: 0.5088630 Vali Loss: 0.3647508 Test Loss: 4.2145209
Validation loss decreased (0.365700 --> 0.364751).  Saving model ...
Updating learning rate to 2.5e-05
	iters: 100, epoch: 4 | loss: 0.5938277
	speed: 4.0987s/iter; left time: 8029.2680s
	iters: 200, epoch: 4 | loss: 0.3843210
	speed: 0.0873s/iter; left time: 162.3167s
Epoch: 4 cost time: 28.396382331848145
Epoch: 4, Steps: 294 | Train Loss: 0.4896452 Vali Loss: 0.3608054 Test Loss: 4.2438378
Validation loss decreased (0.364751 --> 0.360805).  Saving model ...
Updating learning rate to 1.25e-05
	iters: 100, epoch: 5 | loss: 0.5956659
	speed: 4.0399s/iter; left time: 6726.4470s
	iters: 200, epoch: 5 | loss: 0.5732885
	speed: 0.0870s/iter; left time: 136.0829s
Epoch: 5 cost time: 30.578664779663086
Epoch: 5, Steps: 294 | Train Loss: 0.4724825 Vali Loss: 0.3619466 Test Loss: 4.2860203
EarlyStopping counter: 1 out of 3
Updating learning rate to 6.25e-06
	iters: 100, epoch: 6 | loss: 0.5170359
	speed: 4.0411s/iter; left time: 5540.3383s
	iters: 200, epoch: 6 | loss: 0.4219505
	speed: 0.0789s/iter; left time: 100.2332s
Epoch: 6 cost time: 27.297030210494995
Epoch: 6, Steps: 294 | Train Loss: 0.4608060 Vali Loss: 0.3647697 Test Loss: 4.3261518
EarlyStopping counter: 2 out of 3
Updating learning rate to 3.125e-06
	iters: 100, epoch: 7 | loss: 0.4939989
	speed: 4.0859s/iter; left time: 4400.4922s
	iters: 200, epoch: 7 | loss: 0.4668409
	speed: 0.0768s/iter; left time: 74.9950s
Epoch: 7 cost time: 26.91404151916504
Epoch: 7, Steps: 294 | Train Loss: 0.4541644 Vali Loss: 0.3628133 Test Loss: 4.3479509
EarlyStopping counter: 3 out of 3
Early stopping
Updating learning rate to 1.5625e-06
	iters: 100, epoch: 8 | loss: 0.4227862
	speed: 4.1709s/iter; left time: 3265.7876s
	iters: 200, epoch: 8 | loss: 0.4805281
	speed: 0.0991s/iter; left time: 67.6568s
Epoch: 8 cost time: 34.2534716129303
Epoch: 8, Steps: 294 | Train Loss: 0.4495384 Vali Loss: 0.3649898 Test Loss: 4.3661575
EarlyStopping counter: 4 out of 3
Early stopping
Updating learning rate to 7.8125e-07
	iters: 100, epoch: 9 | loss: 0.4437558
	speed: 4.2043s/iter; left time: 2055.8868s
	iters: 200, epoch: 9 | loss: 0.4136644
	speed: 0.1026s/iter; left time: 39.9052s
Epoch: 9 cost time: 34.06404995918274
Epoch: 9, Steps: 294 | Train Loss: 0.4476061 Vali Loss: 0.3645152 Test Loss: 4.3694410
EarlyStopping counter: 5 out of 3
Early stopping
Updating learning rate to 3.90625e-07
	iters: 100, epoch: 10 | loss: 0.3882418
	speed: 4.3228s/iter; left time: 842.9423s
	iters: 200, epoch: 10 | loss: 0.3429626
	speed: 0.1054s/iter; left time: 10.0108s
Epoch: 10 cost time: 33.559823751449585
Epoch: 10, Steps: 294 | Train Loss: 0.4468785 Vali Loss: 0.3648721 Test Loss: 4.3678093
EarlyStopping counter: 6 out of 3
Early stopping
Updating learning rate to 1.953125e-07
>>>>>>>testing : long_term_forecast_kdd_sub3_192_g3_HGI_PerHKGNN_DYG_base_ftM_sl96_ll48_pl192_dm1024_nh8_el2_dl1_df512_fc3_ebtimeF_dtTrue_v2_0<<<<<<<<<<<<<<<<<<<<<<<<<<<<<<<<<
DYG_base
原始数据形状: (108051, 6)
Index(['Bacterial Density', 'Viscosity', 'Chemical Efficiency', 'pH Online',
       'Total Sugar'],
      dtype='object')
test 21419
test shape: (21419, 1, 192, 5) (21419, 1, 192, 5)
test shape: (21419, 192, 5) (21419, 192, 5)
mae:0.5158, mse:4.2438
(21419, 192, 5)
(21419, 192, 5)
