True
2.3.0
True
Args in experiment:
Namespace(activation='gelu', anomaly_ratio=0.25, batch_size=256, c_out=5, channel_independent=1, checkpoints='./checkpoints/', d_ff=512, d_layers=1, d_model=1024, data='DYG_base', data_path='DYG_data_3_sub1.csv', dec_in=5, des='zs', device_ids=[1, 2, 3, 4], devices='1,2,3,4', direction=[1, 1, 2, 0, 0], distil=True, dropout=0.1, e_layers=2, embed='timeF', enc_in=5, enc_out=5, factor=3, features='M', freq='h', gpu=1, inverse=False, is_training=1, itr=1, label_len=48, learning_rate=0.0001, loss='MSE', lradj='type1', mask_rate=0.25, model='HGI_PerHKGNN', model_id='kdd_sub1_192_g5', moe_logits_init='{\n    "0": {0: 5.0, 1: 1.0, 2: -5.0},  \n    "1": {0: 1.0, 1: 5.0, 2: -5.0},  \n    "2": {0: -5.0, 1: 1.0, 2: 5.0},  \n    "3": {0: -5.0, 1: 4.0, 2: 5.0},  \n    "4": {0: -5.0, 1: 4.0, 2: 5.0}\n}', moving_avg=25, n_heads=8, num_kernels=6, num_workers=10, output_attention=False, p_hidden_dims=[128, 128], p_hidden_layers=2, patience=3, pred_len=192, root_path='./data/DYG/KDD', seasonal_patterns='Monthly', seg_len=12, seq_len=96, target='zs', task_name='long_term_forecast', temp=5.0, top_k=5, train_epochs=10, use_amp=True, use_gpu=True, use_multi_gpu=True)
Use GPU: cuda:1
[HyperPearson] Dataset: sub1 | K-Groups: 5 | Hypergraph Built.
>>>>>>>start training : long_term_forecast_kdd_sub1_192_g5_HGI_PerHKGNN_DYG_base_ftM_sl96_ll48_pl192_dm1024_nh8_el2_dl1_df512_fc3_ebtimeF_dtTrue_zs_0>>>>>>>>>>>>>>>>>>>>>>>>>>
DYG_base
原始数据形状: (108051, 6)
Index(['Bacterial Density', 'Viscosity', 'Alcohol Addition', 'Reducing Sugar',
       'Non Reducing Suger'],
      dtype='object')
train 75348
DYG_base
原始数据形状: (108051, 6)
Index(['Bacterial Density', 'Viscosity', 'Alcohol Addition', 'Reducing Sugar',
       'Non Reducing Suger'],
      dtype='object')
val 10615
DYG_base
原始数据形状: (108051, 6)
Index(['Bacterial Density', 'Viscosity', 'Alcohol Addition', 'Reducing Sugar',
       'Non Reducing Suger'],
      dtype='object')
test 21419
	iters: 100, epoch: 1 | loss: 0.5180041
	speed: 0.2981s/iter; left time: 846.8299s
	iters: 200, epoch: 1 | loss: 0.4050811
	speed: 0.2240s/iter; left time: 613.8666s
Epoch: 1 cost time: 73.5954372882843
Epoch: 1, Steps: 294 | Train Loss: 0.5530458 Vali Loss: 0.3399374 Test Loss: 0.3190863
Validation loss decreased (inf --> 0.339937).  Saving model ...
Updating learning rate to 0.0001
	iters: 100, epoch: 2 | loss: 0.4357585
	speed: 4.7054s/iter; left time: 11984.5870s
	iters: 200, epoch: 2 | loss: 0.5062644
	speed: 0.2088s/iter; left time: 510.8125s
Epoch: 2 cost time: 63.26860857009888
Epoch: 2, Steps: 294 | Train Loss: 0.4772915 Vali Loss: 0.3368894 Test Loss: 0.3358528
Validation loss decreased (0.339937 --> 0.336889).  Saving model ...
Updating learning rate to 5e-05
	iters: 100, epoch: 3 | loss: 0.4134967
	speed: 4.3231s/iter; left time: 9739.9193s
	iters: 200, epoch: 3 | loss: 0.6321777
	speed: 0.2042s/iter; left time: 439.6478s
Epoch: 3 cost time: 61.94759821891785
Epoch: 3, Steps: 294 | Train Loss: 0.4551534 Vali Loss: 0.3369899 Test Loss: 0.3420515
EarlyStopping counter: 1 out of 3
Updating learning rate to 2.5e-05
	iters: 100, epoch: 4 | loss: 0.5613813
	speed: 3.8240s/iter; left time: 7491.1882s
	iters: 200, epoch: 4 | loss: 0.3683324
	speed: 0.2556s/iter; left time: 475.2402s
Epoch: 4 cost time: 77.37143540382385
Epoch: 4, Steps: 294 | Train Loss: 0.4418579 Vali Loss: 0.3325568 Test Loss: 0.3344665
Validation loss decreased (0.336889 --> 0.332557).  Saving model ...
Updating learning rate to 1.25e-05
	iters: 100, epoch: 5 | loss: 0.5843130
	speed: 4.8598s/iter; left time: 8091.5976s
	iters: 200, epoch: 5 | loss: 0.4927706
	speed: 0.2026s/iter; left time: 317.1433s
Epoch: 5 cost time: 61.617027282714844
Epoch: 5, Steps: 294 | Train Loss: 0.4312879 Vali Loss: 0.3319547 Test Loss: 0.3302813
Validation loss decreased (0.332557 --> 0.331955).  Saving model ...
Updating learning rate to 6.25e-06
	iters: 100, epoch: 6 | loss: 0.5007155
	speed: 4.0815s/iter; left time: 5595.7668s
	iters: 200, epoch: 6 | loss: 0.3342938
	speed: 0.2014s/iter; left time: 256.0404s
Epoch: 6 cost time: 60.686230421066284
Epoch: 6, Steps: 294 | Train Loss: 0.4238780 Vali Loss: 0.3329516 Test Loss: 0.3447267
EarlyStopping counter: 1 out of 3
Updating learning rate to 3.125e-06
	iters: 100, epoch: 7 | loss: 0.4527124
	speed: 3.7146s/iter; left time: 4000.6120s
	iters: 200, epoch: 7 | loss: 0.4233333
	speed: 0.2319s/iter; left time: 226.5853s
Epoch: 7 cost time: 70.2401225566864
Epoch: 7, Steps: 294 | Train Loss: 0.4200124 Vali Loss: 0.3320531 Test Loss: 0.3401679
EarlyStopping counter: 2 out of 3
Updating learning rate to 1.5625e-06
	iters: 100, epoch: 8 | loss: 0.4333534
	speed: 4.2076s/iter; left time: 3294.5544s
	iters: 200, epoch: 8 | loss: 0.4859338
	speed: 0.2639s/iter; left time: 180.2239s
Epoch: 8 cost time: 75.02353000640869
Epoch: 8, Steps: 294 | Train Loss: 0.4173667 Vali Loss: 0.3327111 Test Loss: 0.3448450
EarlyStopping counter: 3 out of 3
Early stopping
Updating learning rate to 7.8125e-07
	iters: 100, epoch: 9 | loss: 0.4235282
	speed: 3.7848s/iter; left time: 1850.7895s
	iters: 200, epoch: 9 | loss: 0.4077919
	speed: 0.2130s/iter; left time: 82.8719s
Epoch: 9 cost time: 62.7552809715271
Epoch: 9, Steps: 294 | Train Loss: 0.4168639 Vali Loss: 0.3334471 Test Loss: 0.3411191
EarlyStopping counter: 4 out of 3
Early stopping
Updating learning rate to 3.90625e-07
	iters: 100, epoch: 10 | loss: 0.3618072
	speed: 4.1511s/iter; left time: 809.4554s
	iters: 200, epoch: 10 | loss: 0.3234559
	speed: 0.1637s/iter; left time: 15.5536s
Epoch: 10 cost time: 49.8666205406189
Epoch: 10, Steps: 294 | Train Loss: 0.4164001 Vali Loss: 0.3340784 Test Loss: 0.3410009
EarlyStopping counter: 5 out of 3
Early stopping
Updating learning rate to 1.953125e-07
>>>>>>>testing : long_term_forecast_kdd_sub1_192_g5_HGI_PerHKGNN_DYG_base_ftM_sl96_ll48_pl192_dm1024_nh8_el2_dl1_df512_fc3_ebtimeF_dtTrue_zs_0<<<<<<<<<<<<<<<<<<<<<<<<<<<<<<<<<
DYG_base
原始数据形状: (108051, 6)
Index(['Bacterial Density', 'Viscosity', 'Alcohol Addition', 'Reducing Sugar',
       'Non Reducing Suger'],
      dtype='object')
test 21419
test shape: (21419, 1, 192, 5) (21419, 1, 192, 5)
test shape: (21419, 192, 5) (21419, 192, 5)
mae:0.3465, mse:0.3303
(21419, 192, 5)
(21419, 192, 5)
