True
2.3.0
True
Args in experiment:
Namespace(activation='gelu', anomaly_ratio=0.25, batch_size=256, c_out=5, channel_independent=1, checkpoints='./checkpoints/', d_ff=512, d_layers=1, d_model=1024, data='DYG_base', data_path='DYG_data_3_sub1.csv', dec_in=5, des='Exp', device_ids=[0, 1, 3], devices='0,1,3', direction=[1, 1, 2, 0, 0], distil=True, dropout=0.1, e_layers=2, embed='timeF', enc_in=5, enc_out=5, factor=3, features='M', freq='h', gpu=0, inverse=False, is_training=1, itr=1, label_len=48, learning_rate=0.0001, loss='MSE', lradj='type1', mask_rate=0.25, model='HGI_PerHKGNN', model_id='kdd_sub1_192', moe_logits_init='{\n    "0": {0: 5.0, 1: 1.0, 2: -5.0},  \n    "1": {0: 1.0, 1: 5.0, 2: -5.0},  \n    "2": {0: -5.0, 1: 1.0, 2: 5.0},  \n    "3": {0: -5.0, 1: 4.0, 2: 5.0},  \n    "4": {0: -5.0, 1: 4.0, 2: 5.0}\n}', moving_avg=25, n_heads=8, num_kernels=6, num_workers=10, output_attention=False, p_hidden_dims=[128, 128], p_hidden_layers=2, patience=3, pred_len=192, root_path='./data/DYG/KDD', seasonal_patterns='Monthly', seg_len=12, seq_len=96, target='g1', task_name='long_term_forecast', temp=1.0, top_k=5, train_epochs=10, use_amp=True, use_gpu=True, use_multi_gpu=True)
Use GPU: cuda:0
[HyperPearson] Dataset: sub1 | K-Groups: 1 | Hypergraph Built.
>>>>>>>start training : long_term_forecast_kdd_sub1_192_HGI_PerHKGNN_DYG_base_ftM_sl96_ll48_pl192_dm1024_nh8_el2_dl1_df512_fc3_ebtimeF_dtTrue_Exp_0>>>>>>>>>>>>>>>>>>>>>>>>>>
DYG_base
原始数据形状: (108051, 6)
Index(['Bacterial Density', 'Viscosity', 'Alcohol Addition', 'Reducing Sugar',
       'Non Reducing Suger'],
      dtype='object')
train 75348
DYG_base
原始数据形状: (108051, 6)
Index(['Bacterial Density', 'Viscosity', 'Alcohol Addition', 'Reducing Sugar',
       'Non Reducing Suger'],
      dtype='object')
val 10615
DYG_base
原始数据形状: (108051, 6)
Index(['Bacterial Density', 'Viscosity', 'Alcohol Addition', 'Reducing Sugar',
       'Non Reducing Suger'],
      dtype='object')
test 21419
	iters: 100, epoch: 1 | loss: 0.5187768
	speed: 0.2668s/iter; left time: 757.8950s
	iters: 200, epoch: 1 | loss: 0.4037333
	speed: 0.2472s/iter; left time: 677.4554s
Epoch: 1 cost time: 73.64178538322449
Epoch: 1, Steps: 294 | Train Loss: 0.5517162 Vali Loss: 0.3389510 Test Loss: 0.3172266
Validation loss decreased (inf --> 0.338951).  Saving model ...
Updating learning rate to 0.0001
	iters: 100, epoch: 2 | loss: 0.4334894
	speed: 7.6909s/iter; left time: 19588.6557s
	iters: 200, epoch: 2 | loss: 0.4933382
	speed: 0.2041s/iter; left time: 499.3773s
Epoch: 2 cost time: 63.37828326225281
Epoch: 2, Steps: 294 | Train Loss: 0.4758406 Vali Loss: 0.3377885 Test Loss: 0.3378479
Validation loss decreased (0.338951 --> 0.337788).  Saving model ...
Updating learning rate to 5e-05
	iters: 100, epoch: 3 | loss: 0.4130798
	speed: 6.1403s/iter; left time: 13834.1433s
	iters: 200, epoch: 3 | loss: 0.6284257
	speed: 0.1975s/iter; left time: 425.2555s
Epoch: 3 cost time: 61.26731324195862
Epoch: 3, Steps: 294 | Train Loss: 0.4539316 Vali Loss: 0.3388678 Test Loss: 0.3415953
EarlyStopping counter: 1 out of 3
Updating learning rate to 2.5e-05
	iters: 100, epoch: 4 | loss: 0.5577528
	speed: 4.7568s/iter; left time: 9318.5281s
	iters: 200, epoch: 4 | loss: 0.3715574
	speed: 0.1806s/iter; left time: 335.6850s
Epoch: 4 cost time: 55.25340485572815
Epoch: 4, Steps: 294 | Train Loss: 0.4422102 Vali Loss: 0.3376217 Test Loss: 0.3413583
Validation loss decreased (0.337788 --> 0.337622).  Saving model ...
Updating learning rate to 1.25e-05
	iters: 100, epoch: 5 | loss: 0.6055948
	speed: 5.4578s/iter; left time: 9087.1952s
	iters: 200, epoch: 5 | loss: 0.4860189
	speed: 0.1966s/iter; left time: 307.6160s
Epoch: 5 cost time: 59.959227561950684
Epoch: 5, Steps: 294 | Train Loss: 0.4344969 Vali Loss: 0.3349512 Test Loss: 0.3322953
Validation loss decreased (0.337622 --> 0.334951).  Saving model ...
Updating learning rate to 6.25e-06
	iters: 100, epoch: 6 | loss: 0.4949735
	speed: 4.3213s/iter; left time: 5924.4565s
	iters: 200, epoch: 6 | loss: 0.3613988
	speed: 0.2008s/iter; left time: 255.2110s
Epoch: 6 cost time: 61.72419571876526
Epoch: 6, Steps: 294 | Train Loss: 0.4286161 Vali Loss: 0.3347451 Test Loss: 0.3511861
Validation loss decreased (0.334951 --> 0.334745).  Saving model ...
Updating learning rate to 3.125e-06
	iters: 100, epoch: 7 | loss: 0.4501143
	speed: 6.6709s/iter; left time: 7184.5229s
	iters: 200, epoch: 7 | loss: 0.4194676
	speed: 0.1931s/iter; left time: 188.6606s
Epoch: 7 cost time: 59.29902124404907
Epoch: 7, Steps: 294 | Train Loss: 0.4257412 Vali Loss: 0.3333018 Test Loss: 0.3436021
Validation loss decreased (0.334745 --> 0.333302).  Saving model ...
Updating learning rate to 1.5625e-06
	iters: 100, epoch: 8 | loss: 0.4303622
	speed: 6.8773s/iter; left time: 5384.9537s
	iters: 200, epoch: 8 | loss: 0.4833261
	speed: 0.1987s/iter; left time: 135.6874s
Epoch: 8 cost time: 60.79115915298462
Epoch: 8, Steps: 294 | Train Loss: 0.4228730 Vali Loss: 0.3336916 Test Loss: 0.3467339
EarlyStopping counter: 1 out of 3
Updating learning rate to 7.8125e-07
	iters: 100, epoch: 9 | loss: 0.4272982
	speed: 3.8881s/iter; left time: 1901.2890s
	iters: 200, epoch: 9 | loss: 0.4154134
	speed: 0.1928s/iter; left time: 74.9991s
Epoch: 9 cost time: 58.932047605514526
Epoch: 9, Steps: 294 | Train Loss: 0.4222687 Vali Loss: 0.3339899 Test Loss: 0.3432277
EarlyStopping counter: 2 out of 3
Updating learning rate to 3.90625e-07
	iters: 100, epoch: 10 | loss: 0.3730097
	speed: 5.8855s/iter; left time: 1147.6744s
	iters: 200, epoch: 10 | loss: 0.3313494
	speed: 0.1899s/iter; left time: 18.0452s
Epoch: 10 cost time: 59.528008460998535
Epoch: 10, Steps: 294 | Train Loss: 0.4219088 Vali Loss: 0.3348346 Test Loss: 0.3437787
EarlyStopping counter: 3 out of 3
Early stopping
Updating learning rate to 1.953125e-07
>>>>>>>testing : long_term_forecast_kdd_sub1_192_HGI_PerHKGNN_DYG_base_ftM_sl96_ll48_pl192_dm1024_nh8_el2_dl1_df512_fc3_ebtimeF_dtTrue_Exp_0<<<<<<<<<<<<<<<<<<<<<<<<<<<<<<<<<
DYG_base
原始数据形状: (108051, 6)
Index(['Bacterial Density', 'Viscosity', 'Alcohol Addition', 'Reducing Sugar',
       'Non Reducing Suger'],
      dtype='object')
test 21419
test shape: (21419, 1, 192, 5) (21419, 1, 192, 5)
test shape: (21419, 192, 5) (21419, 192, 5)
mae:0.3529, mse:0.3436
(21419, 192, 5)
(21419, 192, 5)
