True
2.3.0
True
Args in experiment:
Namespace(activation='gelu', anomaly_ratio=0.25, batch_size=256, c_out=5, channel_independent=1, checkpoints='./checkpoints/', d_ff=512, d_layers=1, d_model=1024, data='DYG_base', data_path='DYG_data_3_sub2.csv', dec_in=5, des='v2', device_ids=[2, 3, 4, 5], devices='2,3,4,5', direction=[1, 1, 2, 0, 2], distil=True, dropout=0.1, e_layers=2, embed='timeF', enc_in=5, enc_out=5, factor=3, features='M', freq='h', gpu=2, inverse=False, is_training=1, itr=1, label_len=48, learning_rate=0.0001, loss='MSE', lradj='type1', mask_rate=0.25, model='HGI_PerHKGNN', model_id='kdd_sub2_96_g4', moe_logits_init='{\n    "0": {0: 3.0, 1: 2.0, 2: 5.0},\n    "1": {0: 5.0, 1: 3.0, 2: 1.0},\n    "2": {0: 2.0, 1: 5.0, 2: 3.0}, \n    "3": {0: -5.0, 1: 3.0, 2: 5.0},\n    "4": {0: 5.0, 1: 4.0, 2: -5.0}\n}', moving_avg=25, n_heads=8, num_kernels=6, num_workers=10, output_attention=False, p_hidden_dims=[128, 128], p_hidden_layers=2, patience=3, pred_len=96, root_path='./data/DYG/KDD', seasonal_patterns='Monthly', seg_len=12, seq_len=96, target='v2', task_name='long_term_forecast', temp=4.0, top_k=5, train_epochs=10, use_amp=True, use_gpu=True, use_multi_gpu=True)
Use GPU: cuda:2
[HyperPearson] Dataset: sub2 | K-Groups: 4 | Hypergraph Built.
>>>>>>>start training : long_term_forecast_kdd_sub2_96_g4_HGI_PerHKGNN_DYG_base_ftM_sl96_ll48_pl96_dm1024_nh8_el2_dl1_df512_fc3_ebtimeF_dtTrue_v2_0>>>>>>>>>>>>>>>>>>>>>>>>>>
DYG_base
原始数据形状: (108051, 6)
Index(['Viscosity', 'Chemical Efficiency', 'DO Value', 'pH Online',
       'Air Flow'],
      dtype='object')
train 75444
DYG_base
原始数据形状: (108051, 6)
Index(['Viscosity', 'Chemical Efficiency', 'DO Value', 'pH Online',
       'Air Flow'],
      dtype='object')
val 10711
DYG_base
原始数据形状: (108051, 6)
Index(['Viscosity', 'Chemical Efficiency', 'DO Value', 'pH Online',
       'Air Flow'],
      dtype='object')
test 21515
	iters: 100, epoch: 1 | loss: 0.4493923
	speed: 0.0965s/iter; left time: 274.0632s
	iters: 200, epoch: 1 | loss: 0.3859649
	speed: 0.0728s/iter; left time: 199.6445s
Epoch: 1 cost time: 23.79725670814514
Epoch: 1, Steps: 294 | Train Loss: 0.4602527 Vali Loss: 0.4066929 Test Loss: 3.9673193
Validation loss decreased (inf --> 0.406693).  Saving model ...
Updating learning rate to 0.0001
	iters: 100, epoch: 2 | loss: 0.4324103
	speed: 1.9772s/iter; left time: 5035.8336s
	iters: 200, epoch: 2 | loss: 0.4091279
	speed: 0.0593s/iter; left time: 145.0984s
Epoch: 2 cost time: 18.35901117324829
Epoch: 2, Steps: 294 | Train Loss: 0.3709605 Vali Loss: 0.4000162 Test Loss: 4.0426507
Validation loss decreased (0.406693 --> 0.400016).  Saving model ...
Updating learning rate to 5e-05
	iters: 100, epoch: 3 | loss: 0.3266433
	speed: 2.0139s/iter; left time: 4537.3544s
	iters: 200, epoch: 3 | loss: 0.3300350
	speed: 0.0549s/iter; left time: 118.1842s
Epoch: 3 cost time: 17.958513975143433
Epoch: 3, Steps: 294 | Train Loss: 0.3482851 Vali Loss: 0.3931905 Test Loss: 3.9784980
Validation loss decreased (0.400016 --> 0.393190).  Saving model ...
Updating learning rate to 2.5e-05
	iters: 100, epoch: 4 | loss: 0.3396214
	speed: 2.0828s/iter; left time: 4080.1994s
	iters: 200, epoch: 4 | loss: 0.3396769
	speed: 0.0564s/iter; left time: 104.8193s
Epoch: 4 cost time: 19.087231636047363
Epoch: 4, Steps: 294 | Train Loss: 0.3346669 Vali Loss: 0.3925935 Test Loss: 3.9595029
Validation loss decreased (0.393190 --> 0.392593).  Saving model ...
Updating learning rate to 1.25e-05
	iters: 100, epoch: 5 | loss: 0.3217721
	speed: 2.1539s/iter; left time: 3586.2114s
	iters: 200, epoch: 5 | loss: 0.3038518
	speed: 0.0577s/iter; left time: 90.2616s
Epoch: 5 cost time: 18.201512813568115
Epoch: 5, Steps: 294 | Train Loss: 0.3280283 Vali Loss: 0.4002258 Test Loss: 3.9423716
EarlyStopping counter: 1 out of 3
Updating learning rate to 6.25e-06
	iters: 100, epoch: 6 | loss: 0.3008218
	speed: 2.0807s/iter; left time: 2852.6968s
	iters: 200, epoch: 6 | loss: 0.2795388
	speed: 0.0502s/iter; left time: 63.8093s
Epoch: 6 cost time: 15.895216941833496
Epoch: 6, Steps: 294 | Train Loss: 0.3245148 Vali Loss: 0.3928311 Test Loss: 3.9246554
EarlyStopping counter: 2 out of 3
Updating learning rate to 3.125e-06
	iters: 100, epoch: 7 | loss: 0.3082300
	speed: 2.1496s/iter; left time: 2315.0886s
	iters: 200, epoch: 7 | loss: 0.3974597
	speed: 0.0655s/iter; left time: 64.0292s
Epoch: 7 cost time: 21.13409733772278
Epoch: 7, Steps: 294 | Train Loss: 0.3227917 Vali Loss: 0.3911298 Test Loss: 3.9537847
Validation loss decreased (0.392593 --> 0.391130).  Saving model ...
Updating learning rate to 1.5625e-06
	iters: 100, epoch: 8 | loss: 0.2978658
	speed: 2.1263s/iter; left time: 1664.8546s
	iters: 200, epoch: 8 | loss: 0.3152406
	speed: 0.0686s/iter; left time: 46.8531s
Epoch: 8 cost time: 20.357409477233887
Epoch: 8, Steps: 294 | Train Loss: 0.3215953 Vali Loss: 0.3938769 Test Loss: 3.9561310
EarlyStopping counter: 1 out of 3
Updating learning rate to 7.8125e-07
	iters: 100, epoch: 9 | loss: 0.3073236
	speed: 2.1002s/iter; left time: 1027.0067s
	iters: 200, epoch: 9 | loss: 0.3293485
	speed: 0.0681s/iter; left time: 26.4980s
Epoch: 9 cost time: 21.773775100708008
Epoch: 9, Steps: 294 | Train Loss: 0.3213201 Vali Loss: 0.3936312 Test Loss: 3.9526958
EarlyStopping counter: 2 out of 3
Updating learning rate to 3.90625e-07
	iters: 100, epoch: 10 | loss: 0.3228263
	speed: 2.0875s/iter; left time: 407.0716s
	iters: 200, epoch: 10 | loss: 0.3120820
	speed: 0.0736s/iter; left time: 6.9875s
Epoch: 10 cost time: 22.867720127105713
Epoch: 10, Steps: 294 | Train Loss: 0.3211188 Vali Loss: 0.3941876 Test Loss: 3.9525397
EarlyStopping counter: 3 out of 3
Early stopping
Updating learning rate to 1.953125e-07
>>>>>>>testing : long_term_forecast_kdd_sub2_96_g4_HGI_PerHKGNN_DYG_base_ftM_sl96_ll48_pl96_dm1024_nh8_el2_dl1_df512_fc3_ebtimeF_dtTrue_v2_0<<<<<<<<<<<<<<<<<<<<<<<<<<<<<<<<<
DYG_base
原始数据形状: (108051, 6)
Index(['Viscosity', 'Chemical Efficiency', 'DO Value', 'pH Online',
       'Air Flow'],
      dtype='object')
test 21515
test shape: (21515, 1, 96, 5) (21515, 1, 96, 5)
test shape: (21515, 96, 5) (21515, 96, 5)
mae:0.5114, mse:3.9538
(21515, 96, 5)
(21515, 96, 5)
