True
2.3.0
True
Args in experiment:
Namespace(activation='gelu', anomaly_ratio=0.25, batch_size=256, c_out=5, channel_independent=1, checkpoints='./checkpoints/', d_ff=512, d_layers=1, d_model=1024, data='DYG_base', data_path='DYG_data_3_sub1.csv', dec_in=5, des='Exp', device_ids=[0, 1, 3], devices='0,1,3', direction=[1, 1, 2, 0, 0], distil=True, dropout=0.1, e_layers=2, embed='timeF', enc_in=5, enc_out=5, factor=3, features='M', freq='h', gpu=0, inverse=False, is_training=1, itr=1, label_len=48, learning_rate=0.0001, loss='MSE', lradj='type1', mask_rate=0.25, model='HGI_PerHKGNN', model_id='kdd_sub1_96', moe_logits_init='{\n    "0": {0: 5.0, 1: 1.0, 2: -5.0},  \n    "1": {0: 1.0, 1: 5.0, 2: -5.0},  \n    "2": {0: -5.0, 1: 1.0, 2: 5.0},  \n    "3": {0: -5.0, 1: 4.0, 2: 5.0},  \n    "4": {0: -5.0, 1: 4.0, 2: 5.0}\n}', moving_avg=25, n_heads=8, num_kernels=6, num_workers=10, output_attention=False, p_hidden_dims=[128, 128], p_hidden_layers=2, patience=3, pred_len=96, root_path='./data/DYG/KDD', seasonal_patterns='Monthly', seg_len=12, seq_len=96, target='g1', task_name='long_term_forecast', temp=1.0, top_k=5, train_epochs=10, use_amp=True, use_gpu=True, use_multi_gpu=True)
Use GPU: cuda:0
[HyperPearson] Dataset: sub1 | K-Groups: 1 | Hypergraph Built.
>>>>>>>start training : long_term_forecast_kdd_sub1_96_HGI_PerHKGNN_DYG_base_ftM_sl96_ll48_pl96_dm1024_nh8_el2_dl1_df512_fc3_ebtimeF_dtTrue_Exp_0>>>>>>>>>>>>>>>>>>>>>>>>>>
DYG_base
原始数据形状: (108051, 6)
Index(['Bacterial Density', 'Viscosity', 'Alcohol Addition', 'Reducing Sugar',
       'Non Reducing Suger'],
      dtype='object')
train 75444
DYG_base
原始数据形状: (108051, 6)
Index(['Bacterial Density', 'Viscosity', 'Alcohol Addition', 'Reducing Sugar',
       'Non Reducing Suger'],
      dtype='object')
val 10711
DYG_base
原始数据形状: (108051, 6)
Index(['Bacterial Density', 'Viscosity', 'Alcohol Addition', 'Reducing Sugar',
       'Non Reducing Suger'],
      dtype='object')
test 21515
	iters: 100, epoch: 1 | loss: 0.7268753
	speed: 0.1433s/iter; left time: 406.9793s
	iters: 200, epoch: 1 | loss: 0.6464260
	speed: 0.0971s/iter; left time: 266.0604s
Epoch: 1 cost time: 33.19598126411438
Epoch: 1, Steps: 294 | Train Loss: 0.5066508 Vali Loss: 0.2698466 Test Loss: 0.2717857
Validation loss decreased (inf --> 0.269847).  Saving model ...
Updating learning rate to 0.0001
	iters: 100, epoch: 2 | loss: 0.4621064
	speed: 1.6674s/iter; left time: 4246.7944s
	iters: 200, epoch: 2 | loss: 0.4899616
	speed: 0.0948s/iter; left time: 232.0313s
Epoch: 2 cost time: 31.67484164237976
Epoch: 2, Steps: 294 | Train Loss: 0.4270939 Vali Loss: 0.2595219 Test Loss: 0.2716974
Validation loss decreased (0.269847 --> 0.259522).  Saving model ...
Updating learning rate to 5e-05
	iters: 100, epoch: 3 | loss: 0.4077645
	speed: 1.8737s/iter; left time: 4221.4251s
	iters: 200, epoch: 3 | loss: 0.2565962
	speed: 0.1438s/iter; left time: 309.7022s
Epoch: 3 cost time: 43.28982186317444
Epoch: 3, Steps: 294 | Train Loss: 0.3996523 Vali Loss: 0.2544206 Test Loss: 0.2665824
Validation loss decreased (0.259522 --> 0.254421).  Saving model ...
Updating learning rate to 2.5e-05
	iters: 100, epoch: 4 | loss: 0.4707343
	speed: 1.9359s/iter; left time: 3792.4812s
	iters: 200, epoch: 4 | loss: 0.3772665
	speed: 0.0663s/iter; left time: 123.1707s
Epoch: 4 cost time: 20.21128273010254
Epoch: 4, Steps: 294 | Train Loss: 0.3853069 Vali Loss: 0.2518106 Test Loss: 0.2564400
Validation loss decreased (0.254421 --> 0.251811).  Saving model ...
Updating learning rate to 1.25e-05
	iters: 100, epoch: 5 | loss: 0.2790234
	speed: 1.5481s/iter; left time: 2577.5064s
	iters: 200, epoch: 5 | loss: 0.2919582
	speed: 0.0781s/iter; left time: 122.1774s
Epoch: 5 cost time: 26.947359085083008
Epoch: 5, Steps: 294 | Train Loss: 0.3728202 Vali Loss: 0.2585161 Test Loss: 0.2624084
EarlyStopping counter: 1 out of 3
Updating learning rate to 6.25e-06
	iters: 100, epoch: 6 | loss: 0.3925201
	speed: 2.4016s/iter; left time: 3292.5746s
	iters: 200, epoch: 6 | loss: 0.3179868
	speed: 0.1092s/iter; left time: 138.7329s
Epoch: 6 cost time: 33.81906700134277
Epoch: 6, Steps: 294 | Train Loss: 0.3655971 Vali Loss: 0.2497675 Test Loss: 0.2599065
Validation loss decreased (0.251811 --> 0.249768).  Saving model ...
Updating learning rate to 3.125e-06
	iters: 100, epoch: 7 | loss: 0.1672714
	speed: 2.3456s/iter; left time: 2526.1847s
	iters: 200, epoch: 7 | loss: 0.2826037
	speed: 0.0643s/iter; left time: 62.8650s
Epoch: 7 cost time: 24.552063703536987
Epoch: 7, Steps: 294 | Train Loss: 0.3615737 Vali Loss: 0.2491526 Test Loss: 0.2609988
Validation loss decreased (0.249768 --> 0.249153).  Saving model ...
Updating learning rate to 1.5625e-06
	iters: 100, epoch: 8 | loss: 0.5505352
	speed: 2.8718s/iter; left time: 2248.6007s
	iters: 200, epoch: 8 | loss: 0.2180162
	speed: 0.1174s/iter; left time: 80.2171s
Epoch: 8 cost time: 35.29447913169861
Epoch: 8, Steps: 294 | Train Loss: 0.3597137 Vali Loss: 0.2488189 Test Loss: 0.2561215
Validation loss decreased (0.249153 --> 0.248819).  Saving model ...
Updating learning rate to 7.8125e-07
	iters: 100, epoch: 9 | loss: 0.3106509
	speed: 1.5775s/iter; left time: 771.4044s
	iters: 200, epoch: 9 | loss: 0.3913485
	speed: 0.0623s/iter; left time: 24.2441s
Epoch: 9 cost time: 19.83487606048584
Epoch: 9, Steps: 294 | Train Loss: 0.3587411 Vali Loss: 0.2479686 Test Loss: 0.2582404
Validation loss decreased (0.248819 --> 0.247969).  Saving model ...
Updating learning rate to 3.90625e-07
	iters: 100, epoch: 10 | loss: 0.3570783
	speed: 2.0453s/iter; left time: 398.8391s
	iters: 200, epoch: 10 | loss: 0.7172238
	speed: 0.1159s/iter; left time: 11.0059s
Epoch: 10 cost time: 34.26906895637512
Epoch: 10, Steps: 294 | Train Loss: 0.3583761 Vali Loss: 0.2483521 Test Loss: 0.2587825
EarlyStopping counter: 1 out of 3
Updating learning rate to 1.953125e-07
>>>>>>>testing : long_term_forecast_kdd_sub1_96_HGI_PerHKGNN_DYG_base_ftM_sl96_ll48_pl96_dm1024_nh8_el2_dl1_df512_fc3_ebtimeF_dtTrue_Exp_0<<<<<<<<<<<<<<<<<<<<<<<<<<<<<<<<<
DYG_base
原始数据形状: (108051, 6)
Index(['Bacterial Density', 'Viscosity', 'Alcohol Addition', 'Reducing Sugar',
       'Non Reducing Suger'],
      dtype='object')
test 21515
test shape: (21515, 1, 96, 5) (21515, 1, 96, 5)
test shape: (21515, 96, 5) (21515, 96, 5)
mae:0.2922, mse:0.2582
(21515, 96, 5)
(21515, 96, 5)
