True
2.3.0
True
Args in experiment:
Namespace(activation='gelu', anomaly_ratio=0.25, batch_size=256, c_out=5, channel_independent=1, checkpoints='./checkpoints/', d_ff=512, d_layers=1, d_model=1024, data='DYG_base', data_path='DYG_data_3_sub2.csv', dec_in=5, des='v2', device_ids=[2, 3, 4, 5], devices='2,3,4,5', direction=[1, 1, 2, 0, 2], distil=True, dropout=0.1, e_layers=2, embed='timeF', enc_in=5, enc_out=5, factor=3, features='M', freq='h', gpu=2, inverse=False, is_training=1, itr=1, label_len=48, learning_rate=0.0001, loss='MSE', lradj='type1', mask_rate=0.25, model='HGI_PerHKGNN', model_id='kdd_sub2_336_g2', moe_logits_init='{\n    "0": {0: 3.0, 1: 2.0, 2: 5.0},\n    "1": {0: 5.0, 1: 3.0, 2: 1.0},\n    "2": {0: 2.0, 1: 5.0, 2: 3.0}, \n    "3": {0: -5.0, 1: 3.0, 2: 5.0},\n    "4": {0: 5.0, 1: 4.0, 2: -5.0}\n}', moving_avg=25, n_heads=8, num_kernels=6, num_workers=10, output_attention=False, p_hidden_dims=[128, 128], p_hidden_layers=2, patience=3, pred_len=336, root_path='./data/DYG/KDD', seasonal_patterns='Monthly', seg_len=12, seq_len=96, target='v2', task_name='long_term_forecast', temp=2.0, top_k=5, train_epochs=10, use_amp=True, use_gpu=True, use_multi_gpu=True)
Use GPU: cuda:2
[HyperPearson] Dataset: sub2 | K-Groups: 2 | Hypergraph Built.
>>>>>>>start training : long_term_forecast_kdd_sub2_336_g2_HGI_PerHKGNN_DYG_base_ftM_sl96_ll48_pl336_dm1024_nh8_el2_dl1_df512_fc3_ebtimeF_dtTrue_v2_0>>>>>>>>>>>>>>>>>>>>>>>>>>
DYG_base
原始数据形状: (108051, 6)
Index(['Viscosity', 'Chemical Efficiency', 'DO Value', 'pH Online',
       'Air Flow'],
      dtype='object')
train 75204
DYG_base
原始数据形状: (108051, 6)
Index(['Viscosity', 'Chemical Efficiency', 'DO Value', 'pH Online',
       'Air Flow'],
      dtype='object')
val 10471
DYG_base
原始数据形状: (108051, 6)
Index(['Viscosity', 'Chemical Efficiency', 'DO Value', 'pH Online',
       'Air Flow'],
      dtype='object')
test 21275
	iters: 100, epoch: 1 | loss: 0.5588096
	speed: 0.1238s/iter; left time: 350.5374s
	iters: 200, epoch: 1 | loss: 0.5383355
	speed: 0.0980s/iter; left time: 267.5586s
Epoch: 1 cost time: 30.36177635192871
Epoch: 1, Steps: 293 | Train Loss: 0.5993015 Vali Loss: 0.5563796 Test Loss: 4.4958501
Validation loss decreased (inf --> 0.556380).  Saving model ...
Updating learning rate to 0.0001
	iters: 100, epoch: 2 | loss: 0.5956398
	speed: 2.4432s/iter; left time: 6200.9122s
	iters: 200, epoch: 2 | loss: 0.4504346
	speed: 0.1048s/iter; left time: 255.5769s
Epoch: 2 cost time: 30.86076045036316
Epoch: 2, Steps: 293 | Train Loss: 0.5132122 Vali Loss: 0.5481360 Test Loss: 4.4825249
Validation loss decreased (0.556380 --> 0.548136).  Saving model ...
Updating learning rate to 5e-05
	iters: 100, epoch: 3 | loss: 0.4556422
	speed: 2.2252s/iter; left time: 4995.5485s
	iters: 200, epoch: 3 | loss: 0.4977040
	speed: 0.0785s/iter; left time: 168.3664s
Epoch: 3 cost time: 26.079905033111572
Epoch: 3, Steps: 293 | Train Loss: 0.4924311 Vali Loss: 0.5478065 Test Loss: 4.5350590
Validation loss decreased (0.548136 --> 0.547807).  Saving model ...
Updating learning rate to 2.5e-05
	iters: 100, epoch: 4 | loss: 0.4864151
	speed: 2.3162s/iter; left time: 4521.1493s
	iters: 200, epoch: 4 | loss: 0.4753623
	speed: 0.0867s/iter; left time: 160.4979s
Epoch: 4 cost time: 28.14942169189453
Epoch: 4, Steps: 293 | Train Loss: 0.4806438 Vali Loss: 0.5493596 Test Loss: 4.5769720
EarlyStopping counter: 1 out of 3
Updating learning rate to 1.25e-05
	iters: 100, epoch: 5 | loss: 0.4449950
	speed: 2.3344s/iter; left time: 3872.7735s
	iters: 200, epoch: 5 | loss: 0.4977841
	speed: 0.0801s/iter; left time: 124.9437s
Epoch: 5 cost time: 27.49265694618225
Epoch: 5, Steps: 293 | Train Loss: 0.4733141 Vali Loss: 0.5568298 Test Loss: 4.5884733
EarlyStopping counter: 2 out of 3
Updating learning rate to 6.25e-06
	iters: 100, epoch: 6 | loss: 0.4420005
	speed: 2.0512s/iter; left time: 2801.9693s
	iters: 200, epoch: 6 | loss: 0.4232811
	speed: 0.0832s/iter; left time: 105.3095s
Epoch: 6 cost time: 26.860673904418945
Epoch: 6, Steps: 293 | Train Loss: 0.4690015 Vali Loss: 0.5529232 Test Loss: 4.6216688
EarlyStopping counter: 3 out of 3
Early stopping
Updating learning rate to 3.125e-06
	iters: 100, epoch: 7 | loss: 0.4732940
	speed: 2.2162s/iter; left time: 2377.9593s
	iters: 200, epoch: 7 | loss: 0.4704584
	speed: 0.0993s/iter; left time: 96.6594s
Epoch: 7 cost time: 31.458837032318115
Epoch: 7, Steps: 293 | Train Loss: 0.4663584 Vali Loss: 0.5503280 Test Loss: 4.6240501
EarlyStopping counter: 4 out of 3
Early stopping
Updating learning rate to 1.5625e-06
	iters: 100, epoch: 8 | loss: 0.4430737
	speed: 1.9922s/iter; left time: 1553.9052s
	iters: 200, epoch: 8 | loss: 0.4840767
	speed: 0.0809s/iter; left time: 55.0012s
Epoch: 8 cost time: 26.571040868759155
Epoch: 8, Steps: 293 | Train Loss: 0.4650959 Vali Loss: 0.5524168 Test Loss: 4.6196194
EarlyStopping counter: 5 out of 3
Early stopping
Updating learning rate to 7.8125e-07
	iters: 100, epoch: 9 | loss: 0.4716707
	speed: 2.0111s/iter; left time: 979.4088s
	iters: 200, epoch: 9 | loss: 0.4962830
	speed: 0.0835s/iter; left time: 32.3105s
Epoch: 9 cost time: 26.75647282600403
Epoch: 9, Steps: 293 | Train Loss: 0.4641476 Vali Loss: 0.5522590 Test Loss: 4.6150737
EarlyStopping counter: 6 out of 3
Early stopping
Updating learning rate to 3.90625e-07
	iters: 100, epoch: 10 | loss: 0.4933226
	speed: 2.0762s/iter; left time: 402.7755s
	iters: 200, epoch: 10 | loss: 0.4259159
	speed: 0.0801s/iter; left time: 7.5252s
Epoch: 10 cost time: 25.95418381690979
Epoch: 10, Steps: 293 | Train Loss: 0.4639882 Vali Loss: 0.5520480 Test Loss: 4.6176677
EarlyStopping counter: 7 out of 3
Early stopping
Updating learning rate to 1.953125e-07
>>>>>>>testing : long_term_forecast_kdd_sub2_336_g2_HGI_PerHKGNN_DYG_base_ftM_sl96_ll48_pl336_dm1024_nh8_el2_dl1_df512_fc3_ebtimeF_dtTrue_v2_0<<<<<<<<<<<<<<<<<<<<<<<<<<<<<<<<<
DYG_base
原始数据形状: (108051, 6)
Index(['Viscosity', 'Chemical Efficiency', 'DO Value', 'pH Online',
       'Air Flow'],
      dtype='object')
test 21275
test shape: (21275, 1, 336, 5) (21275, 1, 336, 5)
test shape: (21275, 336, 5) (21275, 336, 5)
mae:0.5995, mse:4.5351
(21275, 336, 5)
(21275, 336, 5)
