True
2.3.0
True
Args in experiment:
Namespace(activation='gelu', anomaly_ratio=0.25, batch_size=256, c_out=5, channel_independent=1, checkpoints='./checkpoints/', d_ff=512, d_layers=1, d_model=1024, data='DYG_base', data_path='DYG_data_3_sub2.csv', dec_in=5, des='v2', device_ids=[2, 3, 4, 5], devices='2,3,4,5', direction=[1, 1, 2, 0, 2], distil=True, dropout=0.1, e_layers=2, embed='timeF', enc_in=5, enc_out=5, factor=3, features='M', freq='h', gpu=2, inverse=False, is_training=1, itr=1, label_len=48, learning_rate=0.0001, loss='MSE', lradj='type1', mask_rate=0.25, model='HGI_PerHKGNN', model_id='kdd_sub2_336_g5', moe_logits_init='{\n    "0": {0: 3.0, 1: 2.0, 2: 5.0},\n    "1": {0: 5.0, 1: 3.0, 2: 1.0},\n    "2": {0: 2.0, 1: 5.0, 2: 3.0}, \n    "3": {0: -5.0, 1: 3.0, 2: 5.0},\n    "4": {0: 5.0, 1: 4.0, 2: -5.0}\n}', moving_avg=25, n_heads=8, num_kernels=6, num_workers=10, output_attention=False, p_hidden_dims=[128, 128], p_hidden_layers=2, patience=3, pred_len=336, root_path='./data/DYG/KDD', seasonal_patterns='Monthly', seg_len=12, seq_len=96, target='v2', task_name='long_term_forecast', temp=5.0, top_k=5, train_epochs=10, use_amp=True, use_gpu=True, use_multi_gpu=True)
Use GPU: cuda:2
[HyperPearson] Dataset: sub2 | K-Groups: 5 | Hypergraph Built.
>>>>>>>start training : long_term_forecast_kdd_sub2_336_g5_HGI_PerHKGNN_DYG_base_ftM_sl96_ll48_pl336_dm1024_nh8_el2_dl1_df512_fc3_ebtimeF_dtTrue_v2_0>>>>>>>>>>>>>>>>>>>>>>>>>>
DYG_base
原始数据形状: (108051, 6)
Index(['Viscosity', 'Chemical Efficiency', 'DO Value', 'pH Online',
       'Air Flow'],
      dtype='object')
train 75204
DYG_base
原始数据形状: (108051, 6)
Index(['Viscosity', 'Chemical Efficiency', 'DO Value', 'pH Online',
       'Air Flow'],
      dtype='object')
val 10471
DYG_base
原始数据形状: (108051, 6)
Index(['Viscosity', 'Chemical Efficiency', 'DO Value', 'pH Online',
       'Air Flow'],
      dtype='object')
test 21275
	iters: 100, epoch: 1 | loss: 0.5598086
	speed: 0.1617s/iter; left time: 457.6514s
	iters: 200, epoch: 1 | loss: 0.5392562
	speed: 0.1312s/iter; left time: 358.4204s
Epoch: 1 cost time: 40.55974245071411
Epoch: 1, Steps: 293 | Train Loss: 0.6006759 Vali Loss: 0.5570024 Test Loss: 4.4840732
Validation loss decreased (inf --> 0.557002).  Saving model ...
Updating learning rate to 0.0001
	iters: 100, epoch: 2 | loss: 0.5998936
	speed: 6.3006s/iter; left time: 15990.8039s
	iters: 200, epoch: 2 | loss: 0.4512303
	speed: 0.1250s/iter; left time: 304.8470s
Epoch: 2 cost time: 41.56298041343689
Epoch: 2, Steps: 293 | Train Loss: 0.5139005 Vali Loss: 0.5507907 Test Loss: 4.4909925
Validation loss decreased (0.557002 --> 0.550791).  Saving model ...
Updating learning rate to 5e-05
	iters: 100, epoch: 3 | loss: 0.4571207
	speed: 6.0714s/iter; left time: 13630.1870s
	iters: 200, epoch: 3 | loss: 0.4999852
	speed: 0.1265s/iter; left time: 271.4327s
Epoch: 3 cost time: 40.029255628585815
Epoch: 3, Steps: 293 | Train Loss: 0.4937837 Vali Loss: 0.5491969 Test Loss: 4.5397644
Validation loss decreased (0.550791 --> 0.549197).  Saving model ...
Updating learning rate to 2.5e-05
	iters: 100, epoch: 4 | loss: 0.4880252
	speed: 5.9623s/iter; left time: 11638.3593s
	iters: 200, epoch: 4 | loss: 0.4777506
	speed: 0.1295s/iter; left time: 239.9082s
Epoch: 4 cost time: 41.34868621826172
Epoch: 4, Steps: 293 | Train Loss: 0.4823959 Vali Loss: 0.5516024 Test Loss: 4.5642405
EarlyStopping counter: 1 out of 3
Updating learning rate to 1.25e-05
	iters: 100, epoch: 5 | loss: 0.4466819
	speed: 5.7138s/iter; left time: 9479.2492s
	iters: 200, epoch: 5 | loss: 0.4950094
	speed: 0.1466s/iter; left time: 228.4947s
Epoch: 5 cost time: 48.089882135391235
Epoch: 5, Steps: 293 | Train Loss: 0.4748720 Vali Loss: 0.5579277 Test Loss: 4.5861683
EarlyStopping counter: 2 out of 3
Updating learning rate to 6.25e-06
	iters: 100, epoch: 6 | loss: 0.4456987
	speed: 4.5110s/iter; left time: 6161.9651s
	iters: 200, epoch: 6 | loss: 0.4214062
	speed: 0.1143s/iter; left time: 144.7113s
Epoch: 6 cost time: 37.97675919532776
Epoch: 6, Steps: 293 | Train Loss: 0.4706400 Vali Loss: 0.5532997 Test Loss: 4.6213393
EarlyStopping counter: 3 out of 3
Early stopping
Updating learning rate to 3.125e-06
	iters: 100, epoch: 7 | loss: 0.4706309
	speed: 4.7060s/iter; left time: 5049.5210s
	iters: 200, epoch: 7 | loss: 0.4703984
	speed: 0.1165s/iter; left time: 113.3407s
Epoch: 7 cost time: 42.01474404335022
Epoch: 7, Steps: 293 | Train Loss: 0.4680488 Vali Loss: 0.5506865 Test Loss: 4.6237726
EarlyStopping counter: 4 out of 3
Early stopping
Updating learning rate to 1.5625e-06
	iters: 100, epoch: 8 | loss: 0.4417959
	speed: 4.9301s/iter; left time: 3845.4958s
	iters: 200, epoch: 8 | loss: 0.4759721
	speed: 0.1354s/iter; left time: 92.0460s
Epoch: 8 cost time: 42.39849233627319
Epoch: 8, Steps: 293 | Train Loss: 0.4667599 Vali Loss: 0.5523520 Test Loss: 4.6222968
EarlyStopping counter: 5 out of 3
Early stopping
Updating learning rate to 7.8125e-07
	iters: 100, epoch: 9 | loss: 0.4753062
	speed: 4.7770s/iter; left time: 2326.3832s
	iters: 200, epoch: 9 | loss: 0.4954536
	speed: 0.1295s/iter; left time: 50.1348s
Epoch: 9 cost time: 42.76491045951843
Epoch: 9, Steps: 293 | Train Loss: 0.4658153 Vali Loss: 0.5524442 Test Loss: 4.6205301
EarlyStopping counter: 6 out of 3
Early stopping
Updating learning rate to 3.90625e-07
	iters: 100, epoch: 10 | loss: 0.4920350
	speed: 4.9568s/iter; left time: 961.6191s
	iters: 200, epoch: 10 | loss: 0.4298704
	speed: 0.1275s/iter; left time: 11.9865s
Epoch: 10 cost time: 42.06581974029541
Epoch: 10, Steps: 293 | Train Loss: 0.4656904 Vali Loss: 0.5521412 Test Loss: 4.6236734
EarlyStopping counter: 7 out of 3
Early stopping
Updating learning rate to 1.953125e-07
>>>>>>>testing : long_term_forecast_kdd_sub2_336_g5_HGI_PerHKGNN_DYG_base_ftM_sl96_ll48_pl336_dm1024_nh8_el2_dl1_df512_fc3_ebtimeF_dtTrue_v2_0<<<<<<<<<<<<<<<<<<<<<<<<<<<<<<<<<
DYG_base
原始数据形状: (108051, 6)
Index(['Viscosity', 'Chemical Efficiency', 'DO Value', 'pH Online',
       'Air Flow'],
      dtype='object')
test 21275
test shape: (21275, 1, 336, 5) (21275, 1, 336, 5)
test shape: (21275, 336, 5) (21275, 336, 5)
mae:0.5980, mse:4.5398
(21275, 336, 5)
(21275, 336, 5)
