True
2.3.0
True
Args in experiment:
Namespace(activation='gelu', anomaly_ratio=0.25, batch_size=256, c_out=5, channel_independent=1, checkpoints='./checkpoints/', d_ff=512, d_layers=1, d_model=1024, data='DYG_base', data_path='DYG_data_3_sub1.csv', dec_in=5, des='zs', device_ids=[1, 2, 3, 4], devices='1,2,3,4', direction=[1, 1, 2, 0, 0], distil=True, dropout=0.1, e_layers=2, embed='timeF', enc_in=5, enc_out=5, factor=3, features='M', freq='h', gpu=1, inverse=False, is_training=1, itr=1, label_len=48, learning_rate=0.0001, loss='MSE', lradj='type1', mask_rate=0.25, model='HGI_PerHKGNN', model_id='kdd_sub1_96_g4', moe_logits_init='{\n    "0": {0: 5.0, 1: 1.0, 2: -5.0},  \n    "1": {0: 1.0, 1: 5.0, 2: -5.0},  \n    "2": {0: -5.0, 1: 1.0, 2: 5.0},  \n    "3": {0: -5.0, 1: 4.0, 2: 5.0},  \n    "4": {0: -5.0, 1: 4.0, 2: 5.0}\n}', moving_avg=25, n_heads=8, num_kernels=6, num_workers=10, output_attention=False, p_hidden_dims=[128, 128], p_hidden_layers=2, patience=3, pred_len=96, root_path='./data/DYG/KDD', seasonal_patterns='Monthly', seg_len=12, seq_len=96, target='zs', task_name='long_term_forecast', temp=4.0, top_k=5, train_epochs=10, use_amp=True, use_gpu=True, use_multi_gpu=True)
Use GPU: cuda:1
[HyperPearson] Dataset: sub1 | K-Groups: 4 | Hypergraph Built.
>>>>>>>start training : long_term_forecast_kdd_sub1_96_g4_HGI_PerHKGNN_DYG_base_ftM_sl96_ll48_pl96_dm1024_nh8_el2_dl1_df512_fc3_ebtimeF_dtTrue_zs_0>>>>>>>>>>>>>>>>>>>>>>>>>>
DYG_base
原始数据形状: (108051, 6)
Index(['Bacterial Density', 'Viscosity', 'Alcohol Addition', 'Reducing Sugar',
       'Non Reducing Suger'],
      dtype='object')
train 75444
DYG_base
原始数据形状: (108051, 6)
Index(['Bacterial Density', 'Viscosity', 'Alcohol Addition', 'Reducing Sugar',
       'Non Reducing Suger'],
      dtype='object')
val 10711
DYG_base
原始数据形状: (108051, 6)
Index(['Bacterial Density', 'Viscosity', 'Alcohol Addition', 'Reducing Sugar',
       'Non Reducing Suger'],
      dtype='object')
test 21515
	iters: 100, epoch: 1 | loss: 0.7228156
	speed: 0.3171s/iter; left time: 900.7452s
	iters: 200, epoch: 1 | loss: 0.6422563
	speed: 0.2312s/iter; left time: 633.7466s
Epoch: 1 cost time: 73.04850101470947
Epoch: 1, Steps: 294 | Train Loss: 0.5062364 Vali Loss: 0.2741237 Test Loss: 0.2742557
Validation loss decreased (inf --> 0.274124).  Saving model ...
Updating learning rate to 0.0001
	iters: 100, epoch: 2 | loss: 0.4619558
	speed: 5.2790s/iter; left time: 13445.6811s
	iters: 200, epoch: 2 | loss: 0.4899446
	speed: 0.2343s/iter; left time: 573.2345s
Epoch: 2 cost time: 70.78746628761292
Epoch: 2, Steps: 294 | Train Loss: 0.4283753 Vali Loss: 0.2681461 Test Loss: 0.2701075
Validation loss decreased (0.274124 --> 0.268146).  Saving model ...
Updating learning rate to 5e-05
	iters: 100, epoch: 3 | loss: 0.4129895
	speed: 5.3624s/iter; left time: 12081.5484s
	iters: 200, epoch: 3 | loss: 0.2591831
	speed: 0.2184s/iter; left time: 470.1841s
Epoch: 3 cost time: 67.62634682655334
Epoch: 3, Steps: 294 | Train Loss: 0.3994344 Vali Loss: 0.2655786 Test Loss: 0.2700486
Validation loss decreased (0.268146 --> 0.265579).  Saving model ...
Updating learning rate to 2.5e-05
	iters: 100, epoch: 4 | loss: 0.4719757
	speed: 4.9452s/iter; left time: 9687.7013s
	iters: 200, epoch: 4 | loss: 0.3059810
	speed: 0.2318s/iter; left time: 430.8730s
Epoch: 4 cost time: 68.36064052581787
Epoch: 4, Steps: 294 | Train Loss: 0.3802221 Vali Loss: 0.2647044 Test Loss: 0.2643228
Validation loss decreased (0.265579 --> 0.264704).  Saving model ...
Updating learning rate to 1.25e-05
	iters: 100, epoch: 5 | loss: 0.2836112
	speed: 2.8368s/iter; left time: 4723.2978s
	iters: 200, epoch: 5 | loss: 0.2988001
	speed: 0.1917s/iter; left time: 300.0611s
Epoch: 5 cost time: 56.81121563911438
Epoch: 5, Steps: 294 | Train Loss: 0.3659930 Vali Loss: 0.2687695 Test Loss: 0.2715826
EarlyStopping counter: 1 out of 3
Updating learning rate to 6.25e-06
	iters: 100, epoch: 6 | loss: 0.3970675
	speed: 2.9256s/iter; left time: 4010.9605s
	iters: 200, epoch: 6 | loss: 0.3118909
	speed: 0.1868s/iter; left time: 237.4259s
Epoch: 6 cost time: 56.24119448661804
Epoch: 6, Steps: 294 | Train Loss: 0.3576646 Vali Loss: 0.2623305 Test Loss: 0.2688088
Validation loss decreased (0.264704 --> 0.262331).  Saving model ...
Updating learning rate to 3.125e-06
	iters: 100, epoch: 7 | loss: 0.1697344
	speed: 2.8561s/iter; left time: 3075.9704s
	iters: 200, epoch: 7 | loss: 0.2934866
	speed: 0.1779s/iter; left time: 173.7712s
Epoch: 7 cost time: 54.36526703834534
Epoch: 7, Steps: 294 | Train Loss: 0.3518641 Vali Loss: 0.2622865 Test Loss: 0.2736888
Validation loss decreased (0.262331 --> 0.262287).  Saving model ...
Updating learning rate to 1.5625e-06
	iters: 100, epoch: 8 | loss: 0.5572270
	speed: 2.4130s/iter; left time: 1889.3796s
	iters: 200, epoch: 8 | loss: 0.2203759
	speed: 0.1862s/iter; left time: 127.1882s
Epoch: 8 cost time: 55.70680475234985
Epoch: 8, Steps: 294 | Train Loss: 0.3489153 Vali Loss: 0.2640514 Test Loss: 0.2691845
EarlyStopping counter: 1 out of 3
Updating learning rate to 7.8125e-07
	iters: 100, epoch: 9 | loss: 0.2199502
	speed: 2.8484s/iter; left time: 1392.8837s
	iters: 200, epoch: 9 | loss: 0.3836185
	speed: 0.1881s/iter; left time: 73.1740s
Epoch: 9 cost time: 55.77444839477539
Epoch: 9, Steps: 294 | Train Loss: 0.3476621 Vali Loss: 0.2629832 Test Loss: 0.2710045
EarlyStopping counter: 2 out of 3
Updating learning rate to 3.90625e-07
	iters: 100, epoch: 10 | loss: 0.3692374
	speed: 2.7769s/iter; left time: 541.4971s
	iters: 200, epoch: 10 | loss: 0.6735873
	speed: 0.2065s/iter; left time: 19.6154s
Epoch: 10 cost time: 61.57939291000366
Epoch: 10, Steps: 294 | Train Loss: 0.3471586 Vali Loss: 0.2630731 Test Loss: 0.2722392
EarlyStopping counter: 3 out of 3
Early stopping
Updating learning rate to 1.953125e-07
>>>>>>>testing : long_term_forecast_kdd_sub1_96_g4_HGI_PerHKGNN_DYG_base_ftM_sl96_ll48_pl96_dm1024_nh8_el2_dl1_df512_fc3_ebtimeF_dtTrue_zs_0<<<<<<<<<<<<<<<<<<<<<<<<<<<<<<<<<
DYG_base
原始数据形状: (108051, 6)
Index(['Bacterial Density', 'Viscosity', 'Alcohol Addition', 'Reducing Sugar',
       'Non Reducing Suger'],
      dtype='object')
test 21515
test shape: (21515, 1, 96, 5) (21515, 1, 96, 5)
test shape: (21515, 96, 5) (21515, 96, 5)
mae:0.3012, mse:0.2737
(21515, 96, 5)
(21515, 96, 5)
