True
2.3.0
True
Args in experiment:
Namespace(activation='gelu', anomaly_ratio=0.25, batch_size=256, c_out=5, channel_independent=1, checkpoints='./checkpoints/', d_ff=512, d_layers=1, d_model=1024, data='DYG_base', data_path='DYG_data_3_sub1.csv', dec_in=5, des='zs', device_ids=[1, 2, 3, 4], devices='1,2,3,4', direction=[1, 1, 2, 0, 0], distil=True, dropout=0.1, e_layers=2, embed='timeF', enc_in=5, enc_out=5, factor=3, features='M', freq='h', gpu=1, inverse=False, is_training=1, itr=1, label_len=48, learning_rate=0.0001, loss='MSE', lradj='type1', mask_rate=0.25, model='HGI_PerHKGNN', model_id='kdd_sub1_96_g5', moe_logits_init='{\n    "0": {0: 5.0, 1: 1.0, 2: -5.0},  \n    "1": {0: 1.0, 1: 5.0, 2: -5.0},  \n    "2": {0: -5.0, 1: 1.0, 2: 5.0},  \n    "3": {0: -5.0, 1: 4.0, 2: 5.0},  \n    "4": {0: -5.0, 1: 4.0, 2: 5.0}\n}', moving_avg=25, n_heads=8, num_kernels=6, num_workers=10, output_attention=False, p_hidden_dims=[128, 128], p_hidden_layers=2, patience=3, pred_len=96, root_path='./data/DYG/KDD', seasonal_patterns='Monthly', seg_len=12, seq_len=96, target='zs', task_name='long_term_forecast', temp=5.0, top_k=5, train_epochs=10, use_amp=True, use_gpu=True, use_multi_gpu=True)
Use GPU: cuda:1
[HyperPearson] Dataset: sub1 | K-Groups: 5 | Hypergraph Built.
>>>>>>>start training : long_term_forecast_kdd_sub1_96_g5_HGI_PerHKGNN_DYG_base_ftM_sl96_ll48_pl96_dm1024_nh8_el2_dl1_df512_fc3_ebtimeF_dtTrue_zs_0>>>>>>>>>>>>>>>>>>>>>>>>>>
DYG_base
原始数据形状: (108051, 6)
Index(['Bacterial Density', 'Viscosity', 'Alcohol Addition', 'Reducing Sugar',
       'Non Reducing Suger'],
      dtype='object')
train 75444
DYG_base
原始数据形状: (108051, 6)
Index(['Bacterial Density', 'Viscosity', 'Alcohol Addition', 'Reducing Sugar',
       'Non Reducing Suger'],
      dtype='object')
val 10711
DYG_base
原始数据形状: (108051, 6)
Index(['Bacterial Density', 'Viscosity', 'Alcohol Addition', 'Reducing Sugar',
       'Non Reducing Suger'],
      dtype='object')
test 21515
	iters: 100, epoch: 1 | loss: 0.7199989
	speed: 0.2566s/iter; left time: 729.0560s
	iters: 200, epoch: 1 | loss: 0.6424950
	speed: 0.1780s/iter; left time: 488.0011s
Epoch: 1 cost time: 60.13483285903931
Epoch: 1, Steps: 294 | Train Loss: 0.5065490 Vali Loss: 0.2737863 Test Loss: 0.2742376
Validation loss decreased (inf --> 0.273786).  Saving model ...
Updating learning rate to 0.0001
	iters: 100, epoch: 2 | loss: 0.4629597
	speed: 4.5855s/iter; left time: 11679.3006s
	iters: 200, epoch: 2 | loss: 0.4906487
	speed: 0.1849s/iter; left time: 452.4937s
Epoch: 2 cost time: 55.68410515785217
Epoch: 2, Steps: 294 | Train Loss: 0.4288867 Vali Loss: 0.2664516 Test Loss: 0.2704523
Validation loss decreased (0.273786 --> 0.266452).  Saving model ...
Updating learning rate to 5e-05
	iters: 100, epoch: 3 | loss: 0.4149763
	speed: 4.4892s/iter; left time: 10114.1995s
	iters: 200, epoch: 3 | loss: 0.2603120
	speed: 0.1728s/iter; left time: 372.1047s
Epoch: 3 cost time: 53.86221694946289
Epoch: 3, Steps: 294 | Train Loss: 0.4014035 Vali Loss: 0.2640225 Test Loss: 0.2714632
Validation loss decreased (0.266452 --> 0.264022).  Saving model ...
Updating learning rate to 2.5e-05
	iters: 100, epoch: 4 | loss: 0.4786534
	speed: 4.1617s/iter; left time: 8152.7269s
	iters: 200, epoch: 4 | loss: 0.3150996
	speed: 0.1824s/iter; left time: 339.1346s
Epoch: 4 cost time: 54.89375877380371
Epoch: 4, Steps: 294 | Train Loss: 0.3829773 Vali Loss: 0.2626146 Test Loss: 0.2645622
Validation loss decreased (0.264022 --> 0.262615).  Saving model ...
Updating learning rate to 1.25e-05
	iters: 100, epoch: 5 | loss: 0.2843367
	speed: 2.3515s/iter; left time: 3915.2749s
	iters: 200, epoch: 5 | loss: 0.2989858
	speed: 0.1295s/iter; left time: 202.6048s
Epoch: 5 cost time: 39.94624710083008
Epoch: 5, Steps: 294 | Train Loss: 0.3683410 Vali Loss: 0.2669736 Test Loss: 0.2682717
EarlyStopping counter: 1 out of 3
Updating learning rate to 6.25e-06
	iters: 100, epoch: 6 | loss: 0.3981641
	speed: 2.1786s/iter; left time: 2986.8546s
	iters: 200, epoch: 6 | loss: 0.3371699
	speed: 0.1330s/iter; left time: 168.9963s
Epoch: 6 cost time: 40.38730788230896
Epoch: 6, Steps: 294 | Train Loss: 0.3591904 Vali Loss: 0.2607134 Test Loss: 0.2664591
Validation loss decreased (0.262615 --> 0.260713).  Saving model ...
Updating learning rate to 3.125e-06
	iters: 100, epoch: 7 | loss: 0.1696073
	speed: 1.8619s/iter; left time: 2005.2875s
	iters: 200, epoch: 7 | loss: 0.2968266
	speed: 0.1353s/iter; left time: 132.1743s
Epoch: 7 cost time: 42.356383323669434
Epoch: 7, Steps: 294 | Train Loss: 0.3535789 Vali Loss: 0.2602912 Test Loss: 0.2712935
Validation loss decreased (0.260713 --> 0.260291).  Saving model ...
Updating learning rate to 1.5625e-06
	iters: 100, epoch: 8 | loss: 0.5614639
	speed: 2.3954s/iter; left time: 1875.5971s
	iters: 200, epoch: 8 | loss: 0.2282086
	speed: 0.1371s/iter; left time: 93.6499s
Epoch: 8 cost time: 41.54675912857056
Epoch: 8, Steps: 294 | Train Loss: 0.3507346 Vali Loss: 0.2620140 Test Loss: 0.2665893
EarlyStopping counter: 1 out of 3
Updating learning rate to 7.8125e-07
	iters: 100, epoch: 9 | loss: 0.2254116
	speed: 2.2173s/iter; left time: 1084.2693s
	iters: 200, epoch: 9 | loss: 0.3934537
	speed: 0.1373s/iter; left time: 53.4124s
Epoch: 9 cost time: 41.79003977775574
Epoch: 9, Steps: 294 | Train Loss: 0.3493742 Vali Loss: 0.2615782 Test Loss: 0.2682049
EarlyStopping counter: 2 out of 3
Updating learning rate to 3.90625e-07
	iters: 100, epoch: 10 | loss: 0.3768865
	speed: 2.1205s/iter; left time: 413.5003s
	iters: 200, epoch: 10 | loss: 0.6811285
	speed: 0.1435s/iter; left time: 13.6339s
Epoch: 10 cost time: 43.35984754562378
Epoch: 10, Steps: 294 | Train Loss: 0.3491390 Vali Loss: 0.2613543 Test Loss: 0.2689483
EarlyStopping counter: 3 out of 3
Early stopping
Updating learning rate to 1.953125e-07
>>>>>>>testing : long_term_forecast_kdd_sub1_96_g5_HGI_PerHKGNN_DYG_base_ftM_sl96_ll48_pl96_dm1024_nh8_el2_dl1_df512_fc3_ebtimeF_dtTrue_zs_0<<<<<<<<<<<<<<<<<<<<<<<<<<<<<<<<<
DYG_base
原始数据形状: (108051, 6)
Index(['Bacterial Density', 'Viscosity', 'Alcohol Addition', 'Reducing Sugar',
       'Non Reducing Suger'],
      dtype='object')
test 21515
test shape: (21515, 1, 96, 5) (21515, 1, 96, 5)
test shape: (21515, 96, 5) (21515, 96, 5)
mae:0.3015, mse:0.2713
(21515, 96, 5)
(21515, 96, 5)
