True
2.3.0
True
Args in experiment:
Namespace(activation='gelu', anomaly_ratio=0.25, batch_size=256, c_out=5, channel_independent=1, checkpoints='./checkpoints/', d_ff=512, d_layers=1, d_model=1024, data='DYG_base', data_path='DYG_data_3_sub2.csv', dec_in=5, des='v2', device_ids=[2, 3, 4, 5], devices='2,3,4,5', direction=[1, 1, 2, 0, 2], distil=True, dropout=0.1, e_layers=2, embed='timeF', enc_in=5, enc_out=5, factor=3, features='M', freq='h', gpu=2, inverse=False, is_training=1, itr=1, label_len=48, learning_rate=0.0001, loss='MSE', lradj='type1', mask_rate=0.25, model='HGI_PerHKGNN', model_id='kdd_sub2_192_g2', moe_logits_init='{\n    "0": {0: 3.0, 1: 2.0, 2: 5.0},\n    "1": {0: 5.0, 1: 3.0, 2: 1.0},\n    "2": {0: 2.0, 1: 5.0, 2: 3.0}, \n    "3": {0: -5.0, 1: 3.0, 2: 5.0},\n    "4": {0: 5.0, 1: 4.0, 2: -5.0}\n}', moving_avg=25, n_heads=8, num_kernels=6, num_workers=10, output_attention=False, p_hidden_dims=[128, 128], p_hidden_layers=2, patience=3, pred_len=192, root_path='./data/DYG/KDD', seasonal_patterns='Monthly', seg_len=12, seq_len=96, target='v2', task_name='long_term_forecast', temp=2.0, top_k=5, train_epochs=10, use_amp=True, use_gpu=True, use_multi_gpu=True)
Use GPU: cuda:2
[HyperPearson] Dataset: sub2 | K-Groups: 2 | Hypergraph Built.
>>>>>>>start training : long_term_forecast_kdd_sub2_192_g2_HGI_PerHKGNN_DYG_base_ftM_sl96_ll48_pl192_dm1024_nh8_el2_dl1_df512_fc3_ebtimeF_dtTrue_v2_0>>>>>>>>>>>>>>>>>>>>>>>>>>
DYG_base
原始数据形状: (108051, 6)
Index(['Viscosity', 'Chemical Efficiency', 'DO Value', 'pH Online',
       'Air Flow'],
      dtype='object')
train 75348
DYG_base
原始数据形状: (108051, 6)
Index(['Viscosity', 'Chemical Efficiency', 'DO Value', 'pH Online',
       'Air Flow'],
      dtype='object')
val 10615
DYG_base
原始数据形状: (108051, 6)
Index(['Viscosity', 'Chemical Efficiency', 'DO Value', 'pH Online',
       'Air Flow'],
      dtype='object')
test 21419
	iters: 100, epoch: 1 | loss: 0.5346279
	speed: 0.1075s/iter; left time: 305.2757s
	iters: 200, epoch: 1 | loss: 0.6040334
	speed: 0.0823s/iter; left time: 225.5708s
Epoch: 1 cost time: 26.691057205200195
Epoch: 1, Steps: 294 | Train Loss: 0.5331071 Vali Loss: 0.4814930 Test Loss: 4.2903018
Validation loss decreased (inf --> 0.481493).  Saving model ...
Updating learning rate to 0.0001
	iters: 100, epoch: 2 | loss: 0.3956961
	speed: 2.4426s/iter; left time: 6221.3266s
	iters: 200, epoch: 2 | loss: 0.4732281
	speed: 0.0853s/iter; left time: 208.7461s
Epoch: 2 cost time: 26.699229955673218
Epoch: 2, Steps: 294 | Train Loss: 0.4485995 Vali Loss: 0.4777533 Test Loss: 4.3287969
Validation loss decreased (0.481493 --> 0.477753).  Saving model ...
Updating learning rate to 5e-05
	iters: 100, epoch: 3 | loss: 0.4004405
	speed: 2.7579s/iter; left time: 6213.6420s
	iters: 200, epoch: 3 | loss: 0.4394226
	speed: 0.0745s/iter; left time: 160.3394s
Epoch: 3 cost time: 23.528772592544556
Epoch: 3, Steps: 294 | Train Loss: 0.4267100 Vali Loss: 0.4810026 Test Loss: 4.3221307
EarlyStopping counter: 1 out of 3
Updating learning rate to 2.5e-05
	iters: 100, epoch: 4 | loss: 0.3746117
	speed: 2.7770s/iter; left time: 5440.1825s
	iters: 200, epoch: 4 | loss: 0.3993905
	speed: 0.0718s/iter; left time: 133.5613s
Epoch: 4 cost time: 23.09309196472168
Epoch: 4, Steps: 294 | Train Loss: 0.4149586 Vali Loss: 0.4784113 Test Loss: 4.3728323
EarlyStopping counter: 2 out of 3
Updating learning rate to 1.25e-05
	iters: 100, epoch: 5 | loss: 0.3744378
	speed: 2.9946s/iter; left time: 4985.9892s
	iters: 200, epoch: 5 | loss: 0.4067798
	speed: 0.0704s/iter; left time: 110.2313s
Epoch: 5 cost time: 22.693286895751953
Epoch: 5, Steps: 294 | Train Loss: 0.4062461 Vali Loss: 0.4762119 Test Loss: 4.3861146
Validation loss decreased (0.477753 --> 0.476212).  Saving model ...
Updating learning rate to 6.25e-06
	iters: 100, epoch: 6 | loss: 0.3843174
	speed: 2.7997s/iter; left time: 3838.3664s
	iters: 200, epoch: 6 | loss: 0.4326299
	speed: 0.0864s/iter; left time: 109.7864s
Epoch: 6 cost time: 28.33087944984436
Epoch: 6, Steps: 294 | Train Loss: 0.4010071 Vali Loss: 0.4778569 Test Loss: 4.3984785
EarlyStopping counter: 1 out of 3
Updating learning rate to 3.125e-06
	iters: 100, epoch: 7 | loss: 0.3738047
	speed: 2.7742s/iter; left time: 2987.8310s
	iters: 200, epoch: 7 | loss: 0.3951262
	speed: 0.0646s/iter; left time: 63.0921s
Epoch: 7 cost time: 21.719164848327637
Epoch: 7, Steps: 294 | Train Loss: 0.3985001 Vali Loss: 0.4780726 Test Loss: 4.4072595
EarlyStopping counter: 2 out of 3
Updating learning rate to 1.5625e-06
	iters: 100, epoch: 8 | loss: 0.3770294
	speed: 2.7427s/iter; left time: 2147.4981s
	iters: 200, epoch: 8 | loss: 0.3666818
	speed: 0.0604s/iter; left time: 41.2282s
Epoch: 8 cost time: 21.492459774017334
Epoch: 8, Steps: 294 | Train Loss: 0.3973605 Vali Loss: 0.4787273 Test Loss: 4.4061680
EarlyStopping counter: 3 out of 3
Early stopping
Updating learning rate to 7.8125e-07
	iters: 100, epoch: 9 | loss: 0.4250672
	speed: 2.8104s/iter; left time: 1374.2745s
	iters: 200, epoch: 9 | loss: 0.3958862
	speed: 0.0666s/iter; left time: 25.9254s
Epoch: 9 cost time: 21.525791883468628
Epoch: 9, Steps: 294 | Train Loss: 0.3966644 Vali Loss: 0.4789869 Test Loss: 4.4065566
EarlyStopping counter: 4 out of 3
Early stopping
Updating learning rate to 3.90625e-07
	iters: 100, epoch: 10 | loss: 0.4022045
	speed: 1.5869s/iter; left time: 309.4457s
	iters: 200, epoch: 10 | loss: 0.3624357
	speed: 0.0655s/iter; left time: 6.2213s
Epoch: 10 cost time: 22.624420404434204
Epoch: 10, Steps: 294 | Train Loss: 0.3962603 Vali Loss: 0.4795361 Test Loss: 4.4056344
EarlyStopping counter: 5 out of 3
Early stopping
Updating learning rate to 1.953125e-07
>>>>>>>testing : long_term_forecast_kdd_sub2_192_g2_HGI_PerHKGNN_DYG_base_ftM_sl96_ll48_pl192_dm1024_nh8_el2_dl1_df512_fc3_ebtimeF_dtTrue_v2_0<<<<<<<<<<<<<<<<<<<<<<<<<<<<<<<<<
DYG_base
原始数据形状: (108051, 6)
Index(['Viscosity', 'Chemical Efficiency', 'DO Value', 'pH Online',
       'Air Flow'],
      dtype='object')
test 21419
test shape: (21419, 1, 192, 5) (21419, 1, 192, 5)
test shape: (21419, 192, 5) (21419, 192, 5)
mae:0.5623, mse:4.3861
(21419, 192, 5)
(21419, 192, 5)
