True
2.3.0
True
Args in experiment:
Namespace(activation='gelu', anomaly_ratio=0.25, batch_size=256, c_out=5, channel_independent=1, checkpoints='./checkpoints/', d_ff=512, d_layers=1, d_model=1024, data='DYG_base', data_path='DYG_data_3_sub2.csv', dec_in=5, des='v2', device_ids=[2, 3, 4, 5], devices='2,3,4,5', direction=[1, 1, 2, 0, 2], distil=True, dropout=0.1, e_layers=2, embed='timeF', enc_in=5, enc_out=5, factor=3, features='M', freq='h', gpu=2, inverse=False, is_training=1, itr=1, label_len=48, learning_rate=0.0001, loss='MSE', lradj='type1', mask_rate=0.25, model='HGI_PerHKGNN', model_id='kdd_sub2_96_g3', moe_logits_init='{\n    "0": {0: 3.0, 1: 2.0, 2: 5.0},\n    "1": {0: 5.0, 1: 3.0, 2: 1.0},\n    "2": {0: 2.0, 1: 5.0, 2: 3.0}, \n    "3": {0: -5.0, 1: 3.0, 2: 5.0},\n    "4": {0: 5.0, 1: 4.0, 2: -5.0}\n}', moving_avg=25, n_heads=8, num_kernels=6, num_workers=10, output_attention=False, p_hidden_dims=[128, 128], p_hidden_layers=2, patience=3, pred_len=96, root_path='./data/DYG/KDD', seasonal_patterns='Monthly', seg_len=12, seq_len=96, target='v2', task_name='long_term_forecast', temp=3.0, top_k=5, train_epochs=10, use_amp=True, use_gpu=True, use_multi_gpu=True)
Use GPU: cuda:2
[HyperPearson] Dataset: sub2 | K-Groups: 3 | Hypergraph Built.
>>>>>>>start training : long_term_forecast_kdd_sub2_96_g3_HGI_PerHKGNN_DYG_base_ftM_sl96_ll48_pl96_dm1024_nh8_el2_dl1_df512_fc3_ebtimeF_dtTrue_v2_0>>>>>>>>>>>>>>>>>>>>>>>>>>
DYG_base
原始数据形状: (108051, 6)
Index(['Viscosity', 'Chemical Efficiency', 'DO Value', 'pH Online',
       'Air Flow'],
      dtype='object')
train 75444
DYG_base
原始数据形状: (108051, 6)
Index(['Viscosity', 'Chemical Efficiency', 'DO Value', 'pH Online',
       'Air Flow'],
      dtype='object')
val 10711
DYG_base
原始数据形状: (108051, 6)
Index(['Viscosity', 'Chemical Efficiency', 'DO Value', 'pH Online',
       'Air Flow'],
      dtype='object')
test 21515
	iters: 100, epoch: 1 | loss: 0.4491422
	speed: 0.1000s/iter; left time: 283.9643s
	iters: 200, epoch: 1 | loss: 0.3863462
	speed: 0.0735s/iter; left time: 201.4623s
Epoch: 1 cost time: 24.30111336708069
Epoch: 1, Steps: 294 | Train Loss: 0.4598586 Vali Loss: 0.4067651 Test Loss: 4.0522628
Validation loss decreased (inf --> 0.406765).  Saving model ...
Updating learning rate to 0.0001
	iters: 100, epoch: 2 | loss: 0.4308457
	speed: 1.9641s/iter; left time: 5002.6301s
	iters: 200, epoch: 2 | loss: 0.4090649
	speed: 0.0474s/iter; left time: 116.0768s
Epoch: 2 cost time: 15.50703239440918
Epoch: 2, Steps: 294 | Train Loss: 0.3703010 Vali Loss: 0.3986484 Test Loss: 3.9295371
Validation loss decreased (0.406765 --> 0.398648).  Saving model ...
Updating learning rate to 5e-05
	iters: 100, epoch: 3 | loss: 0.3238496
	speed: 1.9947s/iter; left time: 4494.1013s
	iters: 200, epoch: 3 | loss: 0.3286242
	speed: 0.0485s/iter; left time: 104.4590s
Epoch: 3 cost time: 17.347599029541016
Epoch: 3, Steps: 294 | Train Loss: 0.3465633 Vali Loss: 0.3932223 Test Loss: 3.8973947
Validation loss decreased (0.398648 --> 0.393222).  Saving model ...
Updating learning rate to 2.5e-05
	iters: 100, epoch: 4 | loss: 0.3379889
	speed: 1.9744s/iter; left time: 3867.9123s
	iters: 200, epoch: 4 | loss: 0.3368725
	speed: 0.0549s/iter; left time: 102.0409s
Epoch: 4 cost time: 17.244936227798462
Epoch: 4, Steps: 294 | Train Loss: 0.3328348 Vali Loss: 0.3907710 Test Loss: 3.8818684
Validation loss decreased (0.393222 --> 0.390771).  Saving model ...
Updating learning rate to 1.25e-05
	iters: 100, epoch: 5 | loss: 0.3218226
	speed: 1.9255s/iter; left time: 3205.9221s
	iters: 200, epoch: 5 | loss: 0.3017206
	speed: 0.0784s/iter; left time: 122.7257s
Epoch: 5 cost time: 24.58361291885376
Epoch: 5, Steps: 294 | Train Loss: 0.3262614 Vali Loss: 0.3996199 Test Loss: 3.8698215
EarlyStopping counter: 1 out of 3
Updating learning rate to 6.25e-06
	iters: 100, epoch: 6 | loss: 0.2998762
	speed: 1.9156s/iter; left time: 2626.3107s
	iters: 200, epoch: 6 | loss: 0.2784954
	speed: 0.0550s/iter; left time: 69.9631s
Epoch: 6 cost time: 17.675041437149048
Epoch: 6, Steps: 294 | Train Loss: 0.3227945 Vali Loss: 0.3919753 Test Loss: 3.8701346
EarlyStopping counter: 2 out of 3
Updating learning rate to 3.125e-06
	iters: 100, epoch: 7 | loss: 0.3077453
	speed: 2.0086s/iter; left time: 2163.2699s
	iters: 200, epoch: 7 | loss: 0.4039536
	speed: 0.0566s/iter; left time: 55.3430s
Epoch: 7 cost time: 18.826190948486328
Epoch: 7, Steps: 294 | Train Loss: 0.3210124 Vali Loss: 0.3902152 Test Loss: 3.8819091
Validation loss decreased (0.390771 --> 0.390215).  Saving model ...
Updating learning rate to 1.5625e-06
	iters: 100, epoch: 8 | loss: 0.2957719
	speed: 2.1260s/iter; left time: 1664.6480s
	iters: 200, epoch: 8 | loss: 0.3146681
	speed: 0.0533s/iter; left time: 36.4310s
Epoch: 8 cost time: 16.648712158203125
Epoch: 8, Steps: 294 | Train Loss: 0.3198553 Vali Loss: 0.3931965 Test Loss: 3.8845403
EarlyStopping counter: 1 out of 3
Updating learning rate to 7.8125e-07
	iters: 100, epoch: 9 | loss: 0.3039310
	speed: 2.0648s/iter; left time: 1009.6749s
	iters: 200, epoch: 9 | loss: 0.3288625
	speed: 0.0501s/iter; left time: 19.4877s
Epoch: 9 cost time: 16.499510765075684
Epoch: 9, Steps: 294 | Train Loss: 0.3196203 Vali Loss: 0.3933444 Test Loss: 3.8866727
EarlyStopping counter: 2 out of 3
Updating learning rate to 3.90625e-07
	iters: 100, epoch: 10 | loss: 0.3193904
	speed: 2.0895s/iter; left time: 407.4459s
	iters: 200, epoch: 10 | loss: 0.3070662
	speed: 0.0506s/iter; left time: 4.8104s
Epoch: 10 cost time: 16.42355489730835
Epoch: 10, Steps: 294 | Train Loss: 0.3194387 Vali Loss: 0.3936393 Test Loss: 3.8875577
EarlyStopping counter: 3 out of 3
Early stopping
Updating learning rate to 1.953125e-07
>>>>>>>testing : long_term_forecast_kdd_sub2_96_g3_HGI_PerHKGNN_DYG_base_ftM_sl96_ll48_pl96_dm1024_nh8_el2_dl1_df512_fc3_ebtimeF_dtTrue_v2_0<<<<<<<<<<<<<<<<<<<<<<<<<<<<<<<<<
DYG_base
原始数据形状: (108051, 6)
Index(['Viscosity', 'Chemical Efficiency', 'DO Value', 'pH Online',
       'Air Flow'],
      dtype='object')
test 21515
test shape: (21515, 1, 96, 5) (21515, 1, 96, 5)
test shape: (21515, 96, 5) (21515, 96, 5)
mae:0.5109, mse:3.8819
(21515, 96, 5)
(21515, 96, 5)
