True
2.3.0
True
Args in experiment:
Namespace(activation='gelu', anomaly_ratio=0.25, batch_size=256, c_out=5, channel_independent=1, checkpoints='./checkpoints/', d_ff=512, d_layers=1, d_model=1024, data='DYG_base', data_path='DYG_data_3_sub2.csv', dec_in=5, des='v2', device_ids=[2, 3, 4, 5], devices='2,3,4,5', direction=[1, 1, 2, 0, 2], distil=True, dropout=0.1, e_layers=2, embed='timeF', enc_in=5, enc_out=5, factor=3, features='M', freq='h', gpu=2, inverse=False, is_training=1, itr=1, label_len=48, learning_rate=0.0001, loss='MSE', lradj='type1', mask_rate=0.25, model='HGI_PerHKGNN', model_id='kdd_sub2_192_g3', moe_logits_init='{\n    "0": {0: 3.0, 1: 2.0, 2: 5.0},\n    "1": {0: 5.0, 1: 3.0, 2: 1.0},\n    "2": {0: 2.0, 1: 5.0, 2: 3.0}, \n    "3": {0: -5.0, 1: 3.0, 2: 5.0},\n    "4": {0: 5.0, 1: 4.0, 2: -5.0}\n}', moving_avg=25, n_heads=8, num_kernels=6, num_workers=10, output_attention=False, p_hidden_dims=[128, 128], p_hidden_layers=2, patience=3, pred_len=192, root_path='./data/DYG/KDD', seasonal_patterns='Monthly', seg_len=12, seq_len=96, target='v2', task_name='long_term_forecast', temp=3.0, top_k=5, train_epochs=10, use_amp=True, use_gpu=True, use_multi_gpu=True)
Use GPU: cuda:2
[HyperPearson] Dataset: sub2 | K-Groups: 3 | Hypergraph Built.
>>>>>>>start training : long_term_forecast_kdd_sub2_192_g3_HGI_PerHKGNN_DYG_base_ftM_sl96_ll48_pl192_dm1024_nh8_el2_dl1_df512_fc3_ebtimeF_dtTrue_v2_0>>>>>>>>>>>>>>>>>>>>>>>>>>
DYG_base
原始数据形状: (108051, 6)
Index(['Viscosity', 'Chemical Efficiency', 'DO Value', 'pH Online',
       'Air Flow'],
      dtype='object')
train 75348
DYG_base
原始数据形状: (108051, 6)
Index(['Viscosity', 'Chemical Efficiency', 'DO Value', 'pH Online',
       'Air Flow'],
      dtype='object')
val 10615
DYG_base
原始数据形状: (108051, 6)
Index(['Viscosity', 'Chemical Efficiency', 'DO Value', 'pH Online',
       'Air Flow'],
      dtype='object')
test 21419
	iters: 100, epoch: 1 | loss: 0.5343897
	speed: 0.1088s/iter; left time: 308.9844s
	iters: 200, epoch: 1 | loss: 0.6056173
	speed: 0.0831s/iter; left time: 227.8790s
Epoch: 1 cost time: 27.22920870780945
Epoch: 1, Steps: 294 | Train Loss: 0.5335008 Vali Loss: 0.4811727 Test Loss: 4.3188777
Validation loss decreased (inf --> 0.481173).  Saving model ...
Updating learning rate to 0.0001
	iters: 100, epoch: 2 | loss: 0.3954860
	speed: 2.1581s/iter; left time: 5496.5718s
	iters: 200, epoch: 2 | loss: 0.4745115
	speed: 0.0613s/iter; left time: 150.0214s
Epoch: 2 cost time: 19.479047298431396
Epoch: 2, Steps: 294 | Train Loss: 0.4491785 Vali Loss: 0.4766071 Test Loss: 4.3609200
Validation loss decreased (0.481173 --> 0.476607).  Saving model ...
Updating learning rate to 5e-05
	iters: 100, epoch: 3 | loss: 0.4000467
	speed: 2.1972s/iter; left time: 4950.3064s
	iters: 200, epoch: 3 | loss: 0.4300725
	speed: 0.0714s/iter; left time: 153.7039s
Epoch: 3 cost time: 22.614571571350098
Epoch: 3, Steps: 294 | Train Loss: 0.4272162 Vali Loss: 0.4782202 Test Loss: 4.3663111
EarlyStopping counter: 1 out of 3
Updating learning rate to 2.5e-05
	iters: 100, epoch: 4 | loss: 0.3757748
	speed: 2.2841s/iter; left time: 4474.6009s
	iters: 200, epoch: 4 | loss: 0.4005982
	speed: 0.0706s/iter; left time: 131.1819s
Epoch: 4 cost time: 23.344568490982056
Epoch: 4, Steps: 294 | Train Loss: 0.4157486 Vali Loss: 0.4767298 Test Loss: 4.4403505
EarlyStopping counter: 2 out of 3
Updating learning rate to 1.25e-05
	iters: 100, epoch: 5 | loss: 0.3741291
	speed: 2.6377s/iter; left time: 4391.8339s
	iters: 200, epoch: 5 | loss: 0.4151394
	speed: 0.0853s/iter; left time: 133.5117s
Epoch: 5 cost time: 25.901488065719604
Epoch: 5, Steps: 294 | Train Loss: 0.4073138 Vali Loss: 0.4741086 Test Loss: 4.4279404
Validation loss decreased (0.476607 --> 0.474109).  Saving model ...
Updating learning rate to 6.25e-06
	iters: 100, epoch: 6 | loss: 0.3841406
	speed: 2.6233s/iter; left time: 3596.5796s
	iters: 200, epoch: 6 | loss: 0.4314518
	speed: 0.0667s/iter; left time: 84.8216s
Epoch: 6 cost time: 22.238011598587036
Epoch: 6, Steps: 294 | Train Loss: 0.4017273 Vali Loss: 0.4763980 Test Loss: 4.4643345
EarlyStopping counter: 1 out of 3
Updating learning rate to 3.125e-06
	iters: 100, epoch: 7 | loss: 0.3736987
	speed: 2.6477s/iter; left time: 2851.6080s
	iters: 200, epoch: 7 | loss: 0.3937147
	speed: 0.0787s/iter; left time: 76.8854s
Epoch: 7 cost time: 23.7869131565094
Epoch: 7, Steps: 294 | Train Loss: 0.3990977 Vali Loss: 0.4771557 Test Loss: 4.4770551
EarlyStopping counter: 2 out of 3
Updating learning rate to 1.5625e-06
	iters: 100, epoch: 8 | loss: 0.3762127
	speed: 2.6742s/iter; left time: 2093.8617s
	iters: 200, epoch: 8 | loss: 0.3681769
	speed: 0.0623s/iter; left time: 42.5747s
Epoch: 8 cost time: 21.13169550895691
Epoch: 8, Steps: 294 | Train Loss: 0.3977626 Vali Loss: 0.4774481 Test Loss: 4.4698658
EarlyStopping counter: 3 out of 3
Early stopping
Updating learning rate to 7.8125e-07
	iters: 100, epoch: 9 | loss: 0.4224163
	speed: 2.6427s/iter; left time: 1292.2567s
	iters: 200, epoch: 9 | loss: 0.3969004
	speed: 0.0665s/iter; left time: 25.8835s
Epoch: 9 cost time: 21.75533151626587
Epoch: 9, Steps: 294 | Train Loss: 0.3969959 Vali Loss: 0.4782325 Test Loss: 4.4724364
EarlyStopping counter: 4 out of 3
Early stopping
Updating learning rate to 3.90625e-07
	iters: 100, epoch: 10 | loss: 0.4048405
	speed: 2.2809s/iter; left time: 444.7662s
	iters: 200, epoch: 10 | loss: 0.3646718
	speed: 0.0672s/iter; left time: 6.3886s
Epoch: 10 cost time: 22.373043060302734
Epoch: 10, Steps: 294 | Train Loss: 0.3965666 Vali Loss: 0.4784192 Test Loss: 4.4699426
EarlyStopping counter: 5 out of 3
Early stopping
Updating learning rate to 1.953125e-07
>>>>>>>testing : long_term_forecast_kdd_sub2_192_g3_HGI_PerHKGNN_DYG_base_ftM_sl96_ll48_pl192_dm1024_nh8_el2_dl1_df512_fc3_ebtimeF_dtTrue_v2_0<<<<<<<<<<<<<<<<<<<<<<<<<<<<<<<<<
DYG_base
原始数据形状: (108051, 6)
Index(['Viscosity', 'Chemical Efficiency', 'DO Value', 'pH Online',
       'Air Flow'],
      dtype='object')
test 21419
test shape: (21419, 1, 192, 5) (21419, 1, 192, 5)
test shape: (21419, 192, 5) (21419, 192, 5)
mae:0.5657, mse:4.4279
(21419, 192, 5)
(21419, 192, 5)
