True
2.3.0
True
Args in experiment:
Namespace(activation='gelu', anomaly_ratio=0.25, batch_size=256, c_out=5, channel_independent=1, checkpoints='./checkpoints/', d_ff=512, d_layers=1, d_model=1024, data='DYG_base', data_path='DYG_data_3_sub1.csv', dec_in=5, des='zs', device_ids=[1, 2, 3, 4], devices='1,2,3,4', direction=[1, 1, 2, 0, 0], distil=True, dropout=0.1, e_layers=2, embed='timeF', enc_in=5, enc_out=5, factor=3, features='M', freq='h', gpu=1, inverse=False, is_training=1, itr=1, label_len=48, learning_rate=0.0001, loss='MSE', lradj='type1', mask_rate=0.25, model='HGI_PerHKGNN', model_id='kdd_sub1_720_g2', moe_logits_init='{\n    "0": {0: 5.0, 1: 1.0, 2: -5.0},  \n    "1": {0: 1.0, 1: 5.0, 2: -5.0},  \n    "2": {0: -5.0, 1: 1.0, 2: 5.0},  \n    "3": {0: -5.0, 1: 4.0, 2: 5.0},  \n    "4": {0: -5.0, 1: 4.0, 2: 5.0}\n}', moving_avg=25, n_heads=8, num_kernels=6, num_workers=10, output_attention=False, p_hidden_dims=[128, 128], p_hidden_layers=2, patience=3, pred_len=720, root_path='./data/DYG/KDD', seasonal_patterns='Monthly', seg_len=12, seq_len=96, target='zs', task_name='long_term_forecast', temp=2.0, top_k=5, train_epochs=10, use_amp=True, use_gpu=True, use_multi_gpu=True)
Use GPU: cuda:1
[HyperPearson] Dataset: sub1 | K-Groups: 2 | Hypergraph Built.
>>>>>>>start training : long_term_forecast_kdd_sub1_720_g2_HGI_PerHKGNN_DYG_base_ftM_sl96_ll48_pl720_dm1024_nh8_el2_dl1_df512_fc3_ebtimeF_dtTrue_zs_0>>>>>>>>>>>>>>>>>>>>>>>>>>
DYG_base
原始数据形状: (108051, 6)
Index(['Bacterial Density', 'Viscosity', 'Alcohol Addition', 'Reducing Sugar',
       'Non Reducing Suger'],
      dtype='object')
train 74820
DYG_base
原始数据形状: (108051, 6)
Index(['Bacterial Density', 'Viscosity', 'Alcohol Addition', 'Reducing Sugar',
       'Non Reducing Suger'],
      dtype='object')
val 10087
DYG_base
原始数据形状: (108051, 6)
Index(['Bacterial Density', 'Viscosity', 'Alcohol Addition', 'Reducing Sugar',
       'Non Reducing Suger'],
      dtype='object')
test 20891
	iters: 100, epoch: 1 | loss: 0.7676887
	speed: 0.2442s/iter; left time: 688.9478s
	iters: 200, epoch: 1 | loss: 0.5732301
	speed: 0.1705s/iter; left time: 463.9731s
Epoch: 1 cost time: 57.501792669296265
Epoch: 1, Steps: 292 | Train Loss: 0.7047208 Vali Loss: 0.5459368 Test Loss: 0.4362097
Validation loss decreased (inf --> 0.545937).  Saving model ...
Updating learning rate to 0.0001
	iters: 100, epoch: 2 | loss: 0.6529662
	speed: 1.9731s/iter; left time: 4989.8936s
	iters: 200, epoch: 2 | loss: 0.5018448
	speed: 0.1691s/iter; left time: 410.6230s
Epoch: 2 cost time: 50.52684831619263
Epoch: 2, Steps: 292 | Train Loss: 0.6276864 Vali Loss: 0.5395115 Test Loss: 0.4604042
Validation loss decreased (0.545937 --> 0.539512).  Saving model ...
Updating learning rate to 5e-05
	iters: 100, epoch: 3 | loss: 0.5145580
	speed: 1.8089s/iter; left time: 4046.4742s
	iters: 200, epoch: 3 | loss: 0.5361381
	speed: 0.1668s/iter; left time: 356.3923s
Epoch: 3 cost time: 49.61853361129761
Epoch: 3, Steps: 292 | Train Loss: 0.6096127 Vali Loss: 0.5457433 Test Loss: 0.4614501
EarlyStopping counter: 1 out of 3
Updating learning rate to 2.5e-05
	iters: 100, epoch: 4 | loss: 0.5635889
	speed: 1.8797s/iter; left time: 3656.0037s
	iters: 200, epoch: 4 | loss: 0.5904256
	speed: 0.1651s/iter; left time: 304.6556s
Epoch: 4 cost time: 52.74839496612549
Epoch: 4, Steps: 292 | Train Loss: 0.5997124 Vali Loss: 0.5470530 Test Loss: 0.4657907
EarlyStopping counter: 2 out of 3
Updating learning rate to 1.25e-05
	iters: 100, epoch: 5 | loss: 0.5856023
	speed: 1.8880s/iter; left time: 3120.8833s
	iters: 200, epoch: 5 | loss: 0.6218845
	speed: 0.1720s/iter; left time: 267.0736s
Epoch: 5 cost time: 52.46139168739319
Epoch: 5, Steps: 292 | Train Loss: 0.5917645 Vali Loss: 0.5409701 Test Loss: 0.4707666
EarlyStopping counter: 3 out of 3
Early stopping
Updating learning rate to 6.25e-06
	iters: 100, epoch: 6 | loss: 0.5717453
	speed: 2.2469s/iter; left time: 3058.0302s
	iters: 200, epoch: 6 | loss: 0.6126239
	speed: 0.2581s/iter; left time: 325.4063s
Epoch: 6 cost time: 68.92095589637756
Epoch: 6, Steps: 292 | Train Loss: 0.5863028 Vali Loss: 0.5351644 Test Loss: 0.4680563
Validation loss decreased (0.539512 --> 0.535164).  Saving model ...
Early stopping
Updating learning rate to 3.125e-06
	iters: 100, epoch: 7 | loss: 0.6342425
	speed: 3.7649s/iter; left time: 4024.6569s
	iters: 200, epoch: 7 | loss: 0.6317452
	speed: 0.1730s/iter; left time: 167.6321s
Epoch: 7 cost time: 52.346949100494385
Epoch: 7, Steps: 292 | Train Loss: 0.5825259 Vali Loss: 0.5332751 Test Loss: 0.4613599
Validation loss decreased (0.535164 --> 0.533275).  Saving model ...
Early stopping
Updating learning rate to 1.5625e-06
	iters: 100, epoch: 8 | loss: 0.7102963
	speed: 2.4489s/iter; left time: 1902.7882s
	iters: 200, epoch: 8 | loss: 0.6305556
	speed: 0.1760s/iter; left time: 119.1263s
Epoch: 8 cost time: 53.403836250305176
Epoch: 8, Steps: 292 | Train Loss: 0.5802062 Vali Loss: 0.5324166 Test Loss: 0.4655990
Validation loss decreased (0.533275 --> 0.532417).  Saving model ...
Early stopping
Updating learning rate to 7.8125e-07
	iters: 100, epoch: 9 | loss: 0.5779915
	speed: 2.3786s/iter; left time: 1153.6222s
	iters: 200, epoch: 9 | loss: 0.5414310
	speed: 0.1694s/iter; left time: 65.2190s
Epoch: 9 cost time: 53.41722917556763
Epoch: 9, Steps: 292 | Train Loss: 0.5789247 Vali Loss: 0.5324308 Test Loss: 0.4627720
EarlyStopping counter: 1 out of 3
Early stopping
Updating learning rate to 3.90625e-07
	iters: 100, epoch: 10 | loss: 0.5355477
	speed: 2.0959s/iter; left time: 404.5104s
	iters: 200, epoch: 10 | loss: 0.5856532
	speed: 0.1711s/iter; left time: 15.9154s
Epoch: 10 cost time: 50.93912220001221
Epoch: 10, Steps: 292 | Train Loss: 0.5785618 Vali Loss: 0.5323440 Test Loss: 0.4633245
Validation loss decreased (0.532417 --> 0.532344).  Saving model ...
Early stopping
Updating learning rate to 1.953125e-07
>>>>>>>testing : long_term_forecast_kdd_sub1_720_g2_HGI_PerHKGNN_DYG_base_ftM_sl96_ll48_pl720_dm1024_nh8_el2_dl1_df512_fc3_ebtimeF_dtTrue_zs_0<<<<<<<<<<<<<<<<<<<<<<<<<<<<<<<<<
DYG_base
原始数据形状: (108051, 6)
Index(['Bacterial Density', 'Viscosity', 'Alcohol Addition', 'Reducing Sugar',
       'Non Reducing Suger'],
      dtype='object')
test 20891
test shape: (20891, 1, 720, 5) (20891, 1, 720, 5)
test shape: (20891, 720, 5) (20891, 720, 5)
mae:0.4538, mse:0.4633
(20891, 720, 5)
(20891, 720, 5)
