True
2.3.0
True
Args in experiment:
Namespace(activation='gelu', anomaly_ratio=0.25, batch_size=256, c_out=5, channel_independent=1, checkpoints='./checkpoints/', d_ff=512, d_layers=1, d_model=1024, data='DYG_base', data_path='DYG_data_3_sub3.csv', dec_in=5, des='v2', device_ids=[2, 3, 4, 5], devices='2,3,4,5', direction=[0, 0, 0, 1, 1], distil=True, dropout=0.1, e_layers=2, embed='timeF', enc_in=5, enc_out=5, factor=3, features='M', freq='h', gpu=2, inverse=False, is_training=1, itr=1, label_len=48, learning_rate=0.0001, loss='MSE', lradj='type1', mask_rate=0.25, model='HGI_PerHKGNN', model_id='kdd_sub3_720_g2', moe_logits_init='{\n    "0": {0: 3.0, 1: 5.0, 2: -5.0},\n    "1": {0: 5.0, 1: 1.0, 2: 1.0},  \n    "2": {0: 2.0, 1: 1.0, 2: 5.0},\n    "3": {0: -5.0, 1: 2.0, 2: 5.0},\n    "4": {0: -5.0, 1: 5.0, 2: 2.0}\n}', moving_avg=25, n_heads=8, num_kernels=6, num_workers=10, output_attention=False, p_hidden_dims=[128, 128], p_hidden_layers=2, patience=3, pred_len=720, root_path='./data/DYG/KDD', seasonal_patterns='Monthly', seg_len=12, seq_len=96, target='v2', task_name='long_term_forecast', temp=2.0, top_k=5, train_epochs=10, use_amp=True, use_gpu=True, use_multi_gpu=True)
Use GPU: cuda:2
[HyperPearson] Dataset: sub3 | K-Groups: 2 | Hypergraph Built.
>>>>>>>start training : long_term_forecast_kdd_sub3_720_g2_HGI_PerHKGNN_DYG_base_ftM_sl96_ll48_pl720_dm1024_nh8_el2_dl1_df512_fc3_ebtimeF_dtTrue_v2_0>>>>>>>>>>>>>>>>>>>>>>>>>>
DYG_base
原始数据形状: (108051, 6)
Index(['Bacterial Density', 'Viscosity', 'Chemical Efficiency', 'pH Online',
       'Total Sugar'],
      dtype='object')
train 74820
DYG_base
原始数据形状: (108051, 6)
Index(['Bacterial Density', 'Viscosity', 'Chemical Efficiency', 'pH Online',
       'Total Sugar'],
      dtype='object')
val 10087
DYG_base
原始数据形状: (108051, 6)
Index(['Bacterial Density', 'Viscosity', 'Chemical Efficiency', 'pH Online',
       'Total Sugar'],
      dtype='object')
test 20891
	iters: 100, epoch: 1 | loss: 0.7893460
	speed: 0.2465s/iter; left time: 695.2585s
	iters: 200, epoch: 1 | loss: 0.6768252
	speed: 0.2128s/iter; left time: 578.9550s
Epoch: 1 cost time: 66.06230044364929
Epoch: 1, Steps: 292 | Train Loss: 0.7556457 Vali Loss: 0.5378439 Test Loss: 4.5542765
Validation loss decreased (inf --> 0.537844).  Saving model ...
Updating learning rate to 0.0001
	iters: 100, epoch: 2 | loss: 0.7038803
	speed: 4.9376s/iter; left time: 12487.1246s
	iters: 200, epoch: 2 | loss: 0.5407136
	speed: 0.2167s/iter; left time: 526.4846s
Epoch: 2 cost time: 66.35357356071472
Epoch: 2, Steps: 292 | Train Loss: 0.6771514 Vali Loss: 0.5395520 Test Loss: 4.5805211
EarlyStopping counter: 1 out of 3
Updating learning rate to 5e-05
	iters: 100, epoch: 3 | loss: 0.5667370
	speed: 4.9861s/iter; left time: 11153.8905s
	iters: 200, epoch: 3 | loss: 0.5771537
	speed: 0.2143s/iter; left time: 458.0520s
Epoch: 3 cost time: 63.31456184387207
Epoch: 3, Steps: 292 | Train Loss: 0.6541684 Vali Loss: 0.5321068 Test Loss: 4.6000443
Validation loss decreased (0.537844 --> 0.532107).  Saving model ...
Updating learning rate to 2.5e-05
	iters: 100, epoch: 4 | loss: 0.6159291
	speed: 4.5090s/iter; left time: 8770.0000s
	iters: 200, epoch: 4 | loss: 0.6387514
	speed: 0.2041s/iter; left time: 376.6306s
Epoch: 4 cost time: 62.416597843170166
Epoch: 4, Steps: 292 | Train Loss: 0.6358121 Vali Loss: 0.5299707 Test Loss: 4.5925279
Validation loss decreased (0.532107 --> 0.529971).  Saving model ...
Updating learning rate to 1.25e-05
	iters: 100, epoch: 5 | loss: 0.6296672
	speed: 5.1126s/iter; left time: 8451.1873s
	iters: 200, epoch: 5 | loss: 0.6732931
	speed: 0.2503s/iter; left time: 388.7265s
Epoch: 5 cost time: 74.20799231529236
Epoch: 5, Steps: 292 | Train Loss: 0.6249538 Vali Loss: 0.5329897 Test Loss: 4.6279736
EarlyStopping counter: 1 out of 3
Updating learning rate to 6.25e-06
	iters: 100, epoch: 6 | loss: 0.5863658
	speed: 5.2967s/iter; left time: 7208.8155s
	iters: 200, epoch: 6 | loss: 0.6175472
	speed: 0.2243s/iter; left time: 282.8253s
Epoch: 6 cost time: 67.88777947425842
Epoch: 6, Steps: 292 | Train Loss: 0.6190288 Vali Loss: 0.5350531 Test Loss: 4.6386318
EarlyStopping counter: 2 out of 3
Updating learning rate to 3.125e-06
	iters: 100, epoch: 7 | loss: 0.6387094
	speed: 4.8643s/iter; left time: 5199.9733s
	iters: 200, epoch: 7 | loss: 0.6391197
	speed: 0.2203s/iter; left time: 213.5070s
Epoch: 7 cost time: 65.91080522537231
Epoch: 7, Steps: 292 | Train Loss: 0.6153275 Vali Loss: 0.5356674 Test Loss: 4.6419644
EarlyStopping counter: 3 out of 3
Early stopping
Updating learning rate to 1.5625e-06
	iters: 100, epoch: 8 | loss: 0.7647834
	speed: 3.5059s/iter; left time: 2724.0931s
	iters: 200, epoch: 8 | loss: 0.6770507
	speed: 0.1825s/iter; left time: 123.5529s
Epoch: 8 cost time: 55.77787399291992
Epoch: 8, Steps: 292 | Train Loss: 0.6134404 Vali Loss: 0.5360381 Test Loss: 4.6485076
EarlyStopping counter: 4 out of 3
Early stopping
Updating learning rate to 7.8125e-07
	iters: 100, epoch: 9 | loss: 0.5953687
	speed: 2.6543s/iter; left time: 1287.3210s
	iters: 200, epoch: 9 | loss: 0.5790704
	speed: 0.1715s/iter; left time: 66.0399s
Epoch: 9 cost time: 51.602659463882446
Epoch: 9, Steps: 292 | Train Loss: 0.6123541 Vali Loss: 0.5366301 Test Loss: 4.6476479
EarlyStopping counter: 5 out of 3
Early stopping
Updating learning rate to 3.90625e-07
	iters: 100, epoch: 10 | loss: 0.5832645
	speed: 2.1703s/iter; left time: 418.8751s
	iters: 200, epoch: 10 | loss: 0.6239836
	speed: 0.1753s/iter; left time: 16.3031s
Epoch: 10 cost time: 52.01758813858032
Epoch: 10, Steps: 292 | Train Loss: 0.6119554 Vali Loss: 0.5373369 Test Loss: 4.6474137
EarlyStopping counter: 6 out of 3
Early stopping
Updating learning rate to 1.953125e-07
>>>>>>>testing : long_term_forecast_kdd_sub3_720_g2_HGI_PerHKGNN_DYG_base_ftM_sl96_ll48_pl720_dm1024_nh8_el2_dl1_df512_fc3_ebtimeF_dtTrue_v2_0<<<<<<<<<<<<<<<<<<<<<<<<<<<<<<<<<
DYG_base
原始数据形状: (108051, 6)
Index(['Bacterial Density', 'Viscosity', 'Chemical Efficiency', 'pH Online',
       'Total Sugar'],
      dtype='object')
test 20891
test shape: (20891, 1, 720, 5) (20891, 1, 720, 5)
test shape: (20891, 720, 5) (20891, 720, 5)
mae:0.5931, mse:4.5925
(20891, 720, 5)
(20891, 720, 5)
