True
2.3.0
True
Args in experiment:
Namespace(activation='gelu', anomaly_ratio=0.25, batch_size=256, c_out=5, channel_independent=1, checkpoints='./checkpoints/', d_ff=512, d_layers=1, d_model=1024, data='DYG_base', data_path='DYG_data_3_sub2.csv', dec_in=5, des='v2', device_ids=[2, 3, 4, 5], devices='2,3,4,5', direction=[1, 1, 2, 0, 2], distil=True, dropout=0.1, e_layers=2, embed='timeF', enc_in=5, enc_out=5, factor=3, features='M', freq='h', gpu=2, inverse=False, is_training=1, itr=1, label_len=48, learning_rate=0.0001, loss='MSE', lradj='type1', mask_rate=0.25, model='HGI_PerHKGNN', model_id='kdd_sub2_192_g5', moe_logits_init='{\n    "0": {0: 3.0, 1: 2.0, 2: 5.0},\n    "1": {0: 5.0, 1: 3.0, 2: 1.0},\n    "2": {0: 2.0, 1: 5.0, 2: 3.0}, \n    "3": {0: -5.0, 1: 3.0, 2: 5.0},\n    "4": {0: 5.0, 1: 4.0, 2: -5.0}\n}', moving_avg=25, n_heads=8, num_kernels=6, num_workers=10, output_attention=False, p_hidden_dims=[128, 128], p_hidden_layers=2, patience=3, pred_len=192, root_path='./data/DYG/KDD', seasonal_patterns='Monthly', seg_len=12, seq_len=96, target='v2', task_name='long_term_forecast', temp=5.0, top_k=5, train_epochs=10, use_amp=True, use_gpu=True, use_multi_gpu=True)
Use GPU: cuda:2
[HyperPearson] Dataset: sub2 | K-Groups: 5 | Hypergraph Built.
>>>>>>>start training : long_term_forecast_kdd_sub2_192_g5_HGI_PerHKGNN_DYG_base_ftM_sl96_ll48_pl192_dm1024_nh8_el2_dl1_df512_fc3_ebtimeF_dtTrue_v2_0>>>>>>>>>>>>>>>>>>>>>>>>>>
DYG_base
原始数据形状: (108051, 6)
Index(['Viscosity', 'Chemical Efficiency', 'DO Value', 'pH Online',
       'Air Flow'],
      dtype='object')
train 75348
DYG_base
原始数据形状: (108051, 6)
Index(['Viscosity', 'Chemical Efficiency', 'DO Value', 'pH Online',
       'Air Flow'],
      dtype='object')
val 10615
DYG_base
原始数据形状: (108051, 6)
Index(['Viscosity', 'Chemical Efficiency', 'DO Value', 'pH Online',
       'Air Flow'],
      dtype='object')
test 21419
	iters: 100, epoch: 1 | loss: 0.5356602
	speed: 0.1414s/iter; left time: 401.6974s
	iters: 200, epoch: 1 | loss: 0.6060311
	speed: 0.1166s/iter; left time: 319.7123s
Epoch: 1 cost time: 36.41629362106323
Epoch: 1, Steps: 294 | Train Loss: 0.5339641 Vali Loss: 0.4838580 Test Loss: 4.2925038
Validation loss decreased (inf --> 0.483858).  Saving model ...
Updating learning rate to 0.0001
	iters: 100, epoch: 2 | loss: 0.3968646
	speed: 6.2185s/iter; left time: 15838.3955s
	iters: 200, epoch: 2 | loss: 0.4740562
	speed: 0.1097s/iter; left time: 268.5407s
Epoch: 2 cost time: 36.69615936279297
Epoch: 2, Steps: 294 | Train Loss: 0.4495831 Vali Loss: 0.4776206 Test Loss: 4.3651538
Validation loss decreased (0.483858 --> 0.477621).  Saving model ...
Updating learning rate to 5e-05
	iters: 100, epoch: 3 | loss: 0.4014139
	speed: 6.0921s/iter; left time: 13725.5898s
	iters: 200, epoch: 3 | loss: 0.4327861
	speed: 0.1151s/iter; left time: 247.7865s
Epoch: 3 cost time: 35.44689345359802
Epoch: 3, Steps: 294 | Train Loss: 0.4287153 Vali Loss: 0.4798719 Test Loss: 4.3456993
EarlyStopping counter: 1 out of 3
Updating learning rate to 2.5e-05
	iters: 100, epoch: 4 | loss: 0.3756425
	speed: 6.0791s/iter; left time: 11909.0149s
	iters: 200, epoch: 4 | loss: 0.4005718
	speed: 0.1083s/iter; left time: 201.2752s
Epoch: 4 cost time: 34.94552230834961
Epoch: 4, Steps: 294 | Train Loss: 0.4188719 Vali Loss: 0.4783477 Test Loss: 4.4284940
EarlyStopping counter: 2 out of 3
Updating learning rate to 1.25e-05
	iters: 100, epoch: 5 | loss: 0.3768135
	speed: 5.9617s/iter; left time: 9926.2210s
	iters: 200, epoch: 5 | loss: 0.4264886
	speed: 0.1092s/iter; left time: 170.8574s
Epoch: 5 cost time: 35.324073791503906
Epoch: 5, Steps: 294 | Train Loss: 0.4119562 Vali Loss: 0.4766232 Test Loss: 4.4438872
Validation loss decreased (0.477621 --> 0.476623).  Saving model ...
Updating learning rate to 6.25e-06
	iters: 100, epoch: 6 | loss: 0.3853782
	speed: 4.6300s/iter; left time: 6347.7352s
	iters: 200, epoch: 6 | loss: 0.4413942
	speed: 0.1009s/iter; left time: 128.1928s
Epoch: 6 cost time: 30.04520606994629
Epoch: 6, Steps: 294 | Train Loss: 0.4074699 Vali Loss: 0.4776915 Test Loss: 4.4758906
EarlyStopping counter: 1 out of 3
Updating learning rate to 3.125e-06
	iters: 100, epoch: 7 | loss: 0.3762803
	speed: 4.8103s/iter; left time: 5180.7115s
	iters: 200, epoch: 7 | loss: 0.4001517
	speed: 0.1099s/iter; left time: 107.3558s
Epoch: 7 cost time: 32.99780011177063
Epoch: 7, Steps: 294 | Train Loss: 0.4051356 Vali Loss: 0.4781890 Test Loss: 4.4859605
EarlyStopping counter: 2 out of 3
Updating learning rate to 1.5625e-06
	iters: 100, epoch: 8 | loss: 0.3764592
	speed: 4.9176s/iter; left time: 3850.4733s
	iters: 200, epoch: 8 | loss: 0.3681203
	speed: 0.1032s/iter; left time: 70.5124s
Epoch: 8 cost time: 31.213338136672974
Epoch: 8, Steps: 294 | Train Loss: 0.4040175 Vali Loss: 0.4785099 Test Loss: 4.4904752
EarlyStopping counter: 3 out of 3
Early stopping
Updating learning rate to 7.8125e-07
	iters: 100, epoch: 9 | loss: 0.4447264
	speed: 4.9996s/iter; left time: 2444.8236s
	iters: 200, epoch: 9 | loss: 0.3966354
	speed: 0.1095s/iter; left time: 42.6148s
Epoch: 9 cost time: 35.68189764022827
Epoch: 9, Steps: 294 | Train Loss: 0.4032965 Vali Loss: 0.4793727 Test Loss: 4.4915104
EarlyStopping counter: 4 out of 3
Early stopping
Updating learning rate to 3.90625e-07
	iters: 100, epoch: 10 | loss: 0.4062376
	speed: 4.7997s/iter; left time: 935.9473s
	iters: 200, epoch: 10 | loss: 0.3653474
	speed: 0.1068s/iter; left time: 10.1496s
Epoch: 10 cost time: 32.34060597419739
Epoch: 10, Steps: 294 | Train Loss: 0.4030384 Vali Loss: 0.4794079 Test Loss: 4.4912658
EarlyStopping counter: 5 out of 3
Early stopping
Updating learning rate to 1.953125e-07
>>>>>>>testing : long_term_forecast_kdd_sub2_192_g5_HGI_PerHKGNN_DYG_base_ftM_sl96_ll48_pl192_dm1024_nh8_el2_dl1_df512_fc3_ebtimeF_dtTrue_v2_0<<<<<<<<<<<<<<<<<<<<<<<<<<<<<<<<<
DYG_base
原始数据形状: (108051, 6)
Index(['Viscosity', 'Chemical Efficiency', 'DO Value', 'pH Online',
       'Air Flow'],
      dtype='object')
test 21419
test shape: (21419, 1, 192, 5) (21419, 1, 192, 5)
test shape: (21419, 192, 5) (21419, 192, 5)
mae:0.5659, mse:4.4439
(21419, 192, 5)
(21419, 192, 5)
