True
2.3.0
True
Args in experiment:
Namespace(activation='gelu', anomaly_ratio=0.25, batch_size=256, c_out=5, channel_independent=1, checkpoints='./checkpoints/', d_ff=512, d_layers=1, d_model=1024, data='DYG_base', data_path='DYG_data_3_sub2.csv', dec_in=5, des='zs', device_ids=[1, 2, 3, 4], devices='1,2,3,4', direction=[1, 1, 2, 0, 2], distil=True, dropout=0.1, e_layers=2, embed='timeF', enc_in=5, enc_out=5, factor=3, features='M', freq='h', gpu=1, inverse=False, is_training=1, itr=1, label_len=48, learning_rate=0.0001, loss='MSE', lradj='type1', mask_rate=0.25, model='HGI_PerHKGNN', model_id='kdd_sub2_720_g2', moe_logits_init='{\n    "0": {0: 3.0, 1: 2.0, 2: 5.0},\n    "1": {0: 5.0, 1: 3.0, 2: 1.0},\n    "2": {0: 2.0, 1: 5.0, 2: 3.0}, \n    "3": {0: -5.0, 1: 3.0, 2: 5.0},\n    "4": {0: 5.0, 1: 4.0, 2: -5.0}\n}', moving_avg=25, n_heads=8, num_kernels=6, num_workers=10, output_attention=False, p_hidden_dims=[128, 128], p_hidden_layers=2, patience=3, pred_len=720, root_path='./data/DYG/KDD', seasonal_patterns='Monthly', seg_len=12, seq_len=96, target='zs', task_name='long_term_forecast', temp=2.0, top_k=5, train_epochs=10, use_amp=True, use_gpu=True, use_multi_gpu=True)
Use GPU: cuda:1
[HyperPearson] Dataset: sub2 | K-Groups: 2 | Hypergraph Built.
>>>>>>>start training : long_term_forecast_kdd_sub2_720_g2_HGI_PerHKGNN_DYG_base_ftM_sl96_ll48_pl720_dm1024_nh8_el2_dl1_df512_fc3_ebtimeF_dtTrue_zs_0>>>>>>>>>>>>>>>>>>>>>>>>>>
DYG_base
原始数据形状: (108051, 6)
Index(['Viscosity', 'Chemical Efficiency', 'DO Value', 'pH Online',
       'Air Flow'],
      dtype='object')
train 74820
DYG_base
原始数据形状: (108051, 6)
Index(['Viscosity', 'Chemical Efficiency', 'DO Value', 'pH Online',
       'Air Flow'],
      dtype='object')
val 10087
DYG_base
原始数据形状: (108051, 6)
Index(['Viscosity', 'Chemical Efficiency', 'DO Value', 'pH Online',
       'Air Flow'],
      dtype='object')
test 20891
	iters: 100, epoch: 1 | loss: 0.6834717
	speed: 0.2794s/iter; left time: 788.1332s
	iters: 200, epoch: 1 | loss: 0.7151588
	speed: 0.2390s/iter; left time: 650.4502s
Epoch: 1 cost time: 74.01098585128784
Epoch: 1, Steps: 292 | Train Loss: 0.7059607 Vali Loss: 0.6840300 Test Loss: 4.6895776
Validation loss decreased (inf --> 0.684030).  Saving model ...
Updating learning rate to 0.0001
	iters: 100, epoch: 2 | loss: 0.6672184
	speed: 1.8033s/iter; left time: 4560.6411s
	iters: 200, epoch: 2 | loss: 0.5755453
	speed: 0.2418s/iter; left time: 587.3269s
Epoch: 2 cost time: 72.21836471557617
Epoch: 2, Steps: 292 | Train Loss: 0.6220549 Vali Loss: 0.6917109 Test Loss: 4.7054038
EarlyStopping counter: 1 out of 3
Updating learning rate to 5e-05
	iters: 100, epoch: 3 | loss: 0.5808409
	speed: 2.1299s/iter; left time: 4764.5454s
	iters: 200, epoch: 3 | loss: 0.6098054
	speed: 0.2768s/iter; left time: 591.5353s
Epoch: 3 cost time: 81.68347430229187
Epoch: 3, Steps: 292 | Train Loss: 0.6007743 Vali Loss: 0.6941248 Test Loss: 4.7236910
EarlyStopping counter: 2 out of 3
Updating learning rate to 2.5e-05
	iters: 100, epoch: 4 | loss: 0.5904632
	speed: 3.4145s/iter; left time: 6641.1847s
	iters: 200, epoch: 4 | loss: 0.5812095
	speed: 0.2667s/iter; left time: 491.9896s
Epoch: 4 cost time: 77.6790874004364
Epoch: 4, Steps: 292 | Train Loss: 0.5890513 Vali Loss: 0.6940054 Test Loss: 4.7311811
EarlyStopping counter: 3 out of 3
Early stopping
Updating learning rate to 1.25e-05
	iters: 100, epoch: 5 | loss: 0.5696402
	speed: 5.7856s/iter; left time: 9563.5169s
	iters: 200, epoch: 5 | loss: 0.6069605
	speed: 0.3792s/iter; left time: 588.8485s
Epoch: 5 cost time: 111.37650346755981
Epoch: 5, Steps: 292 | Train Loss: 0.5814569 Vali Loss: 0.6955069 Test Loss: 4.7546363
EarlyStopping counter: 4 out of 3
Early stopping
Updating learning rate to 6.25e-06
	iters: 100, epoch: 6 | loss: 0.5636896
	speed: 4.8778s/iter; left time: 6638.7333s
	iters: 200, epoch: 6 | loss: 0.5329583
	speed: 0.3985s/iter; left time: 502.5366s
Epoch: 6 cost time: 112.65481638908386
Epoch: 6, Steps: 292 | Train Loss: 0.5764082 Vali Loss: 0.6973022 Test Loss: 4.7603431
EarlyStopping counter: 5 out of 3
Early stopping
Updating learning rate to 3.125e-06
	iters: 100, epoch: 7 | loss: 0.5524496
	speed: 6.0017s/iter; left time: 6415.8261s
	iters: 200, epoch: 7 | loss: 0.5476381
	speed: 0.2646s/iter; left time: 256.3635s
Epoch: 7 cost time: 85.35728764533997
Epoch: 7, Steps: 292 | Train Loss: 0.5735952 Vali Loss: 0.6973366 Test Loss: 4.7636218
EarlyStopping counter: 6 out of 3
Early stopping
Updating learning rate to 1.5625e-06
	iters: 100, epoch: 8 | loss: 0.5925946
	speed: 5.4284s/iter; left time: 4217.8697s
	iters: 200, epoch: 8 | loss: 0.6060668
	speed: 0.2642s/iter; left time: 178.8298s
Epoch: 8 cost time: 77.82701349258423
Epoch: 8, Steps: 292 | Train Loss: 0.5721545 Vali Loss: 0.6989371 Test Loss: 4.7692122
EarlyStopping counter: 7 out of 3
Early stopping
Updating learning rate to 7.8125e-07
	iters: 100, epoch: 9 | loss: 0.5327228
	speed: 4.7340s/iter; left time: 2295.9906s
	iters: 200, epoch: 9 | loss: 0.5349469
	speed: 0.2007s/iter; left time: 77.2771s
Epoch: 9 cost time: 56.75764226913452
Epoch: 9, Steps: 292 | Train Loss: 0.5715119 Vali Loss: 0.6985362 Test Loss: 4.7731614
EarlyStopping counter: 8 out of 3
Early stopping
Updating learning rate to 3.90625e-07
	iters: 100, epoch: 10 | loss: 0.6216188
	speed: 2.5831s/iter; left time: 498.5291s
	iters: 200, epoch: 10 | loss: 0.5719420
	speed: 0.1941s/iter; left time: 18.0473s
Epoch: 10 cost time: 61.380969762802124
Epoch: 10, Steps: 292 | Train Loss: 0.5709517 Vali Loss: 0.6995314 Test Loss: 4.7724175
EarlyStopping counter: 9 out of 3
Early stopping
Updating learning rate to 1.953125e-07
>>>>>>>testing : long_term_forecast_kdd_sub2_720_g2_HGI_PerHKGNN_DYG_base_ftM_sl96_ll48_pl720_dm1024_nh8_el2_dl1_df512_fc3_ebtimeF_dtTrue_zs_0<<<<<<<<<<<<<<<<<<<<<<<<<<<<<<<<<
DYG_base
原始数据形状: (108051, 6)
Index(['Viscosity', 'Chemical Efficiency', 'DO Value', 'pH Online',
       'Air Flow'],
      dtype='object')
test 20891
test shape: (20891, 1, 720, 5) (20891, 1, 720, 5)
test shape: (20891, 720, 5) (20891, 720, 5)
mae:0.6462, mse:4.6896
(20891, 720, 5)
(20891, 720, 5)
