True
2.3.0
True
Args in experiment:
Namespace(activation='gelu', anomaly_ratio=0.25, batch_size=256, c_out=5, channel_independent=1, checkpoints='./checkpoints/', d_ff=512, d_layers=1, d_model=1024, data='DYG_base', data_path='DYG_data_3_sub3.csv', dec_in=5, des='v2', device_ids=[2, 3, 4, 5], devices='2,3,4,5', direction=[0, 0, 0, 1, 1], distil=True, dropout=0.1, e_layers=2, embed='timeF', enc_in=5, enc_out=5, factor=3, features='M', freq='h', gpu=2, inverse=False, is_training=1, itr=1, label_len=48, learning_rate=0.0001, loss='MSE', lradj='type1', mask_rate=0.25, model='HGI_PerHKGNN', model_id='kdd_sub3_96_g3', moe_logits_init='{\n    "0": {0: 3.0, 1: 5.0, 2: -5.0},\n    "1": {0: 5.0, 1: 1.0, 2: 1.0},  \n    "2": {0: 2.0, 1: 1.0, 2: 5.0},\n    "3": {0: -5.0, 1: 2.0, 2: 5.0},\n    "4": {0: -5.0, 1: 5.0, 2: 2.0}\n}', moving_avg=25, n_heads=8, num_kernels=6, num_workers=10, output_attention=False, p_hidden_dims=[128, 128], p_hidden_layers=2, patience=3, pred_len=96, root_path='./data/DYG/KDD', seasonal_patterns='Monthly', seg_len=12, seq_len=96, target='v2', task_name='long_term_forecast', temp=3.0, top_k=5, train_epochs=10, use_amp=True, use_gpu=True, use_multi_gpu=True)
Use GPU: cuda:2
[HyperPearson] Dataset: sub3 | K-Groups: 3 | Hypergraph Built.
>>>>>>>start training : long_term_forecast_kdd_sub3_96_g3_HGI_PerHKGNN_DYG_base_ftM_sl96_ll48_pl96_dm1024_nh8_el2_dl1_df512_fc3_ebtimeF_dtTrue_v2_0>>>>>>>>>>>>>>>>>>>>>>>>>>
DYG_base
原始数据形状: (108051, 6)
Index(['Bacterial Density', 'Viscosity', 'Chemical Efficiency', 'pH Online',
       'Total Sugar'],
      dtype='object')
train 75444
DYG_base
原始数据形状: (108051, 6)
Index(['Bacterial Density', 'Viscosity', 'Chemical Efficiency', 'pH Online',
       'Total Sugar'],
      dtype='object')
val 10711
DYG_base
原始数据形状: (108051, 6)
Index(['Bacterial Density', 'Viscosity', 'Chemical Efficiency', 'pH Online',
       'Total Sugar'],
      dtype='object')
test 21515
	iters: 100, epoch: 1 | loss: 0.7651628
	speed: 0.1106s/iter; left time: 314.2187s
	iters: 200, epoch: 1 | loss: 0.6513535
	speed: 0.0778s/iter; left time: 213.3491s
Epoch: 1 cost time: 26.09921169281006
Epoch: 1, Steps: 294 | Train Loss: 0.5554512 Vali Loss: 0.3127840 Test Loss: 3.8771620
Validation loss decreased (inf --> 0.312784).  Saving model ...
Updating learning rate to 0.0001
	iters: 100, epoch: 2 | loss: 0.5554525
	speed: 3.0015s/iter; left time: 7644.9455s
	iters: 200, epoch: 2 | loss: 0.5945843
	speed: 0.0695s/iter; left time: 170.0341s
Epoch: 2 cost time: 24.080164432525635
Epoch: 2, Steps: 294 | Train Loss: 0.4743252 Vali Loss: 0.3038976 Test Loss: 3.9037952
Validation loss decreased (0.312784 --> 0.303898).  Saving model ...
Updating learning rate to 5e-05
	iters: 100, epoch: 3 | loss: 0.4392438
	speed: 2.8010s/iter; left time: 6310.6738s
	iters: 200, epoch: 3 | loss: 0.4588417
	speed: 0.0771s/iter; left time: 166.0293s
Epoch: 3 cost time: 24.401972770690918
Epoch: 3, Steps: 294 | Train Loss: 0.5368637 Vali Loss: 0.4200735 Test Loss: 4.4988332
EarlyStopping counter: 1 out of 3
Updating learning rate to 2.5e-05
	iters: 100, epoch: 4 | loss: 0.8114297
	speed: 2.8442s/iter; left time: 5571.8126s
	iters: 200, epoch: 4 | loss: 0.8069350
	speed: 0.0739s/iter; left time: 137.3535s
Epoch: 4 cost time: 23.990063428878784
Epoch: 4, Steps: 294 | Train Loss: nan Vali Loss: nan Test Loss: nan
Validation loss decreased (0.303898 --> nan).  Saving model ...
Updating learning rate to 1.25e-05
	iters: 100, epoch: 5 | loss: nan
	speed: 2.8109s/iter; left time: 4680.0893s
	iters: 200, epoch: 5 | loss: nan
	speed: 0.0787s/iter; left time: 123.2040s
Epoch: 5 cost time: 25.034754037857056
Epoch: 5, Steps: 294 | Train Loss: nan Vali Loss: nan Test Loss: nan
Validation loss decreased (nan --> nan).  Saving model ...
Updating learning rate to 6.25e-06
	iters: 100, epoch: 6 | loss: nan
	speed: 2.7986s/iter; left time: 3836.8293s
	iters: 200, epoch: 6 | loss: nan
	speed: 0.0798s/iter; left time: 101.3941s
Epoch: 6 cost time: 25.311859130859375
Epoch: 6, Steps: 294 | Train Loss: nan Vali Loss: nan Test Loss: nan
Validation loss decreased (nan --> nan).  Saving model ...
Updating learning rate to 3.125e-06
	iters: 100, epoch: 7 | loss: nan
	speed: 2.8543s/iter; left time: 3074.1092s
	iters: 200, epoch: 7 | loss: nan
	speed: 0.0865s/iter; left time: 84.5514s
Epoch: 7 cost time: 25.836604833602905
Epoch: 7, Steps: 294 | Train Loss: nan Vali Loss: nan Test Loss: nan
Validation loss decreased (nan --> nan).  Saving model ...
Updating learning rate to 1.5625e-06
	iters: 100, epoch: 8 | loss: nan
	speed: 2.8167s/iter; left time: 2205.4626s
	iters: 200, epoch: 8 | loss: nan
	speed: 0.0756s/iter; left time: 51.6250s
Epoch: 8 cost time: 24.602651357650757
Epoch: 8, Steps: 294 | Train Loss: nan Vali Loss: nan Test Loss: nan
Validation loss decreased (nan --> nan).  Saving model ...
Updating learning rate to 7.8125e-07
	iters: 100, epoch: 9 | loss: nan
	speed: 2.8069s/iter; left time: 1372.5882s
	iters: 200, epoch: 9 | loss: nan
	speed: 0.0827s/iter; left time: 32.1722s
Epoch: 9 cost time: 24.999845027923584
Epoch: 9, Steps: 294 | Train Loss: nan Vali Loss: nan Test Loss: nan
Validation loss decreased (nan --> nan).  Saving model ...
Updating learning rate to 3.90625e-07
	iters: 100, epoch: 10 | loss: nan
	speed: 2.7798s/iter; left time: 542.0688s
	iters: 200, epoch: 10 | loss: nan
	speed: 0.0926s/iter; left time: 8.7983s
Epoch: 10 cost time: 28.020907163619995
Epoch: 10, Steps: 294 | Train Loss: nan Vali Loss: nan Test Loss: nan
Validation loss decreased (nan --> nan).  Saving model ...
Updating learning rate to 1.953125e-07
>>>>>>>testing : long_term_forecast_kdd_sub3_96_g3_HGI_PerHKGNN_DYG_base_ftM_sl96_ll48_pl96_dm1024_nh8_el2_dl1_df512_fc3_ebtimeF_dtTrue_v2_0<<<<<<<<<<<<<<<<<<<<<<<<<<<<<<<<<
DYG_base
原始数据形状: (108051, 6)
Index(['Bacterial Density', 'Viscosity', 'Chemical Efficiency', 'pH Online',
       'Total Sugar'],
      dtype='object')
test 21515
test shape: (21515, 1, 96, 5) (21515, 1, 96, 5)
test shape: (21515, 96, 5) (21515, 96, 5)
mae:nan, mse:nan
(21515, 96, 5)
(21515, 96, 5)
