True
2.3.0
True
Args in experiment:
Namespace(activation='gelu', anomaly_ratio=0.25, batch_size=256, c_out=5, channel_independent=1, checkpoints='./checkpoints/', d_ff=512, d_layers=1, d_model=1024, data='DYG_base', data_path='DYG_data_3_sub3.csv', dec_in=5, des='v2', device_ids=[2, 3, 4, 5], devices='2,3,4,5', direction=[0, 0, 0, 1, 1], distil=True, dropout=0.1, e_layers=2, embed='timeF', enc_in=5, enc_out=5, factor=3, features='M', freq='h', gpu=2, inverse=False, is_training=1, itr=1, label_len=48, learning_rate=0.0001, loss='MSE', lradj='type1', mask_rate=0.25, model='HGI_PerHKGNN', model_id='kdd_sub3_336_g5', moe_logits_init='{\n    "0": {0: 3.0, 1: 5.0, 2: -5.0},\n    "1": {0: 5.0, 1: 1.0, 2: 1.0},  \n    "2": {0: 2.0, 1: 1.0, 2: 5.0},\n    "3": {0: -5.0, 1: 2.0, 2: 5.0},\n    "4": {0: -5.0, 1: 5.0, 2: 2.0}\n}', moving_avg=25, n_heads=8, num_kernels=6, num_workers=10, output_attention=False, p_hidden_dims=[128, 128], p_hidden_layers=2, patience=3, pred_len=336, root_path='./data/DYG/KDD', seasonal_patterns='Monthly', seg_len=12, seq_len=96, target='v2', task_name='long_term_forecast', temp=5.0, top_k=5, train_epochs=10, use_amp=True, use_gpu=True, use_multi_gpu=True)
Use GPU: cuda:2
[HyperPearson] Dataset: sub3 | K-Groups: 5 | Hypergraph Built.
>>>>>>>start training : long_term_forecast_kdd_sub3_336_g5_HGI_PerHKGNN_DYG_base_ftM_sl96_ll48_pl336_dm1024_nh8_el2_dl1_df512_fc3_ebtimeF_dtTrue_v2_0>>>>>>>>>>>>>>>>>>>>>>>>>>
DYG_base
原始数据形状: (108051, 6)
Index(['Bacterial Density', 'Viscosity', 'Chemical Efficiency', 'pH Online',
       'Total Sugar'],
      dtype='object')
train 75204
DYG_base
原始数据形状: (108051, 6)
Index(['Bacterial Density', 'Viscosity', 'Chemical Efficiency', 'pH Online',
       'Total Sugar'],
      dtype='object')
val 10471
DYG_base
原始数据形状: (108051, 6)
Index(['Bacterial Density', 'Viscosity', 'Chemical Efficiency', 'pH Online',
       'Total Sugar'],
      dtype='object')
test 21275
	iters: 100, epoch: 1 | loss: 0.4749490
	speed: 0.1241s/iter; left time: 351.2336s
	iters: 200, epoch: 1 | loss: 0.6766226
	speed: 0.0981s/iter; left time: 267.8424s
Epoch: 1 cost time: 30.040132999420166
Epoch: 1, Steps: 293 | Train Loss: 0.6662064 Vali Loss: 0.4226675 Test Loss: 4.3298244
Validation loss decreased (inf --> 0.422668).  Saving model ...
Updating learning rate to 0.0001
	iters: 100, epoch: 2 | loss: 0.6348717
	speed: 2.0523s/iter; left time: 5208.8060s
	iters: 200, epoch: 2 | loss: 0.6204806
	speed: 0.0950s/iter; left time: 231.7040s
Epoch: 2 cost time: 30.731217861175537
Epoch: 2, Steps: 293 | Train Loss: 0.5864496 Vali Loss: 0.4157480 Test Loss: 4.3547487
Validation loss decreased (0.422668 --> 0.415748).  Saving model ...
Updating learning rate to 5e-05
	iters: 100, epoch: 3 | loss: 0.5365039
	speed: 2.0500s/iter; left time: 4602.2087s
	iters: 200, epoch: 3 | loss: 0.5425799
	speed: 0.0964s/iter; left time: 206.7176s
Epoch: 3 cost time: 31.758841514587402
Epoch: 3, Steps: 293 | Train Loss: 0.5640816 Vali Loss: 0.4127920 Test Loss: 4.3817129
Validation loss decreased (0.415748 --> 0.412792).  Saving model ...
Updating learning rate to 2.5e-05
	iters: 100, epoch: 4 | loss: 0.5671659
	speed: 2.1078s/iter; left time: 4114.4994s
	iters: 200, epoch: 4 | loss: 0.5767862
	speed: 0.0899s/iter; left time: 166.5004s
Epoch: 4 cost time: 29.27866506576538
Epoch: 4, Steps: 293 | Train Loss: 0.5514478 Vali Loss: 0.4177244 Test Loss: 4.4329085
EarlyStopping counter: 1 out of 3
Updating learning rate to 1.25e-05
	iters: 100, epoch: 5 | loss: 0.4328183
	speed: 2.0595s/iter; left time: 3416.7755s
	iters: 200, epoch: 5 | loss: 0.5914961
	speed: 0.0904s/iter; left time: 140.8769s
Epoch: 5 cost time: 30.134509801864624
Epoch: 5, Steps: 293 | Train Loss: 0.5395608 Vali Loss: 0.4243545 Test Loss: 4.4773889
EarlyStopping counter: 2 out of 3
Updating learning rate to 6.25e-06
	iters: 100, epoch: 6 | loss: 0.4349252
	speed: 2.0022s/iter; left time: 2734.9409s
	iters: 200, epoch: 6 | loss: 0.4791197
	speed: 0.0771s/iter; left time: 97.6164s
Epoch: 6 cost time: 27.450154781341553
Epoch: 6, Steps: 293 | Train Loss: 0.5300427 Vali Loss: 0.4215941 Test Loss: 4.5117998
EarlyStopping counter: 3 out of 3
Early stopping
Updating learning rate to 3.125e-06
	iters: 100, epoch: 7 | loss: 0.5912189
	speed: 1.9701s/iter; left time: 2113.9184s
	iters: 200, epoch: 7 | loss: 0.4402061
	speed: 0.1023s/iter; left time: 99.5370s
Epoch: 7 cost time: 30.88189125061035
Epoch: 7, Steps: 293 | Train Loss: 0.5237621 Vali Loss: 0.4207718 Test Loss: 4.5389075
EarlyStopping counter: 4 out of 3
Early stopping
Updating learning rate to 1.5625e-06
	iters: 100, epoch: 8 | loss: 0.4418608
	speed: 1.8495s/iter; left time: 1442.5976s
	iters: 200, epoch: 8 | loss: 0.4542400
	speed: 0.0765s/iter; left time: 52.0493s
Epoch: 8 cost time: 28.54972553253174
Epoch: 8, Steps: 293 | Train Loss: 0.5201850 Vali Loss: 0.4224066 Test Loss: 4.5479617
EarlyStopping counter: 5 out of 3
Early stopping
Updating learning rate to 7.8125e-07
	iters: 100, epoch: 9 | loss: 0.4100823
	speed: 1.8949s/iter; left time: 922.8346s
	iters: 200, epoch: 9 | loss: 0.4960147
	speed: 0.0828s/iter; left time: 32.0532s
Epoch: 9 cost time: 27.335535287857056
Epoch: 9, Steps: 293 | Train Loss: 0.5181996 Vali Loss: 0.4228344 Test Loss: 4.5555606
EarlyStopping counter: 6 out of 3
Early stopping
Updating learning rate to 3.90625e-07
	iters: 100, epoch: 10 | loss: 0.5428874
	speed: 1.8779s/iter; left time: 364.3170s
	iters: 200, epoch: 10 | loss: 0.4922477
	speed: 0.0782s/iter; left time: 7.3533s
Epoch: 10 cost time: 27.138490915298462
Epoch: 10, Steps: 293 | Train Loss: 0.5177184 Vali Loss: 0.4231020 Test Loss: 4.5588350
EarlyStopping counter: 7 out of 3
Early stopping
Updating learning rate to 1.953125e-07
>>>>>>>testing : long_term_forecast_kdd_sub3_336_g5_HGI_PerHKGNN_DYG_base_ftM_sl96_ll48_pl336_dm1024_nh8_el2_dl1_df512_fc3_ebtimeF_dtTrue_v2_0<<<<<<<<<<<<<<<<<<<<<<<<<<<<<<<<<
DYG_base
原始数据形状: (108051, 6)
Index(['Bacterial Density', 'Viscosity', 'Chemical Efficiency', 'pH Online',
       'Total Sugar'],
      dtype='object')
test 21275
test shape: (21275, 1, 336, 5) (21275, 1, 336, 5)
test shape: (21275, 336, 5) (21275, 336, 5)
mae:0.5422, mse:4.3817
(21275, 336, 5)
(21275, 336, 5)
