True
2.3.0
True
Args in experiment:
Namespace(activation='gelu', anomaly_ratio=0.25, batch_size=256, c_out=5, channel_independent=1, checkpoints='./checkpoints/', d_ff=512, d_layers=1, d_model=1024, data='DYG_base', data_path='DYG_data_3_sub2.csv', dec_in=5, des='v2', device_ids=[2, 3, 4, 5], devices='2,3,4,5', direction=[1, 1, 2, 0, 2], distil=True, dropout=0.1, e_layers=2, embed='timeF', enc_in=5, enc_out=5, factor=3, features='M', freq='h', gpu=2, inverse=False, is_training=1, itr=1, label_len=48, learning_rate=0.0001, loss='MSE', lradj='type1', mask_rate=0.25, model='HGI_PerHKGNN', model_id='kdd_sub2_192_g4', moe_logits_init='{\n    "0": {0: 3.0, 1: 2.0, 2: 5.0},\n    "1": {0: 5.0, 1: 3.0, 2: 1.0},\n    "2": {0: 2.0, 1: 5.0, 2: 3.0}, \n    "3": {0: -5.0, 1: 3.0, 2: 5.0},\n    "4": {0: 5.0, 1: 4.0, 2: -5.0}\n}', moving_avg=25, n_heads=8, num_kernels=6, num_workers=10, output_attention=False, p_hidden_dims=[128, 128], p_hidden_layers=2, patience=3, pred_len=192, root_path='./data/DYG/KDD', seasonal_patterns='Monthly', seg_len=12, seq_len=96, target='v2', task_name='long_term_forecast', temp=4.0, top_k=5, train_epochs=10, use_amp=True, use_gpu=True, use_multi_gpu=True)
Use GPU: cuda:2
[HyperPearson] Dataset: sub2 | K-Groups: 4 | Hypergraph Built.
>>>>>>>start training : long_term_forecast_kdd_sub2_192_g4_HGI_PerHKGNN_DYG_base_ftM_sl96_ll48_pl192_dm1024_nh8_el2_dl1_df512_fc3_ebtimeF_dtTrue_v2_0>>>>>>>>>>>>>>>>>>>>>>>>>>
DYG_base
原始数据形状: (108051, 6)
Index(['Viscosity', 'Chemical Efficiency', 'DO Value', 'pH Online',
       'Air Flow'],
      dtype='object')
train 75348
DYG_base
原始数据形状: (108051, 6)
Index(['Viscosity', 'Chemical Efficiency', 'DO Value', 'pH Online',
       'Air Flow'],
      dtype='object')
val 10615
DYG_base
原始数据形状: (108051, 6)
Index(['Viscosity', 'Chemical Efficiency', 'DO Value', 'pH Online',
       'Air Flow'],
      dtype='object')
test 21419
	iters: 100, epoch: 1 | loss: 0.5347760
	speed: 0.1068s/iter; left time: 303.2958s
	iters: 200, epoch: 1 | loss: 0.6042495
	speed: 0.0817s/iter; left time: 223.8577s
Epoch: 1 cost time: 26.86627960205078
Epoch: 1, Steps: 294 | Train Loss: 0.5337593 Vali Loss: 0.4831340 Test Loss: 4.2990165
Validation loss decreased (inf --> 0.483134).  Saving model ...
Updating learning rate to 0.0001
	iters: 100, epoch: 2 | loss: 0.3965366
	speed: 2.7005s/iter; left time: 6878.1046s
	iters: 200, epoch: 2 | loss: 0.4731871
	speed: 0.0765s/iter; left time: 187.2587s
Epoch: 2 cost time: 22.56610870361328
Epoch: 2, Steps: 294 | Train Loss: 0.4493072 Vali Loss: 0.4775172 Test Loss: 4.3485308
Validation loss decreased (0.483134 --> 0.477517).  Saving model ...
Updating learning rate to 5e-05
	iters: 100, epoch: 3 | loss: 0.4010075
	speed: 3.0866s/iter; left time: 6954.2183s
	iters: 200, epoch: 3 | loss: 0.4457980
	speed: 0.0798s/iter; left time: 171.8921s
Epoch: 3 cost time: 26.73078966140747
Epoch: 3, Steps: 294 | Train Loss: 0.4281403 Vali Loss: 0.4798948 Test Loss: 4.3522553
EarlyStopping counter: 1 out of 3
Updating learning rate to 2.5e-05
	iters: 100, epoch: 4 | loss: 0.3756042
	speed: 3.1826s/iter; left time: 6234.6577s
	iters: 200, epoch: 4 | loss: 0.4008114
	speed: 0.0885s/iter; left time: 164.5355s
Epoch: 4 cost time: 28.488483667373657
Epoch: 4, Steps: 294 | Train Loss: 0.4175686 Vali Loss: 0.4781856 Test Loss: 4.4541121
EarlyStopping counter: 2 out of 3
Updating learning rate to 1.25e-05
	iters: 100, epoch: 5 | loss: 0.3754051
	speed: 3.7035s/iter; left time: 6166.3999s
	iters: 200, epoch: 5 | loss: 0.4209344
	speed: 0.0810s/iter; left time: 126.7543s
Epoch: 5 cost time: 27.052747011184692
Epoch: 5, Steps: 294 | Train Loss: 0.4098332 Vali Loss: 0.4754024 Test Loss: 4.4529181
Validation loss decreased (0.477517 --> 0.475402).  Saving model ...
Updating learning rate to 6.25e-06
	iters: 100, epoch: 6 | loss: 0.3856445
	speed: 4.6293s/iter; left time: 6346.7366s
	iters: 200, epoch: 6 | loss: 0.4340830
	speed: 0.1358s/iter; left time: 172.6106s
Epoch: 6 cost time: 44.30648350715637
Epoch: 6, Steps: 294 | Train Loss: 0.4048129 Vali Loss: 0.4768705 Test Loss: 4.4807773
EarlyStopping counter: 1 out of 3
Updating learning rate to 3.125e-06
	iters: 100, epoch: 7 | loss: 0.3750660
	speed: 5.6811s/iter; left time: 6118.5912s
	iters: 200, epoch: 7 | loss: 0.3976964
	speed: 0.1262s/iter; left time: 123.3113s
Epoch: 7 cost time: 39.87208795547485
Epoch: 7, Steps: 294 | Train Loss: 0.4023268 Vali Loss: 0.4772815 Test Loss: 4.4943624
EarlyStopping counter: 2 out of 3
Updating learning rate to 1.5625e-06
	iters: 100, epoch: 8 | loss: 0.3756263
	speed: 5.8509s/iter; left time: 4581.2188s
	iters: 200, epoch: 8 | loss: 0.3676785
	speed: 0.1562s/iter; left time: 106.7013s
Epoch: 8 cost time: 46.956570625305176
Epoch: 8, Steps: 294 | Train Loss: 0.4011663 Vali Loss: 0.4777780 Test Loss: 4.4962211
EarlyStopping counter: 3 out of 3
Early stopping
Updating learning rate to 7.8125e-07
	iters: 100, epoch: 9 | loss: 0.4328939
	speed: 7.2481s/iter; left time: 3544.3403s
	iters: 200, epoch: 9 | loss: 0.3959460
	speed: 0.1325s/iter; left time: 51.5410s
Epoch: 9 cost time: 42.26128315925598
Epoch: 9, Steps: 294 | Train Loss: 0.4004444 Vali Loss: 0.4785322 Test Loss: 4.4943428
EarlyStopping counter: 4 out of 3
Early stopping
Updating learning rate to 3.90625e-07
	iters: 100, epoch: 10 | loss: 0.4039027
	speed: 8.1428s/iter; left time: 1587.8537s
	iters: 200, epoch: 10 | loss: 0.3655455
	speed: 0.2071s/iter; left time: 19.6709s
Epoch: 10 cost time: 67.62088322639465
Epoch: 10, Steps: 294 | Train Loss: 0.4001642 Vali Loss: 0.4787018 Test Loss: 4.4941826
EarlyStopping counter: 5 out of 3
Early stopping
Updating learning rate to 1.953125e-07
>>>>>>>testing : long_term_forecast_kdd_sub2_192_g4_HGI_PerHKGNN_DYG_base_ftM_sl96_ll48_pl192_dm1024_nh8_el2_dl1_df512_fc3_ebtimeF_dtTrue_v2_0<<<<<<<<<<<<<<<<<<<<<<<<<<<<<<<<<
DYG_base
原始数据形状: (108051, 6)
Index(['Viscosity', 'Chemical Efficiency', 'DO Value', 'pH Online',
       'Air Flow'],
      dtype='object')
test 21419
test shape: (21419, 1, 192, 5) (21419, 1, 192, 5)
test shape: (21419, 192, 5) (21419, 192, 5)
mae:0.5661, mse:4.4529
(21419, 192, 5)
(21419, 192, 5)
