True
2.3.0
True
Args in experiment:
Namespace(activation='gelu', anomaly_ratio=0.25, batch_size=256, c_out=5, channel_independent=1, checkpoints='./checkpoints/', d_ff=512, d_layers=1, d_model=1024, data='DYG_base', data_path='DYG_data_3_sub2.csv', dec_in=5, des='v2', device_ids=[2, 3, 4, 5], devices='2,3,4,5', direction=[1, 1, 2, 0, 2], distil=True, dropout=0.1, e_layers=2, embed='timeF', enc_in=5, enc_out=5, factor=3, features='M', freq='h', gpu=2, inverse=False, is_training=1, itr=1, label_len=48, learning_rate=0.0001, loss='MSE', lradj='type1', mask_rate=0.25, model='HGI_PerHKGNN', model_id='kdd_sub2_336_g3', moe_logits_init='{\n    "0": {0: 3.0, 1: 2.0, 2: 5.0},\n    "1": {0: 5.0, 1: 3.0, 2: 1.0},\n    "2": {0: 2.0, 1: 5.0, 2: 3.0}, \n    "3": {0: -5.0, 1: 3.0, 2: 5.0},\n    "4": {0: 5.0, 1: 4.0, 2: -5.0}\n}', moving_avg=25, n_heads=8, num_kernels=6, num_workers=10, output_attention=False, p_hidden_dims=[128, 128], p_hidden_layers=2, patience=3, pred_len=336, root_path='./data/DYG/KDD', seasonal_patterns='Monthly', seg_len=12, seq_len=96, target='v2', task_name='long_term_forecast', temp=3.0, top_k=5, train_epochs=10, use_amp=True, use_gpu=True, use_multi_gpu=True)
Use GPU: cuda:2
[HyperPearson] Dataset: sub2 | K-Groups: 3 | Hypergraph Built.
>>>>>>>start training : long_term_forecast_kdd_sub2_336_g3_HGI_PerHKGNN_DYG_base_ftM_sl96_ll48_pl336_dm1024_nh8_el2_dl1_df512_fc3_ebtimeF_dtTrue_v2_0>>>>>>>>>>>>>>>>>>>>>>>>>>
DYG_base
原始数据形状: (108051, 6)
Index(['Viscosity', 'Chemical Efficiency', 'DO Value', 'pH Online',
       'Air Flow'],
      dtype='object')
train 75204
DYG_base
原始数据形状: (108051, 6)
Index(['Viscosity', 'Chemical Efficiency', 'DO Value', 'pH Online',
       'Air Flow'],
      dtype='object')
val 10471
DYG_base
原始数据形状: (108051, 6)
Index(['Viscosity', 'Chemical Efficiency', 'DO Value', 'pH Online',
       'Air Flow'],
      dtype='object')
test 21275
	iters: 100, epoch: 1 | loss: 0.5582556
	speed: 0.1259s/iter; left time: 356.4767s
	iters: 200, epoch: 1 | loss: 0.5391704
	speed: 0.1050s/iter; left time: 286.6614s
Epoch: 1 cost time: 31.32295799255371
Epoch: 1, Steps: 293 | Train Loss: 0.5999447 Vali Loss: 0.5560123 Test Loss: 4.4975080
Validation loss decreased (inf --> 0.556012).  Saving model ...
Updating learning rate to 0.0001
	iters: 100, epoch: 2 | loss: 0.5961830
	speed: 2.3318s/iter; left time: 5918.0539s
	iters: 200, epoch: 2 | loss: 0.4517862
	speed: 0.0974s/iter; left time: 237.4483s
Epoch: 2 cost time: 30.35389232635498
Epoch: 2, Steps: 293 | Train Loss: 0.5134056 Vali Loss: 0.5494082 Test Loss: 4.4902773
Validation loss decreased (0.556012 --> 0.549408).  Saving model ...
Updating learning rate to 5e-05
	iters: 100, epoch: 3 | loss: 0.4562370
	speed: 2.3409s/iter; left time: 5255.3587s
	iters: 200, epoch: 3 | loss: 0.4981951
	speed: 0.0841s/iter; left time: 180.3158s
Epoch: 3 cost time: 27.6498966217041
Epoch: 3, Steps: 293 | Train Loss: 0.4918952 Vali Loss: 0.5485593 Test Loss: 4.5436339
Validation loss decreased (0.549408 --> 0.548559).  Saving model ...
Updating learning rate to 2.5e-05
	iters: 100, epoch: 4 | loss: 0.4859481
	speed: 2.2677s/iter; left time: 4426.4586s
	iters: 200, epoch: 4 | loss: 0.4755840
	speed: 0.0852s/iter; left time: 157.8138s
Epoch: 4 cost time: 27.045002222061157
Epoch: 4, Steps: 293 | Train Loss: 0.4806953 Vali Loss: 0.5499077 Test Loss: 4.5553498
EarlyStopping counter: 1 out of 3
Updating learning rate to 1.25e-05
	iters: 100, epoch: 5 | loss: 0.4447995
	speed: 2.1483s/iter; left time: 3564.0234s
	iters: 200, epoch: 5 | loss: 0.4960266
	speed: 0.0955s/iter; left time: 148.9616s
Epoch: 5 cost time: 30.232020378112793
Epoch: 5, Steps: 293 | Train Loss: 0.4737703 Vali Loss: 0.5577184 Test Loss: 4.5705996
EarlyStopping counter: 2 out of 3
Updating learning rate to 6.25e-06
	iters: 100, epoch: 6 | loss: 0.4434462
	speed: 2.2146s/iter; left time: 3025.1052s
	iters: 200, epoch: 6 | loss: 0.4238082
	speed: 0.0759s/iter; left time: 96.0929s
Epoch: 6 cost time: 26.058794736862183
Epoch: 6, Steps: 293 | Train Loss: 0.4696355 Vali Loss: 0.5544721 Test Loss: 4.5973363
EarlyStopping counter: 3 out of 3
Early stopping
Updating learning rate to 3.125e-06
	iters: 100, epoch: 7 | loss: 0.4735582
	speed: 2.1772s/iter; left time: 2336.1125s
	iters: 200, epoch: 7 | loss: 0.4697284
	speed: 0.0777s/iter; left time: 75.5542s
Epoch: 7 cost time: 26.32087802886963
Epoch: 7, Steps: 293 | Train Loss: 0.4671140 Vali Loss: 0.5516940 Test Loss: 4.6005692
EarlyStopping counter: 4 out of 3
Early stopping
Updating learning rate to 1.5625e-06
	iters: 100, epoch: 8 | loss: 0.4411379
	speed: 2.2651s/iter; left time: 1766.7620s
	iters: 200, epoch: 8 | loss: 0.4823636
	speed: 0.0734s/iter; left time: 49.9207s
Epoch: 8 cost time: 25.16784143447876
Epoch: 8, Steps: 293 | Train Loss: 0.4658537 Vali Loss: 0.5530146 Test Loss: 4.5928512
EarlyStopping counter: 5 out of 3
Early stopping
Updating learning rate to 7.8125e-07
	iters: 100, epoch: 9 | loss: 0.4747269
	speed: 2.1817s/iter; left time: 1062.4908s
	iters: 200, epoch: 9 | loss: 0.4935166
	speed: 0.0823s/iter; left time: 31.8658s
Epoch: 9 cost time: 26.350351572036743
Epoch: 9, Steps: 293 | Train Loss: 0.4650079 Vali Loss: 0.5528547 Test Loss: 4.5838165
EarlyStopping counter: 6 out of 3
Early stopping
Updating learning rate to 3.90625e-07
	iters: 100, epoch: 10 | loss: 0.4911411
	speed: 2.1929s/iter; left time: 425.4173s
	iters: 200, epoch: 10 | loss: 0.4267821
	speed: 0.0821s/iter; left time: 7.7138s
Epoch: 10 cost time: 27.613702297210693
Epoch: 10, Steps: 293 | Train Loss: 0.4648369 Vali Loss: 0.5527756 Test Loss: 4.5858808
EarlyStopping counter: 7 out of 3
Early stopping
Updating learning rate to 1.953125e-07
>>>>>>>testing : long_term_forecast_kdd_sub2_336_g3_HGI_PerHKGNN_DYG_base_ftM_sl96_ll48_pl336_dm1024_nh8_el2_dl1_df512_fc3_ebtimeF_dtTrue_v2_0<<<<<<<<<<<<<<<<<<<<<<<<<<<<<<<<<
DYG_base
原始数据形状: (108051, 6)
Index(['Viscosity', 'Chemical Efficiency', 'DO Value', 'pH Online',
       'Air Flow'],
      dtype='object')
test 21275
test shape: (21275, 1, 336, 5) (21275, 1, 336, 5)
test shape: (21275, 336, 5) (21275, 336, 5)
mae:0.6030, mse:4.5436
(21275, 336, 5)
(21275, 336, 5)
