True
2.3.0
True
Args in experiment:
Namespace(activation='gelu', anomaly_ratio=0.25, batch_size=256, c_out=5, channel_independent=1, checkpoints='./checkpoints/', d_ff=512, d_layers=1, d_model=1024, data='DYG_base', data_path='EDA_offair.csv', dec_in=5, des='Exp', device_ids=[4, 5, 7], devices='4,5,7', direction=[1, 1, 2, 0, 0], distil=True, dropout=0.1, e_layers=2, embed='timeF', enc_in=5, enc_out=5, factor=3, features='M', freq='h', gpu=4, inverse=False, is_training=1, itr=1, label_len=48, learning_rate=0.0001, loss='MSE', lradj='type1', mask_rate=0.25, model='Informer', model_id='kdd_offair_192', moe_logits_init='{\n    "0": {0: 5.0, 1: 1.0, 2: -5.0},  \n    "1": {0: 1.0, 1: 5.0, 2: -5.0},  \n    "2": {0: -5.0, 1: 1.0, 2: 5.0},  \n    "3": {0: -5.0, 1: 4.0, 2: 5.0},  \n    "4": {0: -5.0, 1: 4.0, 2: 5.0}\n}', moving_avg=25, n_heads=8, num_kernels=6, num_workers=10, output_attention=False, p_hidden_dims=[128, 128], p_hidden_layers=2, patience=3, pred_len=192, root_path='./data/public', seasonal_patterns='Monthly', seg_len=12, seq_len=96, target='zs', task_name='long_term_forecast', temp=1.0, top_k=5, train_epochs=10, use_amp=True, use_gpu=True, use_multi_gpu=True)
Use GPU: cuda:4
>>>>>>>start training : long_term_forecast_kdd_offair_192_Informer_DYG_base_ftM_sl96_ll48_pl192_dm1024_nh8_el2_dl1_df512_fc3_ebtimeF_dtTrue_Exp_0>>>>>>>>>>>>>>>>>>>>>>>>>>
DYG_base
原始数据形状: (113935, 6)
Index(['pH', 'CO2', 'OUR', 'O2', 'CER'], dtype='object')
train 79467
DYG_base
原始数据形状: (113935, 6)
Index(['pH', 'CO2', 'OUR', 'O2', 'CER'], dtype='object')
val 11203
DYG_base
原始数据形状: (113935, 6)
Index(['pH', 'CO2', 'OUR', 'O2', 'CER'], dtype='object')
test 22596
	iters: 100, epoch: 1 | loss: 0.3966750
	speed: 0.4027s/iter; left time: 1208.5512s
	iters: 200, epoch: 1 | loss: 0.4388227
	speed: 0.3649s/iter; left time: 1058.6113s
	iters: 300, epoch: 1 | loss: 0.2810844
	speed: 0.3650s/iter; left time: 1022.3320s
Epoch: 1 cost time: 117.01033616065979
Epoch: 1, Steps: 310 | Train Loss: 0.4380589 Vali Loss: 0.3365891 Test Loss: 0.8764423
Validation loss decreased (inf --> 0.336589).  Saving model ...
Updating learning rate to 0.0001
	iters: 100, epoch: 2 | loss: 0.2925307
	speed: 6.7187s/iter; left time: 18080.0131s
	iters: 200, epoch: 2 | loss: 0.3635881
	speed: 0.2717s/iter; left time: 704.0386s
	iters: 300, epoch: 2 | loss: 0.3053368
	speed: 0.2623s/iter; left time: 653.4544s
Epoch: 2 cost time: 84.98397588729858
Epoch: 2, Steps: 310 | Train Loss: 0.3302509 Vali Loss: 0.3612108 Test Loss: 0.8506615
EarlyStopping counter: 1 out of 3
Updating learning rate to 5e-05
	iters: 100, epoch: 3 | loss: 0.2427877
	speed: 5.8355s/iter; left time: 13894.2462s
	iters: 200, epoch: 3 | loss: 0.2779125
	speed: 0.2402s/iter; left time: 547.8591s
	iters: 300, epoch: 3 | loss: 0.2595587
	speed: 0.2464s/iter; left time: 537.3336s
Epoch: 3 cost time: 75.76418709754944
Epoch: 3, Steps: 310 | Train Loss: nan Vali Loss: nan Test Loss: nan
Validation loss decreased (0.336589 --> nan).  Saving model ...
Updating learning rate to 2.5e-05
	iters: 100, epoch: 4 | loss: 0.4962088
	speed: 5.8498s/iter; left time: 12115.0366s
	iters: 200, epoch: 4 | loss: nan
	speed: 0.2519s/iter; left time: 496.4631s
	iters: 300, epoch: 4 | loss: 0.4775523
	speed: 0.2453s/iter; left time: 458.9141s
Epoch: 4 cost time: 76.63451814651489
Epoch: 4, Steps: 310 | Train Loss: nan Vali Loss: nan Test Loss: nan
Validation loss decreased (nan --> nan).  Saving model ...
Updating learning rate to 1.25e-05
	iters: 100, epoch: 5 | loss: 0.6036260
	speed: 6.1080s/iter; left time: 10756.2160s
	iters: 200, epoch: 5 | loss: 0.5270522
	speed: 0.2455s/iter; left time: 407.8173s
	iters: 300, epoch: 5 | loss: 0.4262775
	speed: 0.2434s/iter; left time: 379.9118s
Epoch: 5 cost time: 78.62995600700378
Epoch: 5, Steps: 310 | Train Loss: nan Vali Loss: nan Test Loss: nan
Validation loss decreased (nan --> nan).  Saving model ...
Updating learning rate to 6.25e-06
	iters: 100, epoch: 6 | loss: nan
	speed: 6.2384s/iter; left time: 9051.8962s
	iters: 200, epoch: 6 | loss: nan
	speed: 0.2440s/iter; left time: 329.6449s
	iters: 300, epoch: 6 | loss: nan
	speed: 0.2369s/iter; left time: 296.3458s
Epoch: 6 cost time: 77.17764902114868
Epoch: 6, Steps: 310 | Train Loss: nan Vali Loss: nan Test Loss: nan
Validation loss decreased (nan --> nan).  Saving model ...
Updating learning rate to 3.125e-06
	iters: 100, epoch: 7 | loss: nan
	speed: 4.7167s/iter; left time: 5381.7195s
	iters: 200, epoch: 7 | loss: nan
	speed: 0.2273s/iter; left time: 236.5836s
	iters: 300, epoch: 7 | loss: nan
	speed: 0.2165s/iter; left time: 203.6858s
Epoch: 7 cost time: 70.62384533882141
Epoch: 7, Steps: 310 | Train Loss: nan Vali Loss: nan Test Loss: nan
Validation loss decreased (nan --> nan).  Saving model ...
Updating learning rate to 1.5625e-06
	iters: 100, epoch: 8 | loss: nan
	speed: 5.1363s/iter; left time: 4268.2830s
	iters: 200, epoch: 8 | loss: nan
	speed: 0.2393s/iter; left time: 174.8955s
	iters: 300, epoch: 8 | loss: nan
	speed: 0.2449s/iter; left time: 154.5602s
Epoch: 8 cost time: 75.43977522850037
Epoch: 8, Steps: 310 | Train Loss: nan Vali Loss: nan Test Loss: nan
Validation loss decreased (nan --> nan).  Saving model ...
Updating learning rate to 7.8125e-07
	iters: 100, epoch: 9 | loss: nan
	speed: 5.4022s/iter; left time: 2814.5434s
	iters: 200, epoch: 9 | loss: nan
	speed: 0.2389s/iter; left time: 100.5817s
	iters: 300, epoch: 9 | loss: nan
	speed: 0.2417s/iter; left time: 77.5743s
Epoch: 9 cost time: 75.06902146339417
Epoch: 9, Steps: 310 | Train Loss: nan Vali Loss: nan Test Loss: nan
Validation loss decreased (nan --> nan).  Saving model ...
Updating learning rate to 3.90625e-07
	iters: 100, epoch: 10 | loss: nan
	speed: 5.4695s/iter; left time: 1154.0671s
	iters: 200, epoch: 10 | loss: nan
	speed: 0.2385s/iter; left time: 26.4778s
	iters: 300, epoch: 10 | loss: nan
	speed: 0.2293s/iter; left time: 2.5227s
Epoch: 10 cost time: 75.03665113449097
Epoch: 10, Steps: 310 | Train Loss: nan Vali Loss: nan Test Loss: nan
Validation loss decreased (nan --> nan).  Saving model ...
Updating learning rate to 1.953125e-07
>>>>>>>testing : long_term_forecast_kdd_offair_192_Informer_DYG_base_ftM_sl96_ll48_pl192_dm1024_nh8_el2_dl1_df512_fc3_ebtimeF_dtTrue_Exp_0<<<<<<<<<<<<<<<<<<<<<<<<<<<<<<<<<
DYG_base
原始数据形状: (113935, 6)
Index(['pH', 'CO2', 'OUR', 'O2', 'CER'], dtype='object')
test 22596
test shape: (22596, 1, 192, 5) (22596, 1, 192, 5)
test shape: (22596, 192, 5) (22596, 192, 5)
mae:nan, mse:nan
(22596, 192, 5)
(22596, 192, 5)
