True
2.3.0
True
Args in experiment:
Namespace(activation='gelu', anomaly_ratio=0.25, batch_size=256, c_out=5, channel_independent=1, checkpoints='./checkpoints/', d_ff=512, d_layers=1, d_model=1024, data='DYG_base', data_path='EDA_offair.csv', dec_in=5, des='Exp', device_ids=[4, 5, 7], devices='4,5,7', direction=[1, 1, 2, 0, 0], distil=True, dropout=0.1, e_layers=2, embed='timeF', enc_in=5, enc_out=5, factor=3, features='M', freq='h', gpu=4, inverse=False, is_training=1, itr=1, label_len=48, learning_rate=0.0001, loss='MSE', lradj='type1', mask_rate=0.25, model='iTransformer', model_id='kdd_offair_96', moe_logits_init='{\n    "0": {0: 5.0, 1: 1.0, 2: -5.0},  \n    "1": {0: 1.0, 1: 5.0, 2: -5.0},  \n    "2": {0: -5.0, 1: 1.0, 2: 5.0},  \n    "3": {0: -5.0, 1: 4.0, 2: 5.0},  \n    "4": {0: -5.0, 1: 4.0, 2: 5.0}\n}', moving_avg=25, n_heads=8, num_kernels=6, num_workers=10, output_attention=False, p_hidden_dims=[128, 128], p_hidden_layers=2, patience=3, pred_len=96, root_path='./data/public', seasonal_patterns='Monthly', seg_len=12, seq_len=96, target='zs', task_name='long_term_forecast', temp=1.0, top_k=5, train_epochs=10, use_amp=True, use_gpu=True, use_multi_gpu=True)
Use GPU: cuda:4
>>>>>>>start training : long_term_forecast_kdd_offair_96_iTransformer_DYG_base_ftM_sl96_ll48_pl96_dm1024_nh8_el2_dl1_df512_fc3_ebtimeF_dtTrue_Exp_0>>>>>>>>>>>>>>>>>>>>>>>>>>
DYG_base
原始数据形状: (113935, 6)
Index(['pH', 'CO2', 'OUR', 'O2', 'CER'], dtype='object')
train 79563
DYG_base
原始数据形状: (113935, 6)
Index(['pH', 'CO2', 'OUR', 'O2', 'CER'], dtype='object')
val 11299
DYG_base
原始数据形状: (113935, 6)
Index(['pH', 'CO2', 'OUR', 'O2', 'CER'], dtype='object')
test 22692
	iters: 100, epoch: 1 | loss: 0.3929950
	speed: 0.1705s/iter; left time: 511.6500s
	iters: 200, epoch: 1 | loss: 0.4084968
	speed: 0.1171s/iter; left time: 339.6542s
	iters: 300, epoch: 1 | loss: 0.3928211
	speed: 0.1204s/iter; left time: 337.2561s
Epoch: 1 cost time: 42.048609018325806
Epoch: 1, Steps: 310 | Train Loss: 0.4660225 Vali Loss: 0.4709380 Test Loss: 1.1934832
Validation loss decreased (inf --> 0.470938).  Saving model ...
Updating learning rate to 0.0001
	iters: 100, epoch: 2 | loss: 0.5277635
	speed: 4.9846s/iter; left time: 13413.6176s
	iters: 200, epoch: 2 | loss: 0.4136572
	speed: 0.1126s/iter; left time: 291.8322s
	iters: 300, epoch: 2 | loss: 0.3106850
	speed: 0.1107s/iter; left time: 275.8211s
Epoch: 2 cost time: 36.49324584007263
Epoch: 2, Steps: 310 | Train Loss: 0.3896416 Vali Loss: 0.4626620 Test Loss: 1.1378794
Validation loss decreased (0.470938 --> 0.462662).  Saving model ...
Updating learning rate to 5e-05
	iters: 100, epoch: 3 | loss: 0.3296805
	speed: 5.2878s/iter; left time: 12590.1355s
	iters: 200, epoch: 3 | loss: 0.2973001
	speed: 0.1187s/iter; left time: 270.7376s
	iters: 300, epoch: 3 | loss: 0.3299083
	speed: 0.1257s/iter; left time: 274.2392s
Epoch: 3 cost time: 39.34451389312744
Epoch: 3, Steps: 310 | Train Loss: 0.3489779 Vali Loss: 0.4670698 Test Loss: 1.5571331
EarlyStopping counter: 1 out of 3
Updating learning rate to 2.5e-05
	iters: 100, epoch: 4 | loss: 0.3064993
	speed: 5.3735s/iter; left time: 11128.5174s
	iters: 200, epoch: 4 | loss: 0.3045099
	speed: 0.1541s/iter; left time: 303.7768s
	iters: 300, epoch: 4 | loss: 0.3098476
	speed: 0.1439s/iter; left time: 269.2142s
Epoch: 4 cost time: 47.768983125686646
Epoch: 4, Steps: 310 | Train Loss: 0.3260730 Vali Loss: 0.4327159 Test Loss: 1.3717407
Validation loss decreased (0.462662 --> 0.432716).  Saving model ...
Updating learning rate to 1.25e-05
	iters: 100, epoch: 5 | loss: 0.2395775
	speed: 5.0735s/iter; left time: 8934.4955s
	iters: 200, epoch: 5 | loss: 0.3360893
	speed: 0.1120s/iter; left time: 185.9550s
	iters: 300, epoch: 5 | loss: 0.3791963
	speed: 0.1151s/iter; left time: 179.6780s
Epoch: 5 cost time: 35.53117322921753
Epoch: 5, Steps: 310 | Train Loss: 0.3152213 Vali Loss: 0.4239455 Test Loss: 1.2960982
Validation loss decreased (0.432716 --> 0.423946).  Saving model ...
Updating learning rate to 6.25e-06
	iters: 100, epoch: 6 | loss: 0.3238103
	speed: 4.9100s/iter; left time: 7124.4129s
	iters: 200, epoch: 6 | loss: 0.2527483
	speed: 0.1221s/iter; left time: 164.9268s
	iters: 300, epoch: 6 | loss: 0.3641583
	speed: 0.1274s/iter; left time: 159.4329s
Epoch: 6 cost time: 38.71373653411865
Epoch: 6, Steps: 310 | Train Loss: 0.3102200 Vali Loss: 0.4177521 Test Loss: 1.3980930
Validation loss decreased (0.423946 --> 0.417752).  Saving model ...
Updating learning rate to 3.125e-06
	iters: 100, epoch: 7 | loss: 0.2557207
	speed: 5.4340s/iter; left time: 6200.1759s
	iters: 200, epoch: 7 | loss: 0.2412774
	speed: 0.1039s/iter; left time: 108.1184s
	iters: 300, epoch: 7 | loss: 0.3350953
	speed: 0.0995s/iter; left time: 93.6302s
Epoch: 7 cost time: 36.63031220436096
Epoch: 7, Steps: 310 | Train Loss: 0.3078308 Vali Loss: 0.4178395 Test Loss: 1.3662280
EarlyStopping counter: 1 out of 3
Updating learning rate to 1.5625e-06
	iters: 100, epoch: 8 | loss: 0.3245903
	speed: 5.6715s/iter; left time: 4713.0466s
	iters: 200, epoch: 8 | loss: 0.3335145
	speed: 0.1290s/iter; left time: 94.2971s
	iters: 300, epoch: 8 | loss: 0.4151287
	speed: 0.1114s/iter; left time: 70.2701s
Epoch: 8 cost time: 37.73920512199402
Epoch: 8, Steps: 310 | Train Loss: 0.3064008 Vali Loss: 0.4157739 Test Loss: 1.3620709
Validation loss decreased (0.417752 --> 0.415774).  Saving model ...
Updating learning rate to 7.8125e-07
	iters: 100, epoch: 9 | loss: 0.2612170
	speed: 5.8123s/iter; left time: 3028.1902s
	iters: 200, epoch: 9 | loss: 0.3053404
	speed: 0.0968s/iter; left time: 40.7349s
	iters: 300, epoch: 9 | loss: 0.2955842
	speed: 0.0983s/iter; left time: 31.5509s
Epoch: 9 cost time: 30.501972913742065
Epoch: 9, Steps: 310 | Train Loss: 0.3050713 Vali Loss: 0.4138552 Test Loss: 1.3584030
Validation loss decreased (0.415774 --> 0.413855).  Saving model ...
Updating learning rate to 3.90625e-07
	iters: 100, epoch: 10 | loss: 0.2555959
	speed: 5.4273s/iter; left time: 1145.1657s
	iters: 200, epoch: 10 | loss: 0.3279473
	speed: 0.1535s/iter; left time: 17.0401s
	iters: 300, epoch: 10 | loss: 0.2447679
	speed: 0.1442s/iter; left time: 1.5858s
Epoch: 10 cost time: 47.11961531639099
Epoch: 10, Steps: 310 | Train Loss: 0.3049880 Vali Loss: 0.4145834 Test Loss: 1.3828756
EarlyStopping counter: 1 out of 3
Updating learning rate to 1.953125e-07
>>>>>>>testing : long_term_forecast_kdd_offair_96_iTransformer_DYG_base_ftM_sl96_ll48_pl96_dm1024_nh8_el2_dl1_df512_fc3_ebtimeF_dtTrue_Exp_0<<<<<<<<<<<<<<<<<<<<<<<<<<<<<<<<<
DYG_base
原始数据形状: (113935, 6)
Index(['pH', 'CO2', 'OUR', 'O2', 'CER'], dtype='object')
test 22692
test shape: (22692, 1, 96, 5) (22692, 1, 96, 5)
test shape: (22692, 96, 5) (22692, 96, 5)
mae:0.4069, mse:1.3584
(22692, 96, 5)
(22692, 96, 5)
