True
2.3.0
True
Args in experiment:
Namespace(activation='gelu', anomaly_ratio=0.25, batch_size=256, c_out=5, channel_independent=1, checkpoints='./checkpoints/', d_ff=256, d_layers=1, d_model=256, data='DYG_base', data_path='EDA_femprocess_v2.csv', dec_in=5, des='Exp', device_ids=[1, 2, 3, 4], devices='1,2,3,4', direction=[1, 1, 2, 0, 2], distil=True, dropout=0.1, e_layers=2, embed='timeF', enc_in=5, enc_out=5, factor=3, features='M', freq='h', gpu=1, inverse=False, is_training=1, itr=1, label_len=48, learning_rate=0.0001, loss='MSE', lradj='type1', mask_rate=0.25, model='LightTS', model_id='kdd_femprocess_v2_192', moe_logits_init='{\n    "0": {0: 3.0, 1: 2.0, 2: 5.0},\n    "1": {0: 5.0, 1: 3.0, 2: 1.0},\n    "2": {0: 2.0, 1: 5.0, 2: 3.0}, \n    "3": {0: -5.0, 1: 3.0, 2: 5.0},\n    "4": {0: 5.0, 1: 4.0, 2: -5.0}\n}', moving_avg=25, n_heads=8, num_kernels=6, num_workers=10, output_attention=False, p_hidden_dims=[128, 128], p_hidden_layers=2, patience=3, pred_len=192, root_path='./data/public', seasonal_patterns='Monthly', seg_len=12, seq_len=96, target='v2', task_name='long_term_forecast', temp=1.0, top_k=5, train_epochs=10, use_amp=True, use_gpu=True, use_multi_gpu=True)
Use GPU: cuda:1
>>>>>>>start training : long_term_forecast_kdd_femprocess_v2_192_LightTS_DYG_base_ftM_sl96_ll48_pl192_dm256_nh8_el2_dl1_df256_fc3_ebtimeF_dtTrue_Exp_0>>>>>>>>>>>>>>>>>>>>>>>>>>
DYG_base
原始数据形状: (113935, 6)
Index(['flow_rate', 'heating_cooling_water_flow_rate', 'vessel_weight',
       'vessel_volume', 'generated_heat'],
      dtype='object')
train 79467
DYG_base
原始数据形状: (113935, 6)
Index(['flow_rate', 'heating_cooling_water_flow_rate', 'vessel_weight',
       'vessel_volume', 'generated_heat'],
      dtype='object')
val 11203
DYG_base
原始数据形状: (113935, 6)
Index(['flow_rate', 'heating_cooling_water_flow_rate', 'vessel_weight',
       'vessel_volume', 'generated_heat'],
      dtype='object')
test 22596
	iters: 100, epoch: 1 | loss: 0.8438938
	speed: 0.1681s/iter; left time: 504.5006s
	iters: 200, epoch: 1 | loss: 0.7814763
	speed: 0.0988s/iter; left time: 286.4898s
	iters: 300, epoch: 1 | loss: 0.6512965
	speed: 0.1040s/iter; left time: 291.4229s
Epoch: 1 cost time: 38.15238904953003
Epoch: 1, Steps: 310 | Train Loss: 0.8169877 Vali Loss: 0.6543488 Test Loss: 0.8407570
Validation loss decreased (inf --> 0.654349).  Saving model ...
Updating learning rate to 0.0001
	iters: 100, epoch: 2 | loss: 0.6049019
	speed: 1.6021s/iter; left time: 4311.3420s
	iters: 200, epoch: 2 | loss: 0.5563458
	speed: 0.0976s/iter; left time: 252.9708s
	iters: 300, epoch: 2 | loss: 0.6403959
	speed: 0.0975s/iter; left time: 242.8767s
Epoch: 2 cost time: 31.120278120040894
Epoch: 2, Steps: 310 | Train Loss: 0.6102941 Vali Loss: 0.6027699 Test Loss: 0.7690783
Validation loss decreased (0.654349 --> 0.602770).  Saving model ...
Updating learning rate to 5e-05
	iters: 100, epoch: 3 | loss: 0.6611246
	speed: 1.3072s/iter; left time: 3112.3925s
	iters: 200, epoch: 3 | loss: 0.6000451
	speed: 0.0964s/iter; left time: 219.9214s
	iters: 300, epoch: 3 | loss: 0.6516194
	speed: 0.0951s/iter; left time: 207.3836s
Epoch: 3 cost time: 29.749593496322632
Epoch: 3, Steps: 310 | Train Loss: 0.5717646 Vali Loss: 0.5838891 Test Loss: 0.7462367
Validation loss decreased (0.602770 --> 0.583889).  Saving model ...
Updating learning rate to 2.5e-05
	iters: 100, epoch: 4 | loss: 0.5907561
	speed: 2.3663s/iter; left time: 4900.5940s
	iters: 200, epoch: 4 | loss: 0.6318612
	speed: 0.0968s/iter; left time: 190.7640s
	iters: 300, epoch: 4 | loss: 0.5036120
	speed: 0.0957s/iter; left time: 179.1324s
Epoch: 4 cost time: 30.871310710906982
Epoch: 4, Steps: 310 | Train Loss: 0.5575729 Vali Loss: 0.5751835 Test Loss: 0.7385958
Validation loss decreased (0.583889 --> 0.575183).  Saving model ...
Updating learning rate to 1.25e-05
	iters: 100, epoch: 5 | loss: 0.5978805
	speed: 2.3985s/iter; left time: 4223.7289s
	iters: 200, epoch: 5 | loss: 0.5605297
	speed: 0.0957s/iter; left time: 158.8887s
	iters: 300, epoch: 5 | loss: 0.6171048
	speed: 0.0956s/iter; left time: 149.1789s
Epoch: 5 cost time: 30.602439880371094
Epoch: 5, Steps: 310 | Train Loss: 0.5518246 Vali Loss: 0.5714478 Test Loss: 0.7357466
Validation loss decreased (0.575183 --> 0.571448).  Saving model ...
Updating learning rate to 6.25e-06
	iters: 100, epoch: 6 | loss: 0.4421445
	speed: 2.3686s/iter; left time: 3436.9088s
	iters: 200, epoch: 6 | loss: 0.5646605
	speed: 0.1038s/iter; left time: 140.2901s
	iters: 300, epoch: 6 | loss: 0.4979385
	speed: 0.1000s/iter; left time: 125.0428s
Epoch: 6 cost time: 32.10343408584595
Epoch: 6, Steps: 310 | Train Loss: 0.5490949 Vali Loss: 0.5703434 Test Loss: 0.7332792
Validation loss decreased (0.571448 --> 0.570343).  Saving model ...
Updating learning rate to 3.125e-06
	iters: 100, epoch: 7 | loss: 0.5672451
	speed: 2.3597s/iter; left time: 2692.4050s
	iters: 200, epoch: 7 | loss: 0.4776010
	speed: 0.0961s/iter; left time: 100.0422s
	iters: 300, epoch: 7 | loss: 0.5496752
	speed: 0.0966s/iter; left time: 90.9297s
Epoch: 7 cost time: 30.098860025405884
Epoch: 7, Steps: 310 | Train Loss: 0.5476576 Vali Loss: 0.5700516 Test Loss: 0.7329348
Validation loss decreased (0.570343 --> 0.570052).  Saving model ...
Updating learning rate to 1.5625e-06
	iters: 100, epoch: 8 | loss: 0.5540535
	speed: 1.6736s/iter; left time: 1390.7894s
	iters: 200, epoch: 8 | loss: 0.5314009
	speed: 0.1031s/iter; left time: 75.3949s
	iters: 300, epoch: 8 | loss: 0.5328825
	speed: 0.1040s/iter; left time: 65.6445s
Epoch: 8 cost time: 33.216020584106445
Epoch: 8, Steps: 310 | Train Loss: 0.5467842 Vali Loss: 0.5703316 Test Loss: 0.7325600
EarlyStopping counter: 1 out of 3
Updating learning rate to 7.8125e-07
	iters: 100, epoch: 9 | loss: 0.5973379
	speed: 1.6782s/iter; left time: 874.3410s
	iters: 200, epoch: 9 | loss: 0.4900089
	speed: 0.1071s/iter; left time: 45.0822s
	iters: 300, epoch: 9 | loss: 0.5857005
	speed: 0.1079s/iter; left time: 34.6268s
Epoch: 9 cost time: 33.496675968170166
Epoch: 9, Steps: 310 | Train Loss: 0.5465533 Vali Loss: 0.5705029 Test Loss: 0.7321621
EarlyStopping counter: 2 out of 3
Updating learning rate to 3.90625e-07
	iters: 100, epoch: 10 | loss: 0.5293201
	speed: 1.7547s/iter; left time: 370.2492s
	iters: 200, epoch: 10 | loss: 0.6212438
	speed: 0.1081s/iter; left time: 11.9987s
	iters: 300, epoch: 10 | loss: 0.5335032
	speed: 0.1088s/iter; left time: 1.1968s
Epoch: 10 cost time: 32.87987685203552
Epoch: 10, Steps: 310 | Train Loss: 0.5464588 Vali Loss: 0.5704650 Test Loss: 0.7321033
EarlyStopping counter: 3 out of 3
Early stopping
Updating learning rate to 1.953125e-07
>>>>>>>testing : long_term_forecast_kdd_femprocess_v2_192_LightTS_DYG_base_ftM_sl96_ll48_pl192_dm256_nh8_el2_dl1_df256_fc3_ebtimeF_dtTrue_Exp_0<<<<<<<<<<<<<<<<<<<<<<<<<<<<<<<<<
DYG_base
原始数据形状: (113935, 6)
Index(['flow_rate', 'heating_cooling_water_flow_rate', 'vessel_weight',
       'vessel_volume', 'generated_heat'],
      dtype='object')
test 22596
test shape: (22596, 1, 192, 5) (22596, 1, 192, 5)
test shape: (22596, 192, 5) (22596, 192, 5)
mae:0.4841, mse:0.7329
(22596, 192, 5)
(22596, 192, 5)
