True
2.3.0
True
Args in experiment:
Namespace(activation='gelu', anomaly_ratio=0.25, batch_size=256, c_out=5, channel_independent=1, checkpoints='./checkpoints/', d_ff=256, d_layers=1, d_model=256, data='DYG_base', data_path='EDA_femprocess_v2.csv', dec_in=5, des='Exp', device_ids=[1, 2, 3, 4], devices='1,2,3,4', direction=[1, 1, 2, 0, 2], distil=True, dropout=0.1, e_layers=2, embed='timeF', enc_in=5, enc_out=5, factor=3, features='M', freq='h', gpu=1, inverse=False, is_training=1, itr=1, label_len=48, learning_rate=0.0001, loss='MSE', lradj='type1', mask_rate=0.25, model='LightTS', model_id='kdd_femprocess_v2_336', moe_logits_init='{\n    "0": {0: 3.0, 1: 2.0, 2: 5.0},\n    "1": {0: 5.0, 1: 3.0, 2: 1.0},\n    "2": {0: 2.0, 1: 5.0, 2: 3.0}, \n    "3": {0: -5.0, 1: 3.0, 2: 5.0},\n    "4": {0: 5.0, 1: 4.0, 2: -5.0}\n}', moving_avg=25, n_heads=8, num_kernels=6, num_workers=10, output_attention=False, p_hidden_dims=[128, 128], p_hidden_layers=2, patience=3, pred_len=336, root_path='./data/public', seasonal_patterns='Monthly', seg_len=12, seq_len=96, target='v2', task_name='long_term_forecast', temp=1.0, top_k=5, train_epochs=10, use_amp=True, use_gpu=True, use_multi_gpu=True)
Use GPU: cuda:1
>>>>>>>start training : long_term_forecast_kdd_femprocess_v2_336_LightTS_DYG_base_ftM_sl96_ll48_pl336_dm256_nh8_el2_dl1_df256_fc3_ebtimeF_dtTrue_Exp_0>>>>>>>>>>>>>>>>>>>>>>>>>>
DYG_base
原始数据形状: (113935, 6)
Index(['flow_rate', 'heating_cooling_water_flow_rate', 'vessel_weight',
       'vessel_volume', 'generated_heat'],
      dtype='object')
train 79323
DYG_base
原始数据形状: (113935, 6)
Index(['flow_rate', 'heating_cooling_water_flow_rate', 'vessel_weight',
       'vessel_volume', 'generated_heat'],
      dtype='object')
val 11059
DYG_base
原始数据形状: (113935, 6)
Index(['flow_rate', 'heating_cooling_water_flow_rate', 'vessel_weight',
       'vessel_volume', 'generated_heat'],
      dtype='object')
test 22452
	iters: 100, epoch: 1 | loss: 0.9003983
	speed: 0.1670s/iter; left time: 499.5072s
	iters: 200, epoch: 1 | loss: 0.8285338
	speed: 0.0993s/iter; left time: 287.0912s
	iters: 300, epoch: 1 | loss: 0.8490477
	speed: 0.0982s/iter; left time: 273.9409s
Epoch: 1 cost time: 37.422242879867554
Epoch: 1, Steps: 309 | Train Loss: 0.9166351 Vali Loss: 0.7693320 Test Loss: 0.9726474
Validation loss decreased (inf --> 0.769332).  Saving model ...
Updating learning rate to 0.0001
	iters: 100, epoch: 2 | loss: 0.7399921
	speed: 2.3637s/iter; left time: 6339.5712s
	iters: 200, epoch: 2 | loss: 0.7104045
	speed: 0.1063s/iter; left time: 274.4558s
	iters: 300, epoch: 2 | loss: 0.6611438
	speed: 0.1137s/iter; left time: 282.2259s
Epoch: 2 cost time: 34.400511741638184
Epoch: 2, Steps: 309 | Train Loss: 0.7153218 Vali Loss: 0.7033364 Test Loss: 0.8728195
Validation loss decreased (0.769332 --> 0.703336).  Saving model ...
Updating learning rate to 5e-05
	iters: 100, epoch: 3 | loss: 0.5977675
	speed: 2.3516s/iter; left time: 5580.3216s
	iters: 200, epoch: 3 | loss: 0.6052564
	speed: 0.0945s/iter; left time: 214.7912s
	iters: 300, epoch: 3 | loss: 0.6490511
	speed: 0.0966s/iter; left time: 210.0135s
Epoch: 3 cost time: 29.969595432281494
Epoch: 3, Steps: 309 | Train Loss: 0.6652141 Vali Loss: 0.6780324 Test Loss: 0.8502671
Validation loss decreased (0.703336 --> 0.678032).  Saving model ...
Updating learning rate to 2.5e-05
	iters: 100, epoch: 4 | loss: 0.6165230
	speed: 1.9831s/iter; left time: 4093.0265s
	iters: 200, epoch: 4 | loss: 0.6440087
	speed: 0.1104s/iter; left time: 216.9065s
	iters: 300, epoch: 4 | loss: 0.6021088
	speed: 0.1071s/iter; left time: 199.6819s
Epoch: 4 cost time: 33.6049222946167
Epoch: 4, Steps: 309 | Train Loss: 0.6486473 Vali Loss: 0.6693044 Test Loss: 0.8402559
Validation loss decreased (0.678032 --> 0.669304).  Saving model ...
Updating learning rate to 1.25e-05
	iters: 100, epoch: 5 | loss: 0.6300417
	speed: 1.6370s/iter; left time: 2872.9934s
	iters: 200, epoch: 5 | loss: 0.6941668
	speed: 0.0981s/iter; left time: 162.3051s
	iters: 300, epoch: 5 | loss: 0.6187232
	speed: 0.1002s/iter; left time: 155.8113s
Epoch: 5 cost time: 31.113321781158447
Epoch: 5, Steps: 309 | Train Loss: 0.6413534 Vali Loss: 0.6635304 Test Loss: 0.8380998
Validation loss decreased (0.669304 --> 0.663530).  Saving model ...
Updating learning rate to 6.25e-06
	iters: 100, epoch: 6 | loss: 0.5761980
	speed: 1.6158s/iter; left time: 2336.4670s
	iters: 200, epoch: 6 | loss: 0.6854986
	speed: 0.0970s/iter; left time: 130.5307s
	iters: 300, epoch: 6 | loss: 0.6270207
	speed: 0.1009s/iter; left time: 125.7518s
Epoch: 6 cost time: 30.706462860107422
Epoch: 6, Steps: 309 | Train Loss: 0.6378629 Vali Loss: 0.6610637 Test Loss: 0.8353305
Validation loss decreased (0.663530 --> 0.661064).  Saving model ...
Updating learning rate to 3.125e-06
	iters: 100, epoch: 7 | loss: 0.6351991
	speed: 1.6082s/iter; left time: 1828.5071s
	iters: 200, epoch: 7 | loss: 0.6610014
	speed: 0.0664s/iter; left time: 68.8819s
	iters: 300, epoch: 7 | loss: 0.6092495
	speed: 0.0663s/iter; left time: 62.1420s
Epoch: 7 cost time: 20.998034715652466
Epoch: 7, Steps: 309 | Train Loss: 0.6361842 Vali Loss: 0.6609439 Test Loss: 0.8343433
Validation loss decreased (0.661064 --> 0.660944).  Saving model ...
Updating learning rate to 1.5625e-06
	iters: 100, epoch: 8 | loss: 0.6357639
	speed: 1.6169s/iter; left time: 1338.7531s
	iters: 200, epoch: 8 | loss: 0.6146293
	speed: 0.0961s/iter; left time: 69.9421s
	iters: 300, epoch: 8 | loss: 0.6333411
	speed: 0.0959s/iter; left time: 60.2234s
Epoch: 8 cost time: 30.45391058921814
Epoch: 8, Steps: 309 | Train Loss: 0.6352011 Vali Loss: 0.6607947 Test Loss: 0.8337426
Validation loss decreased (0.660944 --> 0.660795).  Saving model ...
Updating learning rate to 7.8125e-07
	iters: 100, epoch: 9 | loss: 0.6085473
	speed: 1.6246s/iter; left time: 843.1666s
	iters: 200, epoch: 9 | loss: 0.6454407
	speed: 0.1006s/iter; left time: 42.1310s
	iters: 300, epoch: 9 | loss: 0.5907990
	speed: 0.1002s/iter; left time: 31.9617s
Epoch: 9 cost time: 31.639781951904297
Epoch: 9, Steps: 309 | Train Loss: 0.6347154 Vali Loss: 0.6600121 Test Loss: 0.8333857
Validation loss decreased (0.660795 --> 0.660012).  Saving model ...
Updating learning rate to 3.90625e-07
	iters: 100, epoch: 10 | loss: 0.6162466
	speed: 1.6770s/iter; left time: 352.1794s
	iters: 200, epoch: 10 | loss: 0.6155460
	speed: 0.1093s/iter; left time: 12.0267s
	iters: 300, epoch: 10 | loss: 0.6727987
	speed: 0.1033s/iter; left time: 1.0334s
Epoch: 10 cost time: 33.77060508728027
Epoch: 10, Steps: 309 | Train Loss: 0.6346454 Vali Loss: 0.6597912 Test Loss: 0.8333575
Validation loss decreased (0.660012 --> 0.659791).  Saving model ...
Updating learning rate to 1.953125e-07
>>>>>>>testing : long_term_forecast_kdd_femprocess_v2_336_LightTS_DYG_base_ftM_sl96_ll48_pl336_dm256_nh8_el2_dl1_df256_fc3_ebtimeF_dtTrue_Exp_0<<<<<<<<<<<<<<<<<<<<<<<<<<<<<<<<<
DYG_base
原始数据形状: (113935, 6)
Index(['flow_rate', 'heating_cooling_water_flow_rate', 'vessel_weight',
       'vessel_volume', 'generated_heat'],
      dtype='object')
test 22452
test shape: (22452, 1, 336, 5) (22452, 1, 336, 5)
test shape: (22452, 336, 5) (22452, 336, 5)
mae:0.5450, mse:0.8334
(22452, 336, 5)
(22452, 336, 5)
