True
2.3.0
True
Args in experiment:
Namespace(activation='gelu', anomaly_ratio=0.25, batch_size=256, c_out=5, channel_independent=1, checkpoints='./checkpoints/', d_ff=512, d_layers=1, d_model=1024, data='DYG_base', data_path='EDA_offair.csv', dec_in=5, des='Exp', device_ids=[4, 5, 7], devices='4,5,7', direction=[1, 1, 2, 0, 0], distil=True, dropout=0.1, e_layers=2, embed='timeF', enc_in=5, enc_out=5, factor=3, features='M', freq='h', gpu=4, inverse=False, is_training=1, itr=1, label_len=48, learning_rate=0.0001, loss='MSE', lradj='type1', mask_rate=0.25, model='LightTS', model_id='kdd_offair_192', moe_logits_init='{\n    "0": {0: 5.0, 1: 1.0, 2: -5.0},  \n    "1": {0: 1.0, 1: 5.0, 2: -5.0},  \n    "2": {0: -5.0, 1: 1.0, 2: 5.0},  \n    "3": {0: -5.0, 1: 4.0, 2: 5.0},  \n    "4": {0: -5.0, 1: 4.0, 2: 5.0}\n}', moving_avg=25, n_heads=8, num_kernels=6, num_workers=10, output_attention=False, p_hidden_dims=[128, 128], p_hidden_layers=2, patience=3, pred_len=192, root_path='./data/public', seasonal_patterns='Monthly', seg_len=12, seq_len=96, target='zs', task_name='long_term_forecast', temp=1.0, top_k=5, train_epochs=10, use_amp=True, use_gpu=True, use_multi_gpu=True)
Use GPU: cuda:4
>>>>>>>start training : long_term_forecast_kdd_offair_192_LightTS_DYG_base_ftM_sl96_ll48_pl192_dm1024_nh8_el2_dl1_df512_fc3_ebtimeF_dtTrue_Exp_0>>>>>>>>>>>>>>>>>>>>>>>>>>
DYG_base
原始数据形状: (113935, 6)
Index(['pH', 'CO2', 'OUR', 'O2', 'CER'], dtype='object')
train 79467
DYG_base
原始数据形状: (113935, 6)
Index(['pH', 'CO2', 'OUR', 'O2', 'CER'], dtype='object')
val 11203
DYG_base
原始数据形状: (113935, 6)
Index(['pH', 'CO2', 'OUR', 'O2', 'CER'], dtype='object')
test 22596
	iters: 100, epoch: 1 | loss: 0.7605025
	speed: 0.1369s/iter; left time: 410.9488s
	iters: 200, epoch: 1 | loss: 0.6097683
	speed: 0.1034s/iter; left time: 300.0534s
	iters: 300, epoch: 1 | loss: 0.7998806
	speed: 0.0991s/iter; left time: 277.4642s
Epoch: 1 cost time: 34.94336652755737
Epoch: 1, Steps: 310 | Train Loss: 0.7096730 Vali Loss: 0.5217437 Test Loss: 1.1108224
Validation loss decreased (inf --> 0.521744).  Saving model ...
Updating learning rate to 0.0001
	iters: 100, epoch: 2 | loss: 0.5014441
	speed: 1.5484s/iter; left time: 4166.8238s
	iters: 200, epoch: 2 | loss: 0.5602729
	speed: 0.1131s/iter; left time: 292.9636s
	iters: 300, epoch: 2 | loss: 0.6767564
	speed: 0.1166s/iter; left time: 290.4644s
Epoch: 2 cost time: 36.084123611450195
Epoch: 2, Steps: 310 | Train Loss: 0.5650175 Vali Loss: 0.4958618 Test Loss: 1.0819836
Validation loss decreased (0.521744 --> 0.495862).  Saving model ...
Updating learning rate to 5e-05
	iters: 100, epoch: 3 | loss: 0.4426661
	speed: 1.5069s/iter; left time: 3588.0186s
	iters: 200, epoch: 3 | loss: 0.5153013
	speed: 0.0952s/iter; left time: 217.1279s
	iters: 300, epoch: 3 | loss: 0.4827107
	speed: 0.1144s/iter; left time: 249.5201s
Epoch: 3 cost time: 30.135643005371094
Epoch: 3, Steps: 310 | Train Loss: 0.5343700 Vali Loss: 0.4832369 Test Loss: 1.0844468
Validation loss decreased (0.495862 --> 0.483237).  Saving model ...
Updating learning rate to 2.5e-05
	iters: 100, epoch: 4 | loss: 0.4846765
	speed: 1.5900s/iter; left time: 3292.9318s
	iters: 200, epoch: 4 | loss: 0.5127583
	speed: 0.1148s/iter; left time: 226.3235s
	iters: 300, epoch: 4 | loss: 0.4347796
	speed: 0.1017s/iter; left time: 190.2560s
Epoch: 4 cost time: 36.32487392425537
Epoch: 4, Steps: 310 | Train Loss: 0.5219580 Vali Loss: 0.4778605 Test Loss: 1.0831085
Validation loss decreased (0.483237 --> 0.477860).  Saving model ...
Updating learning rate to 1.25e-05
	iters: 100, epoch: 5 | loss: 0.4147968
	speed: 1.5258s/iter; left time: 2686.8565s
	iters: 200, epoch: 5 | loss: 0.3874931
	speed: 0.1100s/iter; left time: 182.6760s
	iters: 300, epoch: 5 | loss: 0.5218629
	speed: 0.1080s/iter; left time: 168.5761s
Epoch: 5 cost time: 34.9629020690918
Epoch: 5, Steps: 310 | Train Loss: 0.5155045 Vali Loss: 0.4765917 Test Loss: 1.0903506
Validation loss decreased (0.477860 --> 0.476592).  Saving model ...
Updating learning rate to 6.25e-06
	iters: 100, epoch: 6 | loss: 0.3867683
	speed: 1.5222s/iter; left time: 2208.7086s
	iters: 200, epoch: 6 | loss: 0.4790511
	speed: 0.1004s/iter; left time: 135.6957s
	iters: 300, epoch: 6 | loss: 0.4767654
	speed: 0.0926s/iter; left time: 115.8883s
Epoch: 6 cost time: 30.507601976394653
Epoch: 6, Steps: 310 | Train Loss: 0.5127334 Vali Loss: 0.4712937 Test Loss: 1.0764625
Validation loss decreased (0.476592 --> 0.471294).  Saving model ...
Updating learning rate to 3.125e-06
	iters: 100, epoch: 7 | loss: 0.4363186
	speed: 1.4870s/iter; left time: 1696.6519s
	iters: 200, epoch: 7 | loss: 0.4479271
	speed: 0.1351s/iter; left time: 140.6296s
	iters: 300, epoch: 7 | loss: 0.5474541
	speed: 0.1349s/iter; left time: 126.9661s
Epoch: 7 cost time: 42.85180187225342
Epoch: 7, Steps: 310 | Train Loss: 0.5110349 Vali Loss: 0.4723117 Test Loss: 1.0890812
EarlyStopping counter: 1 out of 3
Updating learning rate to 1.5625e-06
	iters: 100, epoch: 8 | loss: 0.6132684
	speed: 1.8380s/iter; left time: 1527.4187s
	iters: 200, epoch: 8 | loss: 0.5792916
	speed: 0.1340s/iter; left time: 97.9611s
	iters: 300, epoch: 8 | loss: 0.5042669
	speed: 0.1368s/iter; left time: 86.3254s
Epoch: 8 cost time: 42.967243909835815
Epoch: 8, Steps: 310 | Train Loss: 0.5104204 Vali Loss: 0.4732503 Test Loss: 1.0870943
EarlyStopping counter: 2 out of 3
Updating learning rate to 7.8125e-07
	iters: 100, epoch: 9 | loss: 0.4065734
	speed: 1.8179s/iter; left time: 947.1439s
	iters: 200, epoch: 9 | loss: 0.5147144
	speed: 0.1445s/iter; left time: 60.8376s
	iters: 300, epoch: 9 | loss: 0.5032267
	speed: 0.1379s/iter; left time: 44.2646s
Epoch: 9 cost time: 43.634878635406494
Epoch: 9, Steps: 310 | Train Loss: 0.5100601 Vali Loss: 0.4726127 Test Loss: 1.0869989
EarlyStopping counter: 3 out of 3
Early stopping
Updating learning rate to 3.90625e-07
	iters: 100, epoch: 10 | loss: 0.4171923
	speed: 1.4882s/iter; left time: 314.0171s
	iters: 200, epoch: 10 | loss: 0.6007569
	speed: 0.0983s/iter; left time: 10.9092s
	iters: 300, epoch: 10 | loss: 0.5068423
	speed: 0.1120s/iter; left time: 1.2319s
Epoch: 10 cost time: 32.98630142211914
Epoch: 10, Steps: 310 | Train Loss: 0.5097481 Vali Loss: 0.4731368 Test Loss: 1.0867075
EarlyStopping counter: 4 out of 3
Early stopping
Updating learning rate to 1.953125e-07
>>>>>>>testing : long_term_forecast_kdd_offair_192_LightTS_DYG_base_ftM_sl96_ll48_pl192_dm1024_nh8_el2_dl1_df512_fc3_ebtimeF_dtTrue_Exp_0<<<<<<<<<<<<<<<<<<<<<<<<<<<<<<<<<
DYG_base
原始数据形状: (113935, 6)
Index(['pH', 'CO2', 'OUR', 'O2', 'CER'], dtype='object')
test 22596
test shape: (22596, 1, 192, 5) (22596, 1, 192, 5)
test shape: (22596, 192, 5) (22596, 192, 5)
mae:0.4935, mse:1.0765
(22596, 192, 5)
(22596, 192, 5)
