True
2.3.0
True
Args in experiment:
Namespace(activation='gelu', anomaly_ratio=0.25, batch_size=256, c_out=5, channel_independent=1, checkpoints='./checkpoints/', d_ff=512, d_layers=1, d_model=1024, data='DYG_base', data_path='EDA_femprocess.csv', dec_in=5, des='Exp', device_ids=[4, 5, 7], devices='4,5,7', direction=[1, 1, 2, 0, 2], distil=True, dropout=0.1, e_layers=2, embed='timeF', enc_in=5, enc_out=5, factor=3, features='M', freq='h', gpu=4, inverse=False, is_training=1, itr=1, label_len=48, learning_rate=0.0001, loss='MSE', lradj='type1', mask_rate=0.25, model='LightTS', model_id='kdd_femprocess_192', moe_logits_init='{\n    "0": {0: 3.0, 1: 2.0, 2: 5.0},\n    "1": {0: 5.0, 1: 3.0, 2: 1.0},\n    "2": {0: 2.0, 1: 5.0, 2: 3.0}, \n    "3": {0: -5.0, 1: 3.0, 2: 5.0},\n    "4": {0: 5.0, 1: 4.0, 2: -5.0}\n}', moving_avg=25, n_heads=8, num_kernels=6, num_workers=10, output_attention=False, p_hidden_dims=[128, 128], p_hidden_layers=2, patience=3, pred_len=192, root_path='./data/public', seasonal_patterns='Monthly', seg_len=12, seq_len=96, target='zs', task_name='long_term_forecast', temp=1.0, top_k=5, train_epochs=10, use_amp=True, use_gpu=True, use_multi_gpu=True)
Use GPU: cuda:4
>>>>>>>start training : long_term_forecast_kdd_femprocess_192_LightTS_DYG_base_ftM_sl96_ll48_pl192_dm1024_nh8_el2_dl1_df512_fc3_ebtimeF_dtTrue_Exp_0>>>>>>>>>>>>>>>>>>>>>>>>>>
DYG_base
原始数据形状: (113935, 6)
Index(['flow_rate', 'heating_cooling_water_flow_rate', 'concentration',
       'vessel_volume', 'generated_heat'],
      dtype='object')
train 79467
DYG_base
原始数据形状: (113935, 6)
Index(['flow_rate', 'heating_cooling_water_flow_rate', 'concentration',
       'vessel_volume', 'generated_heat'],
      dtype='object')
val 11203
DYG_base
原始数据形状: (113935, 6)
Index(['flow_rate', 'heating_cooling_water_flow_rate', 'concentration',
       'vessel_volume', 'generated_heat'],
      dtype='object')
test 22596
	iters: 100, epoch: 1 | loss: 0.7087278
	speed: 0.0722s/iter; left time: 216.5433s
	iters: 200, epoch: 1 | loss: 0.6288639
	speed: 0.0465s/iter; left time: 134.8568s
	iters: 300, epoch: 1 | loss: 0.6957752
	speed: 0.0456s/iter; left time: 127.7505s
Epoch: 1 cost time: 16.874407529830933
Epoch: 1, Steps: 310 | Train Loss: 0.6990182 Vali Loss: 0.5113832 Test Loss: 0.9603592
Validation loss decreased (inf --> 0.511383).  Saving model ...
Updating learning rate to 0.0001
	iters: 100, epoch: 2 | loss: 0.5898436
	speed: 0.8118s/iter; left time: 2184.5166s
	iters: 200, epoch: 2 | loss: 0.5941431
	speed: 0.0204s/iter; left time: 52.8502s
	iters: 300, epoch: 2 | loss: 0.6382303
	speed: 0.0171s/iter; left time: 42.5924s
Epoch: 2 cost time: 6.4019904136657715
Epoch: 2, Steps: 310 | Train Loss: 0.5744105 Vali Loss: 0.4813403 Test Loss: 0.9751036
Validation loss decreased (0.511383 --> 0.481340).  Saving model ...
Updating learning rate to 5e-05
	iters: 100, epoch: 3 | loss: 0.5629339
	speed: 1.1884s/iter; left time: 2829.4695s
	iters: 200, epoch: 3 | loss: 0.5195260
	speed: 0.0255s/iter; left time: 58.1086s
	iters: 300, epoch: 3 | loss: 0.5159399
	speed: 0.0178s/iter; left time: 38.8170s
Epoch: 3 cost time: 8.386274814605713
Epoch: 3, Steps: 310 | Train Loss: 0.5464389 Vali Loss: 0.4710004 Test Loss: 0.9998671
Validation loss decreased (0.481340 --> 0.471000).  Saving model ...
Updating learning rate to 2.5e-05
	iters: 100, epoch: 4 | loss: 0.5809046
	speed: 0.8586s/iter; left time: 1778.1264s
	iters: 200, epoch: 4 | loss: 0.5853263
	speed: 0.0426s/iter; left time: 83.8750s
	iters: 300, epoch: 4 | loss: 0.5225755
	speed: 0.0452s/iter; left time: 84.4827s
Epoch: 4 cost time: 14.29002857208252
Epoch: 4, Steps: 310 | Train Loss: 0.5343920 Vali Loss: 0.4607427 Test Loss: 0.9275629
Validation loss decreased (0.471000 --> 0.460743).  Saving model ...
Updating learning rate to 1.25e-05
	iters: 100, epoch: 5 | loss: 0.4992986
	speed: 0.8261s/iter; left time: 1454.7221s
	iters: 200, epoch: 5 | loss: 0.4642365
	speed: 0.0438s/iter; left time: 72.8064s
	iters: 300, epoch: 5 | loss: 0.5576372
	speed: 0.0452s/iter; left time: 70.6252s
Epoch: 5 cost time: 14.456140041351318
Epoch: 5, Steps: 310 | Train Loss: 0.5285869 Vali Loss: 0.4579355 Test Loss: 0.9380018
Validation loss decreased (0.460743 --> 0.457936).  Saving model ...
Updating learning rate to 6.25e-06
	iters: 100, epoch: 6 | loss: 0.5027861
	speed: 0.9190s/iter; left time: 1333.4489s
	iters: 200, epoch: 6 | loss: 0.4339990
	speed: 0.0571s/iter; left time: 77.1918s
	iters: 300, epoch: 6 | loss: 0.5255116
	speed: 0.0583s/iter; left time: 72.8951s
Epoch: 6 cost time: 18.26682448387146
Epoch: 6, Steps: 310 | Train Loss: 0.5257965 Vali Loss: 0.4588517 Test Loss: 0.9632949
EarlyStopping counter: 1 out of 3
Updating learning rate to 3.125e-06
	iters: 100, epoch: 7 | loss: 0.4925012
	speed: 0.9391s/iter; left time: 1071.5287s
	iters: 200, epoch: 7 | loss: 0.5324379
	speed: 0.0592s/iter; left time: 61.6282s
	iters: 300, epoch: 7 | loss: 0.5077894
	speed: 0.0606s/iter; left time: 57.0014s
Epoch: 7 cost time: 19.07718777656555
Epoch: 7, Steps: 310 | Train Loss: 0.5242553 Vali Loss: 0.4554879 Test Loss: 0.9501423
Validation loss decreased (0.457936 --> 0.455488).  Saving model ...
Updating learning rate to 1.5625e-06
	iters: 100, epoch: 8 | loss: 0.5402688
	speed: 1.1412s/iter; left time: 948.3399s
	iters: 200, epoch: 8 | loss: 0.5130086
	speed: 0.0594s/iter; left time: 43.4574s
	iters: 300, epoch: 8 | loss: 0.4997024
	speed: 0.0554s/iter; left time: 34.9260s
Epoch: 8 cost time: 18.633588790893555
Epoch: 8, Steps: 310 | Train Loss: 0.5236521 Vali Loss: 0.4559206 Test Loss: 0.9403821
EarlyStopping counter: 1 out of 3
Updating learning rate to 7.8125e-07
	iters: 100, epoch: 9 | loss: 0.5009309
	speed: 0.8534s/iter; left time: 444.6076s
	iters: 200, epoch: 9 | loss: 0.5253032
	speed: 0.0332s/iter; left time: 13.9923s
	iters: 300, epoch: 9 | loss: 0.5884199
	speed: 0.0322s/iter; left time: 10.3480s
Epoch: 9 cost time: 10.320902824401855
Epoch: 9, Steps: 310 | Train Loss: 0.5232327 Vali Loss: 0.4555323 Test Loss: 0.9447827
EarlyStopping counter: 2 out of 3
Updating learning rate to 3.90625e-07
	iters: 100, epoch: 10 | loss: 0.5340440
	speed: 0.9260s/iter; left time: 195.3877s
	iters: 200, epoch: 10 | loss: 0.4952262
	speed: 0.0452s/iter; left time: 5.0156s
	iters: 300, epoch: 10 | loss: 0.5426973
	speed: 0.0470s/iter; left time: 0.5169s
Epoch: 10 cost time: 14.756282567977905
Epoch: 10, Steps: 310 | Train Loss: 0.5230110 Vali Loss: 0.4563759 Test Loss: 0.9462026
EarlyStopping counter: 3 out of 3
Early stopping
Updating learning rate to 1.953125e-07
>>>>>>>testing : long_term_forecast_kdd_femprocess_192_LightTS_DYG_base_ftM_sl96_ll48_pl192_dm1024_nh8_el2_dl1_df512_fc3_ebtimeF_dtTrue_Exp_0<<<<<<<<<<<<<<<<<<<<<<<<<<<<<<<<<
DYG_base
原始数据形状: (113935, 6)
Index(['flow_rate', 'heating_cooling_water_flow_rate', 'concentration',
       'vessel_volume', 'generated_heat'],
      dtype='object')
test 22596
test shape: (22596, 1, 192, 5) (22596, 1, 192, 5)
test shape: (22596, 192, 5) (22596, 192, 5)
mae:0.4891, mse:0.9501
(22596, 192, 5)
(22596, 192, 5)
