True
2.3.0
True
Args in experiment:
Namespace(activation='gelu', anomaly_ratio=0.25, batch_size=256, c_out=5, channel_independent=1, checkpoints='./checkpoints/', d_ff=512, d_layers=1, d_model=64, data='DYG_base', data_path='EDA_offair.csv', dec_in=5, des='Exp', device_ids=[0, 1, 3], devices='0,1,3', direction=[1, 1, 2, 0, 0], distil=True, dropout=0.1, e_layers=2, embed='timeF', enc_in=5, enc_out=5, factor=3, features='M', freq='h', gpu=0, inverse=False, is_training=1, itr=1, label_len=48, learning_rate=0.0001, loss='MSE', lradj='type1', mask_rate=0.25, model='PatchTST', model_id='kdd_offair_96', moe_logits_init='{\n    "0": {0: 5.0, 1: 1.0, 2: -5.0},  \n    "1": {0: 1.0, 1: 5.0, 2: -5.0},  \n    "2": {0: -5.0, 1: 1.0, 2: 5.0},  \n    "3": {0: -5.0, 1: 4.0, 2: 5.0},  \n    "4": {0: -5.0, 1: 4.0, 2: 5.0}\n}', moving_avg=25, n_heads=8, num_kernels=6, num_workers=10, output_attention=False, p_hidden_dims=[128, 128], p_hidden_layers=2, patience=3, pred_len=96, root_path='./data/public', seasonal_patterns='Monthly', seg_len=12, seq_len=96, target='zs', task_name='long_term_forecast', temp=1.0, top_k=5, train_epochs=10, use_amp=True, use_gpu=True, use_multi_gpu=True)
Use GPU: cuda:0
>>>>>>>start training : long_term_forecast_kdd_offair_96_PatchTST_DYG_base_ftM_sl96_ll48_pl96_dm64_nh8_el2_dl1_df512_fc3_ebtimeF_dtTrue_Exp_0>>>>>>>>>>>>>>>>>>>>>>>>>>
DYG_base
原始数据形状: (113935, 6)
Index(['pH', 'CO2', 'OUR', 'O2', 'CER'], dtype='object')
train 79563
DYG_base
原始数据形状: (113935, 6)
Index(['pH', 'CO2', 'OUR', 'O2', 'CER'], dtype='object')
val 11299
DYG_base
原始数据形状: (113935, 6)
Index(['pH', 'CO2', 'OUR', 'O2', 'CER'], dtype='object')
test 22692
	iters: 100, epoch: 1 | loss: 0.5193436
	speed: 0.0776s/iter; left time: 232.9156s
	iters: 200, epoch: 1 | loss: 0.4357817
	speed: 0.0710s/iter; left time: 205.9583s
	iters: 300, epoch: 1 | loss: 0.5351316
	speed: 0.0623s/iter; left time: 174.4878s
Epoch: 1 cost time: 22.140174865722656
Epoch: 1, Steps: 310 | Train Loss: 0.5766528 Vali Loss: 0.4760368 Test Loss: 1.0337982
Validation loss decreased (inf --> 0.476037).  Saving model ...
Updating learning rate to 0.0001
	iters: 100, epoch: 2 | loss: 0.4902305
	speed: 1.6160s/iter; left time: 4348.7238s
	iters: 200, epoch: 2 | loss: 0.5289350
	speed: 0.0670s/iter; left time: 173.5738s
	iters: 300, epoch: 2 | loss: 0.4874537
	speed: 0.0729s/iter; left time: 181.5234s
Epoch: 2 cost time: 25.65798044204712
Epoch: 2, Steps: 310 | Train Loss: 0.5132460 Vali Loss: 0.4655712 Test Loss: 1.0102698
Validation loss decreased (0.476037 --> 0.465571).  Saving model ...
Updating learning rate to 5e-05
	iters: 100, epoch: 3 | loss: 0.7493683
	speed: 1.6599s/iter; left time: 3952.2813s
	iters: 200, epoch: 3 | loss: 0.6076319
	speed: 0.0879s/iter; left time: 200.5627s
	iters: 300, epoch: 3 | loss: 0.3890544
	speed: 0.0878s/iter; left time: 191.4455s
Epoch: 3 cost time: 29.84122347831726
Epoch: 3, Steps: 310 | Train Loss: 0.5025536 Vali Loss: 0.4654985 Test Loss: 1.0217711
Validation loss decreased (0.465571 --> 0.465499).  Saving model ...
Updating learning rate to 2.5e-05
	iters: 100, epoch: 4 | loss: 0.4459128
	speed: 1.6687s/iter; left time: 3455.8084s
	iters: 200, epoch: 4 | loss: 0.4822258
	speed: 0.0766s/iter; left time: 150.8905s
	iters: 300, epoch: 4 | loss: 0.4329154
	speed: 0.0787s/iter; left time: 147.2568s
Epoch: 4 cost time: 27.604148149490356
Epoch: 4, Steps: 310 | Train Loss: 0.4986691 Vali Loss: 0.4671520 Test Loss: 1.0169222
EarlyStopping counter: 1 out of 3
Updating learning rate to 1.25e-05
	iters: 100, epoch: 5 | loss: 0.5101231
	speed: 1.4412s/iter; left time: 2537.9517s
	iters: 200, epoch: 5 | loss: 0.5642924
	speed: 0.0468s/iter; left time: 77.6910s
	iters: 300, epoch: 5 | loss: 0.6321292
	speed: 0.0505s/iter; left time: 78.9013s
Epoch: 5 cost time: 15.977289199829102
Epoch: 5, Steps: 310 | Train Loss: 0.4976462 Vali Loss: 0.4664859 Test Loss: 1.0178089
EarlyStopping counter: 2 out of 3
Updating learning rate to 6.25e-06
	iters: 100, epoch: 6 | loss: 0.6929244
	speed: 1.5333s/iter; left time: 2224.7992s
	iters: 200, epoch: 6 | loss: 0.4723044
	speed: 0.0855s/iter; left time: 115.4782s
	iters: 300, epoch: 6 | loss: 0.5810055
	speed: 0.0587s/iter; left time: 73.3894s
Epoch: 6 cost time: 22.096455335617065
Epoch: 6, Steps: 310 | Train Loss: 0.4964305 Vali Loss: 0.4662013 Test Loss: 1.0201414
EarlyStopping counter: 3 out of 3
Early stopping
Updating learning rate to 3.125e-06
	iters: 100, epoch: 7 | loss: 0.4983481
	speed: 1.6136s/iter; left time: 1841.0712s
	iters: 200, epoch: 7 | loss: 0.5857704
	speed: 0.0712s/iter; left time: 74.1568s
	iters: 300, epoch: 7 | loss: 0.5149413
	speed: 0.0769s/iter; left time: 72.3165s
Epoch: 7 cost time: 22.25335931777954
Epoch: 7, Steps: 310 | Train Loss: 0.4962708 Vali Loss: 0.4657735 Test Loss: 1.0173842
EarlyStopping counter: 4 out of 3
Early stopping
Updating learning rate to 1.5625e-06
	iters: 100, epoch: 8 | loss: 0.4068858
	speed: 1.7270s/iter; left time: 1435.1611s
	iters: 200, epoch: 8 | loss: 0.4652434
	speed: 0.0865s/iter; left time: 63.2092s
	iters: 300, epoch: 8 | loss: 0.4848744
	speed: 0.0984s/iter; left time: 62.0682s
Epoch: 8 cost time: 29.27380657196045
Epoch: 8, Steps: 310 | Train Loss: 0.4958932 Vali Loss: 0.4662186 Test Loss: 1.0197852
EarlyStopping counter: 5 out of 3
Early stopping
Updating learning rate to 7.8125e-07
	iters: 100, epoch: 9 | loss: 0.4459193
	speed: 1.6696s/iter; left time: 869.8741s
	iters: 200, epoch: 9 | loss: 0.5380401
	speed: 0.0867s/iter; left time: 36.5050s
	iters: 300, epoch: 9 | loss: 0.4738636
	speed: 0.0963s/iter; left time: 30.9015s
Epoch: 9 cost time: 28.343564987182617
Epoch: 9, Steps: 310 | Train Loss: 0.4955586 Vali Loss: 0.4656568 Test Loss: 1.0178493
EarlyStopping counter: 6 out of 3
Early stopping
Updating learning rate to 3.90625e-07
	iters: 100, epoch: 10 | loss: 0.7021735
	speed: 1.6563s/iter; left time: 349.4839s
	iters: 200, epoch: 10 | loss: 0.4770240
	speed: 0.0765s/iter; left time: 8.4865s
	iters: 300, epoch: 10 | loss: 0.3875211
	speed: 0.0737s/iter; left time: 0.8106s
Epoch: 10 cost time: 22.42455291748047
Epoch: 10, Steps: 310 | Train Loss: 0.4952709 Vali Loss: 0.4661620 Test Loss: 1.0174782
EarlyStopping counter: 7 out of 3
Early stopping
Updating learning rate to 1.953125e-07
>>>>>>>testing : long_term_forecast_kdd_offair_96_PatchTST_DYG_base_ftM_sl96_ll48_pl96_dm64_nh8_el2_dl1_df512_fc3_ebtimeF_dtTrue_Exp_0<<<<<<<<<<<<<<<<<<<<<<<<<<<<<<<<<
DYG_base
原始数据形状: (113935, 6)
Index(['pH', 'CO2', 'OUR', 'O2', 'CER'], dtype='object')
test 22692
test shape: (22692, 1, 96, 5) (22692, 1, 96, 5)
test shape: (22692, 96, 5) (22692, 96, 5)
mae:0.4211, mse:1.0218
(22692, 96, 5)
(22692, 96, 5)
