True
2.3.0
True
Args in experiment:
Namespace(activation='gelu', anomaly_ratio=0.25, batch_size=256, c_out=5, channel_independent=1, checkpoints='./checkpoints/', d_ff=512, d_layers=1, d_model=1024, data='DYG_base', data_path='EDA_offair.csv', dec_in=5, des='Exp', device_ids=[4, 5, 7], devices='4,5,7', direction=[1, 1, 2, 0, 0], distil=True, dropout=0.1, e_layers=2, embed='timeF', enc_in=5, enc_out=5, factor=3, features='M', freq='h', gpu=4, inverse=False, is_training=1, itr=1, label_len=48, learning_rate=0.0001, loss='MSE', lradj='type1', mask_rate=0.25, model='Pyraformer', model_id='kdd_offair_336', moe_logits_init='{\n    "0": {0: 5.0, 1: 1.0, 2: -5.0},  \n    "1": {0: 1.0, 1: 5.0, 2: -5.0},  \n    "2": {0: -5.0, 1: 1.0, 2: 5.0},  \n    "3": {0: -5.0, 1: 4.0, 2: 5.0},  \n    "4": {0: -5.0, 1: 4.0, 2: 5.0}\n}', moving_avg=25, n_heads=8, num_kernels=6, num_workers=10, output_attention=False, p_hidden_dims=[128, 128], p_hidden_layers=2, patience=3, pred_len=336, root_path='./data/public', seasonal_patterns='Monthly', seg_len=12, seq_len=96, target='zs', task_name='long_term_forecast', temp=1.0, top_k=5, train_epochs=10, use_amp=True, use_gpu=True, use_multi_gpu=True)
Use GPU: cuda:4
>>>>>>>start training : long_term_forecast_kdd_offair_336_Pyraformer_DYG_base_ftM_sl96_ll48_pl336_dm1024_nh8_el2_dl1_df512_fc3_ebtimeF_dtTrue_Exp_0>>>>>>>>>>>>>>>>>>>>>>>>>>
DYG_base
原始数据形状: (113935, 6)
Index(['pH', 'CO2', 'OUR', 'O2', 'CER'], dtype='object')
train 79323
DYG_base
原始数据形状: (113935, 6)
Index(['pH', 'CO2', 'OUR', 'O2', 'CER'], dtype='object')
val 11059
DYG_base
原始数据形状: (113935, 6)
Index(['pH', 'CO2', 'OUR', 'O2', 'CER'], dtype='object')
test 22452
	iters: 100, epoch: 1 | loss: 0.3809524
	speed: 0.1832s/iter; left time: 547.9818s
	iters: 200, epoch: 1 | loss: 0.4623230
	speed: 0.1591s/iter; left time: 459.9856s
	iters: 300, epoch: 1 | loss: 0.3898097
	speed: 0.2175s/iter; left time: 606.9963s
Epoch: 1 cost time: 57.48548126220703
Epoch: 1, Steps: 309 | Train Loss: 0.4798748 Vali Loss: 0.3237959 Test Loss: 0.9486239
Validation loss decreased (inf --> 0.323796).  Saving model ...
Updating learning rate to 0.0001
	iters: 100, epoch: 2 | loss: 0.4051370
	speed: 2.1636s/iter; left time: 5802.8823s
	iters: 200, epoch: 2 | loss: 0.4337921
	speed: 0.1677s/iter; left time: 432.8892s
	iters: 300, epoch: 2 | loss: 0.4541998
	speed: 0.2247s/iter; left time: 557.6495s
Epoch: 2 cost time: 57.844608545303345
Epoch: 2, Steps: 309 | Train Loss: 0.4016748 Vali Loss: 0.3323696 Test Loss: 0.9306442
EarlyStopping counter: 1 out of 3
Updating learning rate to 5e-05
	iters: 100, epoch: 3 | loss: 0.3996828
	speed: 2.0344s/iter; left time: 4827.5735s
	iters: 200, epoch: 3 | loss: 0.5575395
	speed: 0.2027s/iter; left time: 460.6771s
	iters: 300, epoch: 3 | loss: 0.3662188
	speed: 0.2230s/iter; left time: 484.6018s
Epoch: 3 cost time: 60.667529821395874
Epoch: 3, Steps: 309 | Train Loss: 0.3690442 Vali Loss: 0.3228817 Test Loss: 0.9295499
Validation loss decreased (0.323796 --> 0.322882).  Saving model ...
Updating learning rate to 2.5e-05
	iters: 100, epoch: 4 | loss: 0.3790891
	speed: 2.4824s/iter; left time: 5123.6148s
	iters: 200, epoch: 4 | loss: 0.4126862
	speed: 0.1633s/iter; left time: 320.6713s
	iters: 300, epoch: 4 | loss: 0.4391600
	speed: 0.1665s/iter; left time: 310.4249s
Epoch: 4 cost time: 53.75093078613281
Epoch: 4, Steps: 309 | Train Loss: 0.3521369 Vali Loss: 0.3019296 Test Loss: 0.9175593
Validation loss decreased (0.322882 --> 0.301930).  Saving model ...
Updating learning rate to 1.25e-05
	iters: 100, epoch: 5 | loss: 0.4271350
	speed: 2.6229s/iter; left time: 4603.1990s
	iters: 200, epoch: 5 | loss: 0.3590390
	speed: 0.2226s/iter; left time: 368.4352s
	iters: 300, epoch: 5 | loss: 0.3760867
	speed: 0.2163s/iter; left time: 336.4187s
Epoch: 5 cost time: 61.92703723907471
Epoch: 5, Steps: 309 | Train Loss: 0.3434133 Vali Loss: 0.3105108 Test Loss: 0.9227898
EarlyStopping counter: 1 out of 3
Updating learning rate to 6.25e-06
	iters: 100, epoch: 6 | loss: 0.2840138
	speed: 1.9713s/iter; left time: 2850.4826s
	iters: 200, epoch: 6 | loss: 0.4048671
	speed: 0.1618s/iter; left time: 217.7520s
	iters: 300, epoch: 6 | loss: 0.3903815
	speed: 0.2157s/iter; left time: 268.7500s
Epoch: 6 cost time: 56.34711003303528
Epoch: 6, Steps: 309 | Train Loss: 0.3379732 Vali Loss: 0.3074327 Test Loss: 0.9156517
EarlyStopping counter: 2 out of 3
Updating learning rate to 3.125e-06
	iters: 100, epoch: 7 | loss: 0.3085322
	speed: 1.9295s/iter; left time: 2193.8286s
	iters: 200, epoch: 7 | loss: 0.3794109
	speed: 0.2309s/iter; left time: 239.4703s
	iters: 300, epoch: 7 | loss: 0.3501887
	speed: 0.2017s/iter; left time: 189.0314s
Epoch: 7 cost time: 62.12093377113342
Epoch: 7, Steps: 309 | Train Loss: 0.3361866 Vali Loss: 0.3068894 Test Loss: 0.9158785
EarlyStopping counter: 3 out of 3
Early stopping
Updating learning rate to 1.5625e-06
	iters: 100, epoch: 8 | loss: 0.3087220
	speed: 3.1111s/iter; left time: 2576.0208s
	iters: 200, epoch: 8 | loss: 0.2926005
	speed: 0.2015s/iter; left time: 146.6727s
	iters: 300, epoch: 8 | loss: 0.3758225
	speed: 0.1956s/iter; left time: 122.8366s
Epoch: 8 cost time: 62.875303983688354
Epoch: 8, Steps: 309 | Train Loss: 0.3349951 Vali Loss: 0.3076952 Test Loss: 0.9131764
EarlyStopping counter: 4 out of 3
Early stopping
Updating learning rate to 7.8125e-07
	iters: 100, epoch: 9 | loss: 0.3413152
	speed: 1.6220s/iter; left time: 841.8416s
	iters: 200, epoch: 9 | loss: 0.3128723
	speed: 0.1610s/iter; left time: 67.4753s
	iters: 300, epoch: 9 | loss: 0.3701949
	speed: 0.1666s/iter; left time: 53.1559s
Epoch: 9 cost time: 50.599968910217285
Epoch: 9, Steps: 309 | Train Loss: 0.3344464 Vali Loss: 0.3088131 Test Loss: 0.9149135
EarlyStopping counter: 5 out of 3
Early stopping
Updating learning rate to 3.90625e-07
	iters: 100, epoch: 10 | loss: 0.3824580
	speed: 1.7126s/iter; left time: 359.6461s
	iters: 200, epoch: 10 | loss: 0.3994336
	speed: 0.1664s/iter; left time: 18.3015s
	iters: 300, epoch: 10 | loss: 0.3604347
	speed: 0.1675s/iter; left time: 1.6751s
Epoch: 10 cost time: 51.24074339866638
Epoch: 10, Steps: 309 | Train Loss: 0.3340888 Vali Loss: 0.3106742 Test Loss: 0.9165722
EarlyStopping counter: 6 out of 3
Early stopping
Updating learning rate to 1.953125e-07
>>>>>>>testing : long_term_forecast_kdd_offair_336_Pyraformer_DYG_base_ftM_sl96_ll48_pl336_dm1024_nh8_el2_dl1_df512_fc3_ebtimeF_dtTrue_Exp_0<<<<<<<<<<<<<<<<<<<<<<<<<<<<<<<<<
DYG_base
原始数据形状: (113935, 6)
Index(['pH', 'CO2', 'OUR', 'O2', 'CER'], dtype='object')
test 22452
test shape: (22452, 1, 336, 5) (22452, 1, 336, 5)
test shape: (22452, 336, 5) (22452, 336, 5)
mae:0.4032, mse:0.9176
(22452, 336, 5)
(22452, 336, 5)
