True
2.3.0
True
Args in experiment:
Namespace(activation='gelu', anomaly_ratio=0.25, batch_size=256, c_out=5, channel_independent=1, checkpoints='./checkpoints/', d_ff=256, d_layers=1, d_model=256, data='DYG_base', data_path='EDA_femprocess_v2.csv', dec_in=5, des='Exp', device_ids=[1, 2, 3, 4], devices='1,2,3,4', direction=[1, 1, 2, 0, 2], distil=True, dropout=0.1, e_layers=2, embed='timeF', enc_in=5, enc_out=5, factor=3, features='M', freq='h', gpu=1, inverse=False, is_training=1, itr=1, label_len=48, learning_rate=0.0001, loss='MSE', lradj='type1', mask_rate=0.25, model='Reformer', model_id='kdd_femprocess_v2_336', moe_logits_init='{\n    "0": {0: 3.0, 1: 2.0, 2: 5.0},\n    "1": {0: 5.0, 1: 3.0, 2: 1.0},\n    "2": {0: 2.0, 1: 5.0, 2: 3.0}, \n    "3": {0: -5.0, 1: 3.0, 2: 5.0},\n    "4": {0: 5.0, 1: 4.0, 2: -5.0}\n}', moving_avg=25, n_heads=8, num_kernels=6, num_workers=10, output_attention=False, p_hidden_dims=[128, 128], p_hidden_layers=2, patience=3, pred_len=336, root_path='./data/public', seasonal_patterns='Monthly', seg_len=12, seq_len=96, target='v2', task_name='long_term_forecast', temp=1.0, top_k=5, train_epochs=10, use_amp=True, use_gpu=True, use_multi_gpu=True)
Use GPU: cuda:1
>>>>>>>start training : long_term_forecast_kdd_femprocess_v2_336_Reformer_DYG_base_ftM_sl96_ll48_pl336_dm256_nh8_el2_dl1_df256_fc3_ebtimeF_dtTrue_Exp_0>>>>>>>>>>>>>>>>>>>>>>>>>>
DYG_base
原始数据形状: (113935, 6)
Index(['flow_rate', 'heating_cooling_water_flow_rate', 'vessel_weight',
       'vessel_volume', 'generated_heat'],
      dtype='object')
train 79323
DYG_base
原始数据形状: (113935, 6)
Index(['flow_rate', 'heating_cooling_water_flow_rate', 'vessel_weight',
       'vessel_volume', 'generated_heat'],
      dtype='object')
val 11059
DYG_base
原始数据形状: (113935, 6)
Index(['flow_rate', 'heating_cooling_water_flow_rate', 'vessel_weight',
       'vessel_volume', 'generated_heat'],
      dtype='object')
test 22452
	iters: 100, epoch: 1 | loss: 0.7575715
	speed: 0.3554s/iter; left time: 1062.8708s
	iters: 200, epoch: 1 | loss: 0.7088954
	speed: 0.2743s/iter; left time: 792.9501s
	iters: 300, epoch: 1 | loss: 0.6822834
	speed: 0.2661s/iter; left time: 742.6520s
Epoch: 1 cost time: 92.15658831596375
Epoch: 1, Steps: 309 | Train Loss: 0.7731912 Vali Loss: 0.7753103 Test Loss: 0.9632251
Validation loss decreased (inf --> 0.775310).  Saving model ...
Updating learning rate to 0.0001
	iters: 100, epoch: 2 | loss: 0.7650448
	speed: 3.1800s/iter; left time: 8528.6319s
	iters: 200, epoch: 2 | loss: 0.6294834
	speed: 0.2582s/iter; left time: 666.5889s
	iters: 300, epoch: 2 | loss: 0.6389286
	speed: 0.2732s/iter; left time: 678.1546s
Epoch: 2 cost time: 83.99540305137634
Epoch: 2, Steps: 309 | Train Loss: 0.6650309 Vali Loss: 0.7407246 Test Loss: 0.9146398
Validation loss decreased (0.775310 --> 0.740725).  Saving model ...
Updating learning rate to 5e-05
	iters: 100, epoch: 3 | loss: 0.6695449
	speed: 3.1697s/iter; left time: 7521.6055s
	iters: 200, epoch: 3 | loss: 0.6502430
	speed: 0.2771s/iter; left time: 629.8585s
	iters: 300, epoch: 3 | loss: 0.6070391
	speed: 0.2827s/iter; left time: 614.2174s
Epoch: 3 cost time: 84.22332000732422
Epoch: 3, Steps: 309 | Train Loss: 0.6495855 Vali Loss: 0.7263203 Test Loss: 0.9142917
Validation loss decreased (0.740725 --> 0.726320).  Saving model ...
Updating learning rate to 2.5e-05
	iters: 100, epoch: 4 | loss: 0.6527252
	speed: 2.9463s/iter; left time: 6081.2320s
	iters: 200, epoch: 4 | loss: 0.6361498
	speed: 0.2292s/iter; left time: 450.0909s
	iters: 300, epoch: 4 | loss: 0.6595815
	speed: 0.2223s/iter; left time: 414.4459s
Epoch: 4 cost time: 70.26687502861023
Epoch: 4, Steps: 309 | Train Loss: 0.6422348 Vali Loss: 0.7243963 Test Loss: 0.9089283
Validation loss decreased (0.726320 --> 0.724396).  Saving model ...
Updating learning rate to 1.25e-05
	iters: 100, epoch: 5 | loss: 0.6094223
	speed: 3.5995s/iter; left time: 6317.0811s
	iters: 200, epoch: 5 | loss: 0.5593252
	speed: 0.2245s/iter; left time: 371.6179s
	iters: 300, epoch: 5 | loss: 0.6134270
	speed: 0.2228s/iter; left time: 346.3818s
Epoch: 5 cost time: 68.4336895942688
Epoch: 5, Steps: 309 | Train Loss: 0.6376101 Vali Loss: 0.7228182 Test Loss: 0.9057654
Validation loss decreased (0.724396 --> 0.722818).  Saving model ...
Updating learning rate to 6.25e-06
	iters: 100, epoch: 6 | loss: 0.5971144
	speed: 3.5622s/iter; left time: 5150.9654s
	iters: 200, epoch: 6 | loss: 0.6898223
	speed: 0.2151s/iter; left time: 289.5824s
	iters: 300, epoch: 6 | loss: 0.7093601
	speed: 0.2183s/iter; left time: 272.0562s
Epoch: 6 cost time: 68.09244060516357
Epoch: 6, Steps: 309 | Train Loss: 0.6358281 Vali Loss: 0.7228144 Test Loss: 0.9050227
Validation loss decreased (0.722818 --> 0.722814).  Saving model ...
Updating learning rate to 3.125e-06
	iters: 100, epoch: 7 | loss: 0.6385145
	speed: 3.3576s/iter; left time: 3817.6338s
	iters: 200, epoch: 7 | loss: 0.6184134
	speed: 0.2575s/iter; left time: 267.0278s
	iters: 300, epoch: 7 | loss: 0.5987303
	speed: 0.2626s/iter; left time: 246.0367s
Epoch: 7 cost time: 81.1016960144043
Epoch: 7, Steps: 309 | Train Loss: 0.6344193 Vali Loss: 0.7219641 Test Loss: 0.9027074
Validation loss decreased (0.722814 --> 0.721964).  Saving model ...
Updating learning rate to 1.5625e-06
	iters: 100, epoch: 8 | loss: 0.6030399
	speed: 3.1852s/iter; left time: 2637.3113s
	iters: 200, epoch: 8 | loss: 0.6465104
	speed: 0.2743s/iter; left time: 199.6613s
	iters: 300, epoch: 8 | loss: 0.6099354
	speed: 0.2721s/iter; left time: 170.8873s
Epoch: 8 cost time: 85.56842851638794
Epoch: 8, Steps: 309 | Train Loss: 0.6336629 Vali Loss: 0.7235609 Test Loss: 0.9031875
EarlyStopping counter: 1 out of 3
Updating learning rate to 7.8125e-07
	iters: 100, epoch: 9 | loss: 0.6311325
	speed: 3.2068s/iter; left time: 1664.3180s
	iters: 200, epoch: 9 | loss: 0.6295673
	speed: 0.2817s/iter; left time: 118.0274s
	iters: 300, epoch: 9 | loss: 0.6299918
	speed: 0.2698s/iter; left time: 86.0677s
Epoch: 9 cost time: 85.71958088874817
Epoch: 9, Steps: 309 | Train Loss: 0.6336947 Vali Loss: 0.7224501 Test Loss: 0.9023553
EarlyStopping counter: 2 out of 3
Updating learning rate to 3.90625e-07
	iters: 100, epoch: 10 | loss: 0.6183177
	speed: 3.2107s/iter; left time: 674.2564s
	iters: 200, epoch: 10 | loss: 0.6669440
	speed: 0.2746s/iter; left time: 30.2094s
	iters: 300, epoch: 10 | loss: 0.6328467
	speed: 0.2500s/iter; left time: 2.4998s
Epoch: 10 cost time: 82.56884551048279
Epoch: 10, Steps: 309 | Train Loss: 0.6332162 Vali Loss: 0.7229677 Test Loss: 0.9022096
EarlyStopping counter: 3 out of 3
Early stopping
Updating learning rate to 1.953125e-07
>>>>>>>testing : long_term_forecast_kdd_femprocess_v2_336_Reformer_DYG_base_ftM_sl96_ll48_pl336_dm256_nh8_el2_dl1_df256_fc3_ebtimeF_dtTrue_Exp_0<<<<<<<<<<<<<<<<<<<<<<<<<<<<<<<<<
DYG_base
原始数据形状: (113935, 6)
Index(['flow_rate', 'heating_cooling_water_flow_rate', 'vessel_weight',
       'vessel_volume', 'generated_heat'],
      dtype='object')
test 22452
test shape: (22452, 1, 336, 5) (22452, 1, 336, 5)
test shape: (22452, 336, 5) (22452, 336, 5)
mae:0.5991, mse:0.9022
(22452, 336, 5)
(22452, 336, 5)
