True
2.3.0
True
Args in experiment:
Namespace(activation='gelu', anomaly_ratio=0.25, batch_size=256, c_out=5, channel_independent=1, checkpoints='./checkpoints/', d_ff=256, d_layers=1, d_model=256, data='DYG_base', data_path='EDA_femprocess_v2.csv', dec_in=5, des='Exp', device_ids=[1, 2, 3, 4], devices='1,2,3,4', direction=[1, 1, 2, 0, 2], distil=True, dropout=0.1, e_layers=2, embed='timeF', enc_in=5, enc_out=5, factor=3, features='M', freq='h', gpu=1, inverse=False, is_training=1, itr=1, label_len=48, learning_rate=0.0001, loss='MSE', lradj='type1', mask_rate=0.25, model='Reformer', model_id='kdd_femprocess_v2_192', moe_logits_init='{\n    "0": {0: 3.0, 1: 2.0, 2: 5.0},\n    "1": {0: 5.0, 1: 3.0, 2: 1.0},\n    "2": {0: 2.0, 1: 5.0, 2: 3.0}, \n    "3": {0: -5.0, 1: 3.0, 2: 5.0},\n    "4": {0: 5.0, 1: 4.0, 2: -5.0}\n}', moving_avg=25, n_heads=8, num_kernels=6, num_workers=10, output_attention=False, p_hidden_dims=[128, 128], p_hidden_layers=2, patience=3, pred_len=192, root_path='./data/public', seasonal_patterns='Monthly', seg_len=12, seq_len=96, target='v2', task_name='long_term_forecast', temp=1.0, top_k=5, train_epochs=10, use_amp=True, use_gpu=True, use_multi_gpu=True)
Use GPU: cuda:1
>>>>>>>start training : long_term_forecast_kdd_femprocess_v2_192_Reformer_DYG_base_ftM_sl96_ll48_pl192_dm256_nh8_el2_dl1_df256_fc3_ebtimeF_dtTrue_Exp_0>>>>>>>>>>>>>>>>>>>>>>>>>>
DYG_base
原始数据形状: (113935, 6)
Index(['flow_rate', 'heating_cooling_water_flow_rate', 'vessel_weight',
       'vessel_volume', 'generated_heat'],
      dtype='object')
train 79467
DYG_base
原始数据形状: (113935, 6)
Index(['flow_rate', 'heating_cooling_water_flow_rate', 'vessel_weight',
       'vessel_volume', 'generated_heat'],
      dtype='object')
val 11203
DYG_base
原始数据形状: (113935, 6)
Index(['flow_rate', 'heating_cooling_water_flow_rate', 'vessel_weight',
       'vessel_volume', 'generated_heat'],
      dtype='object')
test 22596
	iters: 100, epoch: 1 | loss: 0.6188138
	speed: 0.2818s/iter; left time: 845.6567s
	iters: 200, epoch: 1 | loss: 0.6356545
	speed: 0.2045s/iter; left time: 593.1332s
	iters: 300, epoch: 1 | loss: 0.5560621
	speed: 0.2107s/iter; left time: 590.2407s
Epoch: 1 cost time: 71.94389820098877
Epoch: 1, Steps: 310 | Train Loss: 0.6804621 Vali Loss: 0.6809381 Test Loss: 0.8418894
Validation loss decreased (inf --> 0.680938).  Saving model ...
Updating learning rate to 0.0001
	iters: 100, epoch: 2 | loss: 0.5790337
	speed: 3.1330s/iter; left time: 8431.0322s
	iters: 200, epoch: 2 | loss: 0.5273084
	speed: 0.2110s/iter; left time: 546.7636s
	iters: 300, epoch: 2 | loss: 0.5114754
	speed: 0.2110s/iter; left time: 525.5208s
Epoch: 2 cost time: 65.81358933448792
Epoch: 2, Steps: 310 | Train Loss: 0.5697041 Vali Loss: 0.6400822 Test Loss: 0.8053933
Validation loss decreased (0.680938 --> 0.640082).  Saving model ...
Updating learning rate to 5e-05
	iters: 100, epoch: 3 | loss: 0.6037533
	speed: 3.0949s/iter; left time: 7368.8408s
	iters: 200, epoch: 3 | loss: 0.5427921
	speed: 0.2148s/iter; left time: 489.8776s
	iters: 300, epoch: 3 | loss: 0.5674413
	speed: 0.1824s/iter; left time: 397.8010s
Epoch: 3 cost time: 63.45271420478821
Epoch: 3, Steps: 310 | Train Loss: 0.5532480 Vali Loss: 0.6310459 Test Loss: 0.8008748
Validation loss decreased (0.640082 --> 0.631046).  Saving model ...
Updating learning rate to 2.5e-05
	iters: 100, epoch: 4 | loss: 0.6092447
	speed: 3.1359s/iter; left time: 6494.3627s
	iters: 200, epoch: 4 | loss: 0.5661770
	speed: 0.2162s/iter; left time: 426.2092s
	iters: 300, epoch: 4 | loss: 0.5712473
	speed: 0.2076s/iter; left time: 388.5000s
Epoch: 4 cost time: 66.24859285354614
Epoch: 4, Steps: 310 | Train Loss: 0.5486287 Vali Loss: 0.6324387 Test Loss: 0.8013598
EarlyStopping counter: 1 out of 3
Updating learning rate to 1.25e-05
	iters: 100, epoch: 5 | loss: 0.5463120
	speed: 3.2155s/iter; left time: 5662.4319s
	iters: 200, epoch: 5 | loss: 0.5565176
	speed: 0.2126s/iter; left time: 353.1855s
	iters: 300, epoch: 5 | loss: 0.4997602
	speed: 0.2181s/iter; left time: 340.4936s
Epoch: 5 cost time: 67.15752267837524
Epoch: 5, Steps: 310 | Train Loss: 0.5457181 Vali Loss: 0.6280404 Test Loss: 0.7996267
Validation loss decreased (0.631046 --> 0.628040).  Saving model ...
Updating learning rate to 6.25e-06
	iters: 100, epoch: 6 | loss: 0.5404834
	speed: 3.2334s/iter; left time: 4691.7052s
	iters: 200, epoch: 6 | loss: 0.5448783
	speed: 0.1897s/iter; left time: 256.2243s
	iters: 300, epoch: 6 | loss: 0.5789981
	speed: 0.1896s/iter; left time: 237.2009s
Epoch: 6 cost time: 59.78730344772339
Epoch: 6, Steps: 310 | Train Loss: 0.5442630 Vali Loss: 0.6263881 Test Loss: 0.7994550
Validation loss decreased (0.628040 --> 0.626388).  Saving model ...
Updating learning rate to 3.125e-06
	iters: 100, epoch: 7 | loss: 0.5046940
	speed: 3.6084s/iter; left time: 4117.1369s
	iters: 200, epoch: 7 | loss: 0.4849163
	speed: 0.1532s/iter; left time: 159.4454s
	iters: 300, epoch: 7 | loss: 0.5466771
	speed: 0.1813s/iter; left time: 170.5933s
Epoch: 7 cost time: 55.110934019088745
Epoch: 7, Steps: 310 | Train Loss: 0.5438292 Vali Loss: 0.6257317 Test Loss: 0.7988560
Validation loss decreased (0.626388 --> 0.625732).  Saving model ...
Updating learning rate to 1.5625e-06
	iters: 100, epoch: 8 | loss: 0.5260494
	speed: 3.5912s/iter; left time: 2984.2661s
	iters: 200, epoch: 8 | loss: 0.5357759
	speed: 0.1985s/iter; left time: 145.0972s
	iters: 300, epoch: 8 | loss: 0.5041547
	speed: 0.1920s/iter; left time: 121.1806s
Epoch: 8 cost time: 61.52269220352173
Epoch: 8, Steps: 310 | Train Loss: 0.5437240 Vali Loss: 0.6270828 Test Loss: 0.7985961
EarlyStopping counter: 1 out of 3
Updating learning rate to 7.8125e-07
	iters: 100, epoch: 9 | loss: 0.4828202
	speed: 3.2707s/iter; left time: 1704.0172s
	iters: 200, epoch: 9 | loss: 0.5217129
	speed: 0.2133s/iter; left time: 89.8153s
	iters: 300, epoch: 9 | loss: 0.4663136
	speed: 0.2131s/iter; left time: 68.4149s
Epoch: 9 cost time: 68.22760534286499
Epoch: 9, Steps: 310 | Train Loss: 0.5433240 Vali Loss: 0.6277477 Test Loss: 0.7989883
EarlyStopping counter: 2 out of 3
Updating learning rate to 3.90625e-07
	iters: 100, epoch: 10 | loss: 0.4825870
	speed: 3.1565s/iter; left time: 666.0234s
	iters: 200, epoch: 10 | loss: 0.5509726
	speed: 0.2168s/iter; left time: 24.0646s
	iters: 300, epoch: 10 | loss: 0.6053097
	speed: 0.2117s/iter; left time: 2.3290s
Epoch: 10 cost time: 66.17179989814758
Epoch: 10, Steps: 310 | Train Loss: 0.5437020 Vali Loss: 0.6253412 Test Loss: 0.7987319
Validation loss decreased (0.625732 --> 0.625341).  Saving model ...
Updating learning rate to 1.953125e-07
>>>>>>>testing : long_term_forecast_kdd_femprocess_v2_192_Reformer_DYG_base_ftM_sl96_ll48_pl192_dm256_nh8_el2_dl1_df256_fc3_ebtimeF_dtTrue_Exp_0<<<<<<<<<<<<<<<<<<<<<<<<<<<<<<<<<
DYG_base
原始数据形状: (113935, 6)
Index(['flow_rate', 'heating_cooling_water_flow_rate', 'vessel_weight',
       'vessel_volume', 'generated_heat'],
      dtype='object')
test 22596
test shape: (22596, 1, 192, 5) (22596, 1, 192, 5)
test shape: (22596, 192, 5) (22596, 192, 5)
mae:0.5327, mse:0.7980
(22596, 192, 5)
(22596, 192, 5)
