True
2.3.0
True
Args in experiment:
Namespace(activation='gelu', anomaly_ratio=0.25, batch_size=256, c_out=5, channel_independent=1, checkpoints='./checkpoints/', d_ff=512, d_layers=1, d_model=1024, data='DYG_base', data_path='EDA_femprocess.csv', dec_in=5, des='Exp', device_ids=[2, 4, 7], devices='2,4,7', direction=[1, 1, 2, 0, 2], distil=True, dropout=0.1, e_layers=2, embed='timeF', enc_in=5, enc_out=5, factor=3, features='M', freq='h', gpu=2, inverse=False, is_training=1, itr=1, label_len=48, learning_rate=0.0001, loss='MSE', lradj='type1', mask_rate=0.25, model='Reformer', model_id='kdd_femprocess_720', moe_logits_init='{\n    "0": {0: 3.0, 1: 2.0, 2: 5.0},\n    "1": {0: 5.0, 1: 3.0, 2: 1.0},\n    "2": {0: 2.0, 1: 5.0, 2: 3.0}, \n    "3": {0: -5.0, 1: 3.0, 2: 5.0},\n    "4": {0: 5.0, 1: 4.0, 2: -5.0}\n}', moving_avg=25, n_heads=8, num_kernels=6, num_workers=10, output_attention=False, p_hidden_dims=[128, 128], p_hidden_layers=2, patience=3, pred_len=720, root_path='./data/public', seasonal_patterns='Monthly', seg_len=12, seq_len=96, target='zs', task_name='long_term_forecast', temp=1.0, top_k=5, train_epochs=10, use_amp=True, use_gpu=True, use_multi_gpu=True)
Use GPU: cuda:2
>>>>>>>start training : long_term_forecast_kdd_femprocess_720_Reformer_DYG_base_ftM_sl96_ll48_pl720_dm1024_nh8_el2_dl1_df512_fc3_ebtimeF_dtTrue_Exp_0>>>>>>>>>>>>>>>>>>>>>>>>>>
DYG_base
原始数据形状: (113935, 6)
Index(['flow_rate', 'heating_cooling_water_flow_rate', 'concentration',
       'vessel_volume', 'generated_heat'],
      dtype='object')
train 78939
DYG_base
原始数据形状: (113935, 6)
Index(['flow_rate', 'heating_cooling_water_flow_rate', 'concentration',
       'vessel_volume', 'generated_heat'],
      dtype='object')
val 10675
DYG_base
原始数据形状: (113935, 6)
Index(['flow_rate', 'heating_cooling_water_flow_rate', 'concentration',
       'vessel_volume', 'generated_heat'],
      dtype='object')
test 22068
	iters: 100, epoch: 1 | loss: 0.8748454
	speed: 1.0562s/iter; left time: 3148.6746s
	iters: 200, epoch: 1 | loss: 0.8096212
	speed: 1.0389s/iter; left time: 2992.9640s
	iters: 300, epoch: 1 | loss: 0.7856750
	speed: 0.9886s/iter; left time: 2749.2249s
Epoch: 1 cost time: 316.7833709716797
Epoch: 1, Steps: 308 | Train Loss: 0.8637398 Vali Loss: 0.6771485 Test Loss: 1.5028899
Validation loss decreased (inf --> 0.677148).  Saving model ...
Updating learning rate to 0.0001
	iters: 100, epoch: 2 | loss: 0.8023922
	speed: 2.9981s/iter; left time: 8013.8718s
	iters: 200, epoch: 2 | loss: 0.7526548
	speed: 0.9839s/iter; left time: 2531.5919s
	iters: 300, epoch: 2 | loss: 0.8439614
	speed: 1.0939s/iter; left time: 2705.1691s
Epoch: 2 cost time: 314.3632082939148
Epoch: 2, Steps: 308 | Train Loss: 0.7820968 Vali Loss: 0.6809113 Test Loss: 1.4979410
EarlyStopping counter: 1 out of 3
Updating learning rate to 5e-05
	iters: 100, epoch: 3 | loss: 0.7775848
	speed: 3.0003s/iter; left time: 7095.7331s
	iters: 200, epoch: 3 | loss: 0.7889893
	speed: 1.0114s/iter; left time: 2290.8792s
	iters: 300, epoch: 3 | loss: 0.7645793
	speed: 1.0125s/iter; left time: 2192.0931s
Epoch: 3 cost time: 309.74116683006287
Epoch: 3, Steps: 308 | Train Loss: 0.7629364 Vali Loss: 0.6771798 Test Loss: 1.4839193
EarlyStopping counter: 2 out of 3
Updating learning rate to 2.5e-05
	iters: 100, epoch: 4 | loss: 0.7944776
	speed: 3.0099s/iter; left time: 6191.4182s
	iters: 200, epoch: 4 | loss: 0.7773438
	speed: 0.9628s/iter; left time: 1884.2702s
	iters: 300, epoch: 4 | loss: 0.7204490
	speed: 0.9765s/iter; left time: 1813.4253s
Epoch: 4 cost time: 300.4368369579315
Epoch: 4, Steps: 308 | Train Loss: 0.7544288 Vali Loss: 0.6732759 Test Loss: 1.4970471
Validation loss decreased (0.677148 --> 0.673276).  Saving model ...
Updating learning rate to 1.25e-05
	iters: 100, epoch: 5 | loss: 0.7235216
	speed: 2.8640s/iter; left time: 5009.1862s
	iters: 200, epoch: 5 | loss: 0.8220992
	speed: 0.9537s/iter; left time: 1572.6456s
	iters: 300, epoch: 5 | loss: 0.7420581
	speed: 0.9466s/iter; left time: 1466.3553s
Epoch: 5 cost time: 292.39041113853455
Epoch: 5, Steps: 308 | Train Loss: 0.7494668 Vali Loss: 0.6787203 Test Loss: 1.4741718
EarlyStopping counter: 1 out of 3
Updating learning rate to 6.25e-06
	iters: 100, epoch: 6 | loss: 0.7461236
	speed: 2.7346s/iter; left time: 3940.5268s
	iters: 200, epoch: 6 | loss: 0.7556141
	speed: 0.9562s/iter; left time: 1282.2638s
	iters: 300, epoch: 6 | loss: 0.7138006
	speed: 0.9809s/iter; left time: 1217.2707s
Epoch: 6 cost time: 296.5584635734558
Epoch: 6, Steps: 308 | Train Loss: 0.7471655 Vali Loss: 0.6721640 Test Loss: 1.4824195
Validation loss decreased (0.673276 --> 0.672164).  Saving model ...
Updating learning rate to 3.125e-06
	iters: 100, epoch: 7 | loss: 0.7611328
	speed: 3.3191s/iter; left time: 3760.5704s
	iters: 200, epoch: 7 | loss: 0.7708035
	speed: 1.1505s/iter; left time: 1188.4249s
	iters: 300, epoch: 7 | loss: 0.7430542
	speed: 1.1416s/iter; left time: 1065.1089s
Epoch: 7 cost time: 347.7987320423126
Epoch: 7, Steps: 308 | Train Loss: 0.7458709 Vali Loss: 0.6751311 Test Loss: 1.4795339
EarlyStopping counter: 1 out of 3
Updating learning rate to 1.5625e-06
	iters: 100, epoch: 8 | loss: 0.7871109
	speed: 3.2405s/iter; left time: 2673.3734s
	iters: 200, epoch: 8 | loss: 0.7436905
	speed: 1.1348s/iter; left time: 822.7537s
	iters: 300, epoch: 8 | loss: 0.7426255
	speed: 1.0994s/iter; left time: 687.1060s
Epoch: 8 cost time: 348.50596499443054
Epoch: 8, Steps: 308 | Train Loss: 0.7455748 Vali Loss: 0.6759560 Test Loss: 1.4757224
EarlyStopping counter: 2 out of 3
Updating learning rate to 7.8125e-07
	iters: 100, epoch: 9 | loss: 0.7705913
	speed: 2.9876s/iter; left time: 1544.5732s
	iters: 200, epoch: 9 | loss: 0.7331684
	speed: 1.0502s/iter; left time: 437.9504s
	iters: 300, epoch: 9 | loss: 0.8007133
	speed: 1.1423s/iter; left time: 362.1075s
Epoch: 9 cost time: 334.1547465324402
Epoch: 9, Steps: 308 | Train Loss: 0.7450514 Vali Loss: 0.6735715 Test Loss: 1.4787079
EarlyStopping counter: 3 out of 3
Early stopping
Updating learning rate to 3.90625e-07
	iters: 100, epoch: 10 | loss: 0.7641009
	speed: 3.2607s/iter; left time: 681.4887s
	iters: 200, epoch: 10 | loss: 0.7014267
	speed: 1.2259s/iter; left time: 133.6199s
	iters: 300, epoch: 10 | loss: 0.7468823
	speed: 1.2530s/iter; left time: 11.2766s
Epoch: 10 cost time: 378.3593008518219
Epoch: 10, Steps: 308 | Train Loss: 0.7449522 Vali Loss: 0.6745946 Test Loss: 1.4794482
EarlyStopping counter: 4 out of 3
Early stopping
Updating learning rate to 1.953125e-07
>>>>>>>testing : long_term_forecast_kdd_femprocess_720_Reformer_DYG_base_ftM_sl96_ll48_pl720_dm1024_nh8_el2_dl1_df512_fc3_ebtimeF_dtTrue_Exp_0<<<<<<<<<<<<<<<<<<<<<<<<<<<<<<<<<
DYG_base
原始数据形状: (113935, 6)
Index(['flow_rate', 'heating_cooling_water_flow_rate', 'concentration',
       'vessel_volume', 'generated_heat'],
      dtype='object')
test 22068
test shape: (22068, 1, 720, 5) (22068, 1, 720, 5)
test shape: (22068, 720, 5) (22068, 720, 5)
mae:0.6877, mse:1.4826
(22068, 720, 5)
(22068, 720, 5)
