True
2.3.0
True
Args in experiment:
Namespace(activation='gelu', anomaly_ratio=0.25, batch_size=256, c_out=5, channel_independent=1, checkpoints='./checkpoints/', d_ff=512, d_layers=1, d_model=1024, data='DYG_base', data_path='EDA_femprocess.csv', dec_in=5, des='Exp', device_ids=[2, 4, 7], devices='2,4,7', direction=[1, 1, 2, 0, 2], distil=True, dropout=0.1, e_layers=2, embed='timeF', enc_in=5, enc_out=5, factor=3, features='M', freq='h', gpu=2, inverse=False, is_training=1, itr=1, label_len=48, learning_rate=0.0001, loss='MSE', lradj='type1', mask_rate=0.25, model='Reformer', model_id='kdd_femprocess_192', moe_logits_init='{\n    "0": {0: 3.0, 1: 2.0, 2: 5.0},\n    "1": {0: 5.0, 1: 3.0, 2: 1.0},\n    "2": {0: 2.0, 1: 5.0, 2: 3.0}, \n    "3": {0: -5.0, 1: 3.0, 2: 5.0},\n    "4": {0: 5.0, 1: 4.0, 2: -5.0}\n}', moving_avg=25, n_heads=8, num_kernels=6, num_workers=10, output_attention=False, p_hidden_dims=[128, 128], p_hidden_layers=2, patience=3, pred_len=192, root_path='./data/public', seasonal_patterns='Monthly', seg_len=12, seq_len=96, target='zs', task_name='long_term_forecast', temp=1.0, top_k=5, train_epochs=10, use_amp=True, use_gpu=True, use_multi_gpu=True)
Use GPU: cuda:2
>>>>>>>start training : long_term_forecast_kdd_femprocess_192_Reformer_DYG_base_ftM_sl96_ll48_pl192_dm1024_nh8_el2_dl1_df512_fc3_ebtimeF_dtTrue_Exp_0>>>>>>>>>>>>>>>>>>>>>>>>>>
DYG_base
原始数据形状: (113935, 6)
Index(['flow_rate', 'heating_cooling_water_flow_rate', 'concentration',
       'vessel_volume', 'generated_heat'],
      dtype='object')
train 79467
DYG_base
原始数据形状: (113935, 6)
Index(['flow_rate', 'heating_cooling_water_flow_rate', 'concentration',
       'vessel_volume', 'generated_heat'],
      dtype='object')
val 11203
DYG_base
原始数据形状: (113935, 6)
Index(['flow_rate', 'heating_cooling_water_flow_rate', 'concentration',
       'vessel_volume', 'generated_heat'],
      dtype='object')
test 22596
	iters: 100, epoch: 1 | loss: 0.7125106
	speed: 0.5251s/iter; left time: 1575.9500s
	iters: 200, epoch: 1 | loss: 0.5825915
	speed: 0.4569s/iter; left time: 1325.5346s
	iters: 300, epoch: 1 | loss: 0.5453817
	speed: 0.4977s/iter; left time: 1393.9945s
Epoch: 1 cost time: 153.33384132385254
Epoch: 1, Steps: 310 | Train Loss: 0.6379424 Vali Loss: 0.5517394 Test Loss: 1.1293006
Validation loss decreased (inf --> 0.551739).  Saving model ...
Updating learning rate to 0.0001
	iters: 100, epoch: 2 | loss: 0.4725864
	speed: 6.5021s/iter; left time: 17497.0169s
	iters: 200, epoch: 2 | loss: 0.5534334
	speed: 0.4587s/iter; left time: 1188.3744s
	iters: 300, epoch: 2 | loss: 0.5073634
	speed: 0.4714s/iter; left time: 1174.3170s
Epoch: 2 cost time: 146.64579677581787
Epoch: 2, Steps: 310 | Train Loss: 0.5546876 Vali Loss: 0.5267491 Test Loss: 1.0851691
Validation loss decreased (0.551739 --> 0.526749).  Saving model ...
Updating learning rate to 5e-05
	iters: 100, epoch: 3 | loss: 0.5277698
	speed: 6.3939s/iter; left time: 15223.8304s
	iters: 200, epoch: 3 | loss: 0.5227449
	speed: 0.4618s/iter; left time: 1053.3589s
	iters: 300, epoch: 3 | loss: 0.4719212
	speed: 0.4833s/iter; left time: 1054.1832s
Epoch: 3 cost time: 150.4770791530609
Epoch: 3, Steps: 310 | Train Loss: 0.5272956 Vali Loss: 0.4902241 Test Loss: 1.0669807
Validation loss decreased (0.526749 --> 0.490224).  Saving model ...
Updating learning rate to 2.5e-05
	iters: 100, epoch: 4 | loss: 0.5668274
	speed: 6.3654s/iter; left time: 13182.7488s
	iters: 200, epoch: 4 | loss: 0.4870225
	speed: 0.5248s/iter; left time: 1034.4245s
	iters: 300, epoch: 4 | loss: 0.5113535
	speed: 0.5232s/iter; left time: 978.9647s
Epoch: 4 cost time: 161.61709570884705
Epoch: 4, Steps: 310 | Train Loss: 0.5150371 Vali Loss: 0.4899866 Test Loss: 1.0043764
Validation loss decreased (0.490224 --> 0.489987).  Saving model ...
Updating learning rate to 1.25e-05
	iters: 100, epoch: 5 | loss: 0.4855424
	speed: 6.3555s/iter; left time: 11192.1206s
	iters: 200, epoch: 5 | loss: 0.5313636
	speed: 0.4986s/iter; left time: 828.1531s
	iters: 300, epoch: 5 | loss: 0.4571932
	speed: 0.4983s/iter; left time: 777.8130s
Epoch: 5 cost time: 155.08306169509888
Epoch: 5, Steps: 310 | Train Loss: 0.5063574 Vali Loss: 0.4858148 Test Loss: 1.0441422
Validation loss decreased (0.489987 --> 0.485815).  Saving model ...
Updating learning rate to 6.25e-06
	iters: 100, epoch: 6 | loss: 0.5275290
	speed: 6.3248s/iter; left time: 9177.2683s
	iters: 200, epoch: 6 | loss: 0.5297766
	speed: 0.4512s/iter; left time: 609.5807s
	iters: 300, epoch: 6 | loss: 0.5051069
	speed: 0.4693s/iter; left time: 587.1276s
Epoch: 6 cost time: 144.34095740318298
Epoch: 6, Steps: 310 | Train Loss: 0.5041517 Vali Loss: 0.4828013 Test Loss: 1.0408092
Validation loss decreased (0.485815 --> 0.482801).  Saving model ...
Updating learning rate to 3.125e-06
	iters: 100, epoch: 7 | loss: 0.4828715
	speed: 6.4390s/iter; left time: 7346.9164s
	iters: 200, epoch: 7 | loss: 0.5180118
	speed: 0.4620s/iter; left time: 480.9870s
	iters: 300, epoch: 7 | loss: 0.4276100
	speed: 0.4583s/iter; left time: 431.2448s
Epoch: 7 cost time: 143.0223650932312
Epoch: 7, Steps: 310 | Train Loss: 0.5025992 Vali Loss: 0.4847567 Test Loss: 1.0139130
EarlyStopping counter: 1 out of 3
Updating learning rate to 1.5625e-06
	iters: 100, epoch: 8 | loss: 0.4812431
	speed: 6.3651s/iter; left time: 5289.3736s
	iters: 200, epoch: 8 | loss: 0.4954099
	speed: 0.4739s/iter; left time: 346.4572s
	iters: 300, epoch: 8 | loss: 0.4765515
	speed: 0.4679s/iter; left time: 295.2663s
Epoch: 8 cost time: 144.7429404258728
Epoch: 8, Steps: 310 | Train Loss: 0.5007163 Vali Loss: 0.4841899 Test Loss: 1.0246507
EarlyStopping counter: 2 out of 3
Updating learning rate to 7.8125e-07
	iters: 100, epoch: 9 | loss: 0.4676822
	speed: 6.7880s/iter; left time: 3536.5730s
	iters: 200, epoch: 9 | loss: 0.4854483
	speed: 0.4583s/iter; left time: 192.9529s
	iters: 300, epoch: 9 | loss: 0.5390625
	speed: 0.4660s/iter; left time: 149.5959s
Epoch: 9 cost time: 144.34600019454956
Epoch: 9, Steps: 310 | Train Loss: 0.5003977 Vali Loss: 0.4847566 Test Loss: 1.0106052
EarlyStopping counter: 3 out of 3
Early stopping
Updating learning rate to 3.90625e-07
	iters: 100, epoch: 10 | loss: 0.5179344
	speed: 6.8478s/iter; left time: 1444.8820s
	iters: 200, epoch: 10 | loss: 0.4780318
	speed: 0.4708s/iter; left time: 52.2593s
	iters: 300, epoch: 10 | loss: 0.4997654
	speed: 0.4644s/iter; left time: 5.1087s
Epoch: 10 cost time: 144.7942054271698
Epoch: 10, Steps: 310 | Train Loss: 0.5002742 Vali Loss: 0.4861566 Test Loss: 1.0244586
EarlyStopping counter: 4 out of 3
Early stopping
Updating learning rate to 1.953125e-07
>>>>>>>testing : long_term_forecast_kdd_femprocess_192_Reformer_DYG_base_ftM_sl96_ll48_pl192_dm1024_nh8_el2_dl1_df512_fc3_ebtimeF_dtTrue_Exp_0<<<<<<<<<<<<<<<<<<<<<<<<<<<<<<<<<
DYG_base
原始数据形状: (113935, 6)
Index(['flow_rate', 'heating_cooling_water_flow_rate', 'concentration',
       'vessel_volume', 'generated_heat'],
      dtype='object')
test 22596
test shape: (22596, 1, 192, 5) (22596, 1, 192, 5)
test shape: (22596, 192, 5) (22596, 192, 5)
mae:0.5281, mse:1.0404
(22596, 192, 5)
(22596, 192, 5)
