True
2.3.0
True
Args in experiment:
Namespace(activation='gelu', anomaly_ratio=0.25, batch_size=256, c_out=5, channel_independent=1, checkpoints='./checkpoints/', d_ff=512, d_layers=1, d_model=1024, data='DYG_base', data_path='EDA_femprocess.csv', dec_in=5, des='Exp', device_ids=[2, 4, 7], devices='2,4,7', direction=[1, 1, 2, 0, 2], distil=True, dropout=0.1, e_layers=2, embed='timeF', enc_in=5, enc_out=5, factor=3, features='M', freq='h', gpu=2, inverse=False, is_training=1, itr=1, label_len=48, learning_rate=0.0001, loss='MSE', lradj='type1', mask_rate=0.25, model='Reformer', model_id='kdd_femprocess_96', moe_logits_init='{\n    "0": {0: 3.0, 1: 2.0, 2: 5.0},\n    "1": {0: 5.0, 1: 3.0, 2: 1.0},\n    "2": {0: 2.0, 1: 5.0, 2: 3.0}, \n    "3": {0: -5.0, 1: 3.0, 2: 5.0},\n    "4": {0: 5.0, 1: 4.0, 2: -5.0}\n}', moving_avg=25, n_heads=8, num_kernels=6, num_workers=10, output_attention=False, p_hidden_dims=[128, 128], p_hidden_layers=2, patience=3, pred_len=96, root_path='./data/public', seasonal_patterns='Monthly', seg_len=12, seq_len=96, target='zs', task_name='long_term_forecast', temp=1.0, top_k=5, train_epochs=10, use_amp=True, use_gpu=True, use_multi_gpu=True)
Use GPU: cuda:2
>>>>>>>start training : long_term_forecast_kdd_femprocess_96_Reformer_DYG_base_ftM_sl96_ll48_pl96_dm1024_nh8_el2_dl1_df512_fc3_ebtimeF_dtTrue_Exp_0>>>>>>>>>>>>>>>>>>>>>>>>>>
DYG_base
原始数据形状: (113935, 6)
Index(['flow_rate', 'heating_cooling_water_flow_rate', 'concentration',
       'vessel_volume', 'generated_heat'],
      dtype='object')
train 79563
DYG_base
原始数据形状: (113935, 6)
Index(['flow_rate', 'heating_cooling_water_flow_rate', 'concentration',
       'vessel_volume', 'generated_heat'],
      dtype='object')
val 11299
DYG_base
原始数据形状: (113935, 6)
Index(['flow_rate', 'heating_cooling_water_flow_rate', 'concentration',
       'vessel_volume', 'generated_heat'],
      dtype='object')
test 22692
	iters: 100, epoch: 1 | loss: 0.4830899
	speed: 0.3944s/iter; left time: 1183.7197s
	iters: 200, epoch: 1 | loss: 0.4471388
	speed: 0.3265s/iter; left time: 947.0447s
	iters: 300, epoch: 1 | loss: 0.4157284
	speed: 0.3346s/iter; left time: 937.2589s
Epoch: 1 cost time: 109.47105264663696
Epoch: 1, Steps: 310 | Train Loss: 0.5064265 Vali Loss: 0.4104403 Test Loss: 0.8483454
Validation loss decreased (inf --> 0.410440).  Saving model ...
Updating learning rate to 0.0001
	iters: 100, epoch: 2 | loss: 0.4868346
	speed: 6.5379s/iter; left time: 17593.4829s
	iters: 200, epoch: 2 | loss: 0.4173515
	speed: 0.3443s/iter; left time: 891.9817s
	iters: 300, epoch: 2 | loss: 0.4143903
	speed: 0.3602s/iter; left time: 897.2343s
Epoch: 2 cost time: 111.16085696220398
Epoch: 2, Steps: 310 | Train Loss: 0.4298483 Vali Loss: 0.3799804 Test Loss: 0.8277284
Validation loss decreased (0.410440 --> 0.379980).  Saving model ...
Updating learning rate to 5e-05
	iters: 100, epoch: 3 | loss: 0.4628325
	speed: 6.4985s/iter; left time: 15472.9835s
	iters: 200, epoch: 3 | loss: 0.4065310
	speed: 0.3968s/iter; left time: 905.0180s
	iters: 300, epoch: 3 | loss: 0.3951072
	speed: 0.3669s/iter; left time: 800.2860s
Epoch: 3 cost time: 119.96246075630188
Epoch: 3, Steps: 310 | Train Loss: 0.4006435 Vali Loss: 0.3606744 Test Loss: 0.7939980
Validation loss decreased (0.379980 --> 0.360674).  Saving model ...
Updating learning rate to 2.5e-05
	iters: 100, epoch: 4 | loss: 0.3419662
	speed: 6.3664s/iter; left time: 13184.8763s
	iters: 200, epoch: 4 | loss: 0.3530017
	speed: 0.3504s/iter; left time: 690.7095s
	iters: 300, epoch: 4 | loss: 0.3578575
	speed: 0.3767s/iter; left time: 704.8329s
Epoch: 4 cost time: 115.51214694976807
Epoch: 4, Steps: 310 | Train Loss: 0.3907347 Vali Loss: 0.3580119 Test Loss: 0.8012154
Validation loss decreased (0.360674 --> 0.358012).  Saving model ...
Updating learning rate to 1.25e-05
	iters: 100, epoch: 5 | loss: 0.3684835
	speed: 6.4291s/iter; left time: 11321.5630s
	iters: 200, epoch: 5 | loss: 0.4025881
	speed: 0.3924s/iter; left time: 651.7030s
	iters: 300, epoch: 5 | loss: 0.3653055
	speed: 0.3943s/iter; left time: 615.5133s
Epoch: 5 cost time: 122.4152045249939
Epoch: 5, Steps: 310 | Train Loss: 0.3857618 Vali Loss: 0.3551797 Test Loss: 0.7701752
Validation loss decreased (0.358012 --> 0.355180).  Saving model ...
Updating learning rate to 6.25e-06
	iters: 100, epoch: 6 | loss: 0.4314954
	speed: 6.4701s/iter; left time: 9388.1403s
	iters: 200, epoch: 6 | loss: 0.3776796
	speed: 0.4048s/iter; left time: 546.8543s
	iters: 300, epoch: 6 | loss: 0.3776722
	speed: 0.3947s/iter; left time: 493.7084s
Epoch: 6 cost time: 125.34472560882568
Epoch: 6, Steps: 310 | Train Loss: 0.3820503 Vali Loss: 0.3573180 Test Loss: 0.7813612
EarlyStopping counter: 1 out of 3
Updating learning rate to 3.125e-06
	iters: 100, epoch: 7 | loss: 0.3340040
	speed: 6.4588s/iter; left time: 7369.4455s
	iters: 200, epoch: 7 | loss: 0.3399867
	speed: 0.3957s/iter; left time: 411.9459s
	iters: 300, epoch: 7 | loss: 0.3453371
	speed: 0.3881s/iter; left time: 365.1983s
Epoch: 7 cost time: 121.32585287094116
Epoch: 7, Steps: 310 | Train Loss: 0.3804196 Vali Loss: 0.3567636 Test Loss: 0.7973420
EarlyStopping counter: 2 out of 3
Updating learning rate to 1.5625e-06
	iters: 100, epoch: 8 | loss: 0.3936537
	speed: 6.2798s/iter; left time: 5218.4759s
	iters: 200, epoch: 8 | loss: 0.4450217
	speed: 0.3526s/iter; left time: 257.7218s
	iters: 300, epoch: 8 | loss: 0.4945308
	speed: 0.3851s/iter; left time: 242.9709s
Epoch: 8 cost time: 113.53872156143188
Epoch: 8, Steps: 310 | Train Loss: 0.3797308 Vali Loss: 0.3502366 Test Loss: 0.7936720
Validation loss decreased (0.355180 --> 0.350237).  Saving model ...
Updating learning rate to 7.8125e-07
	iters: 100, epoch: 9 | loss: 0.3824778
	speed: 6.2980s/iter; left time: 3281.2495s
	iters: 200, epoch: 9 | loss: 0.3540074
	speed: 0.3660s/iter; left time: 154.0705s
	iters: 300, epoch: 9 | loss: 0.3217801
	speed: 0.3530s/iter; left time: 113.3114s
Epoch: 9 cost time: 114.71753644943237
Epoch: 9, Steps: 310 | Train Loss: 0.3790745 Vali Loss: 0.3542212 Test Loss: 0.7830048
EarlyStopping counter: 1 out of 3
Updating learning rate to 3.90625e-07
	iters: 100, epoch: 10 | loss: 0.4570940
	speed: 6.3123s/iter; left time: 1331.8990s
	iters: 200, epoch: 10 | loss: 0.4074054
	speed: 0.3907s/iter; left time: 43.3709s
	iters: 300, epoch: 10 | loss: 0.3749260
	speed: 0.3829s/iter; left time: 4.2122s
Epoch: 10 cost time: 120.30490803718567
Epoch: 10, Steps: 310 | Train Loss: 0.3792684 Vali Loss: 0.3508720 Test Loss: 0.7880394
EarlyStopping counter: 2 out of 3
Updating learning rate to 1.953125e-07
>>>>>>>testing : long_term_forecast_kdd_femprocess_96_Reformer_DYG_base_ftM_sl96_ll48_pl96_dm1024_nh8_el2_dl1_df512_fc3_ebtimeF_dtTrue_Exp_0<<<<<<<<<<<<<<<<<<<<<<<<<<<<<<<<<
DYG_base
原始数据形状: (113935, 6)
Index(['flow_rate', 'heating_cooling_water_flow_rate', 'concentration',
       'vessel_volume', 'generated_heat'],
      dtype='object')
test 22692
test shape: (22692, 1, 96, 5) (22692, 1, 96, 5)
test shape: (22692, 96, 5) (22692, 96, 5)
mae:0.4315, mse:0.7917
(22692, 96, 5)
(22692, 96, 5)
