True
2.3.0
True
Args in experiment:
Namespace(activation='gelu', anomaly_ratio=0.25, batch_size=256, c_out=5, channel_independent=1, checkpoints='./checkpoints/', d_ff=512, d_layers=1, d_model=1024, data='DYG_LLM', data_path='DYG_data_3_sub2.csv', dec_in=5, des='Exp', device_ids=[2, 3, 4, 7], devices='2,3,4,7', direction=[1, 1, 2, 0, 2], distil=True, dropout=0.1, e_layers=2, embed='timeF', enc_in=5, enc_out=5, factor=3, features='M', freq='h', gpu=2, inverse=False, is_training=1, itr=1, label_len=48, learning_rate=0.0001, loss='MSE', lradj='type1', mask_rate=0.25, model='TimeMKG', model_id='kdd_sub2_720', moe_logits_init='{\n    "0": {0: 3.0, 1: 2.0, 2: 5.0},\n    "1": {0: 5.0, 1: 3.0, 2: 1.0},\n    "2": {0: 2.0, 1: 5.0, 2: 3.0}, \n    "3": {0: -5.0, 1: 3.0, 2: 5.0},\n    "4": {0: 5.0, 1: 4.0, 2: -5.0}\n}', moving_avg=25, n_heads=8, num_kernels=6, num_workers=10, output_attention=False, p_hidden_dims=[128, 128], p_hidden_layers=2, patience=3, pred_len=720, root_path='./data/DYG/KDD', seasonal_patterns='Monthly', seg_len=12, seq_len=96, target='zs', task_name='long_term_forecast', temp=1.0, top_k=5, train_epochs=10, use_amp=True, use_gpu=True, use_multi_gpu=True)
Use GPU: cuda:2
>>>>>>>start training : long_term_forecast_kdd_sub2_720_TimeMKG_DYG_LLM_ftM_sl96_ll48_pl720_dm1024_nh8_el2_dl1_df512_fc3_ebtimeF_dtTrue_Exp_0>>>>>>>>>>>>>>>>>>>>>>>>>>
✅ 成功加载 Semantic Embeddings: /home/home_new/syc/code/Timeserise_Library/qwen_emb_2048/embeddings_sub2_train.npy
Warning: Embedding length (75516) != Data length (75635). Aligning...
  -> Padded 119 zeros to the end.
train 74820
✅ 成功加载 Semantic Embeddings: /home/home_new/syc/code/Timeserise_Library/qwen_emb_2048/embeddings_sub2_val.npy
Warning: Embedding length (10783) != Data length (10902). Aligning...
  -> Padded 119 zeros to the end.
val 10087
✅ 成功加载 Semantic Embeddings: /home/home_new/syc/code/Timeserise_Library/qwen_emb_2048/embeddings_sub2_test.npy
Warning: Embedding length (21587) != Data length (21706). Aligning...
  -> Padded 119 zeros to the end.
test 20891
	iters: 100, epoch: 1 | loss: 0.8545737
	speed: 0.3904s/iter; left time: 1101.3706s
	iters: 200, epoch: 1 | loss: 0.8309858
	speed: 0.3319s/iter; left time: 903.2107s
Epoch: 1 cost time: 100.6985764503479
Epoch: 1, Steps: 292 | Train Loss: 0.8464772 Vali Loss: 0.7626007 Test Loss: 7.4302049
Validation loss decreased (inf --> 0.762601).  Saving model ...
Updating learning rate to 0.0001
	iters: 100, epoch: 2 | loss: 0.7939319
	speed: 5.7474s/iter; left time: 14535.2663s
	iters: 200, epoch: 2 | loss: 0.6795224
	speed: 0.2935s/iter; left time: 713.0204s
Epoch: 2 cost time: 88.56611227989197
Epoch: 2, Steps: 292 | Train Loss: 0.7670161 Vali Loss: 0.7446931 Test Loss: 7.2947345
Validation loss decreased (0.762601 --> 0.744693).  Saving model ...
Updating learning rate to 5e-05
	iters: 100, epoch: 3 | loss: 0.7332838
	speed: 5.6903s/iter; left time: 12729.1618s
	iters: 200, epoch: 3 | loss: 0.7451956
	speed: 0.2996s/iter; left time: 640.1798s
Epoch: 3 cost time: 89.14732456207275
Epoch: 3, Steps: 292 | Train Loss: 0.7381305 Vali Loss: 0.7411613 Test Loss: 7.2251778
Validation loss decreased (0.744693 --> 0.741161).  Saving model ...
Updating learning rate to 2.5e-05
	iters: 100, epoch: 4 | loss: 0.6330968
	speed: 6.0272s/iter; left time: 11722.8474s
	iters: 200, epoch: 4 | loss: 0.7391663
	speed: 0.3008s/iter; left time: 555.0548s
Epoch: 4 cost time: 88.2668890953064
Epoch: 4, Steps: 292 | Train Loss: 0.7247401 Vali Loss: 0.7534430 Test Loss: 7.2094026
EarlyStopping counter: 1 out of 3
Updating learning rate to 1.25e-05
	iters: 100, epoch: 5 | loss: 0.6934031
	speed: 5.5729s/iter; left time: 9211.9343s
	iters: 200, epoch: 5 | loss: 0.8032201
	speed: 0.3344s/iter; left time: 519.3545s
Epoch: 5 cost time: 97.69737195968628
Epoch: 5, Steps: 292 | Train Loss: 0.7172604 Vali Loss: 0.7590641 Test Loss: 7.2275052
EarlyStopping counter: 2 out of 3
Updating learning rate to 6.25e-06
	iters: 100, epoch: 6 | loss: 0.6661650
	speed: 5.6620s/iter; left time: 7705.9654s
	iters: 200, epoch: 6 | loss: 0.6523008
	speed: 0.3012s/iter; left time: 379.8129s
Epoch: 6 cost time: 89.24008750915527
Epoch: 6, Steps: 292 | Train Loss: 0.7137633 Vali Loss: 0.7614894 Test Loss: 7.2517695
EarlyStopping counter: 3 out of 3
Early stopping
Updating learning rate to 3.125e-06
	iters: 100, epoch: 7 | loss: 0.7165891
	speed: 5.5667s/iter; left time: 5950.7836s
	iters: 200, epoch: 7 | loss: 0.6576383
	speed: 0.3078s/iter; left time: 298.2372s
Epoch: 7 cost time: 92.5611925125122
Epoch: 7, Steps: 292 | Train Loss: 0.7114912 Vali Loss: 0.7598862 Test Loss: 7.2269063
EarlyStopping counter: 4 out of 3
Early stopping
Updating learning rate to 1.5625e-06
	iters: 100, epoch: 8 | loss: 0.7199072
	speed: 5.7534s/iter; left time: 4470.3699s
	iters: 200, epoch: 8 | loss: 0.7152648
	speed: 0.3081s/iter; left time: 208.5707s
Epoch: 8 cost time: 92.68687033653259
Epoch: 8, Steps: 292 | Train Loss: 0.7104560 Vali Loss: 0.7607725 Test Loss: 7.2229595
EarlyStopping counter: 5 out of 3
Early stopping
Updating learning rate to 7.8125e-07
	iters: 100, epoch: 9 | loss: 0.7623426
	speed: 5.6312s/iter; left time: 2731.1184s
	iters: 200, epoch: 9 | loss: 0.7700167
	speed: 0.3040s/iter; left time: 117.0413s
Epoch: 9 cost time: 91.1168475151062
Epoch: 9, Steps: 292 | Train Loss: 0.7099796 Vali Loss: 0.7615341 Test Loss: 7.2453570
EarlyStopping counter: 6 out of 3
Early stopping
Updating learning rate to 3.90625e-07
	iters: 100, epoch: 10 | loss: 0.6605358
	speed: 5.5194s/iter; left time: 1065.2408s
	iters: 200, epoch: 10 | loss: 0.6399589
	speed: 0.3034s/iter; left time: 28.2178s
Epoch: 10 cost time: 89.38083720207214
Epoch: 10, Steps: 292 | Train Loss: 0.7096040 Vali Loss: 0.7610438 Test Loss: 7.2428732
EarlyStopping counter: 7 out of 3
Early stopping
Updating learning rate to 1.953125e-07
>>>>>>>testing : long_term_forecast_kdd_sub2_720_TimeMKG_DYG_LLM_ftM_sl96_ll48_pl720_dm1024_nh8_el2_dl1_df512_fc3_ebtimeF_dtTrue_Exp_0<<<<<<<<<<<<<<<<<<<<<<<<<<<<<<<<<
✅ 成功加载 Semantic Embeddings: /home/home_new/syc/code/Timeserise_Library/qwen_emb_2048/embeddings_sub2_test.npy
Warning: Embedding length (21587) != Data length (21706). Aligning...
  -> Padded 119 zeros to the end.
test 20891
test shape: (20891, 1, 720, 5) (20891, 1, 720, 5)
test shape: (20891, 720, 5) (20891, 720, 5)
mae:0.7613, mse:7.2252
(20891, 720, 5)
(20891, 720, 5)
