True
2.3.0
True
Args in experiment:
Namespace(activation='gelu', anomaly_ratio=0.25, batch_size=256, c_out=5, channel_independent=1, checkpoints='./checkpoints/', d_ff=512, d_layers=1, d_model=64, data='DYG_LLM', data_path='EDA_offair.csv', dec_in=5, des='Exp', device_ids=[0, 1, 3], devices='0,1,3', direction=[1, 1, 2, 0, 0], distil=True, dropout=0.1, e_layers=2, embed='timeF', enc_in=5, enc_out=5, factor=3, features='M', freq='h', gpu=0, inverse=False, is_training=1, itr=1, label_len=48, learning_rate=0.0001, loss='MSE', lradj='type1', mask_rate=0.25, model='TimeMKG', model_id='kdd_offair_720', moe_logits_init='{\n    "0": {0: 5.0, 1: 1.0, 2: -5.0},  \n    "1": {0: 1.0, 1: 5.0, 2: -5.0},  \n    "2": {0: -5.0, 1: 1.0, 2: 5.0},  \n    "3": {0: -5.0, 1: 4.0, 2: 5.0},  \n    "4": {0: -5.0, 1: 4.0, 2: 5.0}\n}', moving_avg=25, n_heads=8, num_kernels=6, num_workers=10, output_attention=False, p_hidden_dims=[128, 128], p_hidden_layers=2, patience=3, pred_len=720, root_path='./data/public', seasonal_patterns='Monthly', seg_len=12, seq_len=96, target='zs', task_name='long_term_forecast', temp=1.0, top_k=5, train_epochs=10, use_amp=True, use_gpu=True, use_multi_gpu=True)
Use GPU: cuda:0
>>>>>>>start training : long_term_forecast_kdd_offair_720_TimeMKG_DYG_LLM_ftM_sl96_ll48_pl720_dm64_nh8_el2_dl1_df512_fc3_ebtimeF_dtTrue_Exp_0>>>>>>>>>>>>>>>>>>>>>>>>>>
✅ 成功加载 Semantic Embeddings: /home/home_new/syc/code/Timeserise_Library/qwen_emb_2048/embeddings_sub1_train.npy
Warning: Embedding length (75516) != Data length (79754). Aligning...
  -> Padded 4238 zeros to the end.
train 78939
✅ 成功加载 Semantic Embeddings: /home/home_new/syc/code/Timeserise_Library/qwen_emb_2048/embeddings_sub1_val.npy
Warning: Embedding length (10783) != Data length (11490). Aligning...
  -> Padded 707 zeros to the end.
val 10675
✅ 成功加载 Semantic Embeddings: /home/home_new/syc/code/Timeserise_Library/qwen_emb_2048/embeddings_sub1_test.npy
Warning: Embedding length (21587) != Data length (22883). Aligning...
  -> Padded 1296 zeros to the end.
test 22068
	iters: 100, epoch: 1 | loss: 1.7215561
	speed: 0.3164s/iter; left time: 943.3126s
	iters: 200, epoch: 1 | loss: 1.6326994
	speed: 0.2830s/iter; left time: 815.2878s
	iters: 300, epoch: 1 | loss: 1.8072146
	speed: 0.2978s/iter; left time: 828.1812s
Epoch: 1 cost time: 92.12110662460327
Epoch: 1, Steps: 308 | Train Loss: 1.7945991 Vali Loss: 1.2473738 Test Loss: 2.3076754
Validation loss decreased (inf --> 1.247374).  Saving model ...
Updating learning rate to 0.0001
	iters: 100, epoch: 2 | loss: 1.6733497
	speed: 5.0214s/iter; left time: 13422.1165s
	iters: 200, epoch: 2 | loss: 1.6937394
	speed: 0.2746s/iter; left time: 706.4242s
	iters: 300, epoch: 2 | loss: 1.3772289
	speed: 0.2698s/iter; left time: 667.3065s
Epoch: 2 cost time: 84.26527333259583
Epoch: 2, Steps: 308 | Train Loss: 1.5396088 Vali Loss: 1.1832067 Test Loss: 2.3055551
Validation loss decreased (1.247374 --> 1.183207).  Saving model ...
Updating learning rate to 5e-05
	iters: 100, epoch: 3 | loss: 1.5297098
	speed: 4.3550s/iter; left time: 10299.6294s
	iters: 200, epoch: 3 | loss: 1.3674803
	speed: 0.2484s/iter; left time: 562.5396s
	iters: 300, epoch: 3 | loss: 1.3834982
	speed: 0.2656s/iter; left time: 575.1210s
Epoch: 3 cost time: 77.11536240577698
Epoch: 3, Steps: 308 | Train Loss: 1.4448560 Vali Loss: 1.1494321 Test Loss: 2.2012758
Validation loss decreased (1.183207 --> 1.149432).  Saving model ...
Updating learning rate to 2.5e-05
	iters: 100, epoch: 4 | loss: 1.4301600
	speed: 5.1582s/iter; left time: 10610.3961s
	iters: 200, epoch: 4 | loss: 1.2615956
	speed: 0.2413s/iter; left time: 472.2138s
	iters: 300, epoch: 4 | loss: 1.5986679
	speed: 0.2654s/iter; left time: 492.8383s
Epoch: 4 cost time: 76.16645789146423
Epoch: 4, Steps: 308 | Train Loss: 1.4144666 Vali Loss: 1.1452059 Test Loss: 2.2413697
Validation loss decreased (1.149432 --> 1.145206).  Saving model ...
Updating learning rate to 1.25e-05
	iters: 100, epoch: 5 | loss: 1.4678143
	speed: 5.7993s/iter; left time: 10143.0045s
	iters: 200, epoch: 5 | loss: 1.4075632
	speed: 0.2952s/iter; left time: 486.8457s
	iters: 300, epoch: 5 | loss: 1.4352680
	speed: 0.2318s/iter; left time: 359.0288s
Epoch: 5 cost time: 82.67772817611694
Epoch: 5, Steps: 308 | Train Loss: 1.4003369 Vali Loss: 1.1366293 Test Loss: 2.2181923
Validation loss decreased (1.145206 --> 1.136629).  Saving model ...
Updating learning rate to 6.25e-06
	iters: 100, epoch: 6 | loss: 1.3016829
	speed: 5.0656s/iter; left time: 7299.4937s
	iters: 200, epoch: 6 | loss: 1.3630244
	speed: 0.2239s/iter; left time: 300.2262s
	iters: 300, epoch: 6 | loss: 1.3204854
	speed: 0.2690s/iter; left time: 333.8657s
Epoch: 6 cost time: 75.22849369049072
Epoch: 6, Steps: 308 | Train Loss: 1.3957251 Vali Loss: 1.1391022 Test Loss: 2.2188542
EarlyStopping counter: 1 out of 3
Updating learning rate to 3.125e-06
	iters: 100, epoch: 7 | loss: 1.4344689
	speed: 5.1353s/iter; left time: 5818.2666s
	iters: 200, epoch: 7 | loss: 1.4685519
	speed: 0.2958s/iter; left time: 305.5153s
	iters: 300, epoch: 7 | loss: 1.3768140
	speed: 0.2934s/iter; left time: 273.7460s
Epoch: 7 cost time: 90.79951024055481
Epoch: 7, Steps: 308 | Train Loss: 1.3927430 Vali Loss: 1.1355977 Test Loss: 2.2152689
Validation loss decreased (1.136629 --> 1.135598).  Saving model ...
Updating learning rate to 1.5625e-06
	iters: 100, epoch: 8 | loss: 1.4022807
	speed: 5.5959s/iter; left time: 4616.6047s
	iters: 200, epoch: 8 | loss: 1.2786161
	speed: 0.2652s/iter; left time: 192.2831s
	iters: 300, epoch: 8 | loss: 1.3255279
	speed: 0.2728s/iter; left time: 170.4800s
Epoch: 8 cost time: 84.17543268203735
Epoch: 8, Steps: 308 | Train Loss: 1.3907156 Vali Loss: 1.1342874 Test Loss: 2.2143872
Validation loss decreased (1.135598 --> 1.134287).  Saving model ...
Updating learning rate to 7.8125e-07
	iters: 100, epoch: 9 | loss: 1.3998278
	speed: 5.6154s/iter; left time: 2903.1525s
	iters: 200, epoch: 9 | loss: 1.6135370
	speed: 0.2609s/iter; left time: 108.8101s
	iters: 300, epoch: 9 | loss: 1.3838440
	speed: 0.2568s/iter; left time: 81.4139s
Epoch: 9 cost time: 81.66671800613403
Epoch: 9, Steps: 308 | Train Loss: 1.3906468 Vali Loss: 1.1362652 Test Loss: 2.2091174
EarlyStopping counter: 1 out of 3
Updating learning rate to 3.90625e-07
	iters: 100, epoch: 10 | loss: 1.4345340
	speed: 5.7405s/iter; left time: 1199.7730s
	iters: 200, epoch: 10 | loss: 1.5597425
	speed: 0.2535s/iter; left time: 27.6356s
	iters: 300, epoch: 10 | loss: 1.3537546
	speed: 0.2811s/iter; left time: 2.5300s
Epoch: 10 cost time: 82.8038399219513
Epoch: 10, Steps: 308 | Train Loss: 1.3898825 Vali Loss: 1.1380647 Test Loss: 2.2111099
EarlyStopping counter: 2 out of 3
Updating learning rate to 1.953125e-07
>>>>>>>testing : long_term_forecast_kdd_offair_720_TimeMKG_DYG_LLM_ftM_sl96_ll48_pl720_dm64_nh8_el2_dl1_df512_fc3_ebtimeF_dtTrue_Exp_0<<<<<<<<<<<<<<<<<<<<<<<<<<<<<<<<<
✅ 成功加载 Semantic Embeddings: /home/home_new/syc/code/Timeserise_Library/qwen_emb_2048/embeddings_sub1_test.npy
Warning: Embedding length (21587) != Data length (22883). Aligning...
  -> Padded 1296 zeros to the end.
test 22068
test shape: (22068, 1, 720, 5) (22068, 1, 720, 5)
test shape: (22068, 720, 5) (22068, 720, 5)
mae:0.8637, mse:2.2144
(22068, 720, 5)
(22068, 720, 5)
