True
2.3.0
True
Args in experiment:
Namespace(activation='gelu', anomaly_ratio=0.25, batch_size=256, c_out=5, channel_independent=1, checkpoints='./checkpoints/', d_ff=512, d_layers=1, d_model=1024, data='DYG_LLM', data_path='DYG_data_3_sub1.csv', dec_in=5, des='Exp', device_ids=[2, 3, 4, 7], devices='2,3,4,7', direction=[1, 1, 2, 0, 0], distil=True, dropout=0.1, e_layers=2, embed='timeF', enc_in=5, enc_out=5, factor=3, features='M', freq='h', gpu=2, inverse=False, is_training=1, itr=1, label_len=48, learning_rate=0.0001, loss='MSE', lradj='type1', mask_rate=0.25, model='TimeMKG', model_id='kdd_sub1_96', moe_logits_init='{\n    "0": {0: 5.0, 1: 1.0, 2: -5.0},  \n    "1": {0: 1.0, 1: 5.0, 2: -5.0},  \n    "2": {0: -5.0, 1: 1.0, 2: 5.0},  \n    "3": {0: -5.0, 1: 4.0, 2: 5.0},  \n    "4": {0: -5.0, 1: 4.0, 2: 5.0}\n}', moving_avg=25, n_heads=8, num_kernels=6, num_workers=10, output_attention=False, p_hidden_dims=[128, 128], p_hidden_layers=2, patience=3, pred_len=96, root_path='./data/DYG/KDD', seasonal_patterns='Monthly', seg_len=12, seq_len=96, target='zs', task_name='long_term_forecast', temp=1.0, top_k=5, train_epochs=10, use_amp=True, use_gpu=True, use_multi_gpu=True)
Use GPU: cuda:2
>>>>>>>start training : long_term_forecast_kdd_sub1_96_TimeMKG_DYG_LLM_ftM_sl96_ll48_pl96_dm1024_nh8_el2_dl1_df512_fc3_ebtimeF_dtTrue_Exp_0>>>>>>>>>>>>>>>>>>>>>>>>>>
✅ 成功加载 Semantic Embeddings: /home/home_new/syc/code/Timeserise_Library/qwen_emb_2048/embeddings_sub1_train.npy
Warning: Embedding length (75516) != Data length (75635). Aligning...
  -> Padded 119 zeros to the end.
train 75444
✅ 成功加载 Semantic Embeddings: /home/home_new/syc/code/Timeserise_Library/qwen_emb_2048/embeddings_sub1_val.npy
Warning: Embedding length (10783) != Data length (10902). Aligning...
  -> Padded 119 zeros to the end.
val 10711
✅ 成功加载 Semantic Embeddings: /home/home_new/syc/code/Timeserise_Library/qwen_emb_2048/embeddings_sub1_test.npy
Warning: Embedding length (21587) != Data length (21706). Aligning...
  -> Padded 119 zeros to the end.
test 21515
	iters: 100, epoch: 1 | loss: 0.7882328
	speed: 0.2826s/iter; left time: 802.8993s
	iters: 200, epoch: 1 | loss: 0.4929334
	speed: 0.2521s/iter; left time: 690.9806s
Epoch: 1 cost time: 77.3527946472168
Epoch: 1, Steps: 294 | Train Loss: 0.6754093 Vali Loss: 0.4100111 Test Loss: 0.4299856
Validation loss decreased (inf --> 0.410011).  Saving model ...
Updating learning rate to 0.0001
	iters: 100, epoch: 2 | loss: 0.5505588
	speed: 3.3590s/iter; left time: 8555.3028s
	iters: 200, epoch: 2 | loss: 0.6309225
	speed: 0.2528s/iter; left time: 618.5284s
Epoch: 2 cost time: 74.61790609359741
Epoch: 2, Steps: 294 | Train Loss: 0.5431952 Vali Loss: 0.3933936 Test Loss: 0.4039952
Validation loss decreased (0.410011 --> 0.393394).  Saving model ...
Updating learning rate to 5e-05
	iters: 100, epoch: 3 | loss: 0.3015104
	speed: 3.3422s/iter; left time: 7529.8837s
	iters: 200, epoch: 3 | loss: 0.4213396
	speed: 0.2473s/iter; left time: 532.5126s
Epoch: 3 cost time: 74.43425369262695
Epoch: 3, Steps: 294 | Train Loss: 0.4970327 Vali Loss: 0.3757167 Test Loss: 0.3917229
Validation loss decreased (0.393394 --> 0.375717).  Saving model ...
Updating learning rate to 2.5e-05
	iters: 100, epoch: 4 | loss: 0.5588583
	speed: 3.6324s/iter; left time: 7115.9401s
	iters: 200, epoch: 4 | loss: 0.5441891
	speed: 0.2616s/iter; left time: 486.3169s
Epoch: 4 cost time: 76.9991283416748
Epoch: 4, Steps: 294 | Train Loss: 0.4824163 Vali Loss: 0.3710791 Test Loss: 0.3837538
Validation loss decreased (0.375717 --> 0.371079).  Saving model ...
Updating learning rate to 1.25e-05
	iters: 100, epoch: 5 | loss: 0.3125062
	speed: 3.0016s/iter; left time: 4997.6726s
	iters: 200, epoch: 5 | loss: 0.3867696
	speed: 0.2591s/iter; left time: 405.4263s
Epoch: 5 cost time: 79.61743402481079
Epoch: 5, Steps: 294 | Train Loss: 0.4749623 Vali Loss: 0.3773276 Test Loss: 0.3830794
EarlyStopping counter: 1 out of 3
Updating learning rate to 6.25e-06
	iters: 100, epoch: 6 | loss: 0.3562902
	speed: 4.5028s/iter; left time: 6173.3613s
	iters: 200, epoch: 6 | loss: 0.3081092
	speed: 0.2821s/iter; left time: 358.4983s
Epoch: 6 cost time: 86.1907422542572
Epoch: 6, Steps: 294 | Train Loss: 0.4717874 Vali Loss: 0.3719015 Test Loss: 0.3814461
EarlyStopping counter: 2 out of 3
Updating learning rate to 3.125e-06
	iters: 100, epoch: 7 | loss: 0.2943997
	speed: 6.1858s/iter; left time: 6662.1272s
	iters: 200, epoch: 7 | loss: 0.4424520
	speed: 0.3281s/iter; left time: 320.5475s
Epoch: 7 cost time: 97.98802828788757
Epoch: 7, Steps: 294 | Train Loss: 0.4700824 Vali Loss: 0.3706858 Test Loss: 0.3799455
Validation loss decreased (0.371079 --> 0.370686).  Saving model ...
Updating learning rate to 1.5625e-06
	iters: 100, epoch: 8 | loss: 0.7102195
	speed: 6.5107s/iter; left time: 5097.8721s
	iters: 200, epoch: 8 | loss: 0.4444971
	speed: 0.3406s/iter; left time: 232.6450s
Epoch: 8 cost time: 100.63444542884827
Epoch: 8, Steps: 294 | Train Loss: 0.4687523 Vali Loss: 0.3708730 Test Loss: 0.3794836
EarlyStopping counter: 1 out of 3
Updating learning rate to 7.8125e-07
	iters: 100, epoch: 9 | loss: 0.4374510
	speed: 6.6497s/iter; left time: 3251.7047s
	iters: 200, epoch: 9 | loss: 0.5292863
	speed: 0.3371s/iter; left time: 131.1262s
Epoch: 9 cost time: 100.26727318763733
Epoch: 9, Steps: 294 | Train Loss: 0.4680348 Vali Loss: 0.3712925 Test Loss: 0.3797296
EarlyStopping counter: 2 out of 3
Updating learning rate to 3.90625e-07
	iters: 100, epoch: 10 | loss: 0.4659324
	speed: 6.7964s/iter; left time: 1325.2998s
	iters: 200, epoch: 10 | loss: 0.2741573
	speed: 0.3366s/iter; left time: 31.9780s
Epoch: 10 cost time: 101.66795754432678
Epoch: 10, Steps: 294 | Train Loss: 0.4675490 Vali Loss: 0.3696551 Test Loss: 0.3795524
Validation loss decreased (0.370686 --> 0.369655).  Saving model ...
Updating learning rate to 1.953125e-07
>>>>>>>testing : long_term_forecast_kdd_sub1_96_TimeMKG_DYG_LLM_ftM_sl96_ll48_pl96_dm1024_nh8_el2_dl1_df512_fc3_ebtimeF_dtTrue_Exp_0<<<<<<<<<<<<<<<<<<<<<<<<<<<<<<<<<
✅ 成功加载 Semantic Embeddings: /home/home_new/syc/code/Timeserise_Library/qwen_emb_2048/embeddings_sub1_test.npy
Warning: Embedding length (21587) != Data length (21706). Aligning...
  -> Padded 119 zeros to the end.
test 21515
test shape: (21515, 1, 96, 5) (21515, 1, 96, 5)
test shape: (21515, 96, 5) (21515, 96, 5)
mae:0.3624, mse:0.3796
(21515, 96, 5)
(21515, 96, 5)
