True
2.3.0
True
Args in experiment:
Namespace(activation='gelu', anomaly_ratio=0.25, batch_size=256, c_out=5, channel_independent=1, checkpoints='./checkpoints/', d_ff=512, d_layers=1, d_model=64, data='DYG_LLM', data_path='EDA_offair.csv', dec_in=5, des='Exp', device_ids=[0, 1, 3], devices='0,1,3', direction=[1, 1, 2, 0, 0], distil=True, dropout=0.1, e_layers=2, embed='timeF', enc_in=5, enc_out=5, factor=3, features='M', freq='h', gpu=0, inverse=False, is_training=1, itr=1, label_len=48, learning_rate=0.0001, loss='MSE', lradj='type1', mask_rate=0.25, model='TimeMKG', model_id='kdd_offair_192', moe_logits_init='{\n    "0": {0: 5.0, 1: 1.0, 2: -5.0},  \n    "1": {0: 1.0, 1: 5.0, 2: -5.0},  \n    "2": {0: -5.0, 1: 1.0, 2: 5.0},  \n    "3": {0: -5.0, 1: 4.0, 2: 5.0},  \n    "4": {0: -5.0, 1: 4.0, 2: 5.0}\n}', moving_avg=25, n_heads=8, num_kernels=6, num_workers=10, output_attention=False, p_hidden_dims=[128, 128], p_hidden_layers=2, patience=3, pred_len=192, root_path='./data/public', seasonal_patterns='Monthly', seg_len=12, seq_len=96, target='zs', task_name='long_term_forecast', temp=1.0, top_k=5, train_epochs=10, use_amp=True, use_gpu=True, use_multi_gpu=True)
Use GPU: cuda:0
>>>>>>>start training : long_term_forecast_kdd_offair_192_TimeMKG_DYG_LLM_ftM_sl96_ll48_pl192_dm64_nh8_el2_dl1_df512_fc3_ebtimeF_dtTrue_Exp_0>>>>>>>>>>>>>>>>>>>>>>>>>>
✅ 成功加载 Semantic Embeddings: /home/home_new/syc/code/Timeserise_Library/qwen_emb_2048/embeddings_sub1_train.npy
Warning: Embedding length (75516) != Data length (79754). Aligning...
  -> Padded 4238 zeros to the end.
train 79467
✅ 成功加载 Semantic Embeddings: /home/home_new/syc/code/Timeserise_Library/qwen_emb_2048/embeddings_sub1_val.npy
Warning: Embedding length (10783) != Data length (11490). Aligning...
  -> Padded 707 zeros to the end.
val 11203
✅ 成功加载 Semantic Embeddings: /home/home_new/syc/code/Timeserise_Library/qwen_emb_2048/embeddings_sub1_test.npy
Warning: Embedding length (21587) != Data length (22883). Aligning...
  -> Padded 1296 zeros to the end.
test 22596
	iters: 100, epoch: 1 | loss: 1.1874663
	speed: 0.2626s/iter; left time: 788.0824s
	iters: 200, epoch: 1 | loss: 1.1180660
	speed: 0.2307s/iter; left time: 669.3951s
	iters: 300, epoch: 1 | loss: 1.1022261
	speed: 0.2280s/iter; left time: 638.6272s
Epoch: 1 cost time: 74.99071884155273
Epoch: 1, Steps: 310 | Train Loss: 0.8966095 Vali Loss: 0.6845720 Test Loss: 1.4686518
Validation loss decreased (inf --> 0.684572).  Saving model ...
Updating learning rate to 0.0001
	iters: 100, epoch: 2 | loss: 0.6842552
	speed: 5.5770s/iter; left time: 15007.8299s
	iters: 200, epoch: 2 | loss: 0.8268511
	speed: 0.2966s/iter; left time: 768.5512s
	iters: 300, epoch: 2 | loss: 0.9422171
	speed: 0.2850s/iter; left time: 709.9648s
Epoch: 2 cost time: 88.30108642578125
Epoch: 2, Steps: 310 | Train Loss: 0.7762700 Vali Loss: 0.6566279 Test Loss: 1.4775213
Validation loss decreased (0.684572 --> 0.656628).  Saving model ...
Updating learning rate to 5e-05
	iters: 100, epoch: 3 | loss: 0.8520716
	speed: 4.4720s/iter; left time: 10647.7191s
	iters: 200, epoch: 3 | loss: 0.8566727
	speed: 0.2883s/iter; left time: 657.6966s
	iters: 300, epoch: 3 | loss: 0.5555844
	speed: 0.2994s/iter; left time: 652.9772s
Epoch: 3 cost time: 89.81417036056519
Epoch: 3, Steps: 310 | Train Loss: 0.7328509 Vali Loss: 0.6436926 Test Loss: 1.5131999
Validation loss decreased (0.656628 --> 0.643693).  Saving model ...
Updating learning rate to 2.5e-05
	iters: 100, epoch: 4 | loss: 0.5689995
	speed: 4.9603s/iter; left time: 10272.8766s
	iters: 200, epoch: 4 | loss: 0.8399993
	speed: 0.2515s/iter; left time: 495.6446s
	iters: 300, epoch: 4 | loss: 0.7052193
	speed: 0.2734s/iter; left time: 511.6047s
Epoch: 4 cost time: 79.21703672409058
Epoch: 4, Steps: 310 | Train Loss: 0.7176701 Vali Loss: 0.6449707 Test Loss: 1.5144514
EarlyStopping counter: 1 out of 3
Updating learning rate to 1.25e-05
	iters: 100, epoch: 5 | loss: 0.6215109
	speed: 5.5160s/iter; left time: 9713.6103s
	iters: 200, epoch: 5 | loss: 0.5515841
	speed: 0.2274s/iter; left time: 377.6498s
	iters: 300, epoch: 5 | loss: 0.6144325
	speed: 0.2262s/iter; left time: 353.1424s
Epoch: 5 cost time: 71.87015438079834
Epoch: 5, Steps: 310 | Train Loss: 0.7106397 Vali Loss: 0.6389597 Test Loss: 1.5404861
Validation loss decreased (0.643693 --> 0.638960).  Saving model ...
Updating learning rate to 6.25e-06
	iters: 100, epoch: 6 | loss: 0.5732778
	speed: 5.6151s/iter; left time: 8147.4449s
	iters: 200, epoch: 6 | loss: 0.6500202
	speed: 0.2849s/iter; left time: 384.8630s
	iters: 300, epoch: 6 | loss: 0.7071359
	speed: 0.2869s/iter; left time: 358.9109s
Epoch: 6 cost time: 89.76932430267334
Epoch: 6, Steps: 310 | Train Loss: 0.7070327 Vali Loss: 0.6395001 Test Loss: 1.5323755
EarlyStopping counter: 1 out of 3
Updating learning rate to 3.125e-06
	iters: 100, epoch: 7 | loss: 0.8314929
	speed: 5.5283s/iter; left time: 6307.7974s
	iters: 200, epoch: 7 | loss: 0.5837653
	speed: 0.2832s/iter; left time: 294.8426s
	iters: 300, epoch: 7 | loss: 0.7987911
	speed: 0.2779s/iter; left time: 261.4688s
Epoch: 7 cost time: 90.22035145759583
Epoch: 7, Steps: 310 | Train Loss: 0.7062422 Vali Loss: 0.6394519 Test Loss: 1.5388186
EarlyStopping counter: 2 out of 3
Updating learning rate to 1.5625e-06
	iters: 100, epoch: 8 | loss: 0.7762693
	speed: 3.9198s/iter; left time: 3257.3793s
	iters: 200, epoch: 8 | loss: 0.7692750
	speed: 0.2772s/iter; left time: 202.6333s
	iters: 300, epoch: 8 | loss: 0.7411516
	speed: 0.2773s/iter; left time: 174.9802s
Epoch: 8 cost time: 88.45379114151001
Epoch: 8, Steps: 310 | Train Loss: 0.7042037 Vali Loss: 0.6396989 Test Loss: 1.5371690
EarlyStopping counter: 3 out of 3
Early stopping
Updating learning rate to 7.8125e-07
	iters: 100, epoch: 9 | loss: 0.6022278
	speed: 4.9819s/iter; left time: 2595.5485s
	iters: 200, epoch: 9 | loss: 0.7024125
	speed: 0.2922s/iter; left time: 123.0324s
	iters: 300, epoch: 9 | loss: 0.6864821
	speed: 0.2696s/iter; left time: 86.5259s
Epoch: 9 cost time: 88.59136366844177
Epoch: 9, Steps: 310 | Train Loss: 0.7041795 Vali Loss: 0.6389168 Test Loss: 1.5367996
Validation loss decreased (0.638960 --> 0.638917).  Saving model ...
Early stopping
Updating learning rate to 3.90625e-07
	iters: 100, epoch: 10 | loss: 0.6968943
	speed: 4.7807s/iter; left time: 1008.7235s
	iters: 200, epoch: 10 | loss: 0.6698124
	speed: 0.2267s/iter; left time: 25.1662s
	iters: 300, epoch: 10 | loss: 0.6139966
	speed: 0.2366s/iter; left time: 2.6030s
Epoch: 10 cost time: 74.69645953178406
Epoch: 10, Steps: 310 | Train Loss: 0.7039951 Vali Loss: 0.6389781 Test Loss: 1.5390333
EarlyStopping counter: 1 out of 3
Early stopping
Updating learning rate to 1.953125e-07
>>>>>>>testing : long_term_forecast_kdd_offair_192_TimeMKG_DYG_LLM_ftM_sl96_ll48_pl192_dm64_nh8_el2_dl1_df512_fc3_ebtimeF_dtTrue_Exp_0<<<<<<<<<<<<<<<<<<<<<<<<<<<<<<<<<
✅ 成功加载 Semantic Embeddings: /home/home_new/syc/code/Timeserise_Library/qwen_emb_2048/embeddings_sub1_test.npy
Warning: Embedding length (21587) != Data length (22883). Aligning...
  -> Padded 1296 zeros to the end.
test 22596
test shape: (22596, 1, 192, 5) (22596, 1, 192, 5)
test shape: (22596, 192, 5) (22596, 192, 5)
mae:0.5547, mse:1.5368
(22596, 192, 5)
(22596, 192, 5)
