True
2.3.0
True
Args in experiment:
Namespace(activation='gelu', anomaly_ratio=0.25, batch_size=256, c_out=5, channel_independent=1, checkpoints='./checkpoints/', d_ff=512, d_layers=1, d_model=64, data='DYG_LLM', data_path='EDA_femprocess_v2.csv', dec_in=5, des='Exp', device_ids=[0, 1, 2, 7], devices='0,1,2,7', direction=[1, 1, 2, 0, 2], distil=True, dropout=0.1, e_layers=2, embed='timeF', enc_in=5, enc_out=5, factor=3, features='M', freq='h', gpu=0, inverse=False, is_training=1, itr=1, label_len=48, learning_rate=0.0001, loss='MSE', lradj='type1', mask_rate=0.25, model='TimeMKG', model_id='kdd_femprocess_720', moe_logits_init='{\n    "0": {0: 3.0, 1: 2.0, 2: 5.0},\n    "1": {0: 5.0, 1: 3.0, 2: 1.0},\n    "2": {0: 2.0, 1: 5.0, 2: 3.0}, \n    "3": {0: -5.0, 1: 3.0, 2: 5.0},\n    "4": {0: 5.0, 1: 4.0, 2: -5.0}\n}', moving_avg=25, n_heads=8, num_kernels=6, num_workers=10, output_attention=False, p_hidden_dims=[128, 128], p_hidden_layers=2, patience=3, pred_len=720, root_path='./data/public', seasonal_patterns='Monthly', seg_len=12, seq_len=96, target='v2', task_name='long_term_forecast', temp=1.0, top_k=5, train_epochs=10, use_amp=True, use_gpu=True, use_multi_gpu=True)
Use GPU: cuda:0
>>>>>>>start training : long_term_forecast_kdd_femprocess_720_TimeMKG_DYG_LLM_ftM_sl96_ll48_pl720_dm64_nh8_el2_dl1_df512_fc3_ebtimeF_dtTrue_Exp_0>>>>>>>>>>>>>>>>>>>>>>>>>>
✅ 成功加载 Semantic Embeddings: /home/home_new/syc/code/Timeserise_Library/qwen_emb_2048/embeddings_sub1_train.npy
Warning: Embedding length (75516) != Data length (79754). Aligning...
  -> Padded 4238 zeros to the end.
train 78939
✅ 成功加载 Semantic Embeddings: /home/home_new/syc/code/Timeserise_Library/qwen_emb_2048/embeddings_sub1_val.npy
Warning: Embedding length (10783) != Data length (11490). Aligning...
  -> Padded 707 zeros to the end.
val 10675
✅ 成功加载 Semantic Embeddings: /home/home_new/syc/code/Timeserise_Library/qwen_emb_2048/embeddings_sub1_test.npy
Warning: Embedding length (21587) != Data length (22883). Aligning...
  -> Padded 1296 zeros to the end.
test 22068
	iters: 100, epoch: 1 | loss: 1.5704054
	speed: 0.2692s/iter; left time: 802.4205s
	iters: 200, epoch: 1 | loss: 1.6192290
	speed: 0.2454s/iter; left time: 706.9499s
	iters: 300, epoch: 1 | loss: 1.5222880
	speed: 0.2502s/iter; left time: 695.8230s
Epoch: 1 cost time: 78.6617648601532
Epoch: 1, Steps: 308 | Train Loss: 1.5835587 Vali Loss: 1.4581554 Test Loss: 1.6829484
Validation loss decreased (inf --> 1.458155).  Saving model ...
Updating learning rate to 0.0001
	iters: 100, epoch: 2 | loss: 1.4751116
	speed: 3.0900s/iter; left time: 8259.6614s
	iters: 200, epoch: 2 | loss: 1.4098076
	speed: 0.2377s/iter; left time: 611.5225s
	iters: 300, epoch: 2 | loss: 1.3389231
	speed: 0.2403s/iter; left time: 594.1594s
Epoch: 2 cost time: 74.07359266281128
Epoch: 2, Steps: 308 | Train Loss: 1.4021117 Vali Loss: 1.3022707 Test Loss: 1.5700328
Validation loss decreased (1.458155 --> 1.302271).  Saving model ...
Updating learning rate to 5e-05
	iters: 100, epoch: 3 | loss: 1.3997357
	speed: 3.2797s/iter; left time: 7756.5617s
	iters: 200, epoch: 3 | loss: 1.3177761
	speed: 0.2454s/iter; left time: 555.9398s
	iters: 300, epoch: 3 | loss: 1.2980148
	speed: 0.2617s/iter; left time: 566.6706s
Epoch: 3 cost time: 77.78212976455688
Epoch: 3, Steps: 308 | Train Loss: 1.3092318 Vali Loss: 1.2380894 Test Loss: 1.5066727
Validation loss decreased (1.302271 --> 1.238089).  Saving model ...
Updating learning rate to 2.5e-05
	iters: 100, epoch: 4 | loss: 1.2367047
	speed: 3.5966s/iter; left time: 7398.2661s
	iters: 200, epoch: 4 | loss: 1.2290900
	speed: 0.2575s/iter; left time: 503.9001s
	iters: 300, epoch: 4 | loss: 1.3135499
	speed: 0.2628s/iter; left time: 487.9796s
Epoch: 4 cost time: 79.85957622528076
Epoch: 4, Steps: 308 | Train Loss: 1.2709445 Vali Loss: 1.2149262 Test Loss: 1.4904153
Validation loss decreased (1.238089 --> 1.214926).  Saving model ...
Updating learning rate to 1.25e-05
	iters: 100, epoch: 5 | loss: 1.2676169
	speed: 3.7718s/iter; left time: 6596.7960s
	iters: 200, epoch: 5 | loss: 1.2430180
	speed: 0.2451s/iter; left time: 404.1183s
	iters: 300, epoch: 5 | loss: 1.2783406
	speed: 0.2527s/iter; left time: 391.4909s
Epoch: 5 cost time: 76.95868444442749
Epoch: 5, Steps: 308 | Train Loss: 1.2535916 Vali Loss: 1.2032999 Test Loss: 1.4809264
Validation loss decreased (1.214926 --> 1.203300).  Saving model ...
Updating learning rate to 6.25e-06
	iters: 100, epoch: 6 | loss: 1.2318710
	speed: 3.5039s/iter; left time: 5049.0869s
	iters: 200, epoch: 6 | loss: 1.2912462
	speed: 0.2395s/iter; left time: 321.2262s
	iters: 300, epoch: 6 | loss: 1.2018650
	speed: 0.2383s/iter; left time: 295.7615s
Epoch: 6 cost time: 74.63580203056335
Epoch: 6, Steps: 308 | Train Loss: 1.2460220 Vali Loss: 1.1970922 Test Loss: 1.4770513
Validation loss decreased (1.203300 --> 1.197092).  Saving model ...
Updating learning rate to 3.125e-06
	iters: 100, epoch: 7 | loss: 1.2891495
	speed: 4.0311s/iter; left time: 4567.2290s
	iters: 200, epoch: 7 | loss: 1.2629726
	speed: 0.2415s/iter; left time: 249.5196s
	iters: 300, epoch: 7 | loss: 1.1692234
	speed: 0.2473s/iter; left time: 230.6855s
Epoch: 7 cost time: 76.01933550834656
Epoch: 7, Steps: 308 | Train Loss: 1.2425791 Vali Loss: 1.1957898 Test Loss: 1.4765211
Validation loss decreased (1.197092 --> 1.195790).  Saving model ...
Updating learning rate to 1.5625e-06
	iters: 100, epoch: 8 | loss: 1.2960458
	speed: 3.9083s/iter; left time: 3224.3167s
	iters: 200, epoch: 8 | loss: 1.2292581
	speed: 0.2429s/iter; left time: 176.1048s
	iters: 300, epoch: 8 | loss: 1.2448424
	speed: 0.2455s/iter; left time: 153.4654s
Epoch: 8 cost time: 76.47352123260498
Epoch: 8, Steps: 308 | Train Loss: 1.2407775 Vali Loss: 1.1935275 Test Loss: 1.4760418
Validation loss decreased (1.195790 --> 1.193527).  Saving model ...
Updating learning rate to 7.8125e-07
	iters: 100, epoch: 9 | loss: 1.2191412
	speed: 3.2828s/iter; left time: 1697.2300s
	iters: 200, epoch: 9 | loss: 1.2435588
	speed: 0.2407s/iter; left time: 100.3859s
	iters: 300, epoch: 9 | loss: 1.2531368
	speed: 0.2432s/iter; left time: 77.0843s
Epoch: 9 cost time: 75.30568742752075
Epoch: 9, Steps: 308 | Train Loss: 1.2400929 Vali Loss: 1.1920207 Test Loss: 1.4754065
Validation loss decreased (1.193527 --> 1.192021).  Saving model ...
Updating learning rate to 3.90625e-07
	iters: 100, epoch: 10 | loss: 1.2773442
	speed: 4.0789s/iter; left time: 852.4968s
	iters: 200, epoch: 10 | loss: 1.2787875
	speed: 0.2527s/iter; left time: 27.5497s
	iters: 300, epoch: 10 | loss: 1.2782427
	speed: 0.2611s/iter; left time: 2.3496s
Epoch: 10 cost time: 79.80285286903381
Epoch: 10, Steps: 308 | Train Loss: 1.2387925 Vali Loss: 1.1933399 Test Loss: 1.4752921
EarlyStopping counter: 1 out of 3
Updating learning rate to 1.953125e-07
>>>>>>>testing : long_term_forecast_kdd_femprocess_720_TimeMKG_DYG_LLM_ftM_sl96_ll48_pl720_dm64_nh8_el2_dl1_df512_fc3_ebtimeF_dtTrue_Exp_0<<<<<<<<<<<<<<<<<<<<<<<<<<<<<<<<<
✅ 成功加载 Semantic Embeddings: /home/home_new/syc/code/Timeserise_Library/qwen_emb_2048/embeddings_sub1_test.npy
Warning: Embedding length (21587) != Data length (22883). Aligning...
  -> Padded 1296 zeros to the end.
test 22068
test shape: (22068, 1, 720, 5) (22068, 1, 720, 5)
test shape: (22068, 720, 5) (22068, 720, 5)
mae:0.7938, mse:1.4754
(22068, 720, 5)
(22068, 720, 5)
