True
2.3.0
True
Args in experiment:
Namespace(activation='gelu', anomaly_ratio=0.25, batch_size=256, c_out=5, channel_independent=1, checkpoints='./checkpoints/', d_ff=512, d_layers=1, d_model=1024, data='DYG_LLM', data_path='DYG_data_3_sub2.csv', dec_in=5, des='Exp', device_ids=[2, 3, 4, 7], devices='2,3,4,7', direction=[1, 1, 2, 0, 2], distil=True, dropout=0.1, e_layers=2, embed='timeF', enc_in=5, enc_out=5, factor=3, features='M', freq='h', gpu=2, inverse=False, is_training=1, itr=1, label_len=48, learning_rate=0.0001, loss='MSE', lradj='type1', mask_rate=0.25, model='TimeMKG', model_id='kdd_sub2_192', moe_logits_init='{\n    "0": {0: 3.0, 1: 2.0, 2: 5.0},\n    "1": {0: 5.0, 1: 3.0, 2: 1.0},\n    "2": {0: 2.0, 1: 5.0, 2: 3.0}, \n    "3": {0: -5.0, 1: 3.0, 2: 5.0},\n    "4": {0: 5.0, 1: 4.0, 2: -5.0}\n}', moving_avg=25, n_heads=8, num_kernels=6, num_workers=10, output_attention=False, p_hidden_dims=[128, 128], p_hidden_layers=2, patience=3, pred_len=192, root_path='./data/DYG/KDD', seasonal_patterns='Monthly', seg_len=12, seq_len=96, target='zs', task_name='long_term_forecast', temp=1.0, top_k=5, train_epochs=10, use_amp=True, use_gpu=True, use_multi_gpu=True)
Use GPU: cuda:2
>>>>>>>start training : long_term_forecast_kdd_sub2_192_TimeMKG_DYG_LLM_ftM_sl96_ll48_pl192_dm1024_nh8_el2_dl1_df512_fc3_ebtimeF_dtTrue_Exp_0>>>>>>>>>>>>>>>>>>>>>>>>>>
✅ 成功加载 Semantic Embeddings: /home/home_new/syc/code/Timeserise_Library/qwen_emb_2048/embeddings_sub2_train.npy
Warning: Embedding length (75516) != Data length (75635). Aligning...
  -> Padded 119 zeros to the end.
train 75348
✅ 成功加载 Semantic Embeddings: /home/home_new/syc/code/Timeserise_Library/qwen_emb_2048/embeddings_sub2_val.npy
Warning: Embedding length (10783) != Data length (10902). Aligning...
  -> Padded 119 zeros to the end.
val 10615
✅ 成功加载 Semantic Embeddings: /home/home_new/syc/code/Timeserise_Library/qwen_emb_2048/embeddings_sub2_test.npy
Warning: Embedding length (21587) != Data length (21706). Aligning...
  -> Padded 119 zeros to the end.
test 21419
	iters: 100, epoch: 1 | loss: 0.6655394
	speed: 0.3503s/iter; left time: 995.3341s
	iters: 200, epoch: 1 | loss: 0.6414958
	speed: 0.2971s/iter; left time: 814.4709s
Epoch: 1 cost time: 92.38512253761292
Epoch: 1, Steps: 294 | Train Loss: 0.6756871 Vali Loss: 0.5804239 Test Loss: 5.8427467
Validation loss decreased (inf --> 0.580424).  Saving model ...
Updating learning rate to 0.0001
	iters: 100, epoch: 2 | loss: 0.4991362
	speed: 4.3774s/iter; left time: 11149.3134s
	iters: 200, epoch: 2 | loss: 0.5507913
	speed: 0.2715s/iter; left time: 664.2762s
Epoch: 2 cost time: 81.12322306632996
Epoch: 2, Steps: 294 | Train Loss: 0.5767593 Vali Loss: 0.5641519 Test Loss: 5.7844400
Validation loss decreased (0.580424 --> 0.564152).  Saving model ...
Updating learning rate to 5e-05
	iters: 100, epoch: 3 | loss: 0.6584820
	speed: 4.7461s/iter; left time: 10693.0088s
	iters: 200, epoch: 3 | loss: 0.7786075
	speed: 0.2691s/iter; left time: 579.4122s
Epoch: 3 cost time: 80.98753571510315
Epoch: 3, Steps: 294 | Train Loss: 0.5466478 Vali Loss: 0.5766081 Test Loss: 5.8094273
EarlyStopping counter: 1 out of 3
Updating learning rate to 2.5e-05
	iters: 100, epoch: 4 | loss: 0.4407244
	speed: 5.0040s/iter; left time: 9802.7439s
	iters: 200, epoch: 4 | loss: 0.4956723
	speed: 0.2767s/iter; left time: 514.4765s
Epoch: 4 cost time: 85.32472658157349
Epoch: 4, Steps: 294 | Train Loss: 0.5309249 Vali Loss: 0.5561332 Test Loss: 5.8303776
Validation loss decreased (0.564152 --> 0.556133).  Saving model ...
Updating learning rate to 1.25e-05
	iters: 100, epoch: 5 | loss: 0.4421012
	speed: 5.7783s/iter; left time: 9620.8196s
	iters: 200, epoch: 5 | loss: 0.4958691
	speed: 0.2899s/iter; left time: 453.6962s
Epoch: 5 cost time: 82.9958918094635
Epoch: 5, Steps: 294 | Train Loss: 0.5227674 Vali Loss: 0.5586343 Test Loss: 5.8582711
EarlyStopping counter: 1 out of 3
Updating learning rate to 6.25e-06
	iters: 100, epoch: 6 | loss: 0.5884632
	speed: 4.6296s/iter; left time: 6347.2152s
	iters: 200, epoch: 6 | loss: 0.5267977
	speed: 0.2422s/iter; left time: 307.8590s
Epoch: 6 cost time: 71.31799125671387
Epoch: 6, Steps: 294 | Train Loss: 0.5185723 Vali Loss: 0.5596725 Test Loss: 5.8893666
EarlyStopping counter: 2 out of 3
Updating learning rate to 3.125e-06
	iters: 100, epoch: 7 | loss: 0.4622763
	speed: 4.0482s/iter; left time: 4359.9326s
	iters: 200, epoch: 7 | loss: 0.5584503
	speed: 0.2496s/iter; left time: 243.8826s
Epoch: 7 cost time: 73.67069554328918
Epoch: 7, Steps: 294 | Train Loss: 0.5158947 Vali Loss: 0.5555999 Test Loss: 5.8557534
Validation loss decreased (0.556133 --> 0.555600).  Saving model ...
Updating learning rate to 1.5625e-06
	iters: 100, epoch: 8 | loss: 0.5067794
	speed: 4.1715s/iter; left time: 3266.3092s
	iters: 200, epoch: 8 | loss: 0.4853475
	speed: 0.2345s/iter; left time: 160.1565s
Epoch: 8 cost time: 70.75442290306091
Epoch: 8, Steps: 294 | Train Loss: 0.5146982 Vali Loss: 0.5559554 Test Loss: 5.8707018
EarlyStopping counter: 1 out of 3
Updating learning rate to 7.8125e-07
	iters: 100, epoch: 9 | loss: 0.5373475
	speed: 5.2151s/iter; left time: 2550.1951s
	iters: 200, epoch: 9 | loss: 0.4906000
	speed: 0.3002s/iter; left time: 116.7659s
Epoch: 9 cost time: 89.24759650230408
Epoch: 9, Steps: 294 | Train Loss: 0.5137509 Vali Loss: 0.5538934 Test Loss: 5.8633847
Validation loss decreased (0.555600 --> 0.553893).  Saving model ...
Updating learning rate to 3.90625e-07
	iters: 100, epoch: 10 | loss: 0.4897017
	speed: 5.6626s/iter; left time: 1104.2092s
	iters: 200, epoch: 10 | loss: 0.5641855
	speed: 0.3175s/iter; left time: 30.1618s
Epoch: 10 cost time: 94.0312488079071
Epoch: 10, Steps: 294 | Train Loss: 0.5141702 Vali Loss: 0.5539164 Test Loss: 5.8692212
EarlyStopping counter: 1 out of 3
Updating learning rate to 1.953125e-07
>>>>>>>testing : long_term_forecast_kdd_sub2_192_TimeMKG_DYG_LLM_ftM_sl96_ll48_pl192_dm1024_nh8_el2_dl1_df512_fc3_ebtimeF_dtTrue_Exp_0<<<<<<<<<<<<<<<<<<<<<<<<<<<<<<<<<
✅ 成功加载 Semantic Embeddings: /home/home_new/syc/code/Timeserise_Library/qwen_emb_2048/embeddings_sub2_test.npy
Warning: Embedding length (21587) != Data length (21706). Aligning...
  -> Padded 119 zeros to the end.
test 21419
test shape: (21419, 1, 192, 5) (21419, 1, 192, 5)
test shape: (21419, 192, 5) (21419, 192, 5)
mae:0.6304, mse:5.8634
(21419, 192, 5)
(21419, 192, 5)
