True
2.3.0
True
Args in experiment:
Namespace(activation='gelu', anomaly_ratio=0.25, batch_size=256, c_out=5, channel_independent=1, checkpoints='./checkpoints/', d_ff=512, d_layers=1, d_model=1024, data='DYG_LLM', data_path='DYG_data_3_sub3.csv', dec_in=5, des='Exp', device_ids=[2, 3, 4, 7], devices='2,3,4,7', direction=[0, 0, 0, 1, 1], distil=True, dropout=0.1, e_layers=2, embed='timeF', enc_in=5, enc_out=5, factor=3, features='M', freq='h', gpu=2, inverse=False, is_training=1, itr=1, label_len=48, learning_rate=0.0001, loss='MSE', lradj='type1', mask_rate=0.25, model='TimeMKG', model_id='kdd_sub3_336', moe_logits_init='{\n    "0": {0: 3.0, 1: 5.0, 2: -5.0},\n    "1": {0: 5.0, 1: 1.0, 2: 1.0},  \n    "2": {0: 2.0, 1: 1.0, 2: 5.0},\n    "3": {0: -5.0, 1: 2.0, 2: 5.0},\n    "4": {0: -5.0, 1: 5.0, 2: 2.0}\n}', moving_avg=25, n_heads=8, num_kernels=6, num_workers=10, output_attention=False, p_hidden_dims=[128, 128], p_hidden_layers=2, patience=3, pred_len=336, root_path='./data/DYG/KDD', seasonal_patterns='Monthly', seg_len=12, seq_len=96, target='zs', task_name='long_term_forecast', temp=1.0, top_k=5, train_epochs=10, use_amp=True, use_gpu=True, use_multi_gpu=True)
Use GPU: cuda:2
>>>>>>>start training : long_term_forecast_kdd_sub3_336_TimeMKG_DYG_LLM_ftM_sl96_ll48_pl336_dm1024_nh8_el2_dl1_df512_fc3_ebtimeF_dtTrue_Exp_0>>>>>>>>>>>>>>>>>>>>>>>>>>
✅ 成功加载 Semantic Embeddings: /home/home_new/syc/code/Timeserise_Library/qwen_emb_2048/embeddings_sub3_train.npy
Warning: Embedding length (75516) != Data length (75635). Aligning...
  -> Padded 119 zeros to the end.
train 75204
✅ 成功加载 Semantic Embeddings: /home/home_new/syc/code/Timeserise_Library/qwen_emb_2048/embeddings_sub3_val.npy
Warning: Embedding length (10783) != Data length (10902). Aligning...
  -> Padded 119 zeros to the end.
val 10471
✅ 成功加载 Semantic Embeddings: /home/home_new/syc/code/Timeserise_Library/qwen_emb_2048/embeddings_sub3_test.npy
Warning: Embedding length (21587) != Data length (21706). Aligning...
  -> Padded 119 zeros to the end.
test 21275
	iters: 100, epoch: 1 | loss: 0.9406475
	speed: 0.2950s/iter; left time: 835.0086s
	iters: 200, epoch: 1 | loss: 0.6860506
	speed: 0.2533s/iter; left time: 691.6968s
Epoch: 1 cost time: 78.4754707813263
Epoch: 1, Steps: 293 | Train Loss: 0.8169860 Vali Loss: 0.5120023 Test Loss: 6.9284549
Validation loss decreased (inf --> 0.512002).  Saving model ...
Updating learning rate to 0.0001
	iters: 100, epoch: 2 | loss: 0.7950507
	speed: 4.1391s/iter; left time: 10504.9525s
	iters: 200, epoch: 2 | loss: 0.7725431
	speed: 0.2603s/iter; left time: 634.5391s
Epoch: 2 cost time: 77.93371891975403
Epoch: 2, Steps: 293 | Train Loss: 0.7171611 Vali Loss: 0.4935922 Test Loss: 6.8840804
Validation loss decreased (0.512002 --> 0.493592).  Saving model ...
Updating learning rate to 5e-05
	iters: 100, epoch: 3 | loss: 0.6422141
	speed: 4.2045s/iter; left time: 9439.1785s
	iters: 200, epoch: 3 | loss: 0.5309089
	speed: 0.2823s/iter; left time: 605.5331s
Epoch: 3 cost time: 82.19071173667908
Epoch: 3, Steps: 293 | Train Loss: 0.6808418 Vali Loss: 0.4851709 Test Loss: 6.7359929
Validation loss decreased (0.493592 --> 0.485171).  Saving model ...
Updating learning rate to 2.5e-05
	iters: 100, epoch: 4 | loss: 0.7738119
	speed: 4.2008s/iter; left time: 8199.9645s
	iters: 200, epoch: 4 | loss: 0.8494730
	speed: 0.2588s/iter; left time: 479.2439s
Epoch: 4 cost time: 76.1495931148529
Epoch: 4, Steps: 293 | Train Loss: 0.6644786 Vali Loss: 0.4852907 Test Loss: 6.7662015
EarlyStopping counter: 1 out of 3
Updating learning rate to 1.25e-05
	iters: 100, epoch: 5 | loss: 0.8820323
	speed: 4.4093s/iter; left time: 7314.9495s
	iters: 200, epoch: 5 | loss: 0.7249500
	speed: 0.2624s/iter; left time: 409.0154s
Epoch: 5 cost time: 80.38665103912354
Epoch: 5, Steps: 293 | Train Loss: 0.6561510 Vali Loss: 0.4818660 Test Loss: 6.7647200
Validation loss decreased (0.485171 --> 0.481866).  Saving model ...
Updating learning rate to 6.25e-06
	iters: 100, epoch: 6 | loss: 0.4558582
	speed: 4.1061s/iter; left time: 5608.9271s
	iters: 200, epoch: 6 | loss: 0.6132424
	speed: 0.2571s/iter; left time: 325.5296s
Epoch: 6 cost time: 78.2147958278656
Epoch: 6, Steps: 293 | Train Loss: 0.6535499 Vali Loss: 0.4831701 Test Loss: 6.7363024
EarlyStopping counter: 1 out of 3
Updating learning rate to 3.125e-06
	iters: 100, epoch: 7 | loss: 0.6702734
	speed: 4.2229s/iter; left time: 4531.1691s
	iters: 200, epoch: 7 | loss: 0.6119552
	speed: 0.2721s/iter; left time: 264.7823s
Epoch: 7 cost time: 81.4597635269165
Epoch: 7, Steps: 293 | Train Loss: 0.6516507 Vali Loss: 0.4817987 Test Loss: 6.7490664
Validation loss decreased (0.481866 --> 0.481799).  Saving model ...
Updating learning rate to 1.5625e-06
	iters: 100, epoch: 8 | loss: 0.7211658
	speed: 4.1828s/iter; left time: 3262.5822s
	iters: 200, epoch: 8 | loss: 0.7242866
	speed: 0.2753s/iter; left time: 187.1705s
Epoch: 8 cost time: 82.75232553482056
Epoch: 8, Steps: 293 | Train Loss: 0.6502771 Vali Loss: 0.4827098 Test Loss: 6.7538881
EarlyStopping counter: 1 out of 3
Updating learning rate to 7.8125e-07
	iters: 100, epoch: 9 | loss: 0.9519227
	speed: 4.1360s/iter; left time: 2014.2433s
	iters: 200, epoch: 9 | loss: 0.6827399
	speed: 0.2816s/iter; left time: 108.9667s
Epoch: 9 cost time: 82.71993374824524
Epoch: 9, Steps: 293 | Train Loss: 0.6494440 Vali Loss: 0.4821429 Test Loss: 6.7476726
EarlyStopping counter: 2 out of 3
Updating learning rate to 3.90625e-07
	iters: 100, epoch: 10 | loss: 0.7630600
	speed: 4.6616s/iter; left time: 904.3560s
	iters: 200, epoch: 10 | loss: 0.5495764
	speed: 0.2716s/iter; left time: 25.5351s
Epoch: 10 cost time: 81.33355784416199
Epoch: 10, Steps: 293 | Train Loss: 0.6489657 Vali Loss: 0.4821833 Test Loss: 6.7523599
EarlyStopping counter: 3 out of 3
Early stopping
Updating learning rate to 1.953125e-07
>>>>>>>testing : long_term_forecast_kdd_sub3_336_TimeMKG_DYG_LLM_ftM_sl96_ll48_pl336_dm1024_nh8_el2_dl1_df512_fc3_ebtimeF_dtTrue_Exp_0<<<<<<<<<<<<<<<<<<<<<<<<<<<<<<<<<
✅ 成功加载 Semantic Embeddings: /home/home_new/syc/code/Timeserise_Library/qwen_emb_2048/embeddings_sub3_test.npy
Warning: Embedding length (21587) != Data length (21706). Aligning...
  -> Padded 119 zeros to the end.
test 21275
test shape: (21275, 1, 336, 5) (21275, 1, 336, 5)
test shape: (21275, 336, 5) (21275, 336, 5)
mae:0.6099, mse:6.7491
(21275, 336, 5)
(21275, 336, 5)
