True
2.3.0
True
Args in experiment:
Namespace(activation='gelu', anomaly_ratio=0.25, batch_size=256, c_out=5, channel_independent=1, checkpoints='./checkpoints/', d_ff=512, d_layers=1, d_model=1024, data='DYG_LLM', data_path='DYG_data_3_sub3.csv', dec_in=5, des='Exp', device_ids=[2, 3, 4, 7], devices='2,3,4,7', direction=[0, 0, 0, 1, 1], distil=True, dropout=0.1, e_layers=2, embed='timeF', enc_in=5, enc_out=5, factor=3, features='M', freq='h', gpu=2, inverse=False, is_training=1, itr=1, label_len=48, learning_rate=0.0001, loss='MSE', lradj='type1', mask_rate=0.25, model='TimeMKG', model_id='kdd_sub3_192', moe_logits_init='{\n    "0": {0: 3.0, 1: 5.0, 2: -5.0},\n    "1": {0: 5.0, 1: 1.0, 2: 1.0},  \n    "2": {0: 2.0, 1: 1.0, 2: 5.0},\n    "3": {0: -5.0, 1: 2.0, 2: 5.0},\n    "4": {0: -5.0, 1: 5.0, 2: 2.0}\n}', moving_avg=25, n_heads=8, num_kernels=6, num_workers=10, output_attention=False, p_hidden_dims=[128, 128], p_hidden_layers=2, patience=3, pred_len=192, root_path='./data/DYG/KDD', seasonal_patterns='Monthly', seg_len=12, seq_len=96, target='zs', task_name='long_term_forecast', temp=1.0, top_k=5, train_epochs=10, use_amp=True, use_gpu=True, use_multi_gpu=True)
Use GPU: cuda:2
>>>>>>>start training : long_term_forecast_kdd_sub3_192_TimeMKG_DYG_LLM_ftM_sl96_ll48_pl192_dm1024_nh8_el2_dl1_df512_fc3_ebtimeF_dtTrue_Exp_0>>>>>>>>>>>>>>>>>>>>>>>>>>
✅ 成功加载 Semantic Embeddings: /home/home_new/syc/code/Timeserise_Library/qwen_emb_2048/embeddings_sub3_train.npy
Warning: Embedding length (75516) != Data length (75635). Aligning...
  -> Padded 119 zeros to the end.
train 75348
✅ 成功加载 Semantic Embeddings: /home/home_new/syc/code/Timeserise_Library/qwen_emb_2048/embeddings_sub3_val.npy
Warning: Embedding length (10783) != Data length (10902). Aligning...
  -> Padded 119 zeros to the end.
val 10615
✅ 成功加载 Semantic Embeddings: /home/home_new/syc/code/Timeserise_Library/qwen_emb_2048/embeddings_sub3_test.npy
Warning: Embedding length (21587) != Data length (21706). Aligning...
  -> Padded 119 zeros to the end.
test 21419
	iters: 100, epoch: 1 | loss: 0.7486949
	speed: 0.3584s/iter; left time: 1018.1833s
	iters: 200, epoch: 1 | loss: 0.6919069
	speed: 0.2976s/iter; left time: 815.6531s
Epoch: 1 cost time: 93.64036512374878
Epoch: 1, Steps: 294 | Train Loss: 0.7699651 Vali Loss: 0.4537036 Test Loss: 6.2586145
Validation loss decreased (inf --> 0.453704).  Saving model ...
Updating learning rate to 0.0001
	iters: 100, epoch: 2 | loss: 0.9104146
	speed: 5.2065s/iter; left time: 13261.0682s
	iters: 200, epoch: 2 | loss: 0.4888526
	speed: 0.2901s/iter; left time: 709.9904s
Epoch: 2 cost time: 86.93627667427063
Epoch: 2, Steps: 294 | Train Loss: 0.6575989 Vali Loss: 0.4607089 Test Loss: 6.2286091
EarlyStopping counter: 1 out of 3
Updating learning rate to 5e-05
	iters: 100, epoch: 3 | loss: 0.7576558
	speed: 5.1403s/iter; left time: 11581.1415s
	iters: 200, epoch: 3 | loss: 0.6312259
	speed: 0.3028s/iter; left time: 651.8502s
Epoch: 3 cost time: 89.74485445022583
Epoch: 3, Steps: 294 | Train Loss: 0.6153469 Vali Loss: 0.4422503 Test Loss: 6.0826778
Validation loss decreased (0.453704 --> 0.442250).  Saving model ...
Updating learning rate to 2.5e-05
	iters: 100, epoch: 4 | loss: 0.3671244
	speed: 5.1223s/iter; left time: 10034.6694s
	iters: 200, epoch: 4 | loss: 0.5779264
	speed: 0.3124s/iter; left time: 580.7292s
Epoch: 4 cost time: 92.93764638900757
Epoch: 4, Steps: 294 | Train Loss: 0.5953712 Vali Loss: 0.4314575 Test Loss: 6.0970373
Validation loss decreased (0.442250 --> 0.431458).  Saving model ...
Updating learning rate to 1.25e-05
	iters: 100, epoch: 5 | loss: 0.6530867
	speed: 5.1080s/iter; left time: 8504.8992s
	iters: 200, epoch: 5 | loss: 0.4455643
	speed: 0.2873s/iter; left time: 449.5774s
Epoch: 5 cost time: 85.56856727600098
Epoch: 5, Steps: 294 | Train Loss: 0.5871940 Vali Loss: 0.4286905 Test Loss: 6.1122403
Validation loss decreased (0.431458 --> 0.428691).  Saving model ...
Updating learning rate to 6.25e-06
	iters: 100, epoch: 6 | loss: 0.5502466
	speed: 5.0505s/iter; left time: 6924.2293s
	iters: 200, epoch: 6 | loss: 0.4927575
	speed: 0.2711s/iter; left time: 344.5812s
Epoch: 6 cost time: 81.60980987548828
Epoch: 6, Steps: 294 | Train Loss: 0.5825472 Vali Loss: 0.4273392 Test Loss: 6.1303697
Validation loss decreased (0.428691 --> 0.427339).  Saving model ...
Updating learning rate to 3.125e-06
	iters: 100, epoch: 7 | loss: 0.4899644
	speed: 5.0640s/iter; left time: 5453.9673s
	iters: 200, epoch: 7 | loss: 0.6460882
	speed: 0.2919s/iter; left time: 285.1643s
Epoch: 7 cost time: 85.88783168792725
Epoch: 7, Steps: 294 | Train Loss: 0.5809501 Vali Loss: 0.4259888 Test Loss: 6.1412306
Validation loss decreased (0.427339 --> 0.425989).  Saving model ...
Updating learning rate to 1.5625e-06
	iters: 100, epoch: 8 | loss: 0.7384225
	speed: 4.9619s/iter; left time: 3885.1740s
	iters: 200, epoch: 8 | loss: 0.3619477
	speed: 0.2931s/iter; left time: 200.2099s
Epoch: 8 cost time: 85.87058925628662
Epoch: 8, Steps: 294 | Train Loss: 0.5794881 Vali Loss: 0.4250181 Test Loss: 6.1449933
Validation loss decreased (0.425989 --> 0.425018).  Saving model ...
Updating learning rate to 7.8125e-07
	iters: 100, epoch: 9 | loss: 0.5570195
	speed: 4.3624s/iter; left time: 2133.1907s
	iters: 200, epoch: 9 | loss: 0.5636356
	speed: 0.2680s/iter; left time: 104.2705s
Epoch: 9 cost time: 81.51597332954407
Epoch: 9, Steps: 294 | Train Loss: 0.5785494 Vali Loss: 0.4253598 Test Loss: 6.1378288
EarlyStopping counter: 1 out of 3
Updating learning rate to 3.90625e-07
	iters: 100, epoch: 10 | loss: 0.5824430
	speed: 4.1806s/iter; left time: 815.2091s
	iters: 200, epoch: 10 | loss: 0.6281094
	speed: 0.2718s/iter; left time: 25.8203s
Epoch: 10 cost time: 78.69469094276428
Epoch: 10, Steps: 294 | Train Loss: 0.5789567 Vali Loss: 0.4248407 Test Loss: 6.1410050
Validation loss decreased (0.425018 --> 0.424841).  Saving model ...
Updating learning rate to 1.953125e-07
>>>>>>>testing : long_term_forecast_kdd_sub3_192_TimeMKG_DYG_LLM_ftM_sl96_ll48_pl192_dm1024_nh8_el2_dl1_df512_fc3_ebtimeF_dtTrue_Exp_0<<<<<<<<<<<<<<<<<<<<<<<<<<<<<<<<<
✅ 成功加载 Semantic Embeddings: /home/home_new/syc/code/Timeserise_Library/qwen_emb_2048/embeddings_sub3_test.npy
Warning: Embedding length (21587) != Data length (21706). Aligning...
  -> Padded 119 zeros to the end.
test 21419
test shape: (21419, 1, 192, 5) (21419, 1, 192, 5)
test shape: (21419, 192, 5) (21419, 192, 5)
mae:0.5719, mse:6.1410
(21419, 192, 5)
(21419, 192, 5)
