True
2.3.0
True
Args in experiment:
Namespace(activation='gelu', anomaly_ratio=0.25, batch_size=256, c_out=5, channel_independent=1, checkpoints='./checkpoints/', d_ff=512, d_layers=1, d_model=256, data='DYG_base', data_path='EDA_offair.csv', dec_in=5, des='Exp', device_ids=[1, 3, 4, 5], devices='1,3,4,5', direction=[1, 1, 2, 0, 0], distil=True, dropout=0.1, e_layers=2, embed='timeF', enc_in=5, enc_out=5, factor=3, features='M', freq='h', gpu=1, inverse=False, is_training=1, itr=1, label_len=48, learning_rate=0.0001, loss='MSE', lradj='type1', mask_rate=0.25, model='TimesNet', model_id='kdd_offair_96', moe_logits_init='{\n    "0": {0: 5.0, 1: 1.0, 2: -5.0},  \n    "1": {0: 1.0, 1: 5.0, 2: -5.0},  \n    "2": {0: -5.0, 1: 1.0, 2: 5.0},  \n    "3": {0: -5.0, 1: 4.0, 2: 5.0},  \n    "4": {0: -5.0, 1: 4.0, 2: 5.0}\n}', moving_avg=25, n_heads=8, num_kernels=6, num_workers=10, output_attention=False, p_hidden_dims=[128, 128], p_hidden_layers=2, patience=3, pred_len=96, root_path='./data/public', seasonal_patterns='Monthly', seg_len=12, seq_len=96, target='zs', task_name='long_term_forecast', temp=1.0, top_k=5, train_epochs=10, use_amp=False, use_gpu=True, use_multi_gpu=True)
Use GPU: cuda:1
>>>>>>>start training : long_term_forecast_kdd_offair_96_TimesNet_DYG_base_ftM_sl96_ll48_pl96_dm256_nh8_el2_dl1_df512_fc3_ebtimeF_dtTrue_Exp_0>>>>>>>>>>>>>>>>>>>>>>>>>>
DYG_base
原始数据形状: (113935, 6)
Index(['pH', 'CO2', 'OUR', 'O2', 'CER'], dtype='object')
train 79563
DYG_base
原始数据形状: (113935, 6)
Index(['pH', 'CO2', 'OUR', 'O2', 'CER'], dtype='object')
val 11299
DYG_base
原始数据形状: (113935, 6)
Index(['pH', 'CO2', 'OUR', 'O2', 'CER'], dtype='object')
test 22692
	iters: 100, epoch: 1 | loss: 0.4884129
	speed: 3.8594s/iter; left time: 11582.0953s
	iters: 200, epoch: 1 | loss: 0.3693890
	speed: 6.9896s/iter; left time: 20276.7226s
	iters: 300, epoch: 1 | loss: 0.3927013
	speed: 7.6203s/iter; left time: 21344.5075s
Epoch: 1 cost time: 1923.917447090149
Epoch: 1, Steps: 310 | Train Loss: 0.4559516 Vali Loss: 0.4427775 Test Loss: 1.1855292
Validation loss decreased (inf --> 0.442778).  Saving model ...
Updating learning rate to 0.0001
	iters: 100, epoch: 2 | loss: 0.3556236
	speed: 22.3242s/iter; left time: 60074.3949s
	iters: 200, epoch: 2 | loss: 0.3449005
	speed: 7.5346s/iter; left time: 19522.1231s
	iters: 300, epoch: 2 | loss: 0.2629455
	speed: 7.7441s/iter; left time: 19290.6665s
Epoch: 2 cost time: 2343.390877723694
Epoch: 2, Steps: 310 | Train Loss: 0.3221022 Vali Loss: 0.4286083 Test Loss: 1.0461335
Validation loss decreased (0.442778 --> 0.428608).  Saving model ...
Updating learning rate to 5e-05
	iters: 100, epoch: 3 | loss: 0.2872165
	speed: 23.1065s/iter; left time: 55016.6054s
	iters: 200, epoch: 3 | loss: 0.2270431
	speed: 9.0270s/iter; left time: 20590.5488s
	iters: 300, epoch: 3 | loss: 0.2229650
	speed: 9.4646s/iter; left time: 20642.3583s
Epoch: 3 cost time: 2712.069251537323
Epoch: 3, Steps: 310 | Train Loss: 0.2537575 Vali Loss: 0.4193643 Test Loss: 1.1932437
Validation loss decreased (0.428608 --> 0.419364).  Saving model ...
Updating learning rate to 2.5e-05
	iters: 100, epoch: 4 | loss: 0.1669327
	speed: 25.9245s/iter; left time: 53689.6622s
	iters: 200, epoch: 4 | loss: 0.2291248
	speed: 8.5634s/iter; left time: 16878.5369s
	iters: 300, epoch: 4 | loss: 0.1589336
	speed: 8.8891s/iter; left time: 16631.5141s
Epoch: 4 cost time: 2668.9966287612915
Epoch: 4, Steps: 310 | Train Loss: 0.2261634 Vali Loss: 0.3891994 Test Loss: 1.2511780
Validation loss decreased (0.419364 --> 0.389199).  Saving model ...
Updating learning rate to 1.25e-05
	iters: 100, epoch: 5 | loss: 0.2297608
	speed: 24.1540s/iter; left time: 42535.1105s
	iters: 200, epoch: 5 | loss: 0.1540959
	speed: 8.1962s/iter; left time: 13613.8920s
	iters: 300, epoch: 5 | loss: 0.2383673
	speed: 10.2688s/iter; left time: 16029.5566s
Epoch: 5 cost time: 2700.375479698181
Epoch: 5, Steps: 310 | Train Loss: 0.2145942 Vali Loss: 0.3914813 Test Loss: 1.1689024
EarlyStopping counter: 1 out of 3
Updating learning rate to 6.25e-06
	iters: 100, epoch: 6 | loss: 0.2292842
	speed: 23.5963s/iter; left time: 34238.2656s
	iters: 200, epoch: 6 | loss: 0.2029837
	speed: 8.2834s/iter; left time: 11190.8159s
	iters: 300, epoch: 6 | loss: 0.1272083
	speed: 8.5142s/iter; left time: 10651.2733s
Epoch: 6 cost time: 2560.941550254822
Epoch: 6, Steps: 310 | Train Loss: 0.2086073 Vali Loss: 0.3994420 Test Loss: 1.2488313
EarlyStopping counter: 2 out of 3
Updating learning rate to 3.125e-06
	iters: 100, epoch: 7 | loss: 0.2081905
	speed: 23.1859s/iter; left time: 26455.0598s
	iters: 200, epoch: 7 | loss: 0.1756767
	speed: 7.5250s/iter; left time: 7833.4738s
	iters: 300, epoch: 7 | loss: 0.2406931
	speed: 7.6065s/iter; left time: 7157.7376s
Epoch: 7 cost time: 2352.5050065517426
Epoch: 7, Steps: 310 | Train Loss: 0.2053703 Vali Loss: 0.4013276 Test Loss: 1.2233316
EarlyStopping counter: 3 out of 3
Early stopping
Updating learning rate to 1.5625e-06
	iters: 100, epoch: 8 | loss: 0.1959292
	speed: 22.5158s/iter; left time: 18710.6137s
	iters: 200, epoch: 8 | loss: 0.1727712
	speed: 7.3166s/iter; left time: 5348.4070s
	iters: 300, epoch: 8 | loss: 0.1996230
	speed: 7.4368s/iter; left time: 4692.6275s
Epoch: 8 cost time: 2301.6483948230743
Epoch: 8, Steps: 310 | Train Loss: 0.2031574 Vali Loss: 0.3966941 Test Loss: 1.2198695
EarlyStopping counter: 4 out of 3
Early stopping
Updating learning rate to 7.8125e-07
	iters: 100, epoch: 9 | loss: 0.1707875
	speed: 22.4721s/iter; left time: 11707.9538s
	iters: 200, epoch: 9 | loss: 0.1637460
	speed: 7.3597s/iter; left time: 3098.4436s
	iters: 300, epoch: 9 | loss: 0.1713187
	speed: 7.5973s/iter; left time: 2438.7347s
Epoch: 9 cost time: 2299.181392431259
Epoch: 9, Steps: 310 | Train Loss: 0.2023310 Vali Loss: 0.3977199 Test Loss: 1.2447803
EarlyStopping counter: 5 out of 3
Early stopping
Updating learning rate to 3.90625e-07
	iters: 100, epoch: 10 | loss: 0.1594796
	speed: 22.8609s/iter; left time: 4823.6546s
	iters: 200, epoch: 10 | loss: 0.1518978
	speed: 7.1100s/iter; left time: 789.2055s
	iters: 300, epoch: 10 | loss: 0.1670249
	speed: 7.1991s/iter; left time: 79.1903s
Epoch: 10 cost time: 2227.007843017578
Epoch: 10, Steps: 310 | Train Loss: 0.2018801 Vali Loss: 0.3905938 Test Loss: 1.2430385
EarlyStopping counter: 6 out of 3
Early stopping
Updating learning rate to 1.953125e-07
>>>>>>>testing : long_term_forecast_kdd_offair_96_TimesNet_DYG_base_ftM_sl96_ll48_pl96_dm256_nh8_el2_dl1_df512_fc3_ebtimeF_dtTrue_Exp_0<<<<<<<<<<<<<<<<<<<<<<<<<<<<<<<<<
DYG_base
原始数据形状: (113935, 6)
Index(['pH', 'CO2', 'OUR', 'O2', 'CER'], dtype='object')
test 22692
test shape: (22692, 1, 96, 5) (22692, 1, 96, 5)
test shape: (22692, 96, 5) (22692, 96, 5)
mae:0.3761, mse:1.2512
(22692, 96, 5)
(22692, 96, 5)
