True
2.3.0
True
Args in experiment:
Namespace(activation='gelu', anomaly_ratio=0.25, batch_size=256, c_out=5, channel_independent=1, checkpoints='./checkpoints/', d_ff=256, d_layers=1, d_model=128, data='DYG_base', data_path='EDA_femprocess_v2.csv', dec_in=5, des='Exp', device_ids=[0, 1, 3, 7], devices='0,1,3,7', direction=[1, 1, 2, 0, 2], distil=True, dropout=0.1, e_layers=2, embed='timeF', enc_in=5, enc_out=5, factor=3, features='M', freq='h', gpu=0, inverse=False, is_training=1, itr=1, label_len=48, learning_rate=0.0001, loss='MSE', lradj='type1', mask_rate=0.25, model='TimesNet', model_id='kdd_femprocess_720', moe_logits_init='{\n    "0": {0: 3.0, 1: 2.0, 2: 5.0},\n    "1": {0: 5.0, 1: 3.0, 2: 1.0},\n    "2": {0: 2.0, 1: 5.0, 2: 3.0}, \n    "3": {0: -5.0, 1: 3.0, 2: 5.0},\n    "4": {0: 5.0, 1: 4.0, 2: -5.0}\n}', moving_avg=25, n_heads=8, num_kernels=6, num_workers=10, output_attention=False, p_hidden_dims=[128, 128], p_hidden_layers=2, patience=3, pred_len=720, root_path='./data/public', seasonal_patterns='Monthly', seg_len=12, seq_len=96, target='v2', task_name='long_term_forecast', temp=1.0, top_k=5, train_epochs=10, use_amp=False, use_gpu=True, use_multi_gpu=True)
Use GPU: cuda:0
>>>>>>>start training : long_term_forecast_kdd_femprocess_720_TimesNet_DYG_base_ftM_sl96_ll48_pl720_dm128_nh8_el2_dl1_df256_fc3_ebtimeF_dtTrue_Exp_0>>>>>>>>>>>>>>>>>>>>>>>>>>
DYG_base
原始数据形状: (113935, 6)
Index(['flow_rate', 'heating_cooling_water_flow_rate', 'vessel_weight',
       'vessel_volume', 'generated_heat'],
      dtype='object')
train 78939
DYG_base
原始数据形状: (113935, 6)
Index(['flow_rate', 'heating_cooling_water_flow_rate', 'vessel_weight',
       'vessel_volume', 'generated_heat'],
      dtype='object')
val 10675
DYG_base
原始数据形状: (113935, 6)
Index(['flow_rate', 'heating_cooling_water_flow_rate', 'vessel_weight',
       'vessel_volume', 'generated_heat'],
      dtype='object')
test 22068
	iters: 100, epoch: 1 | loss: 1.2671524
	speed: 2.5549s/iter; left time: 7616.2147s
	iters: 200, epoch: 1 | loss: 1.1413857
	speed: 2.8251s/iter; left time: 8139.1402s
	iters: 300, epoch: 1 | loss: 1.0894686
	speed: 3.2742s/iter; left time: 9105.5228s
Epoch: 1 cost time: 895.355849981308
Epoch: 1, Steps: 308 | Train Loss: 1.2608858 Vali Loss: 1.0483551 Test Loss: 1.5249438
Validation loss decreased (inf --> 1.048355).  Saving model ...
Updating learning rate to 0.0001
	iters: 100, epoch: 2 | loss: 1.0111780
	speed: 11.8071s/iter; left time: 31560.3743s
	iters: 200, epoch: 2 | loss: 0.9548216
	speed: 3.3940s/iter; left time: 8732.7725s
	iters: 300, epoch: 2 | loss: 0.9096952
	speed: 3.4730s/iter; left time: 8588.6211s
Epoch: 2 cost time: 1008.0877332687378
Epoch: 2, Steps: 308 | Train Loss: 1.0083335 Vali Loss: 0.9358389 Test Loss: 1.5712924
Validation loss decreased (1.048355 --> 0.935839).  Saving model ...
Updating learning rate to 5e-05
	iters: 100, epoch: 3 | loss: 0.8748659
	speed: 11.6579s/iter; left time: 27571.0475s
	iters: 200, epoch: 3 | loss: 0.9108368
	speed: 3.2256s/iter; left time: 7305.9542s
	iters: 300, epoch: 3 | loss: 0.8838153
	speed: 3.3643s/iter; left time: 7283.7466s
Epoch: 3 cost time: 971.6501204967499
Epoch: 3, Steps: 308 | Train Loss: 0.9146304 Vali Loss: 0.8581148 Test Loss: 1.5065676
Validation loss decreased (0.935839 --> 0.858115).  Saving model ...
Updating learning rate to 2.5e-05
	iters: 100, epoch: 4 | loss: 0.8578367
	speed: 11.2656s/iter; left time: 23173.3358s
	iters: 200, epoch: 4 | loss: 0.9000241
	speed: 2.8258s/iter; left time: 5530.1537s
	iters: 300, epoch: 4 | loss: 0.8546715
	speed: 2.8821s/iter; left time: 5352.0803s
Epoch: 4 cost time: 845.3149795532227
Epoch: 4, Steps: 308 | Train Loss: 0.8727485 Vali Loss: 0.8423911 Test Loss: 1.5891162
Validation loss decreased (0.858115 --> 0.842391).  Saving model ...
Updating learning rate to 1.25e-05
	iters: 100, epoch: 5 | loss: 0.8922813
	speed: 11.4357s/iter; left time: 20001.0835s
	iters: 200, epoch: 5 | loss: 0.8928676
	speed: 3.1556s/iter; left time: 5203.5393s
	iters: 300, epoch: 5 | loss: 0.8623006
	speed: 3.2599s/iter; left time: 5049.6268s
Epoch: 5 cost time: 946.4744307994843
Epoch: 5, Steps: 308 | Train Loss: 0.8522491 Vali Loss: 0.8239484 Test Loss: 1.5675930
Validation loss decreased (0.842391 --> 0.823948).  Saving model ...
Updating learning rate to 6.25e-06
	iters: 100, epoch: 6 | loss: 0.8741252
	speed: 11.9986s/iter; left time: 17289.9196s
	iters: 200, epoch: 6 | loss: 0.8710595
	speed: 3.7112s/iter; left time: 4976.6870s
	iters: 300, epoch: 6 | loss: 0.8053421
	speed: 3.8188s/iter; left time: 4739.1606s
Epoch: 6 cost time: 1088.4343872070312
Epoch: 6, Steps: 308 | Train Loss: 0.8418221 Vali Loss: 0.8170433 Test Loss: 1.5442275
Validation loss decreased (0.823948 --> 0.817043).  Saving model ...
Updating learning rate to 3.125e-06
	iters: 100, epoch: 7 | loss: 0.8404317
	speed: 11.8069s/iter; left time: 13377.1724s
	iters: 200, epoch: 7 | loss: 0.8297600
	speed: 3.2218s/iter; left time: 3328.1520s
	iters: 300, epoch: 7 | loss: 0.8128126
	speed: 3.2465s/iter; left time: 3028.9838s
Epoch: 7 cost time: 953.92835688591
Epoch: 7, Steps: 308 | Train Loss: 0.8361082 Vali Loss: 0.8164052 Test Loss: 1.5624692
Validation loss decreased (0.817043 --> 0.816405).  Saving model ...
Updating learning rate to 1.5625e-06
	iters: 100, epoch: 8 | loss: 0.8695397
	speed: 11.3575s/iter; left time: 9369.9641s
	iters: 200, epoch: 8 | loss: 0.7986242
	speed: 2.9829s/iter; left time: 2162.6050s
	iters: 300, epoch: 8 | loss: 0.8739144
	speed: 3.1460s/iter; left time: 1966.2578s
Epoch: 8 cost time: 909.0702934265137
Epoch: 8, Steps: 308 | Train Loss: 0.8334914 Vali Loss: 0.8188717 Test Loss: 1.5566746
EarlyStopping counter: 1 out of 3
Updating learning rate to 7.8125e-07
	iters: 100, epoch: 9 | loss: 0.8034612
	speed: 11.3018s/iter; left time: 5843.0373s
	iters: 200, epoch: 9 | loss: 0.8395668
	speed: 3.0514s/iter; left time: 1272.4245s
	iters: 300, epoch: 9 | loss: 0.7634099
	speed: 3.0736s/iter; left time: 974.3240s
Epoch: 9 cost time: 910.1329674720764
Epoch: 9, Steps: 308 | Train Loss: 0.8320406 Vali Loss: 0.8167239 Test Loss: 1.5519994
EarlyStopping counter: 2 out of 3
Updating learning rate to 3.90625e-07
	iters: 100, epoch: 10 | loss: 0.8482814
	speed: 11.3423s/iter; left time: 2370.5489s
	iters: 200, epoch: 10 | loss: 0.8225806
	speed: 3.0262s/iter; left time: 329.8610s
	iters: 300, epoch: 10 | loss: 0.8712218
	speed: 3.0965s/iter; left time: 27.8688s
Epoch: 10 cost time: 907.5111901760101
Epoch: 10, Steps: 308 | Train Loss: 0.8308095 Vali Loss: 0.8146546 Test Loss: 1.5555053
Validation loss decreased (0.816405 --> 0.814655).  Saving model ...
Updating learning rate to 1.953125e-07
>>>>>>>testing : long_term_forecast_kdd_femprocess_720_TimesNet_DYG_base_ftM_sl96_ll48_pl720_dm128_nh8_el2_dl1_df256_fc3_ebtimeF_dtTrue_Exp_0<<<<<<<<<<<<<<<<<<<<<<<<<<<<<<<<<
DYG_base
原始数据形状: (113935, 6)
Index(['flow_rate', 'heating_cooling_water_flow_rate', 'vessel_weight',
       'vessel_volume', 'generated_heat'],
      dtype='object')
test 22068
test shape: (22068, 1, 720, 5) (22068, 1, 720, 5)
test shape: (22068, 720, 5) (22068, 720, 5)
mae:0.6980, mse:1.5555
(22068, 720, 5)
(22068, 720, 5)
