True
2.3.0
True
Args in experiment:
Namespace(activation='gelu', anomaly_ratio=0.25, batch_size=256, c_out=5, channel_independent=1, checkpoints='./checkpoints/', d_ff=512, d_layers=1, d_model=1024, data='DYG_base', data_path='EDA_offair.csv', dec_in=5, des='Exp', device_ids=[4, 5, 7], devices='4,5,7', direction=[1, 1, 2, 0, 0], distil=True, dropout=0.1, e_layers=2, embed='timeF', enc_in=5, enc_out=5, factor=3, features='M', freq='h', gpu=4, inverse=False, is_training=1, itr=1, label_len=48, learning_rate=0.0001, loss='MSE', lradj='type1', mask_rate=0.25, model='Transformer', model_id='kdd_offair_192', moe_logits_init='{\n    "0": {0: 5.0, 1: 1.0, 2: -5.0},  \n    "1": {0: 1.0, 1: 5.0, 2: -5.0},  \n    "2": {0: -5.0, 1: 1.0, 2: 5.0},  \n    "3": {0: -5.0, 1: 4.0, 2: 5.0},  \n    "4": {0: -5.0, 1: 4.0, 2: 5.0}\n}', moving_avg=25, n_heads=8, num_kernels=6, num_workers=10, output_attention=False, p_hidden_dims=[128, 128], p_hidden_layers=2, patience=3, pred_len=192, root_path='./data/public', seasonal_patterns='Monthly', seg_len=12, seq_len=96, target='zs', task_name='long_term_forecast', temp=1.0, top_k=5, train_epochs=10, use_amp=True, use_gpu=True, use_multi_gpu=True)
Use GPU: cuda:4
>>>>>>>start training : long_term_forecast_kdd_offair_192_Transformer_DYG_base_ftM_sl96_ll48_pl192_dm1024_nh8_el2_dl1_df512_fc3_ebtimeF_dtTrue_Exp_0>>>>>>>>>>>>>>>>>>>>>>>>>>
DYG_base
原始数据形状: (113935, 6)
Index(['pH', 'CO2', 'OUR', 'O2', 'CER'], dtype='object')
train 79467
DYG_base
原始数据形状: (113935, 6)
Index(['pH', 'CO2', 'OUR', 'O2', 'CER'], dtype='object')
val 11203
DYG_base
原始数据形状: (113935, 6)
Index(['pH', 'CO2', 'OUR', 'O2', 'CER'], dtype='object')
test 22596
	iters: 100, epoch: 1 | loss: 0.3782424
	speed: 0.1882s/iter; left time: 564.8195s
	iters: 200, epoch: 1 | loss: 0.2456019
	speed: 0.1563s/iter; left time: 453.3963s
	iters: 300, epoch: 1 | loss: 0.2583984
	speed: 0.1561s/iter; left time: 437.2616s
Epoch: 1 cost time: 51.74535393714905
Epoch: 1, Steps: 310 | Train Loss: 0.3885342 Vali Loss: 0.4292248 Test Loss: 0.9581109
Validation loss decreased (inf --> 0.429225).  Saving model ...
Updating learning rate to 0.0001
	iters: 100, epoch: 2 | loss: 0.2456835
	speed: 4.7333s/iter; left time: 12737.1887s
	iters: 200, epoch: 2 | loss: 0.3002317
	speed: 0.1583s/iter; left time: 410.2176s
	iters: 300, epoch: 2 | loss: 0.2180651
	speed: 0.1586s/iter; left time: 394.9965s
Epoch: 2 cost time: 51.32999348640442
Epoch: 2, Steps: 310 | Train Loss: 0.2627333 Vali Loss: 0.4956618 Test Loss: 0.9750429
EarlyStopping counter: 1 out of 3
Updating learning rate to 5e-05
	iters: 100, epoch: 3 | loss: 0.1790688
	speed: 4.7213s/iter; left time: 11241.4795s
	iters: 200, epoch: 3 | loss: 0.2021891
	speed: 0.1598s/iter; left time: 364.6046s
	iters: 300, epoch: 3 | loss: 0.1946012
	speed: 0.1601s/iter; left time: 349.2315s
Epoch: 3 cost time: 51.74190068244934
Epoch: 3, Steps: 310 | Train Loss: 0.1997404 Vali Loss: 0.6042702 Test Loss: 0.9660119
EarlyStopping counter: 2 out of 3
Updating learning rate to 2.5e-05
	iters: 100, epoch: 4 | loss: 0.2187945
	speed: 4.7132s/iter; left time: 9761.0319s
	iters: 200, epoch: 4 | loss: 0.1522545
	speed: 0.1620s/iter; left time: 319.2691s
	iters: 300, epoch: 4 | loss: 0.1315282
	speed: 0.1600s/iter; left time: 299.3152s
Epoch: 4 cost time: 52.40343713760376
Epoch: 4, Steps: 310 | Train Loss: 0.1667248 Vali Loss: 0.8541855 Test Loss: 1.0177467
EarlyStopping counter: 3 out of 3
Early stopping
Updating learning rate to 1.25e-05
	iters: 100, epoch: 5 | loss: 0.1343425
	speed: 4.7892s/iter; left time: 8433.7809s
	iters: 200, epoch: 5 | loss: 0.1456894
	speed: 0.1610s/iter; left time: 267.3812s
	iters: 300, epoch: 5 | loss: 0.1398594
	speed: 0.1605s/iter; left time: 250.5279s
Epoch: 5 cost time: 52.965052127838135
Epoch: 5, Steps: 310 | Train Loss: 0.1543760 Vali Loss: 0.6379652 Test Loss: 0.9947602
EarlyStopping counter: 4 out of 3
Early stopping
Updating learning rate to 6.25e-06
	iters: 100, epoch: 6 | loss: 0.1500781
	speed: 4.7464s/iter; left time: 6887.0482s
	iters: 200, epoch: 6 | loss: 0.1630618
	speed: 0.1612s/iter; left time: 217.7142s
	iters: 300, epoch: 6 | loss: 0.1201301
	speed: 0.1600s/iter; left time: 200.1678s
Epoch: 6 cost time: 53.91611933708191
Epoch: 6, Steps: 310 | Train Loss: 0.1482684 Vali Loss: 0.6455839 Test Loss: 0.9985633
EarlyStopping counter: 5 out of 3
Early stopping
Updating learning rate to 3.125e-06
	iters: 100, epoch: 7 | loss: 0.1679058
	speed: 4.5119s/iter; left time: 5148.1110s
	iters: 200, epoch: 7 | loss: 0.1338866
	speed: 0.1867s/iter; left time: 194.3894s
	iters: 300, epoch: 7 | loss: 0.1521547
	speed: 0.1823s/iter; left time: 171.4988s
Epoch: 7 cost time: 59.33424949645996
Epoch: 7, Steps: 310 | Train Loss: 0.1455460 Vali Loss: 0.6443995 Test Loss: 0.9971480
EarlyStopping counter: 6 out of 3
Early stopping
Updating learning rate to 1.5625e-06
	iters: 100, epoch: 8 | loss: 0.1629694
	speed: 4.7412s/iter; left time: 3939.9676s
	iters: 200, epoch: 8 | loss: 0.1249960
	speed: 0.1656s/iter; left time: 121.0882s
	iters: 300, epoch: 8 | loss: 0.1454788
	speed: 0.1673s/iter; left time: 105.5640s
Epoch: 8 cost time: 54.87689447402954
Epoch: 8, Steps: 310 | Train Loss: 0.1441446 Vali Loss: 0.6434051 Test Loss: 1.0036898
EarlyStopping counter: 7 out of 3
Early stopping
Updating learning rate to 7.8125e-07
	iters: 100, epoch: 9 | loss: 0.1517075
	speed: 3.4451s/iter; left time: 1794.8913s
	iters: 200, epoch: 9 | loss: 0.1315552
	speed: 0.1503s/iter; left time: 63.2860s
	iters: 300, epoch: 9 | loss: 0.1138905
	speed: 0.1461s/iter; left time: 46.8831s
Epoch: 9 cost time: 49.181326389312744
Epoch: 9, Steps: 310 | Train Loss: 0.1433175 Vali Loss: 0.6595368 Test Loss: 1.0067046
EarlyStopping counter: 8 out of 3
Early stopping
Updating learning rate to 3.90625e-07
	iters: 100, epoch: 10 | loss: 0.1793851
	speed: 3.0280s/iter; left time: 638.9120s
	iters: 200, epoch: 10 | loss: 0.1267414
	speed: 0.1456s/iter; left time: 16.1588s
	iters: 300, epoch: 10 | loss: 0.1576134
	speed: 0.1456s/iter; left time: 1.6016s
Epoch: 10 cost time: 47.29886341094971
Epoch: 10, Steps: 310 | Train Loss: 0.1429857 Vali Loss: 0.6463357 Test Loss: 1.0024662
EarlyStopping counter: 9 out of 3
Early stopping
Updating learning rate to 1.953125e-07
>>>>>>>testing : long_term_forecast_kdd_offair_192_Transformer_DYG_base_ftM_sl96_ll48_pl192_dm1024_nh8_el2_dl1_df512_fc3_ebtimeF_dtTrue_Exp_0<<<<<<<<<<<<<<<<<<<<<<<<<<<<<<<<<
DYG_base
原始数据形状: (113935, 6)
Index(['pH', 'CO2', 'OUR', 'O2', 'CER'], dtype='object')
test 22596
test shape: (22596, 1, 192, 5) (22596, 1, 192, 5)
test shape: (22596, 192, 5) (22596, 192, 5)
mae:0.4168, mse:0.9581
(22596, 192, 5)
(22596, 192, 5)
