True
2.3.0
True
Args in experiment:
Namespace(activation='gelu', anomaly_ratio=0.25, batch_size=256, c_out=5, channel_independent=1, checkpoints='./checkpoints/', d_ff=512, d_layers=1, d_model=1024, data='DYG_base', data_path='EDA_offair.csv', dec_in=5, des='Exp', device_ids=[4, 5, 7], devices='4,5,7', direction=[1, 1, 2, 0, 0], distil=True, dropout=0.1, e_layers=2, embed='timeF', enc_in=5, enc_out=5, factor=3, features='M', freq='h', gpu=4, inverse=False, is_training=1, itr=1, label_len=48, learning_rate=0.0001, loss='MSE', lradj='type1', mask_rate=0.25, model='Transformer', model_id='kdd_offair_720', moe_logits_init='{\n    "0": {0: 5.0, 1: 1.0, 2: -5.0},  \n    "1": {0: 1.0, 1: 5.0, 2: -5.0},  \n    "2": {0: -5.0, 1: 1.0, 2: 5.0},  \n    "3": {0: -5.0, 1: 4.0, 2: 5.0},  \n    "4": {0: -5.0, 1: 4.0, 2: 5.0}\n}', moving_avg=25, n_heads=8, num_kernels=6, num_workers=10, output_attention=False, p_hidden_dims=[128, 128], p_hidden_layers=2, patience=3, pred_len=720, root_path='./data/public', seasonal_patterns='Monthly', seg_len=12, seq_len=96, target='zs', task_name='long_term_forecast', temp=1.0, top_k=5, train_epochs=10, use_amp=True, use_gpu=True, use_multi_gpu=True)
Use GPU: cuda:4
>>>>>>>start training : long_term_forecast_kdd_offair_720_Transformer_DYG_base_ftM_sl96_ll48_pl720_dm1024_nh8_el2_dl1_df512_fc3_ebtimeF_dtTrue_Exp_0>>>>>>>>>>>>>>>>>>>>>>>>>>
DYG_base
原始数据形状: (113935, 6)
Index(['pH', 'CO2', 'OUR', 'O2', 'CER'], dtype='object')
train 78939
DYG_base
原始数据形状: (113935, 6)
Index(['pH', 'CO2', 'OUR', 'O2', 'CER'], dtype='object')
val 10675
DYG_base
原始数据形状: (113935, 6)
Index(['pH', 'CO2', 'OUR', 'O2', 'CER'], dtype='object')
test 22068
	iters: 100, epoch: 1 | loss: 0.5455655
	speed: 0.3863s/iter; left time: 1151.5081s
	iters: 200, epoch: 1 | loss: 0.5635560
	speed: 0.3591s/iter; left time: 1034.5402s
	iters: 300, epoch: 1 | loss: 0.4607714
	speed: 0.3582s/iter; left time: 996.2667s
Epoch: 1 cost time: 113.43684887886047
Epoch: 1, Steps: 308 | Train Loss: 0.5933655 Vali Loss: 0.4134605 Test Loss: 1.1482979
Validation loss decreased (inf --> 0.413461).  Saving model ...
Updating learning rate to 0.0001
	iters: 100, epoch: 2 | loss: 0.5009971
	speed: 3.3158s/iter; left time: 8863.0078s
	iters: 200, epoch: 2 | loss: 0.4971494
	speed: 0.3539s/iter; left time: 910.4941s
	iters: 300, epoch: 2 | loss: 0.3471096
	speed: 0.3472s/iter; left time: 858.6052s
Epoch: 2 cost time: 109.25146532058716
Epoch: 2, Steps: 308 | Train Loss: 0.4450001 Vali Loss: 0.5063432 Test Loss: 1.2833215
EarlyStopping counter: 1 out of 3
Updating learning rate to 5e-05
	iters: 100, epoch: 3 | loss: 0.3423369
	speed: 2.8621s/iter; left time: 6768.9138s
	iters: 200, epoch: 3 | loss: 0.3892853
	speed: 0.3481s/iter; left time: 788.4409s
	iters: 300, epoch: 3 | loss: 0.4293486
	speed: 0.3473s/iter; left time: 751.8674s
Epoch: 3 cost time: 108.67666125297546
Epoch: 3, Steps: 308 | Train Loss: 0.3562887 Vali Loss: 0.4954408 Test Loss: 1.2564155
EarlyStopping counter: 2 out of 3
Updating learning rate to 2.5e-05
	iters: 100, epoch: 4 | loss: 0.3328612
	speed: 3.2312s/iter; left time: 6646.5025s
	iters: 200, epoch: 4 | loss: 0.2865213
	speed: 0.3502s/iter; left time: 685.3449s
	iters: 300, epoch: 4 | loss: 0.3430212
	speed: 0.3460s/iter; left time: 642.4917s
Epoch: 4 cost time: 107.88814377784729
Epoch: 4, Steps: 308 | Train Loss: 0.3143706 Vali Loss: 0.5087795 Test Loss: 1.2891468
EarlyStopping counter: 3 out of 3
Early stopping
Updating learning rate to 1.25e-05
	iters: 100, epoch: 5 | loss: 0.2837202
	speed: 3.4426s/iter; left time: 6021.0262s
	iters: 200, epoch: 5 | loss: 0.2632165
	speed: 0.3469s/iter; left time: 571.9761s
	iters: 300, epoch: 5 | loss: 0.3338482
	speed: 0.3446s/iter; left time: 533.7635s
Epoch: 5 cost time: 107.94314336776733
Epoch: 5, Steps: 308 | Train Loss: 0.2973908 Vali Loss: 0.5340381 Test Loss: 1.3072087
EarlyStopping counter: 4 out of 3
Early stopping
Updating learning rate to 6.25e-06
	iters: 100, epoch: 6 | loss: 0.2873287
	speed: 2.9647s/iter; left time: 4272.0961s
	iters: 200, epoch: 6 | loss: 0.2974673
	speed: 0.2360s/iter; left time: 316.4751s
	iters: 300, epoch: 6 | loss: 0.2453893
	speed: 0.2317s/iter; left time: 287.5133s
Epoch: 6 cost time: 72.37596607208252
Epoch: 6, Steps: 308 | Train Loss: 0.2892738 Vali Loss: 0.5196062 Test Loss: 1.3089745
EarlyStopping counter: 5 out of 3
Early stopping
Updating learning rate to 3.125e-06
	iters: 100, epoch: 7 | loss: 0.2828333
	speed: 3.0794s/iter; left time: 3488.9418s
	iters: 200, epoch: 7 | loss: 0.3415081
	speed: 0.2278s/iter; left time: 235.3106s
	iters: 300, epoch: 7 | loss: 0.3389095
	speed: 0.2232s/iter; left time: 208.2794s
Epoch: 7 cost time: 70.42473149299622
Epoch: 7, Steps: 308 | Train Loss: 0.2848563 Vali Loss: 0.5306090 Test Loss: 1.3218247
EarlyStopping counter: 6 out of 3
Early stopping
Updating learning rate to 1.5625e-06
	iters: 100, epoch: 8 | loss: 0.2497927
	speed: 3.2911s/iter; left time: 2715.1380s
	iters: 200, epoch: 8 | loss: 0.2463972
	speed: 0.2311s/iter; left time: 167.5135s
	iters: 300, epoch: 8 | loss: 0.3049336
	speed: 0.2294s/iter; left time: 143.3746s
Epoch: 8 cost time: 72.39511632919312
Epoch: 8, Steps: 308 | Train Loss: 0.2826165 Vali Loss: 0.5255276 Test Loss: 1.3195210
EarlyStopping counter: 7 out of 3
Early stopping
Updating learning rate to 7.8125e-07
	iters: 100, epoch: 9 | loss: 0.2944138
	speed: 3.0740s/iter; left time: 1589.2802s
	iters: 200, epoch: 9 | loss: 0.3046451
	speed: 0.2374s/iter; left time: 98.9771s
	iters: 300, epoch: 9 | loss: 0.2995086
	speed: 0.2311s/iter; left time: 73.2667s
Epoch: 9 cost time: 73.0010027885437
Epoch: 9, Steps: 308 | Train Loss: 0.2811669 Vali Loss: 0.5300392 Test Loss: 1.3208597
EarlyStopping counter: 8 out of 3
Early stopping
Updating learning rate to 3.90625e-07
	iters: 100, epoch: 10 | loss: 0.2972040
	speed: 3.1518s/iter; left time: 658.7343s
	iters: 200, epoch: 10 | loss: 0.2793399
	speed: 0.2274s/iter; left time: 24.7828s
	iters: 300, epoch: 10 | loss: 0.3394044
	speed: 0.2277s/iter; left time: 2.0494s
Epoch: 10 cost time: 72.5019633769989
Epoch: 10, Steps: 308 | Train Loss: 0.2804031 Vali Loss: 0.5227465 Test Loss: 1.3182087
EarlyStopping counter: 9 out of 3
Early stopping
Updating learning rate to 1.953125e-07
>>>>>>>testing : long_term_forecast_kdd_offair_720_Transformer_DYG_base_ftM_sl96_ll48_pl720_dm1024_nh8_el2_dl1_df512_fc3_ebtimeF_dtTrue_Exp_0<<<<<<<<<<<<<<<<<<<<<<<<<<<<<<<<<
DYG_base
原始数据形状: (113935, 6)
Index(['pH', 'CO2', 'OUR', 'O2', 'CER'], dtype='object')
test 22068
test shape: (22068, 1, 720, 5) (22068, 1, 720, 5)
test shape: (22068, 720, 5) (22068, 720, 5)
mae:0.5410, mse:1.1483
(22068, 720, 5)
(22068, 720, 5)
