True
2.3.0
True
Args in experiment:
Namespace(activation='gelu', anomaly_ratio=0.25, batch_size=512, c_out=5, channel_independent=1, checkpoints='./checkpoints/', d_ff=512, d_layers=1, d_model=256, data='DYG_base', data_path='DYG_data_3_sub1.csv', dec_in=5, des='Exp', device_ids=[0, 1, 2, 3], devices='0,1,2,3', direction=[0, 0, 0, 0, 0], distil=True, dropout=0.1, e_layers=2, embed='timeF', enc_in=5, enc_out=5, factor=3, features='M', freq='h', gpu=0, inverse=False, is_training=1, itr=1, label_len=48, learning_rate=0.0001, loss='MSE', lradj='type1', mask_rate=0.25, model='TLMMoeED', model_id='kdd_sub1_global_mixing_192', moe_logits_init='{"0": [0.0, 0.0]}', moving_avg=25, n_heads=8, num_kernels=6, num_workers=10, output_attention=False, p_hidden_dims=[128, 128], p_hidden_layers=2, patience=3, pred_len=192, root_path='./data/DYG/KDD', seasonal_patterns='Monthly', seg_len=12, seq_len=96, target='zs', task_name='long_term_forecast', top_k=5, train_epochs=10, use_amp=True, use_gpu=True, use_multi_gpu=True)
Use GPU: cuda:0
>>>>>>>start training : long_term_forecast_kdd_sub1_global_mixing_192_TLMMoeED_DYG_base_ftM_sl96_ll48_pl192_dm256_nh8_el2_dl1_df512_fc3_ebtimeF_dtTrue_Exp_0>>>>>>>>>>>>>>>>>>>>>>>>>>
DYG_base
原始数据形状: (108051, 6)
Index(['Bacterial Density', 'Viscosity', 'Alcohol Addition', 'Reducing Sugar',
       'Non Reducing Suger'],
      dtype='object')
train 75348
DYG_base
原始数据形状: (108051, 6)
Index(['Bacterial Density', 'Viscosity', 'Alcohol Addition', 'Reducing Sugar',
       'Non Reducing Suger'],
      dtype='object')
val 10615
DYG_base
原始数据形状: (108051, 6)
Index(['Bacterial Density', 'Viscosity', 'Alcohol Addition', 'Reducing Sugar',
       'Non Reducing Suger'],
      dtype='object')
test 21419
[MOE_TRACE] Group:0 Prob:0.61708 Alpha:0.50000
[MOE_TRACE] Group:0 Prob:0.61708 Alpha:0.50000
[MOE_TRACE] Group:0 Prob:0.61708 Alpha:0.50000
[MOE_TRACE] Group:0 Prob:0.61708 Alpha:0.50000
[MOE_TRACE] Group:0 Prob:0.63180 Alpha:0.50002
[MOE_TRACE] Group:0 Prob:0.63180 Alpha:0.50002
[MOE_TRACE] Group:0 Prob:0.63180 Alpha:0.50002
[MOE_TRACE] Group:0 Prob:0.63180 Alpha:0.50002
[MOE_TRACE] Group:0 Prob:0.63555 Alpha:0.50005
[MOE_TRACE] Group:0 Prob:0.63555 Alpha:0.50005
[MOE_TRACE] Group:0 Prob:0.63555 Alpha:0.50005
[MOE_TRACE] Group:0 Prob:0.63555 Alpha:0.50005
[MOE_TRACE] Group:0 Prob:0.63017 Alpha:0.50007
[MOE_TRACE] Group:0 Prob:0.63017 Alpha:0.50007
[MOE_TRACE] Group:0 Prob:0.63017 Alpha:0.50007
[MOE_TRACE] Group:0 Prob:0.63017 Alpha:0.50007
[MOE_TRACE] Group:0 Prob:0.62907 Alpha:0.50009
[MOE_TRACE] Group:0 Prob:0.62907 Alpha:0.50009
[MOE_TRACE] Group:0 Prob:0.62907 Alpha:0.50009
[MOE_TRACE] Group:0 Prob:0.62907 Alpha:0.50009
[MOE_TRACE] Group:0 Prob:0.61999 Alpha:0.50011
[MOE_TRACE] Group:0 Prob:0.61999 Alpha:0.50011
[MOE_TRACE] Group:0 Prob:0.61999 Alpha:0.50011
[MOE_TRACE] Group:0 Prob:0.61999 Alpha:0.50011
[MOE_TRACE] Group:0 Prob:0.62488 Alpha:0.50014
[MOE_TRACE] Group:0 Prob:0.62488 Alpha:0.50014
[MOE_TRACE] Group:0 Prob:0.62949 Alpha:0.50014
[MOE_TRACE] Group:0 Prob:0.62949 Alpha:0.50014
[MOE_TRACE] Group:0 Prob:0.62596 Alpha:0.50016
[MOE_TRACE] Group:0 Prob:0.62596 Alpha:0.50016
[MOE_TRACE] Group:0 Prob:0.62596 Alpha:0.50016
[MOE_TRACE] Group:0 Prob:0.62596 Alpha:0.50016
[MOE_TRACE] Group:0 Prob:0.62313 Alpha:0.50018
[MOE_TRACE] Group:0 Prob:0.62595 Alpha:0.50018
[MOE_TRACE] Group:0 Prob:0.62595 Alpha:0.50018
[MOE_TRACE] Group:0 Prob:0.62595 Alpha:0.50018
[MOE_TRACE] Group:0 Prob:0.62539 Alpha:0.50019
[MOE_TRACE] Group:0 Prob:0.62539 Alpha:0.50019
[MOE_TRACE] Group:0 Prob:0.62539 Alpha:0.50019
[MOE_TRACE] Group:0 Prob:0.62539 Alpha:0.50019
[MOE_TRACE] Group:0 Prob:0.61967 Alpha:0.50021
[MOE_TRACE] Group:0 Prob:0.61967 Alpha:0.50021
[MOE_TRACE] Group:0 Prob:0.61967 Alpha:0.50021
[MOE_TRACE] Group:0 Prob:0.61967 Alpha:0.50021
[MOE_TRACE] Group:0 Prob:0.63167 Alpha:0.50023
[MOE_TRACE] Group:0 Prob:0.63167 Alpha:0.50023
[MOE_TRACE] Group:0 Prob:0.63167 Alpha:0.50023
[MOE_TRACE] Group:0 Prob:0.63167 Alpha:0.50023
[MOE_TRACE] Group:0 Prob:0.61901 Alpha:0.50025
[MOE_TRACE] Group:0 Prob:0.63473 Alpha:0.50025
[MOE_TRACE] Group:0 Prob:0.63473 Alpha:0.50025
[MOE_TRACE] Group:0 Prob:0.63473 Alpha:0.50025
[MOE_TRACE] Group:0 Prob:0.64069 Alpha:0.50027
[MOE_TRACE] Group:0 Prob:0.64069 Alpha:0.50027
[MOE_TRACE] Group:0 Prob:0.64069 Alpha:0.50027
[MOE_TRACE] Group:0 Prob:0.64069 Alpha:0.50027
[MOE_TRACE] Group:0 Prob:0.63793 Alpha:0.50029
[MOE_TRACE] Group:0 Prob:0.63793 Alpha:0.50029
[MOE_TRACE] Group:0 Prob:0.63793 Alpha:0.50029
[MOE_TRACE] Group:0 Prob:0.63793 Alpha:0.50029
[MOE_TRACE] Group:0 Prob:0.63759 Alpha:0.50031
[MOE_TRACE] Group:0 Prob:0.63759 Alpha:0.50031
[MOE_TRACE] Group:0 Prob:0.63759 Alpha:0.50031
[MOE_TRACE] Group:0 Prob:0.63759 Alpha:0.50031
[MOE_TRACE] Group:0 Prob:0.65265 Alpha:0.50033
[MOE_TRACE] Group:0 Prob:0.65265 Alpha:0.50033
[MOE_TRACE] Group:0 Prob:0.65265 Alpha:0.50033
[MOE_TRACE] Group:0 Prob:0.65265 Alpha:0.50033
[MOE_TRACE] Group:0 Prob:0.64552 Alpha:0.50035
[MOE_TRACE] Group:0 Prob:0.64552 Alpha:0.50035
[MOE_TRACE] Group:0 Prob:0.64552 Alpha:0.50035
[MOE_TRACE] Group:0 Prob:0.64552 Alpha:0.50035
[MOE_TRACE] Group:0 Prob:0.65184 Alpha:0.50037
[MOE_TRACE] Group:0 Prob:0.65184 Alpha:0.50037
[MOE_TRACE] Group:0 Prob:0.65184 Alpha:0.50037
[MOE_TRACE] Group:0 Prob:0.65184 Alpha:0.50037
[MOE_TRACE] Group:0 Prob:0.64228 Alpha:0.50038
[MOE_TRACE] Group:0 Prob:0.64228 Alpha:0.50038
[MOE_TRACE] Group:0 Prob:0.64228 Alpha:0.50038
[MOE_TRACE] Group:0 Prob:0.64228 Alpha:0.50038
[MOE_TRACE] Group:0 Prob:0.65645 Alpha:0.50039
[MOE_TRACE] Group:0 Prob:0.65645 Alpha:0.50039
[MOE_TRACE] Group:0 Prob:0.65645 Alpha:0.50039
[MOE_TRACE] Group:0 Prob:0.65645 Alpha:0.50039
[MOE_TRACE] Group:0 Prob:0.65568 Alpha:0.50041
[MOE_TRACE] Group:0 Prob:0.65568 Alpha:0.50041
[MOE_TRACE] Group:0 Prob:0.65568 Alpha:0.50041
[MOE_TRACE] Group:0 Prob:0.65568 Alpha:0.50041
[MOE_TRACE] Group:0 Prob:0.65168 Alpha:0.50042
[MOE_TRACE] Group:0 Prob:0.65168 Alpha:0.50042
[MOE_TRACE] Group:0 Prob:0.65168 Alpha:0.50042
[MOE_TRACE] Group:0 Prob:0.65168 Alpha:0.50042
[MOE_TRACE] Group:0 Prob:0.65760 Alpha:0.50043
[MOE_TRACE] Group:0 Prob:0.65760 Alpha:0.50043
[MOE_TRACE] Group:0 Prob:0.65760 Alpha:0.50043
[MOE_TRACE] Group:0 Prob:0.65760 Alpha:0.50043
[MOE_TRACE] Group:0 Prob:0.65426 Alpha:0.50045
[MOE_TRACE] Group:0 Prob:0.65426 Alpha:0.50045
[MOE_TRACE] Group:0 Prob:0.65426 Alpha:0.50045
[MOE_TRACE] Group:0 Prob:0.65426 Alpha:0.50045
[MOE_TRACE] Group:0 Prob:0.65224 Alpha:0.50046
[MOE_TRACE] Group:0 Prob:0.65224 Alpha:0.50046
[MOE_TRACE] Group:0 Prob:0.65224 Alpha:0.50046
[MOE_TRACE] Group:0 Prob:0.65224 Alpha:0.50046
[MOE_TRACE] Group:0 Prob:0.66726 Alpha:0.50048
[MOE_TRACE] Group:0 Prob:0.66726 Alpha:0.50048
[MOE_TRACE] Group:0 Prob:0.66726 Alpha:0.50048
[MOE_TRACE] Group:0 Prob:0.66726 Alpha:0.50048
[MOE_TRACE] Group:0 Prob:0.66413 Alpha:0.50049
[MOE_TRACE] Group:0 Prob:0.66413 Alpha:0.50049
[MOE_TRACE] Group:0 Prob:0.66413 Alpha:0.50049
[MOE_TRACE] Group:0 Prob:0.66413 Alpha:0.50049
[MOE_TRACE] Group:0 Prob:0.65925 Alpha:0.50050
[MOE_TRACE] Group:0 Prob:0.65925 Alpha:0.50050
[MOE_TRACE] Group:0 Prob:0.65925 Alpha:0.50050
[MOE_TRACE] Group:0 Prob:0.65443 Alpha:0.50051
[MOE_TRACE] Group:0 Prob:0.65443 Alpha:0.50051
[MOE_TRACE] Group:0 Prob:0.65443 Alpha:0.50051
[MOE_TRACE] Group:0 Prob:0.65443 Alpha:0.50051
[MOE_TRACE] Group:0 Prob:0.65981 Alpha:0.50052
[MOE_TRACE] Group:0 Prob:0.65981 Alpha:0.50052
[MOE_TRACE] Group:0 Prob:0.65981 Alpha:0.50052
[MOE_TRACE] Group:0 Prob:0.65981 Alpha:0.50052
[MOE_TRACE] Group:0 Prob:0.66719 Alpha:0.50053
[MOE_TRACE] Group:0 Prob:0.67174 Alpha:0.50053
[MOE_TRACE] Group:0 Prob:0.67174 Alpha:0.50053
[MOE_TRACE] Group:0 Prob:0.66906 Alpha:0.50054
[MOE_TRACE] Group:0 Prob:0.66906 Alpha:0.50054
[MOE_TRACE] Group:0 Prob:0.66906 Alpha:0.50054
[MOE_TRACE] Group:0 Prob:0.66906 Alpha:0.50054
[MOE_TRACE] Group:0 Prob:0.67028 Alpha:0.50055
[MOE_TRACE] Group:0 Prob:0.67028 Alpha:0.50055
[MOE_TRACE] Group:0 Prob:0.67028 Alpha:0.50055
[MOE_TRACE] Group:0 Prob:0.67028 Alpha:0.50055
[MOE_TRACE] Group:0 Prob:0.66310 Alpha:0.50056
[MOE_TRACE] Group:0 Prob:0.66310 Alpha:0.50056
[MOE_TRACE] Group:0 Prob:0.66310 Alpha:0.50056
[MOE_TRACE] Group:0 Prob:0.66310 Alpha:0.50056
[MOE_TRACE] Group:0 Prob:0.66034 Alpha:0.50058
[MOE_TRACE] Group:0 Prob:0.66034 Alpha:0.50058
[MOE_TRACE] Group:0 Prob:0.66034 Alpha:0.50058
[MOE_TRACE] Group:0 Prob:0.66034 Alpha:0.50058
[MOE_TRACE] Group:0 Prob:0.66790 Alpha:0.50060
[MOE_TRACE] Group:0 Prob:0.66790 Alpha:0.50060[MOE_TRACE] Group:0 Prob:0.66790 Alpha:0.50060

[MOE_TRACE] Group:0 Prob:0.66790 Alpha:0.50060
[MOE_TRACE] Group:0 Prob:0.67071 Alpha:0.50062
[MOE_TRACE] Group:0 Prob:0.67071 Alpha:0.50062
[MOE_TRACE] Group:0 Prob:0.67071 Alpha:0.50062
[MOE_TRACE] Group:0 Prob:0.67071 Alpha:0.50062
[MOE_TRACE] Group:0 Prob:0.66842 Alpha:0.50064
[MOE_TRACE] Group:0 Prob:0.66842 Alpha:0.50064
[MOE_TRACE] Group:0 Prob:0.66842 Alpha:0.50064
[MOE_TRACE] Group:0 Prob:0.66842 Alpha:0.50064
[MOE_TRACE] Group:0 Prob:0.66048 Alpha:0.50066
[MOE_TRACE] Group:0 Prob:0.66048 Alpha:0.50066
[MOE_TRACE] Group:0 Prob:0.66048 Alpha:0.50066
[MOE_TRACE] Group:0 Prob:0.66048 Alpha:0.50066
[MOE_TRACE] Group:0 Prob:0.66778 Alpha:0.50067
[MOE_TRACE] Group:0 Prob:0.66778 Alpha:0.50067
[MOE_TRACE] Group:0 Prob:0.66778 Alpha:0.50067
[MOE_TRACE] Group:0 Prob:0.66778 Alpha:0.50067
[MOE_TRACE] Group:0 Prob:0.66316 Alpha:0.50068
[MOE_TRACE] Group:0 Prob:0.66316 Alpha:0.50068
[MOE_TRACE] Group:0 Prob:0.66316 Alpha:0.50068
[MOE_TRACE] Group:0 Prob:0.66316 Alpha:0.50068
[MOE_TRACE] Group:0 Prob:0.67055 Alpha:0.50070[MOE_TRACE] Group:0 Prob:0.67055 Alpha:0.50070

[MOE_TRACE] Group:0 Prob:0.67055 Alpha:0.50070
[MOE_TRACE] Group:0 Prob:0.66147 Alpha:0.50071
[MOE_TRACE] Group:0 Prob:0.66147 Alpha:0.50071
[MOE_TRACE] Group:0 Prob:0.66147 Alpha:0.50071
[MOE_TRACE] Group:0 Prob:0.66147 Alpha:0.50071
[MOE_TRACE] Group:0 Prob:0.65976 Alpha:0.50074
[MOE_TRACE] Group:0 Prob:0.65976 Alpha:0.50074
[MOE_TRACE] Group:0 Prob:0.65976 Alpha:0.50074
[MOE_TRACE] Group:0 Prob:0.65976 Alpha:0.50074
[MOE_TRACE] Group:0 Prob:0.65149 Alpha:0.50076
[MOE_TRACE] Group:0 Prob:0.65149 Alpha:0.50076
[MOE_TRACE] Group:0 Prob:0.65149 Alpha:0.50076
[MOE_TRACE] Group:0 Prob:0.65149 Alpha:0.50076
[MOE_TRACE] Group:0 Prob:0.66940 Alpha:0.50078
[MOE_TRACE] Group:0 Prob:0.66940 Alpha:0.50078
[MOE_TRACE] Group:0 Prob:0.66940 Alpha:0.50078
[MOE_TRACE] Group:0 Prob:0.66940 Alpha:0.50078
[MOE_TRACE] Group:0 Prob:0.65462 Alpha:0.50081
[MOE_TRACE] Group:0 Prob:0.65462 Alpha:0.50081
[MOE_TRACE] Group:0 Prob:0.65462 Alpha:0.50081
[MOE_TRACE] Group:0 Prob:0.65462 Alpha:0.50081
[MOE_TRACE] Group:0 Prob:0.67096 Alpha:0.50083
[MOE_TRACE] Group:0 Prob:0.67096 Alpha:0.50083
[MOE_TRACE] Group:0 Prob:0.67096 Alpha:0.50083
[MOE_TRACE] Group:0 Prob:0.67096 Alpha:0.50083
[MOE_TRACE] Group:0 Prob:0.67769 Alpha:0.50086
[MOE_TRACE] Group:0 Prob:0.67769 Alpha:0.50086[MOE_TRACE] Group:0 Prob:0.67769 Alpha:0.50086

[MOE_TRACE] Group:0 Prob:0.67769 Alpha:0.50086
[MOE_TRACE] Group:0 Prob:0.66505 Alpha:0.50088
[MOE_TRACE] Group:0 Prob:0.66505 Alpha:0.50088
[MOE_TRACE] Group:0 Prob:0.66505 Alpha:0.50088
[MOE_TRACE] Group:0 Prob:0.66505 Alpha:0.50088
[MOE_TRACE] Group:0 Prob:0.67406 Alpha:0.50090
[MOE_TRACE] Group:0 Prob:0.67406 Alpha:0.50090
[MOE_TRACE] Group:0 Prob:0.67406 Alpha:0.50090[MOE_TRACE] Group:0 Prob:0.67406 Alpha:0.50090

[MOE_TRACE] Group:0 Prob:0.66524 Alpha:0.50093
[MOE_TRACE] Group:0 Prob:0.66524 Alpha:0.50093
[MOE_TRACE] Group:0 Prob:0.66524 Alpha:0.50093
[MOE_TRACE] Group:0 Prob:0.66524 Alpha:0.50093
[MOE_TRACE] Group:0 Prob:0.66556 Alpha:0.50095
[MOE_TRACE] Group:0 Prob:0.66556 Alpha:0.50095
[MOE_TRACE] Group:0 Prob:0.66556 Alpha:0.50095
[MOE_TRACE] Group:0 Prob:0.66556 Alpha:0.50095
[MOE_TRACE] Group:0 Prob:0.66746 Alpha:0.50098
[MOE_TRACE] Group:0 Prob:0.66746 Alpha:0.50098
[MOE_TRACE] Group:0 Prob:0.66746 Alpha:0.50098
[MOE_TRACE] Group:0 Prob:0.66746 Alpha:0.50098
[MOE_TRACE] Group:0 Prob:0.67776 Alpha:0.50101
[MOE_TRACE] Group:0 Prob:0.67776 Alpha:0.50101
[MOE_TRACE] Group:0 Prob:0.67776 Alpha:0.50101
[MOE_TRACE] Group:0 Prob:0.67776 Alpha:0.50101
[MOE_TRACE] Group:0 Prob:0.66488 Alpha:0.50104
[MOE_TRACE] Group:0 Prob:0.66567 Alpha:0.50104
[MOE_TRACE] Group:0 Prob:0.66567 Alpha:0.50104
[MOE_TRACE] Group:0 Prob:0.66567 Alpha:0.50104
[MOE_TRACE] Group:0 Prob:0.66463 Alpha:0.50107
[MOE_TRACE] Group:0 Prob:0.66463 Alpha:0.50107
[MOE_TRACE] Group:0 Prob:0.66463 Alpha:0.50107
[MOE_TRACE] Group:0 Prob:0.66463 Alpha:0.50107
[MOE_TRACE] Group:0 Prob:0.67960 Alpha:0.50109
[MOE_TRACE] Group:0 Prob:0.67960 Alpha:0.50109
[MOE_TRACE] Group:0 Prob:0.67960 Alpha:0.50109
[MOE_TRACE] Group:0 Prob:0.67960 Alpha:0.50109
[MOE_TRACE] Group:0 Prob:0.65875 Alpha:0.50112
[MOE_TRACE] Group:0 Prob:0.65875 Alpha:0.50112
[MOE_TRACE] Group:0 Prob:0.65875 Alpha:0.50112
[MOE_TRACE] Group:0 Prob:0.66683 Alpha:0.50115
[MOE_TRACE] Group:0 Prob:0.66683 Alpha:0.50115
[MOE_TRACE] Group:0 Prob:0.66683 Alpha:0.50115
[MOE_TRACE] Group:0 Prob:0.66683 Alpha:0.50115
[MOE_TRACE] Group:0 Prob:0.67417 Alpha:0.50118
[MOE_TRACE] Group:0 Prob:0.67417 Alpha:0.50118
[MOE_TRACE] Group:0 Prob:0.67417 Alpha:0.50118
[MOE_TRACE] Group:0 Prob:0.67417 Alpha:0.50118
[MOE_TRACE] Group:0 Prob:0.67649 Alpha:0.50121
[MOE_TRACE] Group:0 Prob:0.67649 Alpha:0.50121
[MOE_TRACE] Group:0 Prob:0.67649 Alpha:0.50121
[MOE_TRACE] Group:0 Prob:0.67649 Alpha:0.50121
[MOE_TRACE] Group:0 Prob:0.67354 Alpha:0.50124
[MOE_TRACE] Group:0 Prob:0.67354 Alpha:0.50124
[MOE_TRACE] Group:0 Prob:0.67354 Alpha:0.50124
[MOE_TRACE] Group:0 Prob:0.67354 Alpha:0.50124
[MOE_TRACE] Group:0 Prob:0.67220 Alpha:0.50127
[MOE_TRACE] Group:0 Prob:0.67220 Alpha:0.50127
[MOE_TRACE] Group:0 Prob:0.67220 Alpha:0.50127
[MOE_TRACE] Group:0 Prob:0.67220 Alpha:0.50127
[MOE_TRACE] Group:0 Prob:0.66234 Alpha:0.50130
[MOE_TRACE] Group:0 Prob:0.66234 Alpha:0.50130
[MOE_TRACE] Group:0 Prob:0.66234 Alpha:0.50130
[MOE_TRACE] Group:0 Prob:0.66234 Alpha:0.50130
[MOE_TRACE] Group:0 Prob:0.66442 Alpha:0.50133
[MOE_TRACE] Group:0 Prob:0.66718 Alpha:0.50133
[MOE_TRACE] Group:0 Prob:0.66718 Alpha:0.50133
[MOE_TRACE] Group:0 Prob:0.66718 Alpha:0.50133
[MOE_TRACE] Group:0 Prob:0.66635 Alpha:0.50137
[MOE_TRACE] Group:0 Prob:0.66635 Alpha:0.50137
[MOE_TRACE] Group:0 Prob:0.66635 Alpha:0.50137
[MOE_TRACE] Group:0 Prob:0.66635 Alpha:0.50137
[MOE_TRACE] Group:0 Prob:0.67655 Alpha:0.50140
[MOE_TRACE] Group:0 Prob:0.67655 Alpha:0.50140
[MOE_TRACE] Group:0 Prob:0.67655 Alpha:0.50140
[MOE_TRACE] Group:0 Prob:0.67655 Alpha:0.50140
[MOE_TRACE] Group:0 Prob:0.66927 Alpha:0.50143
[MOE_TRACE] Group:0 Prob:0.66927 Alpha:0.50143
[MOE_TRACE] Group:0 Prob:0.65912 Alpha:0.50143
[MOE_TRACE] Group:0 Prob:0.65912 Alpha:0.50143
[MOE_TRACE] Group:0 Prob:0.67935 Alpha:0.50146
[MOE_TRACE] Group:0 Prob:0.67935 Alpha:0.50146
[MOE_TRACE] Group:0 Prob:0.67935 Alpha:0.50146
[MOE_TRACE] Group:0 Prob:0.67935 Alpha:0.50146
[MOE_TRACE] Group:0 Prob:0.67050 Alpha:0.50149
[MOE_TRACE] Group:0 Prob:0.68255 Alpha:0.50149
[MOE_TRACE] Group:0 Prob:0.68255 Alpha:0.50149
[MOE_TRACE] Group:0 Prob:0.68255 Alpha:0.50149
[MOE_TRACE] Group:0 Prob:0.66485 Alpha:0.50153
[MOE_TRACE] Group:0 Prob:0.66485 Alpha:0.50153
[MOE_TRACE] Group:0 Prob:0.66485 Alpha:0.50153[MOE_TRACE] Group:0 Prob:0.66485 Alpha:0.50153

[MOE_TRACE] Group:0 Prob:0.66448 Alpha:0.50156
[MOE_TRACE] Group:0 Prob:0.66448 Alpha:0.50156
[MOE_TRACE] Group:0 Prob:0.66448 Alpha:0.50156
[MOE_TRACE] Group:0 Prob:0.66448 Alpha:0.50156
[MOE_TRACE] Group:0 Prob:0.65889 Alpha:0.50159
[MOE_TRACE] Group:0 Prob:0.65889 Alpha:0.50159
[MOE_TRACE] Group:0 Prob:0.65889 Alpha:0.50159
[MOE_TRACE] Group:0 Prob:0.65889 Alpha:0.50159
[MOE_TRACE] Group:0 Prob:0.65668 Alpha:0.50163
[MOE_TRACE] Group:0 Prob:0.65668 Alpha:0.50163
[MOE_TRACE] Group:0 Prob:0.65668 Alpha:0.50163
[MOE_TRACE] Group:0 Prob:0.65668 Alpha:0.50163
[MOE_TRACE] Group:0 Prob:0.67501 Alpha:0.50166
[MOE_TRACE] Group:0 Prob:0.67501 Alpha:0.50166
[MOE_TRACE] Group:0 Prob:0.67501 Alpha:0.50166
[MOE_TRACE] Group:0 Prob:0.67501 Alpha:0.50166
[MOE_TRACE] Group:0 Prob:0.65199 Alpha:0.50169
[MOE_TRACE] Group:0 Prob:0.66259 Alpha:0.50169
[MOE_TRACE] Group:0 Prob:0.66259 Alpha:0.50169
[MOE_TRACE] Group:0 Prob:0.66310 Alpha:0.50173
[MOE_TRACE] Group:0 Prob:0.65863 Alpha:0.50173
[MOE_TRACE] Group:0 Prob:0.65863 Alpha:0.50173
[MOE_TRACE] Group:0 Prob:0.65863 Alpha:0.50173
[MOE_TRACE] Group:0 Prob:0.65669 Alpha:0.50176
[MOE_TRACE] Group:0 Prob:0.65669 Alpha:0.50176
[MOE_TRACE] Group:0 Prob:0.65669 Alpha:0.50176
[MOE_TRACE] Group:0 Prob:0.65669 Alpha:0.50176
[MOE_TRACE] Group:0 Prob:0.63655 Alpha:0.50179
[MOE_TRACE] Group:0 Prob:0.63655 Alpha:0.50179
[MOE_TRACE] Group:0 Prob:0.63655 Alpha:0.50179
[MOE_TRACE] Group:0 Prob:0.63655 Alpha:0.50179
[MOE_TRACE] Group:0 Prob:0.67147 Alpha:0.50182
[MOE_TRACE] Group:0 Prob:0.67147 Alpha:0.50182
[MOE_TRACE] Group:0 Prob:0.67147 Alpha:0.50182
[MOE_TRACE] Group:0 Prob:0.67147 Alpha:0.50182
[MOE_TRACE] Group:0 Prob:0.66288 Alpha:0.50185
[MOE_TRACE] Group:0 Prob:0.66288 Alpha:0.50185
[MOE_TRACE] Group:0 Prob:0.66288 Alpha:0.50185
[MOE_TRACE] Group:0 Prob:0.66288 Alpha:0.50185
[MOE_TRACE] Group:0 Prob:0.64317 Alpha:0.50188
[MOE_TRACE] Group:0 Prob:0.64317 Alpha:0.50188
[MOE_TRACE] Group:0 Prob:0.64317 Alpha:0.50188
[MOE_TRACE] Group:0 Prob:0.64317 Alpha:0.50188
[MOE_TRACE] Group:0 Prob:0.66899 Alpha:0.50190[MOE_TRACE] Group:0 Prob:0.66899 Alpha:0.50190
[MOE_TRACE] Group:0 Prob:0.66899 Alpha:0.50190

[MOE_TRACE] Group:0 Prob:0.66899 Alpha:0.50190
[MOE_TRACE] Group:0 Prob:0.64452 Alpha:0.50192
[MOE_TRACE] Group:0 Prob:0.64452 Alpha:0.50192
[MOE_TRACE] Group:0 Prob:0.64452 Alpha:0.50192
[MOE_TRACE] Group:0 Prob:0.64452 Alpha:0.50192
[MOE_TRACE] Group:0 Prob:0.65644 Alpha:0.50194
[MOE_TRACE] Group:0 Prob:0.65644 Alpha:0.50194
[MOE_TRACE] Group:0 Prob:0.65644 Alpha:0.50194
[MOE_TRACE] Group:0 Prob:0.65644 Alpha:0.50194
[MOE_TRACE] Group:0 Prob:0.64047 Alpha:0.50196
[MOE_TRACE] Group:0 Prob:0.64047 Alpha:0.50196
[MOE_TRACE] Group:0 Prob:0.64047 Alpha:0.50196
[MOE_TRACE] Group:0 Prob:0.64047 Alpha:0.50196
[MOE_TRACE] Group:0 Prob:0.65080 Alpha:0.50198
[MOE_TRACE] Group:0 Prob:0.65080 Alpha:0.50198
[MOE_TRACE] Group:0 Prob:0.65080 Alpha:0.50198
[MOE_TRACE] Group:0 Prob:0.65080 Alpha:0.50198
[MOE_TRACE] Group:0 Prob:0.65705 Alpha:0.50200
[MOE_TRACE] Group:0 Prob:0.65705 Alpha:0.50200
[MOE_TRACE] Group:0 Prob:0.65705 Alpha:0.50200
[MOE_TRACE] Group:0 Prob:0.65705 Alpha:0.50200
[MOE_TRACE] Group:0 Prob:0.64429 Alpha:0.50201
[MOE_TRACE] Group:0 Prob:0.64429 Alpha:0.50201
[MOE_TRACE] Group:0 Prob:0.64429 Alpha:0.50201
[MOE_TRACE] Group:0 Prob:0.64429 Alpha:0.50201
[MOE_TRACE] Group:0 Prob:0.66080 Alpha:0.50202
[MOE_TRACE] Group:0 Prob:0.66080 Alpha:0.50202
[MOE_TRACE] Group:0 Prob:0.66080 Alpha:0.50202
[MOE_TRACE] Group:0 Prob:0.66080 Alpha:0.50202
[MOE_TRACE] Group:0 Prob:0.65085 Alpha:0.50203
[MOE_TRACE] Group:0 Prob:0.65085 Alpha:0.50203
[MOE_TRACE] Group:0 Prob:0.65085 Alpha:0.50203
[MOE_TRACE] Group:0 Prob:0.65085 Alpha:0.50203
[MOE_TRACE] Group:0 Prob:0.64015 Alpha:0.50203
[MOE_TRACE] Group:0 Prob:0.64015 Alpha:0.50203[MOE_TRACE] Group:0 Prob:0.64015 Alpha:0.50203

[MOE_TRACE] Group:0 Prob:0.64015 Alpha:0.50203
[MOE_TRACE] Group:0 Prob:0.65922 Alpha:0.50204
[MOE_TRACE] Group:0 Prob:0.65922 Alpha:0.50204
[MOE_TRACE] Group:0 Prob:0.65922 Alpha:0.50204
[MOE_TRACE] Group:0 Prob:0.65922 Alpha:0.50204
[MOE_TRACE] Group:0 Prob:0.64420 Alpha:0.50205
[MOE_TRACE] Group:0 Prob:0.64420 Alpha:0.50205
[MOE_TRACE] Group:0 Prob:0.64420 Alpha:0.50205
[MOE_TRACE] Group:0 Prob:0.64420 Alpha:0.50205
[MOE_TRACE] Group:0 Prob:0.64697 Alpha:0.50205
[MOE_TRACE] Group:0 Prob:0.64697 Alpha:0.50205[MOE_TRACE] Group:0 Prob:0.64697 Alpha:0.50205

[MOE_TRACE] Group:0 Prob:0.64697 Alpha:0.50205
[MOE_TRACE] Group:0 Prob:0.67076 Alpha:0.50206
[MOE_TRACE] Group:0 Prob:0.67076 Alpha:0.50206
[MOE_TRACE] Group:0 Prob:0.67076 Alpha:0.50206
[MOE_TRACE] Group:0 Prob:0.67076 Alpha:0.50206
[MOE_TRACE] Group:0 Prob:0.65572 Alpha:0.50207
[MOE_TRACE] Group:0 Prob:0.65572 Alpha:0.50207
[MOE_TRACE] Group:0 Prob:0.65572 Alpha:0.50207
[MOE_TRACE] Group:0 Prob:0.65572 Alpha:0.50207
[MOE_TRACE] Group:0 Prob:0.64811 Alpha:0.50207
[MOE_TRACE] Group:0 Prob:0.64811 Alpha:0.50207
[MOE_TRACE] Group:0 Prob:0.64811 Alpha:0.50207
[MOE_TRACE] Group:0 Prob:0.64811 Alpha:0.50207
	iters: 100, epoch: 1 | loss: 0.4814849
	speed: 0.2996s/iter; left time: 410.7725s
[MOE_TRACE] Group:0 Prob:0.63696 Alpha:0.50208
[MOE_TRACE] Group:0 Prob:0.63696 Alpha:0.50208
[MOE_TRACE] Group:0 Prob:0.63696 Alpha:0.50208
[MOE_TRACE] Group:0 Prob:0.63696 Alpha:0.50208
[MOE_TRACE] Group:0 Prob:0.63559 Alpha:0.50209
[MOE_TRACE] Group:0 Prob:0.63559 Alpha:0.50209
[MOE_TRACE] Group:0 Prob:0.63559 Alpha:0.50209
[MOE_TRACE] Group:0 Prob:0.63559 Alpha:0.50209
[MOE_TRACE] Group:0 Prob:0.66003 Alpha:0.50210
[MOE_TRACE] Group:0 Prob:0.66003 Alpha:0.50210
[MOE_TRACE] Group:0 Prob:0.66003 Alpha:0.50210
[MOE_TRACE] Group:0 Prob:0.66003 Alpha:0.50210
[MOE_TRACE] Group:0 Prob:0.64712 Alpha:0.50212
[MOE_TRACE] Group:0 Prob:0.64712 Alpha:0.50212
[MOE_TRACE] Group:0 Prob:0.64712 Alpha:0.50212
[MOE_TRACE] Group:0 Prob:0.64712 Alpha:0.50212
[MOE_TRACE] Group:0 Prob:0.65451 Alpha:0.50213
[MOE_TRACE] Group:0 Prob:0.65451 Alpha:0.50213
[MOE_TRACE] Group:0 Prob:0.65451 Alpha:0.50213
[MOE_TRACE] Group:0 Prob:0.65451 Alpha:0.50213
[MOE_TRACE] Group:0 Prob:0.65698 Alpha:0.50214
[MOE_TRACE] Group:0 Prob:0.65698 Alpha:0.50214
[MOE_TRACE] Group:0 Prob:0.65698 Alpha:0.50214
[MOE_TRACE] Group:0 Prob:0.65698 Alpha:0.50214
[MOE_TRACE] Group:0 Prob:0.64522 Alpha:0.50215[MOE_TRACE] Group:0 Prob:0.64522 Alpha:0.50215

[MOE_TRACE] Group:0 Prob:0.64522 Alpha:0.50215
[MOE_TRACE] Group:0 Prob:0.64522 Alpha:0.50215
[MOE_TRACE] Group:0 Prob:0.67719 Alpha:0.50216
[MOE_TRACE] Group:0 Prob:0.64626 Alpha:0.50216
[MOE_TRACE] Group:0 Prob:0.64626 Alpha:0.50216
[MOE_TRACE] Group:0 Prob:0.64626 Alpha:0.50216
[MOE_TRACE] Group:0 Prob:0.66244 Alpha:0.50217
[MOE_TRACE] Group:0 Prob:0.66244 Alpha:0.50217
[MOE_TRACE] Group:0 Prob:0.66244 Alpha:0.50217
[MOE_TRACE] Group:0 Prob:0.66244 Alpha:0.50217
[MOE_TRACE] Group:0 Prob:0.66538 Alpha:0.50218
[MOE_TRACE] Group:0 Prob:0.66538 Alpha:0.50218
[MOE_TRACE] Group:0 Prob:0.66538 Alpha:0.50218
[MOE_TRACE] Group:0 Prob:0.66538 Alpha:0.50218
[MOE_TRACE] Group:0 Prob:0.66797 Alpha:0.50219
[MOE_TRACE] Group:0 Prob:0.66797 Alpha:0.50219
[MOE_TRACE] Group:0 Prob:0.66797 Alpha:0.50219
[MOE_TRACE] Group:0 Prob:0.67188 Alpha:0.50220
[MOE_TRACE] Group:0 Prob:0.67188 Alpha:0.50220
[MOE_TRACE] Group:0 Prob:0.67188 Alpha:0.50220
[MOE_TRACE] Group:0 Prob:0.67188 Alpha:0.50220
[MOE_TRACE] Group:0 Prob:0.66494 Alpha:0.50221
[MOE_TRACE] Group:0 Prob:0.66494 Alpha:0.50221
[MOE_TRACE] Group:0 Prob:0.66494 Alpha:0.50221
[MOE_TRACE] Group:0 Prob:0.66494 Alpha:0.50221
[MOE_TRACE] Group:0 Prob:0.65416 Alpha:0.50221
[MOE_TRACE] Group:0 Prob:0.65332 Alpha:0.50221
[MOE_TRACE] Group:0 Prob:0.65332 Alpha:0.50221
[MOE_TRACE] Group:0 Prob:0.65332 Alpha:0.50221
[MOE_TRACE] Group:0 Prob:0.66272 Alpha:0.50222
[MOE_TRACE] Group:0 Prob:0.66272 Alpha:0.50222
[MOE_TRACE] Group:0 Prob:0.66272 Alpha:0.50222
[MOE_TRACE] Group:0 Prob:0.66272 Alpha:0.50222
[MOE_TRACE] Group:0 Prob:0.66864 Alpha:0.50222
[MOE_TRACE] Group:0 Prob:0.66864 Alpha:0.50222
[MOE_TRACE] Group:0 Prob:0.66864 Alpha:0.50222
[MOE_TRACE] Group:0 Prob:0.66864 Alpha:0.50222
[MOE_TRACE] Group:0 Prob:0.65724 Alpha:0.50223
[MOE_TRACE] Group:0 Prob:0.65724 Alpha:0.50223
[MOE_TRACE] Group:0 Prob:0.65724 Alpha:0.50223
[MOE_TRACE] Group:0 Prob:0.65724 Alpha:0.50223
[MOE_TRACE] Group:0 Prob:0.67302 Alpha:0.50224
[MOE_TRACE] Group:0 Prob:0.67302 Alpha:0.50224
[MOE_TRACE] Group:0 Prob:0.67302 Alpha:0.50224
[MOE_TRACE] Group:0 Prob:0.67302 Alpha:0.50224
[MOE_TRACE] Group:0 Prob:0.67689 Alpha:0.50225
[MOE_TRACE] Group:0 Prob:0.67689 Alpha:0.50225
[MOE_TRACE] Group:0 Prob:0.67689 Alpha:0.50225
[MOE_TRACE] Group:0 Prob:0.67689 Alpha:0.50225
[MOE_TRACE] Group:0 Prob:0.66908 Alpha:0.50226
[MOE_TRACE] Group:0 Prob:0.66908 Alpha:0.50226
[MOE_TRACE] Group:0 Prob:0.66908 Alpha:0.50226
[MOE_TRACE] Group:0 Prob:0.66908 Alpha:0.50226
[MOE_TRACE] Group:0 Prob:0.66641 Alpha:0.50227
[MOE_TRACE] Group:0 Prob:0.66641 Alpha:0.50227
[MOE_TRACE] Group:0 Prob:0.66641 Alpha:0.50227
[MOE_TRACE] Group:0 Prob:0.66641 Alpha:0.50227
[MOE_TRACE] Group:0 Prob:0.68977 Alpha:0.50228
[MOE_TRACE] Group:0 Prob:0.68977 Alpha:0.50228
[MOE_TRACE] Group:0 Prob:0.68977 Alpha:0.50228
[MOE_TRACE] Group:0 Prob:0.68977 Alpha:0.50228
[MOE_TRACE] Group:0 Prob:0.66595 Alpha:0.50229
[MOE_TRACE] Group:0 Prob:0.66595 Alpha:0.50229
[MOE_TRACE] Group:0 Prob:0.66595 Alpha:0.50229
[MOE_TRACE] Group:0 Prob:0.66595 Alpha:0.50229
[MOE_TRACE] Group:0 Prob:0.63908 Alpha:0.50231[MOE_TRACE] Group:0 Prob:0.63908 Alpha:0.50231
[MOE_TRACE] Group:0 Prob:0.63908 Alpha:0.50231

[MOE_TRACE] Group:0 Prob:0.63908 Alpha:0.50231
[MOE_TRACE] Group:0 Prob:0.67295 Alpha:0.50232
[MOE_TRACE] Group:0 Prob:0.67295 Alpha:0.50232
[MOE_TRACE] Group:0 Prob:0.67295 Alpha:0.50232
[MOE_TRACE] Group:0 Prob:0.67295 Alpha:0.50232
[MOE_TRACE] Group:0 Prob:0.66955 Alpha:0.50233
[MOE_TRACE] Group:0 Prob:0.66955 Alpha:0.50233
[MOE_TRACE] Group:0 Prob:0.66955 Alpha:0.50233
[MOE_TRACE] Group:0 Prob:0.66955 Alpha:0.50233
[MOE_TRACE] Group:0 Prob:0.65563 Alpha:0.50234
[MOE_TRACE] Group:0 Prob:0.65563 Alpha:0.50234
[MOE_TRACE] Group:0 Prob:0.65563 Alpha:0.50234
[MOE_TRACE] Group:0 Prob:0.65563 Alpha:0.50234
[MOE_TRACE] Group:0 Prob:0.67539 Alpha:0.50236
[MOE_TRACE] Group:0 Prob:0.67539 Alpha:0.50236
[MOE_TRACE] Group:0 Prob:0.67539 Alpha:0.50236
[MOE_TRACE] Group:0 Prob:0.67539 Alpha:0.50236
[MOE_TRACE] Group:0 Prob:0.68601 Alpha:0.50237
[MOE_TRACE] Group:0 Prob:0.68601 Alpha:0.50237
[MOE_TRACE] Group:0 Prob:0.68601 Alpha:0.50237
[MOE_TRACE] Group:0 Prob:0.68601 Alpha:0.50237
[MOE_TRACE] Group:0 Prob:0.67753 Alpha:0.50239
[MOE_TRACE] Group:0 Prob:0.67753 Alpha:0.50239
[MOE_TRACE] Group:0 Prob:0.67753 Alpha:0.50239
[MOE_TRACE] Group:0 Prob:0.67753 Alpha:0.50239
[MOE_TRACE] Group:0 Prob:0.66589 Alpha:0.50241
[MOE_TRACE] Group:0 Prob:0.66589 Alpha:0.50241
[MOE_TRACE] Group:0 Prob:0.66589 Alpha:0.50241
[MOE_TRACE] Group:0 Prob:0.66589 Alpha:0.50241
[MOE_TRACE] Group:0 Prob:0.66387 Alpha:0.50242[MOE_TRACE] Group:0 Prob:0.66387 Alpha:0.50242[MOE_TRACE] Group:0 Prob:0.66387 Alpha:0.50242


[MOE_TRACE] Group:0 Prob:0.66387 Alpha:0.50242
[MOE_TRACE] Group:0 Prob:0.66442 Alpha:0.50244
[MOE_TRACE] Group:0 Prob:0.66972 Alpha:0.50244
[MOE_TRACE] Group:0 Prob:0.66972 Alpha:0.50244
[MOE_TRACE] Group:0 Prob:0.66972 Alpha:0.50244
[MOE_TRACE] Group:0 Prob:0.65633 Alpha:0.50245
[MOE_TRACE] Group:0 Prob:0.65633 Alpha:0.50245
[MOE_TRACE] Group:0 Prob:0.65633 Alpha:0.50245
[MOE_TRACE] Group:0 Prob:0.65633 Alpha:0.50245
[MOE_TRACE] Group:0 Prob:0.66181 Alpha:0.50246
[MOE_TRACE] Group:0 Prob:0.66181 Alpha:0.50246
[MOE_TRACE] Group:0 Prob:0.66181 Alpha:0.50246
[MOE_TRACE] Group:0 Prob:0.66181 Alpha:0.50246
[MOE_TRACE] Group:0 Prob:0.65210 Alpha:0.50247
[MOE_TRACE] Group:0 Prob:0.65210 Alpha:0.50247
[MOE_TRACE] Group:0 Prob:0.65210 Alpha:0.50247
[MOE_TRACE] Group:0 Prob:0.65210 Alpha:0.50247
[MOE_TRACE] Group:0 Prob:0.66007 Alpha:0.50248
[MOE_TRACE] Group:0 Prob:0.66007 Alpha:0.50248
[MOE_TRACE] Group:0 Prob:0.66007 Alpha:0.50248
[MOE_TRACE] Group:0 Prob:0.66007 Alpha:0.50248
[MOE_TRACE] Group:0 Prob:0.67767 Alpha:0.50250
[MOE_TRACE] Group:0 Prob:0.67767 Alpha:0.50250
[MOE_TRACE] Group:0 Prob:0.67767 Alpha:0.50250
[MOE_TRACE] Group:0 Prob:0.67767 Alpha:0.50250
[MOE_TRACE] Group:0 Prob:0.65872 Alpha:0.50251
[MOE_TRACE] Group:0 Prob:0.65872 Alpha:0.50251
[MOE_TRACE] Group:0 Prob:0.65872 Alpha:0.50251
[MOE_TRACE] Group:0 Prob:0.65872 Alpha:0.50251
[MOE_TRACE] Group:0 Prob:0.65638 Alpha:0.50252
[MOE_TRACE] Group:0 Prob:0.65638 Alpha:0.50252
[MOE_TRACE] Group:0 Prob:0.65638 Alpha:0.50252
[MOE_TRACE] Group:0 Prob:0.65638 Alpha:0.50252
[MOE_TRACE] Group:0 Prob:0.68392 Alpha:0.50253
[MOE_TRACE] Group:0 Prob:0.68392 Alpha:0.50253
[MOE_TRACE] Group:0 Prob:0.68392 Alpha:0.50253
[MOE_TRACE] Group:0 Prob:0.68392 Alpha:0.50253
[MOE_TRACE] Group:0 Prob:0.67127 Alpha:0.50253
[MOE_TRACE] Group:0 Prob:0.67127 Alpha:0.50253
[MOE_TRACE] Group:0 Prob:0.67127 Alpha:0.50253
[MOE_TRACE] Group:0 Prob:0.67127 Alpha:0.50253
[MOE_TRACE] Group:0 Prob:0.64982 Alpha:0.50255
[MOE_TRACE] Group:0 Prob:0.64982 Alpha:0.50255
[MOE_TRACE] Group:0 Prob:0.64982 Alpha:0.50255
[MOE_TRACE] Group:0 Prob:0.64982 Alpha:0.50255
[MOE_TRACE] Group:0 Prob:0.65958 Alpha:0.50256
[MOE_TRACE] Group:0 Prob:0.65958 Alpha:0.50256
[MOE_TRACE] Group:0 Prob:0.65958 Alpha:0.50256[MOE_TRACE] Group:0 Prob:0.65958 Alpha:0.50256

[MOE_TRACE] Group:0 Prob:0.67093 Alpha:0.50258
[MOE_TRACE] Group:0 Prob:0.67093 Alpha:0.50258
[MOE_TRACE] Group:0 Prob:0.67093 Alpha:0.50258
[MOE_TRACE] Group:0 Prob:0.67093 Alpha:0.50258
[MOE_TRACE] Group:0 Prob:0.65093 Alpha:0.50259
[MOE_TRACE] Group:0 Prob:0.67132 Alpha:0.50259
[MOE_TRACE] Group:0 Prob:0.67132 Alpha:0.50259
[MOE_TRACE] Group:0 Prob:0.67132 Alpha:0.50259
[MOE_TRACE] Group:0 Prob:0.66858 Alpha:0.50260
[MOE_TRACE] Group:0 Prob:0.66858 Alpha:0.50260
[MOE_TRACE] Group:0 Prob:0.66858 Alpha:0.50260
[MOE_TRACE] Group:0 Prob:0.66858 Alpha:0.50260
Epoch: 1 cost time: 42.05177569389343
Traceback (most recent call last):
  File "run.py", line 167, in <module>
    exp.train(setting)
  File "/home/home_new/syc/code/Timeserise_Library/exp/exp_long_term_forecasting.py", line 268, in train
    test_loss, test_time = self.vali(test_data, test_loader, criterion)
  File "/home/home_new/syc/code/Timeserise_Library/exp/exp_long_term_forecasting.py", line 143, in vali
    outputs = self.model(batch_x, batch_x_mark, dec_inp, batch_y_mark)
  File "/home/home_new/syc/anaconda3/envs/py38torch121/lib/python3.8/site-packages/torch/nn/modules/module.py", line 1532, in _wrapped_call_impl
    return self._call_impl(*args, **kwargs)
  File "/home/home_new/syc/anaconda3/envs/py38torch121/lib/python3.8/site-packages/torch/nn/modules/module.py", line 1541, in _call_impl
    return forward_call(*args, **kwargs)
  File "/home/home_new/syc/anaconda3/envs/py38torch121/lib/python3.8/site-packages/torch/nn/parallel/data_parallel.py", line 184, in forward
    replicas = self.replicate(self.module, self.device_ids[:len(inputs)])
  File "/home/home_new/syc/anaconda3/envs/py38torch121/lib/python3.8/site-packages/torch/nn/parallel/data_parallel.py", line 189, in replicate
    return replicate(module, device_ids, not torch.is_grad_enabled())
  File "/home/home_new/syc/anaconda3/envs/py38torch121/lib/python3.8/site-packages/torch/nn/parallel/replicate.py", line 110, in replicate
    param_copies = _broadcast_coalesced_reshape(params, devices, detach)
  File "/home/home_new/syc/anaconda3/envs/py38torch121/lib/python3.8/site-packages/torch/nn/parallel/replicate.py", line 79, in _broadcast_coalesced_reshape
    return comm.broadcast_coalesced(tensors, devices)
  File "/home/home_new/syc/anaconda3/envs/py38torch121/lib/python3.8/site-packages/torch/nn/parallel/comm.py", line 57, in broadcast_coalesced
    return torch._C._broadcast_coalesced(tensors, devices, buffer_size)
RuntimeError: NCCL Error 1: unhandled cuda error (run with NCCL_DEBUG=INFO for details)
