True
2.3.0
True
Args in experiment:
Namespace(activation='gelu', anomaly_ratio=0.25, batch_size=512, c_out=5, channel_independent=1, checkpoints='./checkpoints/', d_ff=512, d_layers=1, d_model=512, data='DYG_base', data_path='DYG_data_3_sub2.csv', dec_in=5, des='Exp', device_ids=[0, 1, 2, 3], devices='0,1,2,3', direction=[1, 1, 2, 0, 2], distil=True, dropout=0.1, e_layers=2, embed='timeF', enc_in=5, enc_out=5, factor=3, features='M', freq='h', gpu=0, inverse=False, is_training=1, itr=1, label_len=48, learning_rate=0.0001, loss='MSE', lradj='type1', mask_rate=0.25, model='TLMMoeED', model_id='kdd_sub2_96', moe_logits_init='{"0": [0.0, 0.0], "1": [-5.0, 5.0], "2": [-5.0, 5.0]}', moving_avg=25, n_heads=8, num_kernels=6, num_workers=10, output_attention=False, p_hidden_dims=[128, 128], p_hidden_layers=2, patience=3, pred_len=96, root_path='./data/DYG/KDD', seasonal_patterns='Monthly', seg_len=12, seq_len=96, target='zs', task_name='long_term_forecast', top_k=5, train_epochs=10, use_amp=True, use_gpu=True, use_multi_gpu=True)
Use GPU: cuda:0
>>>>>>>start training : long_term_forecast_kdd_sub2_96_TLMMoeED_DYG_base_ftM_sl96_ll48_pl96_dm512_nh8_el2_dl1_df512_fc3_ebtimeF_dtTrue_Exp_0>>>>>>>>>>>>>>>>>>>>>>>>>>
DYG_base
原始数据形状: (108051, 6)
Index(['Viscosity', 'Chemical Efficiency', 'DO Value', 'pH Online',
       'Air Flow'],
      dtype='object')
train 75444
DYG_base
原始数据形状: (108051, 6)
Index(['Viscosity', 'Chemical Efficiency', 'DO Value', 'pH Online',
       'Air Flow'],
      dtype='object')
val 10711
DYG_base
原始数据形状: (108051, 6)
Index(['Viscosity', 'Chemical Efficiency', 'DO Value', 'pH Online',
       'Air Flow'],
      dtype='object')
test 21515
	iters: 100, epoch: 1 | loss: 0.4384741
	speed: 0.2437s/iter; left time: 334.1344s
Epoch: 1 cost time: 34.950549364089966
Epoch: 1, Steps: 147 | Train Loss: 0.5775974 Vali Loss: 0.4115409 Test Loss: 4.0365605
Validation loss decreased (inf --> 0.411541).  Saving model ...
Updating learning rate to 0.0001
	iters: 100, epoch: 2 | loss: 0.3417864
	speed: 4.5546s/iter; left time: 5574.8357s
Epoch: 2 cost time: 32.83762741088867
Epoch: 2, Steps: 147 | Train Loss: 0.3851827 Vali Loss: 0.3978725 Test Loss: 4.0383782
Validation loss decreased (0.411541 --> 0.397873).  Saving model ...
Updating learning rate to 5e-05
	iters: 100, epoch: 3 | loss: 0.3310771
	speed: 4.6380s/iter; left time: 4995.0929s
Epoch: 3 cost time: 32.14946937561035
Epoch: 3, Steps: 147 | Train Loss: 0.3566494 Vali Loss: 0.3996154 Test Loss: 4.0556130
EarlyStopping counter: 1 out of 3
Updating learning rate to 2.5e-05
	iters: 100, epoch: 4 | loss: 0.3425685
	speed: 4.6146s/iter; left time: 4291.5437s
Epoch: 4 cost time: 31.165206909179688
Epoch: 4, Steps: 147 | Train Loss: 0.3437213 Vali Loss: 0.3968752 Test Loss: 3.9729774
Validation loss decreased (0.397873 --> 0.396875).  Saving model ...
Updating learning rate to 1.25e-05
	iters: 100, epoch: 5 | loss: 0.3497363
	speed: 4.6343s/iter; left time: 3628.6517s
Epoch: 5 cost time: 29.67755675315857
Epoch: 5, Steps: 147 | Train Loss: 0.3368725 Vali Loss: 0.3930156 Test Loss: 4.0181351
Validation loss decreased (0.396875 --> 0.393016).  Saving model ...
Updating learning rate to 6.25e-06
	iters: 100, epoch: 6 | loss: 0.3127202
	speed: 4.6488s/iter; left time: 2956.6255s
Epoch: 6 cost time: 31.256415367126465
Epoch: 6, Steps: 147 | Train Loss: 0.3327586 Vali Loss: 0.3936562 Test Loss: 4.0047507
EarlyStopping counter: 1 out of 3
Updating learning rate to 3.125e-06
	iters: 100, epoch: 7 | loss: 0.3185464
	speed: 4.5803s/iter; left time: 2239.7456s
Epoch: 7 cost time: 31.532434463500977
Epoch: 7, Steps: 147 | Train Loss: 0.3306492 Vali Loss: 0.3970273 Test Loss: 4.0157013
EarlyStopping counter: 2 out of 3
Updating learning rate to 1.5625e-06
	iters: 100, epoch: 8 | loss: 0.3387304
	speed: 4.5901s/iter; left time: 1569.8191s
Epoch: 8 cost time: 31.445229530334473
Epoch: 8, Steps: 147 | Train Loss: 0.3296626 Vali Loss: 0.3983597 Test Loss: 4.0074801
EarlyStopping counter: 3 out of 3
Early stopping
Updating learning rate to 7.8125e-07
	iters: 100, epoch: 9 | loss: 0.3284023
	speed: 4.6093s/iter; left time: 898.8189s
Epoch: 9 cost time: 31.267085552215576
Epoch: 9, Steps: 147 | Train Loss: 0.3290696 Vali Loss: 0.3986482 Test Loss: 4.0091348
EarlyStopping counter: 4 out of 3
Early stopping
Updating learning rate to 3.90625e-07
	iters: 100, epoch: 10 | loss: 0.2952104
	speed: 4.6473s/iter; left time: 223.0720s
Epoch: 10 cost time: 30.292768001556396
Epoch: 10, Steps: 147 | Train Loss: 0.3286007 Vali Loss: 0.3988356 Test Loss: 4.0110064
EarlyStopping counter: 5 out of 3
Early stopping
Updating learning rate to 1.953125e-07
>>>>>>>testing : long_term_forecast_kdd_sub2_96_TLMMoeED_DYG_base_ftM_sl96_ll48_pl96_dm512_nh8_el2_dl1_df512_fc3_ebtimeF_dtTrue_Exp_0<<<<<<<<<<<<<<<<<<<<<<<<<<<<<<<<<
DYG_base
原始数据形状: (108051, 6)
Index(['Viscosity', 'Chemical Efficiency', 'DO Value', 'pH Online',
       'Air Flow'],
      dtype='object')
test 21515
test shape: (21515, 1, 96, 5) (21515, 1, 96, 5)
test shape: (21515, 96, 5) (21515, 96, 5)
mae:0.5055, mse:4.0181
(21515, 96, 5)
(21515, 96, 5)
