True
2.3.0
True
Args in experiment:
Namespace(activation='gelu', anomaly_ratio=0.25, batch_size=256, c_out=5, channel_independent=1, checkpoints='./checkpoints/', d_ff=512, d_layers=1, d_model=512, data='DYG_base', data_path='DYG_data_3_sub3.csv', dec_in=5, des='Exp', device_ids=[4, 5, 6, 7], devices='4,5,6,7', direction=[0, 0, 0, 1, 1], distil=True, dropout=0.1, e_layers=2, embed='timeF', enc_in=5, enc_out=5, factor=3, features='M', freq='h', gpu=4, inverse=False, is_training=1, itr=1, label_len=12, learning_rate=0.0001, loss='MSE', lradj='type1', mask_rate=0.25, model='DLinear', model_id='kdd_sub3_24', moe_logits_init='{"0": [3.0, -3.0], "1": [0.0, 0.0]}', moving_avg=25, n_heads=8, num_kernels=6, num_workers=10, output_attention=False, p_hidden_dims=[128, 128], p_hidden_layers=2, patience=3, pred_len=96, root_path='./data/DYG/KDD', seasonal_patterns='Monthly', seg_len=12, seq_len=24, target='r1', task_name='long_term_forecast', temp=1.0, top_k=5, train_epochs=10, use_amp=True, use_gpu=True, use_multi_gpu=True)
Use GPU: cuda:4
>>> Total Params: 4,800
>>> Trainable Params: 4,800
>>>>>>>start training : long_term_forecast_kdd_sub3_24_DLinear_DYG_base_ftM_sl24_ll12_pl96_dm512_nh8_el2_dl1_df512_fc3_ebtimeF_dtTrue_Exp_0>>>>>>>>>>>>>>>>>>>>>>>>>>
DYG_base
原始数据形状: (108051, 6)
Index(['Bacterial Density', 'Viscosity', 'Chemical Efficiency', 'pH Online',
       'Total Sugar'],
      dtype='object')
train 75516
DYG_base
原始数据形状: (108051, 6)
Index(['Bacterial Density', 'Viscosity', 'Chemical Efficiency', 'pH Online',
       'Total Sugar'],
      dtype='object')
val 10711
DYG_base
原始数据形状: (108051, 6)
Index(['Bacterial Density', 'Viscosity', 'Chemical Efficiency', 'pH Online',
       'Total Sugar'],
      dtype='object')
test 21515
	iters: 100, epoch: 1 | loss: 1.7913046 | Mem: 19MB(Max:20MB)
	speed: 0.0313s/iter; left time: 88.8490s
	iters: 200, epoch: 1 | loss: 1.2747234 | Mem: 19MB(Max:20MB)
	speed: 0.0121s/iter; left time: 33.2800s
Epoch: 1 cost time: 5.426903247833252
Epoch: 1, Steps: 294 | Train Loss: 1.4517800 Vali Loss: 0.8068461 Test Loss: 3.6220007
Validation loss decreased (inf --> 0.806846).  Saving model ...
Updating learning rate to 0.0001
	iters: 100, epoch: 2 | loss: 1.0998514 | Mem: 27MB(Max:28MB)
	speed: 0.4775s/iter; left time: 1216.3032s
	iters: 200, epoch: 2 | loss: 1.0862353 | Mem: 27MB(Max:28MB)
	speed: 0.0090s/iter; left time: 22.1214s
Epoch: 2 cost time: 2.9073822498321533
Epoch: 2, Steps: 294 | Train Loss: 1.0206546 Vali Loss: 0.6145015 Test Loss: 3.9648690
Validation loss decreased (0.806846 --> 0.614502).  Saving model ...
Updating learning rate to 5e-05
	iters: 100, epoch: 3 | loss: 0.6933693 | Mem: 27MB(Max:29MB)
	speed: 0.4570s/iter; left time: 1029.7120s
	iters: 200, epoch: 3 | loss: 1.1122589 | Mem: 27MB(Max:29MB)
	speed: 0.0092s/iter; left time: 19.8296s
Epoch: 3 cost time: 3.048992395401001
Epoch: 3, Steps: 294 | Train Loss: 0.9101192 Vali Loss: 0.5731080 Test Loss: 4.2387881
Validation loss decreased (0.614502 --> 0.573108).  Saving model ...
Updating learning rate to 2.5e-05
	iters: 100, epoch: 4 | loss: 0.7320274 | Mem: 27MB(Max:29MB)
	speed: 0.4528s/iter; left time: 886.9966s
	iters: 200, epoch: 4 | loss: 1.0263420 | Mem: 27MB(Max:29MB)
	speed: 0.0090s/iter; left time: 16.7968s
Epoch: 4 cost time: 2.7726027965545654
Epoch: 4, Steps: 294 | Train Loss: 0.8850931 Vali Loss: 0.5592641 Test Loss: 4.3631563
Validation loss decreased (0.573108 --> 0.559264).  Saving model ...
Updating learning rate to 1.25e-05
	iters: 100, epoch: 5 | loss: 0.7452500 | Mem: 27MB(Max:29MB)
	speed: 0.4446s/iter; left time: 740.2849s
	iters: 200, epoch: 5 | loss: 1.0144465 | Mem: 27MB(Max:29MB)
	speed: 0.0081s/iter; left time: 12.7405s
Epoch: 5 cost time: 2.8092737197875977
Epoch: 5, Steps: 294 | Train Loss: 0.8768052 Vali Loss: 0.5527977 Test Loss: 4.4238949
Validation loss decreased (0.559264 --> 0.552798).  Saving model ...
Updating learning rate to 6.25e-06
	iters: 100, epoch: 6 | loss: 0.7135108 | Mem: 27MB(Max:29MB)
	speed: 0.4468s/iter; left time: 612.6080s
	iters: 200, epoch: 6 | loss: 1.2969137 | Mem: 27MB(Max:29MB)
	speed: 0.0099s/iter; left time: 12.6156s
Epoch: 6 cost time: 3.7658591270446777
Epoch: 6, Steps: 294 | Train Loss: 0.8731512 Vali Loss: 0.5502388 Test Loss: 4.4565215
Validation loss decreased (0.552798 --> 0.550239).  Saving model ...
Updating learning rate to 3.125e-06
	iters: 100, epoch: 7 | loss: 0.8386685 | Mem: 27MB(Max:29MB)
	speed: 0.4688s/iter; left time: 504.9107s
	iters: 200, epoch: 7 | loss: 0.6335718 | Mem: 27MB(Max:29MB)
	speed: 0.0082s/iter; left time: 8.0090s
Epoch: 7 cost time: 2.649110794067383
Epoch: 7, Steps: 294 | Train Loss: 0.8710789 Vali Loss: 0.5477039 Test Loss: 4.4739523
Validation loss decreased (0.550239 --> 0.547704).  Saving model ...
Updating learning rate to 1.5625e-06
	iters: 100, epoch: 8 | loss: 0.8146235 | Mem: 27MB(Max:29MB)
	speed: 0.4644s/iter; left time: 363.5916s
	iters: 200, epoch: 8 | loss: 0.7261053 | Mem: 27MB(Max:29MB)
	speed: 0.0081s/iter; left time: 5.5610s
Epoch: 8 cost time: 2.7434444427490234
Epoch: 8, Steps: 294 | Train Loss: 0.8707865 Vali Loss: 0.5475233 Test Loss: 4.4835043
Validation loss decreased (0.547704 --> 0.547523).  Saving model ...
Updating learning rate to 7.8125e-07
	iters: 100, epoch: 9 | loss: 1.3417809 | Mem: 27MB(Max:29MB)
	speed: 0.4277s/iter; left time: 209.1661s
	iters: 200, epoch: 9 | loss: 1.3513975 | Mem: 27MB(Max:29MB)
	speed: 0.0098s/iter; left time: 3.7941s
Epoch: 9 cost time: 2.978454113006592
Epoch: 9, Steps: 294 | Train Loss: 0.8704182 Vali Loss: 0.5460974 Test Loss: 4.4888124
Validation loss decreased (0.547523 --> 0.546097).  Saving model ...
Updating learning rate to 3.90625e-07
	iters: 100, epoch: 10 | loss: 0.8042523 | Mem: 27MB(Max:29MB)
	speed: 0.4303s/iter; left time: 83.9030s
	iters: 200, epoch: 10 | loss: 0.9635782 | Mem: 27MB(Max:29MB)
	speed: 0.0080s/iter; left time: 0.7615s
Epoch: 10 cost time: 2.6899778842926025
Epoch: 10, Steps: 294 | Train Loss: 0.8695724 Vali Loss: 0.5463387 Test Loss: 4.4916897
EarlyStopping counter: 1 out of 3
Updating learning rate to 1.953125e-07
>>>>>>>testing : long_term_forecast_kdd_sub3_24_DLinear_DYG_base_ftM_sl24_ll12_pl96_dm512_nh8_el2_dl1_df512_fc3_ebtimeF_dtTrue_Exp_0<<<<<<<<<<<<<<<<<<<<<<<<<<<<<<<<<
DYG_base
原始数据形状: (108051, 6)
Index(['Bacterial Density', 'Viscosity', 'Chemical Efficiency', 'pH Online',
       'Total Sugar'],
      dtype='object')
test 21515
test shape: (21515, 1, 96, 5) (21515, 1, 96, 5)
test shape: (21515, 96, 5) (21515, 96, 5)
mae:0.6922, mse:4.4888
(21515, 96, 5)
(21515, 96, 5)
