True
2.3.0
True
Args in experiment:
Namespace(activation='gelu', anomaly_ratio=0.25, batch_size=256, c_out=5, channel_independent=1, checkpoints='./checkpoints/', d_ff=512, d_layers=1, d_model=512, data='DYG_base', data_path='DYG_data_3_sub1.csv', dec_in=5, des='Exp', device_ids=[4, 5, 6, 7], devices='4,5,6,7', direction=[1, 1, 2, 0, 0], distil=True, dropout=0.1, e_layers=2, embed='timeF', enc_in=5, enc_out=5, factor=3, features='M', freq='h', gpu=4, inverse=False, is_training=1, itr=1, label_len=12, learning_rate=0.0001, loss='MSE', lradj='type1', mask_rate=0.25, model='DLinear', model_id='kdd_sub1_24', moe_logits_init='{"0": [5.0, -5.0], "1": [0.0, 0.0], "2": [5.0, -5.0]}', moving_avg=25, n_heads=8, num_kernels=6, num_workers=10, output_attention=False, p_hidden_dims=[128, 128], p_hidden_layers=2, patience=3, pred_len=96, root_path='./data/DYG/KDD', seasonal_patterns='Monthly', seg_len=12, seq_len=24, target='r1', task_name='long_term_forecast', temp=1.0, top_k=5, train_epochs=10, use_amp=True, use_gpu=True, use_multi_gpu=True)
Use GPU: cuda:4
>>> Total Params: 4,800
>>> Trainable Params: 4,800
>>>>>>>start training : long_term_forecast_kdd_sub1_24_DLinear_DYG_base_ftM_sl24_ll12_pl96_dm512_nh8_el2_dl1_df512_fc3_ebtimeF_dtTrue_Exp_0>>>>>>>>>>>>>>>>>>>>>>>>>>
DYG_base
原始数据形状: (108051, 6)
Index(['Bacterial Density', 'Viscosity', 'Alcohol Addition', 'Reducing Sugar',
       'Non Reducing Suger'],
      dtype='object')
train 75516
DYG_base
原始数据形状: (108051, 6)
Index(['Bacterial Density', 'Viscosity', 'Alcohol Addition', 'Reducing Sugar',
       'Non Reducing Suger'],
      dtype='object')
val 10711
DYG_base
原始数据形状: (108051, 6)
Index(['Bacterial Density', 'Viscosity', 'Alcohol Addition', 'Reducing Sugar',
       'Non Reducing Suger'],
      dtype='object')
test 21515
	iters: 100, epoch: 1 | loss: 1.8954819 | Mem: 19MB(Max:20MB)
	speed: 0.0729s/iter; left time: 207.0230s
	iters: 200, epoch: 1 | loss: 1.3596355 | Mem: 19MB(Max:20MB)
	speed: 0.0452s/iter; left time: 124.0175s
Epoch: 1 cost time: 16.491398096084595
Epoch: 1, Steps: 294 | Train Loss: 1.5302786 Vali Loss: 0.8754473 Test Loss: 0.9911295
Validation loss decreased (inf --> 0.875447).  Saving model ...
Updating learning rate to 0.0001
	iters: 100, epoch: 2 | loss: 0.9743432 | Mem: 27MB(Max:28MB)
	speed: 0.7228s/iter; left time: 1841.0283s
	iters: 200, epoch: 2 | loss: 1.0098507 | Mem: 27MB(Max:28MB)
	speed: 0.0364s/iter; left time: 88.9881s
Epoch: 2 cost time: 11.078277111053467
Epoch: 2, Steps: 294 | Train Loss: 1.0266176 Vali Loss: 0.6409878 Test Loss: 0.7437633
Validation loss decreased (0.875447 --> 0.640988).  Saving model ...
Updating learning rate to 5e-05
	iters: 100, epoch: 3 | loss: 0.7190399 | Mem: 27MB(Max:29MB)
	speed: 0.6874s/iter; left time: 1548.6695s
	iters: 200, epoch: 3 | loss: 0.9417391 | Mem: 27MB(Max:29MB)
	speed: 0.0454s/iter; left time: 97.7077s
Epoch: 3 cost time: 14.002745389938354
Epoch: 3, Steps: 294 | Train Loss: 0.8900337 Vali Loss: 0.5909417 Test Loss: 0.6947230
Validation loss decreased (0.640988 --> 0.590942).  Saving model ...
Updating learning rate to 2.5e-05
	iters: 100, epoch: 4 | loss: 0.7470041 | Mem: 27MB(Max:29MB)
	speed: 0.6690s/iter; left time: 1310.5448s
	iters: 200, epoch: 4 | loss: 1.0680881 | Mem: 27MB(Max:29MB)
	speed: 0.0386s/iter; left time: 71.6913s
Epoch: 4 cost time: 11.717426538467407
Epoch: 4, Steps: 294 | Train Loss: 0.8578181 Vali Loss: 0.5739817 Test Loss: 0.6785060
Validation loss decreased (0.590942 --> 0.573982).  Saving model ...
Updating learning rate to 1.25e-05
	iters: 100, epoch: 5 | loss: 0.7716217 | Mem: 27MB(Max:29MB)
	speed: 0.7186s/iter; left time: 1196.4725s
	iters: 200, epoch: 5 | loss: 1.0188187 | Mem: 27MB(Max:29MB)
	speed: 0.0482s/iter; left time: 75.3841s
Epoch: 5 cost time: 13.790603399276733
Epoch: 5, Steps: 294 | Train Loss: 0.8466884 Vali Loss: 0.5665005 Test Loss: 0.6716629
Validation loss decreased (0.573982 --> 0.566500).  Saving model ...
Updating learning rate to 6.25e-06
	iters: 100, epoch: 6 | loss: 0.7308952 | Mem: 27MB(Max:29MB)
	speed: 0.7321s/iter; left time: 1003.6814s
	iters: 200, epoch: 6 | loss: 1.2607253 | Mem: 27MB(Max:29MB)
	speed: 0.0387s/iter; left time: 49.2124s
Epoch: 6 cost time: 12.109153270721436
Epoch: 6, Steps: 294 | Train Loss: 0.8417909 Vali Loss: 0.5631441 Test Loss: 0.6683339
Validation loss decreased (0.566500 --> 0.563144).  Saving model ...
Updating learning rate to 3.125e-06
	iters: 100, epoch: 7 | loss: 0.7326095 | Mem: 27MB(Max:29MB)
	speed: 0.7828s/iter; left time: 843.0518s
	iters: 200, epoch: 7 | loss: 0.6058208 | Mem: 27MB(Max:29MB)
	speed: 0.0405s/iter; left time: 39.5483s
Epoch: 7 cost time: 12.609060764312744
Epoch: 7, Steps: 294 | Train Loss: 0.8395784 Vali Loss: 0.5603190 Test Loss: 0.6666545
Validation loss decreased (0.563144 --> 0.560319).  Saving model ...
Updating learning rate to 1.5625e-06
	iters: 100, epoch: 8 | loss: 0.7471910 | Mem: 27MB(Max:29MB)
	speed: 0.7522s/iter; left time: 588.9972s
	iters: 200, epoch: 8 | loss: 0.7405342 | Mem: 27MB(Max:29MB)
	speed: 0.0435s/iter; left time: 29.6896s
Epoch: 8 cost time: 13.197967767715454
Epoch: 8, Steps: 294 | Train Loss: 0.8388104 Vali Loss: 0.5601197 Test Loss: 0.6657801
Validation loss decreased (0.560319 --> 0.560120).  Saving model ...
Updating learning rate to 7.8125e-07
	iters: 100, epoch: 9 | loss: 1.0142325 | Mem: 27MB(Max:29MB)
	speed: 0.7996s/iter; left time: 390.9960s
	iters: 200, epoch: 9 | loss: 1.0752904 | Mem: 27MB(Max:29MB)
	speed: 0.0447s/iter; left time: 17.3853s
Epoch: 9 cost time: 13.476073980331421
Epoch: 9, Steps: 294 | Train Loss: 0.8385015 Vali Loss: 0.5584196 Test Loss: 0.6653190
Validation loss decreased (0.560120 --> 0.558420).  Saving model ...
Updating learning rate to 3.90625e-07
	iters: 100, epoch: 10 | loss: 0.7532079 | Mem: 27MB(Max:29MB)
	speed: 0.7896s/iter; left time: 153.9771s
	iters: 200, epoch: 10 | loss: 0.9125785 | Mem: 27MB(Max:29MB)
	speed: 0.0506s/iter; left time: 4.8104s
Epoch: 10 cost time: 15.310459613800049
Epoch: 10, Steps: 294 | Train Loss: 0.8369796 Vali Loss: 0.5586840 Test Loss: 0.6650664
EarlyStopping counter: 1 out of 3
Updating learning rate to 1.953125e-07
>>>>>>>testing : long_term_forecast_kdd_sub1_24_DLinear_DYG_base_ftM_sl24_ll12_pl96_dm512_nh8_el2_dl1_df512_fc3_ebtimeF_dtTrue_Exp_0<<<<<<<<<<<<<<<<<<<<<<<<<<<<<<<<<
DYG_base
原始数据形状: (108051, 6)
Index(['Bacterial Density', 'Viscosity', 'Alcohol Addition', 'Reducing Sugar',
       'Non Reducing Suger'],
      dtype='object')
test 21515
test shape: (21515, 1, 96, 5) (21515, 1, 96, 5)
test shape: (21515, 96, 5) (21515, 96, 5)
mae:0.6129, mse:0.6653
(21515, 96, 5)
(21515, 96, 5)
