True
2.3.0
True
Args in experiment:
Namespace(activation='gelu', anomaly_ratio=0.25, batch_size=256, c_out=5, channel_independent=1, checkpoints='./checkpoints/', d_ff=512, d_layers=1, d_model=512, data='DYG_base', data_path='DYG_data_3_sub1.csv', dec_in=5, des='Exp', device_ids=[4, 5, 6, 7], devices='4,5,6,7', direction=[1, 1, 2, 0, 0], distil=True, dropout=0.1, e_layers=2, embed='timeF', enc_in=5, enc_out=5, factor=3, features='M', freq='h', gpu=4, inverse=False, is_training=1, itr=1, label_len=480, learning_rate=0.0001, loss='MSE', lradj='type1', mask_rate=0.25, model='DLinear', model_id='kdd_sub1_960', moe_logits_init='{"0": [5.0, -5.0], "1": [0.0, 0.0], "2": [5.0, -5.0]}', moving_avg=25, n_heads=8, num_kernels=6, num_workers=10, output_attention=False, p_hidden_dims=[128, 128], p_hidden_layers=2, patience=3, pred_len=96, root_path='./data/DYG/KDD', seasonal_patterns='Monthly', seg_len=12, seq_len=960, target='r1', task_name='long_term_forecast', temp=1.0, top_k=5, train_epochs=10, use_amp=True, use_gpu=True, use_multi_gpu=True)
Use GPU: cuda:4
>>> Total Params: 184,512
>>> Trainable Params: 184,512
>>>>>>>start training : long_term_forecast_kdd_sub1_960_DLinear_DYG_base_ftM_sl960_ll480_pl96_dm512_nh8_el2_dl1_df512_fc3_ebtimeF_dtTrue_Exp_0>>>>>>>>>>>>>>>>>>>>>>>>>>
DYG_base
原始数据形状: (108051, 6)
Index(['Bacterial Density', 'Viscosity', 'Alcohol Addition', 'Reducing Sugar',
       'Non Reducing Suger'],
      dtype='object')
train 74580
DYG_base
原始数据形状: (108051, 6)
Index(['Bacterial Density', 'Viscosity', 'Alcohol Addition', 'Reducing Sugar',
       'Non Reducing Suger'],
      dtype='object')
val 10711
DYG_base
原始数据形状: (108051, 6)
Index(['Bacterial Density', 'Viscosity', 'Alcohol Addition', 'Reducing Sugar',
       'Non Reducing Suger'],
      dtype='object')
test 21515
	iters: 100, epoch: 1 | loss: 0.4571696 | Mem: 37MB(Max:41MB)
	speed: 0.1214s/iter; left time: 341.3220s
	iters: 200, epoch: 1 | loss: 0.4401246 | Mem: 37MB(Max:41MB)
	speed: 0.0951s/iter; left time: 257.8425s
Epoch: 1 cost time: 30.228286027908325
Epoch: 1, Steps: 291 | Train Loss: 0.5834407 Vali Loss: 0.4022076 Test Loss: 0.3501612
Validation loss decreased (inf --> 0.402208).  Saving model ...
Updating learning rate to 0.0001
	iters: 100, epoch: 2 | loss: 0.3761201 | Mem: 46MB(Max:54MB)
	speed: 0.8657s/iter; left time: 2181.5104s
	iters: 200, epoch: 2 | loss: 0.3461430 | Mem: 46MB(Max:54MB)
	speed: 0.1029s/iter; left time: 248.9924s
Epoch: 2 cost time: 29.152215719223022
Epoch: 2, Steps: 291 | Train Loss: 0.5427969 Vali Loss: 0.3908635 Test Loss: 0.3423105
Validation loss decreased (0.402208 --> 0.390863).  Saving model ...
Updating learning rate to 5e-05
	iters: 100, epoch: 3 | loss: 0.3102311 | Mem: 46MB(Max:62MB)
	speed: 1.0297s/iter; left time: 2295.1641s
	iters: 200, epoch: 3 | loss: 0.4140239 | Mem: 46MB(Max:62MB)
	speed: 0.1081s/iter; left time: 230.1261s
Epoch: 3 cost time: 30.97247862815857
Epoch: 3, Steps: 291 | Train Loss: 0.5353359 Vali Loss: 0.3851253 Test Loss: 0.3388988
Validation loss decreased (0.390863 --> 0.385125).  Saving model ...
Updating learning rate to 2.5e-05
	iters: 100, epoch: 4 | loss: 0.4881374 | Mem: 46MB(Max:62MB)
	speed: 1.0301s/iter; left time: 1996.4071s
	iters: 200, epoch: 4 | loss: 0.6924328 | Mem: 46MB(Max:62MB)
	speed: 0.1089s/iter; left time: 200.0752s
Epoch: 4 cost time: 30.495017290115356
Epoch: 4, Steps: 291 | Train Loss: 0.5334819 Vali Loss: 0.3847673 Test Loss: 0.3377995
Validation loss decreased (0.385125 --> 0.384767).  Saving model ...
Updating learning rate to 1.25e-05
	iters: 100, epoch: 5 | loss: 0.6317403 | Mem: 46MB(Max:62MB)
	speed: 1.0815s/iter; left time: 1781.1820s
	iters: 200, epoch: 5 | loss: 0.6980606 | Mem: 46MB(Max:62MB)
	speed: 0.1154s/iter; left time: 178.5223s
Epoch: 5 cost time: 32.232683420181274
Epoch: 5, Steps: 291 | Train Loss: 0.5316004 Vali Loss: 0.3833914 Test Loss: 0.3379526
Validation loss decreased (0.384767 --> 0.383391).  Saving model ...
Updating learning rate to 6.25e-06
	iters: 100, epoch: 6 | loss: 0.8492977 | Mem: 46MB(Max:62MB)
	speed: 1.0816s/iter; left time: 1466.6163s
	iters: 200, epoch: 6 | loss: 0.4098389 | Mem: 46MB(Max:62MB)
	speed: 0.1129s/iter; left time: 141.8468s
Epoch: 6 cost time: 31.343194007873535
Epoch: 6, Steps: 291 | Train Loss: 0.5315986 Vali Loss: 0.3834815 Test Loss: 0.3374969
EarlyStopping counter: 1 out of 3
Updating learning rate to 3.125e-06
	iters: 100, epoch: 7 | loss: 0.5543592 | Mem: 46MB(Max:62MB)
	speed: 1.0889s/iter; left time: 1159.6903s
	iters: 200, epoch: 7 | loss: 0.6281320 | Mem: 46MB(Max:62MB)
	speed: 0.1167s/iter; left time: 112.5793s
Epoch: 7 cost time: 30.975051164627075
Epoch: 7, Steps: 291 | Train Loss: 0.5308548 Vali Loss: 0.3840258 Test Loss: 0.3374220
EarlyStopping counter: 2 out of 3
Updating learning rate to 1.5625e-06
	iters: 100, epoch: 8 | loss: 0.4539925 | Mem: 46MB(Max:62MB)
	speed: 1.0154s/iter; left time: 785.9111s
	iters: 200, epoch: 8 | loss: 0.6283866 | Mem: 46MB(Max:62MB)
	speed: 0.1014s/iter; left time: 68.3371s
Epoch: 8 cost time: 28.044739723205566
Epoch: 8, Steps: 291 | Train Loss: 0.5306664 Vali Loss: 0.3839056 Test Loss: 0.3372895
EarlyStopping counter: 3 out of 3
Early stopping
Updating learning rate to 7.8125e-07
	iters: 100, epoch: 9 | loss: 0.5454745 | Mem: 46MB(Max:62MB)
	speed: 0.9447s/iter; left time: 456.2885s
	iters: 200, epoch: 9 | loss: 0.9603327 | Mem: 46MB(Max:62MB)
	speed: 0.1020s/iter; left time: 39.0817s
Epoch: 9 cost time: 28.850055932998657
Epoch: 9, Steps: 291 | Train Loss: 0.5306845 Vali Loss: 0.3838464 Test Loss: 0.3372882
EarlyStopping counter: 4 out of 3
Early stopping
Updating learning rate to 3.90625e-07
	iters: 100, epoch: 10 | loss: 0.4142974 | Mem: 46MB(Max:62MB)
	speed: 0.9247s/iter; left time: 177.5417s
	iters: 200, epoch: 10 | loss: 0.4162007 | Mem: 46MB(Max:62MB)
	speed: 0.0971s/iter; left time: 8.9372s
Epoch: 10 cost time: 27.292641401290894
Epoch: 10, Steps: 291 | Train Loss: 0.5305152 Vali Loss: 0.3833456 Test Loss: 0.3372582
Validation loss decreased (0.383391 --> 0.383346).  Saving model ...
Early stopping
Updating learning rate to 1.953125e-07
>>>>>>>testing : long_term_forecast_kdd_sub1_960_DLinear_DYG_base_ftM_sl960_ll480_pl96_dm512_nh8_el2_dl1_df512_fc3_ebtimeF_dtTrue_Exp_0<<<<<<<<<<<<<<<<<<<<<<<<<<<<<<<<<
DYG_base
原始数据形状: (108051, 6)
Index(['Bacterial Density', 'Viscosity', 'Alcohol Addition', 'Reducing Sugar',
       'Non Reducing Suger'],
      dtype='object')
test 21515
test shape: (21515, 1, 96, 5) (21515, 1, 96, 5)
test shape: (21515, 96, 5) (21515, 96, 5)
mae:0.3749, mse:0.3373
(21515, 96, 5)
(21515, 96, 5)
