True
2.3.0
True
Args in experiment:
Namespace(activation='gelu', anomaly_ratio=0.25, batch_size=256, c_out=5, channel_independent=1, checkpoints='./checkpoints/', d_ff=512, d_layers=1, d_model=512, data='DYG_base', data_path='DYG_data_3_sub1.csv', dec_in=5, des='Exp', device_ids=[4, 5, 6, 7], devices='4,5,6,7', direction=[1, 1, 2, 0, 0], distil=True, dropout=0.1, e_layers=2, embed='timeF', enc_in=5, enc_out=5, factor=3, features='M', freq='h', gpu=4, inverse=False, is_training=1, itr=1, label_len=132, learning_rate=0.0001, loss='MSE', lradj='type1', mask_rate=0.25, model='Informer', model_id='kdd_sub1_264', moe_logits_init='{"0": [5.0, -5.0], "1": [0.0, 0.0], "2": [5.0, -5.0]}', moving_avg=25, n_heads=8, num_kernels=6, num_workers=10, output_attention=False, p_hidden_dims=[128, 128], p_hidden_layers=2, patience=3, pred_len=96, root_path='./data/DYG/KDD', seasonal_patterns='Monthly', seg_len=12, seq_len=264, target='r1', task_name='long_term_forecast', temp=1.0, top_k=5, train_epochs=10, use_amp=True, use_gpu=True, use_multi_gpu=True)
Use GPU: cuda:4
>>> Total Params: 6,597,637
>>> Trainable Params: 6,597,637
>>>>>>>start training : long_term_forecast_kdd_sub1_264_Informer_DYG_base_ftM_sl264_ll132_pl96_dm512_nh8_el2_dl1_df512_fc3_ebtimeF_dtTrue_Exp_0>>>>>>>>>>>>>>>>>>>>>>>>>>
DYG_base
原始数据形状: (108051, 6)
Index(['Bacterial Density', 'Viscosity', 'Alcohol Addition', 'Reducing Sugar',
       'Non Reducing Suger'],
      dtype='object')
train 75276
DYG_base
原始数据形状: (108051, 6)
Index(['Bacterial Density', 'Viscosity', 'Alcohol Addition', 'Reducing Sugar',
       'Non Reducing Suger'],
      dtype='object')
val 10711
DYG_base
原始数据形状: (108051, 6)
Index(['Bacterial Density', 'Viscosity', 'Alcohol Addition', 'Reducing Sugar',
       'Non Reducing Suger'],
      dtype='object')
test 21515
	iters: 100, epoch: 1 | loss: 0.6437809 | Mem: 1019MB(Max:1163MB)
	speed: 0.1534s/iter; left time: 435.7923s
	iters: 200, epoch: 1 | loss: 0.4955013 | Mem: 1019MB(Max:1163MB)
	speed: 0.1487s/iter; left time: 407.5596s
Epoch: 1 cost time: 44.411373138427734
Epoch: 1, Steps: 294 | Train Loss: 0.5420914 Vali Loss: 0.3002303 Test Loss: 0.3079657
Validation loss decreased (inf --> 0.300230).  Saving model ...
Updating learning rate to 0.0001
	iters: 100, epoch: 2 | loss: 0.5595700 | Mem: 1028MB(Max:1172MB)
	speed: 4.0503s/iter; left time: 10316.0823s
	iters: 200, epoch: 2 | loss: 0.3142501 | Mem: 1028MB(Max:1172MB)
	speed: 0.1426s/iter; left time: 348.8331s
Epoch: 2 cost time: 38.401007413864136
Epoch: 2, Steps: 294 | Train Loss: 0.4475030 Vali Loss: 0.2831210 Test Loss: 0.3125871
Validation loss decreased (0.300230 --> 0.283121).  Saving model ...
Updating learning rate to 5e-05
	iters: 100, epoch: 3 | loss: 0.3502533 | Mem: 1028MB(Max:1172MB)
	speed: 4.1605s/iter; left time: 9373.5019s
	iters: 200, epoch: 3 | loss: 0.2651350 | Mem: 1028MB(Max:1172MB)
	speed: 0.1388s/iter; left time: 298.8006s
Epoch: 3 cost time: 38.356253147125244
Epoch: 3, Steps: 294 | Train Loss: 0.4195523 Vali Loss: 0.2803618 Test Loss: 0.3176891
Validation loss decreased (0.283121 --> 0.280362).  Saving model ...
Updating learning rate to 2.5e-05
	iters: 100, epoch: 4 | loss: 0.3006776 | Mem: 1028MB(Max:1172MB)
	speed: 4.3291s/iter; left time: 8480.7373s
	iters: 200, epoch: 4 | loss: 0.1805511 | Mem: 1028MB(Max:1172MB)
	speed: 0.1358s/iter; left time: 252.4888s
Epoch: 4 cost time: 38.641982316970825
Epoch: 4, Steps: 294 | Train Loss: 0.4061902 Vali Loss: 0.2789513 Test Loss: 0.3268384
Validation loss decreased (0.280362 --> 0.278951).  Saving model ...
Updating learning rate to 1.25e-05
	iters: 100, epoch: 5 | loss: 0.5841359 | Mem: 1028MB(Max:1172MB)
	speed: 4.2531s/iter; left time: 7081.4371s
	iters: 200, epoch: 5 | loss: 0.5812312 | Mem: 1028MB(Max:1172MB)
	speed: 0.1023s/iter; left time: 160.0722s
Epoch: 5 cost time: 34.66234230995178
Epoch: 5, Steps: 294 | Train Loss: 0.3988857 Vali Loss: 0.2765141 Test Loss: 0.3238518
Validation loss decreased (0.278951 --> 0.276514).  Saving model ...
Updating learning rate to 6.25e-06
	iters: 100, epoch: 6 | loss: 0.4180840 | Mem: 1028MB(Max:1172MB)
	speed: 4.6018s/iter; left time: 6309.1242s
	iters: 200, epoch: 6 | loss: 0.5429550 | Mem: 1028MB(Max:1172MB)
	speed: 0.1527s/iter; left time: 194.0490s
Epoch: 6 cost time: 46.67739415168762
Epoch: 6, Steps: 294 | Train Loss: 0.3948864 Vali Loss: 0.2790605 Test Loss: 0.3273107
EarlyStopping counter: 1 out of 3
Updating learning rate to 3.125e-06
	iters: 100, epoch: 7 | loss: 0.5684000 | Mem: 1028MB(Max:1172MB)
	speed: 4.7713s/iter; left time: 5138.7306s
	iters: 200, epoch: 7 | loss: 0.4576240 | Mem: 1028MB(Max:1172MB)
	speed: 0.1105s/iter; left time: 107.9153s
Epoch: 7 cost time: 33.847129583358765
Epoch: 7, Steps: 294 | Train Loss: 0.3926437 Vali Loss: 0.2800179 Test Loss: 0.3248207
EarlyStopping counter: 2 out of 3
Updating learning rate to 1.5625e-06
	iters: 100, epoch: 8 | loss: 0.4999979 | Mem: 1028MB(Max:1172MB)
	speed: 4.3979s/iter; left time: 3443.5762s
	iters: 200, epoch: 8 | loss: 0.6022742 | Mem: 1028MB(Max:1172MB)
	speed: 0.1053s/iter; left time: 71.9026s
Epoch: 8 cost time: 33.325714111328125
Epoch: 8, Steps: 294 | Train Loss: 0.3916655 Vali Loss: 0.2796657 Test Loss: 0.3280670
EarlyStopping counter: 3 out of 3
Early stopping
Updating learning rate to 7.8125e-07
	iters: 100, epoch: 9 | loss: 0.3127530 | Mem: 1028MB(Max:1172MB)
	speed: 4.3134s/iter; left time: 2109.2590s
	iters: 200, epoch: 9 | loss: 0.2776649 | Mem: 1028MB(Max:1172MB)
	speed: 0.1113s/iter; left time: 43.3025s
Epoch: 9 cost time: 33.03593873977661
Epoch: 9, Steps: 294 | Train Loss: 0.3910110 Vali Loss: 0.2788628 Test Loss: 0.3273737
EarlyStopping counter: 4 out of 3
Early stopping
Updating learning rate to 3.90625e-07
	iters: 100, epoch: 10 | loss: 0.5223970 | Mem: 1028MB(Max:1172MB)
	speed: 4.3915s/iter; left time: 856.3462s
	iters: 200, epoch: 10 | loss: 0.3142396 | Mem: 1028MB(Max:1172MB)
	speed: 0.1164s/iter; left time: 11.0611s
Epoch: 10 cost time: 33.36416935920715
Epoch: 10, Steps: 294 | Train Loss: 0.3901748 Vali Loss: 0.2791974 Test Loss: 0.3277513
EarlyStopping counter: 5 out of 3
Early stopping
Updating learning rate to 1.953125e-07
>>>>>>>testing : long_term_forecast_kdd_sub1_264_Informer_DYG_base_ftM_sl264_ll132_pl96_dm512_nh8_el2_dl1_df512_fc3_ebtimeF_dtTrue_Exp_0<<<<<<<<<<<<<<<<<<<<<<<<<<<<<<<<<
DYG_base
原始数据形状: (108051, 6)
Index(['Bacterial Density', 'Viscosity', 'Alcohol Addition', 'Reducing Sugar',
       'Non Reducing Suger'],
      dtype='object')
test 21515
test shape: (21515, 1, 96, 5) (21515, 1, 96, 5)
test shape: (21515, 96, 5) (21515, 96, 5)
mae:0.3488, mse:0.3238
(21515, 96, 5)
(21515, 96, 5)
