True
2.3.0
True
Args in experiment:
Namespace(activation='gelu', anomaly_ratio=0.25, batch_size=256, c_out=5, channel_independent=1, checkpoints='./checkpoints/', d_ff=512, d_layers=1, d_model=512, data='DYG_base', data_path='DYG_data_3_sub2.csv', dec_in=5, des='Exp', device_ids=[4, 5, 6, 7], devices='4,5,6,7', direction=[1, 1, 2, 0, 2], distil=True, dropout=0.1, e_layers=2, embed='timeF', enc_in=5, enc_out=5, factor=3, features='M', freq='h', gpu=4, inverse=False, is_training=1, itr=1, label_len=12, learning_rate=0.0001, loss='MSE', lradj='type1', mask_rate=0.25, model='Informer', model_id='kdd_sub2_24', moe_logits_init='{"0": [0.0, 0.0], "1": [5.0, -5.0], "2": [5.0, -5.0]}', moving_avg=25, n_heads=8, num_kernels=6, num_workers=10, output_attention=False, p_hidden_dims=[128, 128], p_hidden_layers=2, patience=3, pred_len=96, root_path='./data/DYG/KDD', seasonal_patterns='Monthly', seg_len=12, seq_len=24, target='r1', task_name='long_term_forecast', temp=1.0, top_k=5, train_epochs=10, use_amp=True, use_gpu=True, use_multi_gpu=True)
Use GPU: cuda:4
>>> Total Params: 6,597,637
>>> Trainable Params: 6,597,637
>>>>>>>start training : long_term_forecast_kdd_sub2_24_Informer_DYG_base_ftM_sl24_ll12_pl96_dm512_nh8_el2_dl1_df512_fc3_ebtimeF_dtTrue_Exp_0>>>>>>>>>>>>>>>>>>>>>>>>>>
DYG_base
原始数据形状: (108051, 6)
Index(['Viscosity', 'Chemical Efficiency', 'DO Value', 'pH Online',
       'Air Flow'],
      dtype='object')
train 75516
DYG_base
原始数据形状: (108051, 6)
Index(['Viscosity', 'Chemical Efficiency', 'DO Value', 'pH Online',
       'Air Flow'],
      dtype='object')
val 10711
DYG_base
原始数据形状: (108051, 6)
Index(['Viscosity', 'Chemical Efficiency', 'DO Value', 'pH Online',
       'Air Flow'],
      dtype='object')
test 21515
	iters: 100, epoch: 1 | loss: 0.5112682 | Mem: 341MB(Max:465MB)
	speed: 0.1496s/iter; left time: 425.1379s
	iters: 200, epoch: 1 | loss: 0.3927695 | Mem: 341MB(Max:465MB)
	speed: 0.1295s/iter; left time: 354.8849s
Epoch: 1 cost time: 40.0400915145874
Epoch: 1, Steps: 294 | Train Loss: 0.4796965 Vali Loss: 0.4015600 Test Loss: 3.8864503
Validation loss decreased (inf --> 0.401560).  Saving model ...
Updating learning rate to 0.0001
	iters: 100, epoch: 2 | loss: 0.4053924 | Mem: 349MB(Max:474MB)
	speed: 2.8012s/iter; left time: 7134.7217s
	iters: 200, epoch: 2 | loss: 0.3328029 | Mem: 349MB(Max:474MB)
	speed: 0.0889s/iter; left time: 217.5769s
Epoch: 2 cost time: 26.841164350509644
Epoch: 2, Steps: 294 | Train Loss: 0.3926284 Vali Loss: 0.3927351 Test Loss: 3.8398297
Validation loss decreased (0.401560 --> 0.392735).  Saving model ...
Updating learning rate to 5e-05
	iters: 100, epoch: 3 | loss: 0.3994632 | Mem: 349MB(Max:474MB)
	speed: 3.0641s/iter; left time: 6903.4785s
	iters: 200, epoch: 3 | loss: 0.4292381 | Mem: 349MB(Max:474MB)
	speed: 0.0918s/iter; left time: 197.5630s
Epoch: 3 cost time: 26.53181481361389
Epoch: 3, Steps: 294 | Train Loss: 0.3668284 Vali Loss: 0.3806335 Test Loss: 3.8379593
Validation loss decreased (0.392735 --> 0.380634).  Saving model ...
Updating learning rate to 2.5e-05
	iters: 100, epoch: 4 | loss: 0.3547155 | Mem: 349MB(Max:474MB)
	speed: 3.0922s/iter; left time: 6057.6829s
	iters: 200, epoch: 4 | loss: 0.3152708 | Mem: 349MB(Max:474MB)
	speed: 0.1054s/iter; left time: 195.9323s
Epoch: 4 cost time: 32.58418917655945
Epoch: 4, Steps: 294 | Train Loss: 0.3524512 Vali Loss: 0.3862322 Test Loss: 3.7975066
EarlyStopping counter: 1 out of 3
Updating learning rate to 1.25e-05
	iters: 100, epoch: 5 | loss: 0.3573953 | Mem: 349MB(Max:474MB)
	speed: 2.8433s/iter; left time: 4734.0746s
	iters: 200, epoch: 5 | loss: 0.3728711 | Mem: 349MB(Max:474MB)
	speed: 0.1077s/iter; left time: 168.5030s
Epoch: 5 cost time: 33.11962914466858
Epoch: 5, Steps: 294 | Train Loss: 0.3457183 Vali Loss: 0.3830841 Test Loss: 3.8366220
EarlyStopping counter: 2 out of 3
Updating learning rate to 6.25e-06
	iters: 100, epoch: 6 | loss: 0.3237515 | Mem: 349MB(Max:474MB)
	speed: 3.1817s/iter; left time: 4362.1627s
	iters: 200, epoch: 6 | loss: 0.3014656 | Mem: 349MB(Max:474MB)
	speed: 0.0894s/iter; left time: 113.6620s
Epoch: 6 cost time: 27.905375480651855
Epoch: 6, Steps: 294 | Train Loss: 0.3421720 Vali Loss: 0.3792908 Test Loss: 3.8242557
Validation loss decreased (0.380634 --> 0.379291).  Saving model ...
Updating learning rate to 3.125e-06
	iters: 100, epoch: 7 | loss: 0.3584257 | Mem: 349MB(Max:474MB)
	speed: 3.0119s/iter; left time: 3243.8632s
	iters: 200, epoch: 7 | loss: 0.3217708 | Mem: 349MB(Max:474MB)
	speed: 0.0885s/iter; left time: 86.4999s
Epoch: 7 cost time: 27.442038774490356
Epoch: 7, Steps: 294 | Train Loss: 0.3405184 Vali Loss: 0.3807268 Test Loss: 3.8185253
EarlyStopping counter: 1 out of 3
Updating learning rate to 1.5625e-06
	iters: 100, epoch: 8 | loss: 0.4207097 | Mem: 349MB(Max:474MB)
	speed: 2.9561s/iter; left time: 2314.6638s
	iters: 200, epoch: 8 | loss: 0.3291258 | Mem: 349MB(Max:474MB)
	speed: 0.1000s/iter; left time: 68.2924s
Epoch: 8 cost time: 29.761017084121704
Epoch: 8, Steps: 294 | Train Loss: 0.3392525 Vali Loss: 0.3804197 Test Loss: 3.8138907
EarlyStopping counter: 2 out of 3
Updating learning rate to 7.8125e-07
	iters: 100, epoch: 9 | loss: 0.3554576 | Mem: 349MB(Max:474MB)
	speed: 3.2502s/iter; left time: 1589.3326s
	iters: 200, epoch: 9 | loss: 0.3309765 | Mem: 349MB(Max:474MB)
	speed: 0.1068s/iter; left time: 41.5441s
Epoch: 9 cost time: 31.386343240737915
Epoch: 9, Steps: 294 | Train Loss: 0.3392599 Vali Loss: 0.3790458 Test Loss: 3.8097966
Validation loss decreased (0.379291 --> 0.379046).  Saving model ...
Updating learning rate to 3.90625e-07
	iters: 100, epoch: 10 | loss: 0.3077781 | Mem: 349MB(Max:474MB)
	speed: 2.9291s/iter; left time: 571.1710s
	iters: 200, epoch: 10 | loss: 0.3566410 | Mem: 349MB(Max:474MB)
	speed: 0.0832s/iter; left time: 7.9061s
Epoch: 10 cost time: 25.311152458190918
Epoch: 10, Steps: 294 | Train Loss: 0.3390557 Vali Loss: 0.3790336 Test Loss: 3.8141308
Validation loss decreased (0.379046 --> 0.379034).  Saving model ...
Updating learning rate to 1.953125e-07
>>>>>>>testing : long_term_forecast_kdd_sub2_24_Informer_DYG_base_ftM_sl24_ll12_pl96_dm512_nh8_el2_dl1_df512_fc3_ebtimeF_dtTrue_Exp_0<<<<<<<<<<<<<<<<<<<<<<<<<<<<<<<<<
DYG_base
原始数据形状: (108051, 6)
Index(['Viscosity', 'Chemical Efficiency', 'DO Value', 'pH Online',
       'Air Flow'],
      dtype='object')
test 21515
test shape: (21515, 1, 96, 5) (21515, 1, 96, 5)
test shape: (21515, 96, 5) (21515, 96, 5)
mae:0.4953, mse:3.8127
(21515, 96, 5)
(21515, 96, 5)
