True
2.3.0
True
Args in experiment:
Namespace(activation='gelu', anomaly_ratio=0.25, batch_size=256, c_out=5, channel_independent=1, checkpoints='./checkpoints/', d_ff=512, d_layers=1, d_model=512, data='DYG_base', data_path='DYG_data_3_sub2.csv', dec_in=5, des='Exp', device_ids=[4, 5, 6, 7], devices='4,5,6,7', direction=[1, 1, 2, 0, 2], distil=True, dropout=0.1, e_layers=2, embed='timeF', enc_in=5, enc_out=5, factor=3, features='M', freq='h', gpu=4, inverse=False, is_training=1, itr=1, label_len=132, learning_rate=0.0001, loss='MSE', lradj='type1', mask_rate=0.25, model='Informer', model_id='kdd_sub2_264', moe_logits_init='{"0": [0.0, 0.0], "1": [5.0, -5.0], "2": [5.0, -5.0]}', moving_avg=25, n_heads=8, num_kernels=6, num_workers=10, output_attention=False, p_hidden_dims=[128, 128], p_hidden_layers=2, patience=3, pred_len=96, root_path='./data/DYG/KDD', seasonal_patterns='Monthly', seg_len=12, seq_len=264, target='r1', task_name='long_term_forecast', temp=1.0, top_k=5, train_epochs=10, use_amp=True, use_gpu=True, use_multi_gpu=True)
Use GPU: cuda:4
>>> Total Params: 6,597,637
>>> Trainable Params: 6,597,637
>>>>>>>start training : long_term_forecast_kdd_sub2_264_Informer_DYG_base_ftM_sl264_ll132_pl96_dm512_nh8_el2_dl1_df512_fc3_ebtimeF_dtTrue_Exp_0>>>>>>>>>>>>>>>>>>>>>>>>>>
DYG_base
原始数据形状: (108051, 6)
Index(['Viscosity', 'Chemical Efficiency', 'DO Value', 'pH Online',
       'Air Flow'],
      dtype='object')
train 75276
DYG_base
原始数据形状: (108051, 6)
Index(['Viscosity', 'Chemical Efficiency', 'DO Value', 'pH Online',
       'Air Flow'],
      dtype='object')
val 10711
DYG_base
原始数据形状: (108051, 6)
Index(['Viscosity', 'Chemical Efficiency', 'DO Value', 'pH Online',
       'Air Flow'],
      dtype='object')
test 21515
	iters: 100, epoch: 1 | loss: 0.4721813 | Mem: 1019MB(Max:1163MB)
	speed: 0.1609s/iter; left time: 457.0895s
	iters: 200, epoch: 1 | loss: 0.5587921 | Mem: 1019MB(Max:1163MB)
	speed: 0.1167s/iter; left time: 319.9185s
Epoch: 1 cost time: 38.72189736366272
Epoch: 1, Steps: 294 | Train Loss: 0.5408710 Vali Loss: 0.4633730 Test Loss: 4.1601400
Validation loss decreased (inf --> 0.463373).  Saving model ...
Updating learning rate to 0.0001
	iters: 100, epoch: 2 | loss: 0.4453148 | Mem: 1028MB(Max:1172MB)
	speed: 4.5649s/iter; left time: 11626.8939s
	iters: 200, epoch: 2 | loss: 0.3506763 | Mem: 1028MB(Max:1172MB)
	speed: 0.1379s/iter; left time: 337.4807s
Epoch: 2 cost time: 39.542248487472534
Epoch: 2, Steps: 294 | Train Loss: 0.4081549 Vali Loss: 0.4393366 Test Loss: 4.0821033
Validation loss decreased (0.463373 --> 0.439337).  Saving model ...
Updating learning rate to 5e-05
	iters: 100, epoch: 3 | loss: 0.3684476 | Mem: 1028MB(Max:1172MB)
	speed: 4.6305s/iter; left time: 10432.5052s
	iters: 200, epoch: 3 | loss: 0.3428028 | Mem: 1028MB(Max:1172MB)
	speed: 0.1450s/iter; left time: 312.2204s
Epoch: 3 cost time: 41.61396932601929
Epoch: 3, Steps: 294 | Train Loss: 0.3605237 Vali Loss: 0.4226532 Test Loss: 4.1387067
Validation loss decreased (0.439337 --> 0.422653).  Saving model ...
Updating learning rate to 2.5e-05
	iters: 100, epoch: 4 | loss: 0.3119555 | Mem: 1028MB(Max:1172MB)
	speed: 4.6404s/iter; left time: 9090.5134s
	iters: 200, epoch: 4 | loss: 0.3093373 | Mem: 1028MB(Max:1172MB)
	speed: 0.1381s/iter; left time: 256.7108s
Epoch: 4 cost time: 43.04345655441284
Epoch: 4, Steps: 294 | Train Loss: 0.3385701 Vali Loss: 0.4148978 Test Loss: 4.2018170
Validation loss decreased (0.422653 --> 0.414898).  Saving model ...
Updating learning rate to 1.25e-05
	iters: 100, epoch: 5 | loss: 0.3187145 | Mem: 1028MB(Max:1172MB)
	speed: 4.6794s/iter; left time: 7791.2593s
	iters: 200, epoch: 5 | loss: 0.3199339 | Mem: 1028MB(Max:1172MB)
	speed: 0.1133s/iter; left time: 177.2956s
Epoch: 5 cost time: 34.395981311798096
Epoch: 5, Steps: 294 | Train Loss: 0.3289995 Vali Loss: 0.4160216 Test Loss: 4.2305198
EarlyStopping counter: 1 out of 3
Updating learning rate to 6.25e-06
	iters: 100, epoch: 6 | loss: 0.3277001 | Mem: 1028MB(Max:1172MB)
	speed: 4.3314s/iter; left time: 5938.3339s
	iters: 200, epoch: 6 | loss: 0.3238807 | Mem: 1028MB(Max:1172MB)
	speed: 0.1050s/iter; left time: 133.4910s
Epoch: 6 cost time: 33.48152542114258
Epoch: 6, Steps: 294 | Train Loss: 0.3245163 Vali Loss: 0.4161992 Test Loss: 4.2375841
EarlyStopping counter: 2 out of 3
Updating learning rate to 3.125e-06
	iters: 100, epoch: 7 | loss: 0.3014311 | Mem: 1028MB(Max:1172MB)
	speed: 4.0274s/iter; left time: 4337.5221s
	iters: 200, epoch: 7 | loss: 0.3141963 | Mem: 1028MB(Max:1172MB)
	speed: 0.0835s/iter; left time: 81.5832s
Epoch: 7 cost time: 26.34820318222046
Epoch: 7, Steps: 294 | Train Loss: 0.3218600 Vali Loss: 0.4174766 Test Loss: 4.2236829
EarlyStopping counter: 3 out of 3
Early stopping
Updating learning rate to 1.5625e-06
	iters: 100, epoch: 8 | loss: 0.3299212 | Mem: 1028MB(Max:1172MB)
	speed: 3.8328s/iter; left time: 3001.0512s
	iters: 200, epoch: 8 | loss: 0.3164672 | Mem: 1028MB(Max:1172MB)
	speed: 0.0884s/iter; left time: 60.3877s
Epoch: 8 cost time: 26.336334466934204
Epoch: 8, Steps: 294 | Train Loss: 0.3209099 Vali Loss: 0.4168498 Test Loss: 4.2413716
EarlyStopping counter: 4 out of 3
Early stopping
Updating learning rate to 7.8125e-07
	iters: 100, epoch: 9 | loss: 0.2930943 | Mem: 1028MB(Max:1172MB)
	speed: 3.9191s/iter; left time: 1916.4576s
	iters: 200, epoch: 9 | loss: 0.2933602 | Mem: 1028MB(Max:1172MB)
	speed: 0.0815s/iter; left time: 31.7160s
Epoch: 9 cost time: 26.00699234008789
Epoch: 9, Steps: 294 | Train Loss: 0.3201849 Vali Loss: 0.4168275 Test Loss: 4.2344060
EarlyStopping counter: 5 out of 3
Early stopping
Updating learning rate to 3.90625e-07
	iters: 100, epoch: 10 | loss: 0.3186115 | Mem: 1028MB(Max:1172MB)
	speed: 3.8139s/iter; left time: 743.7034s
	iters: 200, epoch: 10 | loss: 0.2904223 | Mem: 1028MB(Max:1172MB)
	speed: 0.0880s/iter; left time: 8.3603s
Epoch: 10 cost time: 27.09242844581604
Epoch: 10, Steps: 294 | Train Loss: 0.3197350 Vali Loss: 0.4170332 Test Loss: 4.2282300
EarlyStopping counter: 6 out of 3
Early stopping
Updating learning rate to 1.953125e-07
>>>>>>>testing : long_term_forecast_kdd_sub2_264_Informer_DYG_base_ftM_sl264_ll132_pl96_dm512_nh8_el2_dl1_df512_fc3_ebtimeF_dtTrue_Exp_0<<<<<<<<<<<<<<<<<<<<<<<<<<<<<<<<<
DYG_base
原始数据形状: (108051, 6)
Index(['Viscosity', 'Chemical Efficiency', 'DO Value', 'pH Online',
       'Air Flow'],
      dtype='object')
test 21515
test shape: (21515, 1, 96, 5) (21515, 1, 96, 5)
test shape: (21515, 96, 5) (21515, 96, 5)
mae:0.5577, mse:4.2010
(21515, 96, 5)
(21515, 96, 5)
