True
2.3.0
True
Args in experiment:
Namespace(activation='gelu', anomaly_ratio=0.25, batch_size=256, c_out=5, channel_independent=1, checkpoints='./checkpoints/', d_ff=512, d_layers=1, d_model=512, data='DYG_base', data_path='DYG_data_3_sub2.csv', dec_in=5, des='Exp', device_ids=[4, 5, 6, 7], devices='4,5,6,7', direction=[1, 1, 2, 0, 2], distil=True, dropout=0.1, e_layers=2, embed='timeF', enc_in=5, enc_out=5, factor=3, features='M', freq='h', gpu=4, inverse=False, is_training=1, itr=1, label_len=132, learning_rate=0.0001, loss='MSE', lradj='type1', mask_rate=0.25, model='LightTS', model_id='kdd_sub2_264', moe_logits_init='{"0": [0.0, 0.0], "1": [5.0, -5.0], "2": [5.0, -5.0]}', moving_avg=25, n_heads=8, num_kernels=6, num_workers=10, output_attention=False, p_hidden_dims=[128, 128], p_hidden_layers=2, patience=3, pred_len=96, root_path='./data/DYG/KDD', seasonal_patterns='Monthly', seg_len=12, seq_len=264, target='r1', task_name='long_term_forecast', temp=1.0, top_k=5, train_epochs=10, use_amp=True, use_gpu=True, use_multi_gpu=True)
Use GPU: cuda:4
>>> Total Params: 137,342
>>> Trainable Params: 137,342
>>>>>>>start training : long_term_forecast_kdd_sub2_264_LightTS_DYG_base_ftM_sl264_ll132_pl96_dm512_nh8_el2_dl1_df512_fc3_ebtimeF_dtTrue_Exp_0>>>>>>>>>>>>>>>>>>>>>>>>>>
DYG_base
原始数据形状: (108051, 6)
Index(['Viscosity', 'Chemical Efficiency', 'DO Value', 'pH Online',
       'Air Flow'],
      dtype='object')
train 75276
DYG_base
原始数据形状: (108051, 6)
Index(['Viscosity', 'Chemical Efficiency', 'DO Value', 'pH Online',
       'Air Flow'],
      dtype='object')
val 10711
DYG_base
原始数据形状: (108051, 6)
Index(['Viscosity', 'Chemical Efficiency', 'DO Value', 'pH Online',
       'Air Flow'],
      dtype='object')
test 21515
	iters: 100, epoch: 1 | loss: 0.6431710 | Mem: 32MB(Max:35MB)
	speed: 0.0524s/iter; left time: 148.9704s
	iters: 200, epoch: 1 | loss: 0.5330665 | Mem: 32MB(Max:35MB)
	speed: 0.0308s/iter; left time: 84.3706s
Epoch: 1 cost time: 11.285489559173584
Epoch: 1, Steps: 294 | Train Loss: 0.6896566 Vali Loss: 0.5785608 Test Loss: 3.8616471
Validation loss decreased (inf --> 0.578561).  Saving model ...
Updating learning rate to 0.0001
	iters: 100, epoch: 2 | loss: 0.4760333 | Mem: 40MB(Max:43MB)
	speed: 0.7432s/iter; left time: 1892.9855s
	iters: 200, epoch: 2 | loss: 0.4480711 | Mem: 40MB(Max:43MB)
	speed: 0.0387s/iter; left time: 94.7039s
Epoch: 2 cost time: 11.200432300567627
Epoch: 2, Steps: 294 | Train Loss: 0.5027417 Vali Loss: 0.5428790 Test Loss: 3.7469051
Validation loss decreased (0.578561 --> 0.542879).  Saving model ...
Updating learning rate to 5e-05
	iters: 100, epoch: 3 | loss: 0.4730842 | Mem: 40MB(Max:43MB)
	speed: 0.7564s/iter; left time: 1704.0840s
	iters: 200, epoch: 3 | loss: 0.6163444 | Mem: 40MB(Max:43MB)
	speed: 0.0256s/iter; left time: 55.1165s
Epoch: 3 cost time: 8.395215272903442
Epoch: 3, Steps: 294 | Train Loss: 0.4758540 Vali Loss: 0.5333395 Test Loss: 3.8000603
Validation loss decreased (0.542879 --> 0.533340).  Saving model ...
Updating learning rate to 2.5e-05
	iters: 100, epoch: 4 | loss: 0.6003863 | Mem: 40MB(Max:43MB)
	speed: 0.7921s/iter; left time: 1551.6625s
	iters: 200, epoch: 4 | loss: 0.4420172 | Mem: 40MB(Max:43MB)
	speed: 0.0378s/iter; left time: 70.2230s
Epoch: 4 cost time: 11.28762173652649
Epoch: 4, Steps: 294 | Train Loss: 0.4671650 Vali Loss: 0.5274342 Test Loss: 3.8461556
Validation loss decreased (0.533340 --> 0.527434).  Saving model ...
Updating learning rate to 1.25e-05
	iters: 100, epoch: 5 | loss: 0.4811195 | Mem: 40MB(Max:43MB)
	speed: 0.7671s/iter; left time: 1277.2627s
	iters: 200, epoch: 5 | loss: 0.4636408 | Mem: 40MB(Max:43MB)
	speed: 0.0329s/iter; left time: 51.4472s
Epoch: 5 cost time: 10.33608365058899
Epoch: 5, Steps: 294 | Train Loss: 0.4631001 Vali Loss: 0.5230470 Test Loss: 3.8684156
Validation loss decreased (0.527434 --> 0.523047).  Saving model ...
Updating learning rate to 6.25e-06
	iters: 100, epoch: 6 | loss: 0.3854535 | Mem: 40MB(Max:43MB)
	speed: 0.7569s/iter; left time: 1037.7496s
	iters: 200, epoch: 6 | loss: 0.4332011 | Mem: 40MB(Max:43MB)
	speed: 0.0319s/iter; left time: 40.5832s
Epoch: 6 cost time: 9.34989857673645
Epoch: 6, Steps: 294 | Train Loss: 0.4611855 Vali Loss: 0.5227985 Test Loss: 3.8796535
Validation loss decreased (0.523047 --> 0.522798).  Saving model ...
Updating learning rate to 3.125e-06
	iters: 100, epoch: 7 | loss: 0.4092459 | Mem: 40MB(Max:43MB)
	speed: 0.7810s/iter; left time: 841.1487s
	iters: 200, epoch: 7 | loss: 0.4106119 | Mem: 40MB(Max:43MB)
	speed: 0.0289s/iter; left time: 28.2804s
Epoch: 7 cost time: 8.486772298812866
Epoch: 7, Steps: 294 | Train Loss: 0.4601686 Vali Loss: 0.5227752 Test Loss: 3.8842828
Validation loss decreased (0.522798 --> 0.522775).  Saving model ...
Updating learning rate to 1.5625e-06
	iters: 100, epoch: 8 | loss: 0.4114900 | Mem: 40MB(Max:43MB)
	speed: 0.8032s/iter; left time: 628.8956s
	iters: 200, epoch: 8 | loss: 0.4196074 | Mem: 40MB(Max:43MB)
	speed: 0.0323s/iter; left time: 22.0465s
Epoch: 8 cost time: 9.858011960983276
Epoch: 8, Steps: 294 | Train Loss: 0.4596186 Vali Loss: 0.5202405 Test Loss: 3.8871560
Validation loss decreased (0.522775 --> 0.520240).  Saving model ...
Updating learning rate to 7.8125e-07
	iters: 100, epoch: 9 | loss: 0.5699056 | Mem: 40MB(Max:43MB)
	speed: 0.7657s/iter; left time: 374.4506s
	iters: 200, epoch: 9 | loss: 0.4723288 | Mem: 40MB(Max:43MB)
	speed: 0.0355s/iter; left time: 13.8240s
Epoch: 9 cost time: 11.030027151107788
Epoch: 9, Steps: 294 | Train Loss: 0.4594196 Vali Loss: 0.5216110 Test Loss: 3.8872931
EarlyStopping counter: 1 out of 3
Updating learning rate to 3.90625e-07
	iters: 100, epoch: 10 | loss: 0.4186765 | Mem: 40MB(Max:43MB)
	speed: 0.7500s/iter; left time: 146.2556s
	iters: 200, epoch: 10 | loss: 0.4235154 | Mem: 40MB(Max:43MB)
	speed: 0.0257s/iter; left time: 2.4409s
Epoch: 10 cost time: 8.26672101020813
Epoch: 10, Steps: 294 | Train Loss: 0.4592900 Vali Loss: 0.5210996 Test Loss: 3.8882644
EarlyStopping counter: 2 out of 3
Updating learning rate to 1.953125e-07
>>>>>>>testing : long_term_forecast_kdd_sub2_264_LightTS_DYG_base_ftM_sl264_ll132_pl96_dm512_nh8_el2_dl1_df512_fc3_ebtimeF_dtTrue_Exp_0<<<<<<<<<<<<<<<<<<<<<<<<<<<<<<<<<
DYG_base
原始数据形状: (108051, 6)
Index(['Viscosity', 'Chemical Efficiency', 'DO Value', 'pH Online',
       'Air Flow'],
      dtype='object')
test 21515
test shape: (21515, 1, 96, 5) (21515, 1, 96, 5)
test shape: (21515, 96, 5) (21515, 96, 5)
mae:0.5549, mse:3.8872
(21515, 96, 5)
(21515, 96, 5)
