True
2.3.0
True
Args in experiment:
Namespace(activation='gelu', anomaly_ratio=0.25, batch_size=256, c_out=5, channel_independent=1, checkpoints='./checkpoints/', d_ff=512, d_layers=1, d_model=512, data='DYG_base', data_path='DYG_data_3_sub3.csv', dec_in=5, des='Exp', device_ids=[4, 5, 6, 7], devices='4,5,6,7', direction=[0, 0, 0, 1, 1], distil=True, dropout=0.1, e_layers=2, embed='timeF', enc_in=5, enc_out=5, factor=3, features='M', freq='h', gpu=4, inverse=False, is_training=1, itr=1, label_len=12, learning_rate=0.0001, loss='MSE', lradj='type1', mask_rate=0.25, model='LightTS', model_id='kdd_sub3_24', moe_logits_init='{"0": [3.0, -3.0], "1": [0.0, 0.0]}', moving_avg=25, n_heads=8, num_kernels=6, num_workers=10, output_attention=False, p_hidden_dims=[128, 128], p_hidden_layers=2, patience=3, pred_len=96, root_path='./data/DYG/KDD', seasonal_patterns='Monthly', seg_len=12, seq_len=24, target='r1', task_name='long_term_forecast', temp=1.0, top_k=5, train_epochs=10, use_amp=True, use_gpu=True, use_multi_gpu=True)
Use GPU: cuda:4
>>> Total Params: 114,022
>>> Trainable Params: 114,022
>>>>>>>start training : long_term_forecast_kdd_sub3_24_LightTS_DYG_base_ftM_sl24_ll12_pl96_dm512_nh8_el2_dl1_df512_fc3_ebtimeF_dtTrue_Exp_0>>>>>>>>>>>>>>>>>>>>>>>>>>
DYG_base
原始数据形状: (108051, 6)
Index(['Bacterial Density', 'Viscosity', 'Chemical Efficiency', 'pH Online',
       'Total Sugar'],
      dtype='object')
train 75516
DYG_base
原始数据形状: (108051, 6)
Index(['Bacterial Density', 'Viscosity', 'Chemical Efficiency', 'pH Online',
       'Total Sugar'],
      dtype='object')
val 10711
DYG_base
原始数据形状: (108051, 6)
Index(['Bacterial Density', 'Viscosity', 'Chemical Efficiency', 'pH Online',
       'Total Sugar'],
      dtype='object')
test 21515
	iters: 100, epoch: 1 | loss: 1.1647478 | Mem: 22MB(Max:23MB)
	speed: 0.0422s/iter; left time: 119.9584s
	iters: 200, epoch: 1 | loss: 0.9158725 | Mem: 22MB(Max:23MB)
	speed: 0.0233s/iter; left time: 63.8464s
Epoch: 1 cost time: 8.668821334838867
Epoch: 1, Steps: 294 | Train Loss: 0.9499630 Vali Loss: 0.4908296 Test Loss: 4.0532188
Validation loss decreased (inf --> 0.490830).  Saving model ...
Updating learning rate to 0.0001
	iters: 100, epoch: 2 | loss: 0.7038655 | Mem: 30MB(Max:31MB)
	speed: 0.7245s/iter; left time: 1845.2477s
	iters: 200, epoch: 2 | loss: 0.9842365 | Mem: 30MB(Max:31MB)
	speed: 0.0223s/iter; left time: 54.5592s
Epoch: 2 cost time: 6.989510536193848
Epoch: 2, Steps: 294 | Train Loss: 0.7561510 Vali Loss: 0.4485552 Test Loss: 3.6462424
Validation loss decreased (0.490830 --> 0.448555).  Saving model ...
Updating learning rate to 5e-05
	iters: 100, epoch: 3 | loss: 0.6323722 | Mem: 30MB(Max:32MB)
	speed: 0.7535s/iter; left time: 1697.6612s
	iters: 200, epoch: 3 | loss: 0.6335580 | Mem: 30MB(Max:32MB)
	speed: 0.0211s/iter; left time: 45.3503s
Epoch: 3 cost time: 6.707224130630493
Epoch: 3, Steps: 294 | Train Loss: 0.7187425 Vali Loss: 0.4368203 Test Loss: 3.7652237
Validation loss decreased (0.448555 --> 0.436820).  Saving model ...
Updating learning rate to 2.5e-05
	iters: 100, epoch: 4 | loss: 0.5267264 | Mem: 30MB(Max:32MB)
	speed: 0.7305s/iter; left time: 1431.0003s
	iters: 200, epoch: 4 | loss: 0.8789287 | Mem: 30MB(Max:32MB)
	speed: 0.0271s/iter; left time: 50.4698s
Epoch: 4 cost time: 8.106669187545776
Epoch: 4, Steps: 294 | Train Loss: 0.7074976 Vali Loss: 0.4318416 Test Loss: 3.8677936
Validation loss decreased (0.436820 --> 0.431842).  Saving model ...
Updating learning rate to 1.25e-05
	iters: 100, epoch: 5 | loss: 1.0374346 | Mem: 30MB(Max:32MB)
	speed: 0.7747s/iter; left time: 1289.8162s
	iters: 200, epoch: 5 | loss: 0.5422748 | Mem: 30MB(Max:32MB)
	speed: 0.0228s/iter; left time: 35.7230s
Epoch: 5 cost time: 7.508517742156982
Epoch: 5, Steps: 294 | Train Loss: 0.7015177 Vali Loss: 0.4304805 Test Loss: 3.9186239
Validation loss decreased (0.431842 --> 0.430481).  Saving model ...
Updating learning rate to 6.25e-06
	iters: 100, epoch: 6 | loss: 0.5585882 | Mem: 30MB(Max:32MB)
	speed: 0.7596s/iter; left time: 1041.3670s
	iters: 200, epoch: 6 | loss: 0.6452593 | Mem: 30MB(Max:32MB)
	speed: 0.0227s/iter; left time: 28.8218s
Epoch: 6 cost time: 6.591726064682007
Epoch: 6, Steps: 294 | Train Loss: 0.6983987 Vali Loss: 0.4281580 Test Loss: 3.9464011
Validation loss decreased (0.430481 --> 0.428158).  Saving model ...
Updating learning rate to 3.125e-06
	iters: 100, epoch: 7 | loss: 0.4682619 | Mem: 30MB(Max:32MB)
	speed: 0.7036s/iter; left time: 757.7243s
	iters: 200, epoch: 7 | loss: 0.6792470 | Mem: 30MB(Max:32MB)
	speed: 0.0249s/iter; left time: 24.3555s
Epoch: 7 cost time: 7.448165416717529
Epoch: 7, Steps: 294 | Train Loss: 0.6973738 Vali Loss: 0.4282673 Test Loss: 3.9581971
EarlyStopping counter: 1 out of 3
Updating learning rate to 1.5625e-06
	iters: 100, epoch: 8 | loss: 0.8005518 | Mem: 30MB(Max:32MB)
	speed: 0.7344s/iter; left time: 575.0019s
	iters: 200, epoch: 8 | loss: 0.6104006 | Mem: 30MB(Max:32MB)
	speed: 0.0239s/iter; left time: 16.3366s
Epoch: 8 cost time: 7.505549907684326
Epoch: 8, Steps: 294 | Train Loss: 0.6975375 Vali Loss: 0.4275474 Test Loss: 3.9702058
Validation loss decreased (0.428158 --> 0.427547).  Saving model ...
Updating learning rate to 7.8125e-07
	iters: 100, epoch: 9 | loss: 0.5961824 | Mem: 30MB(Max:32MB)
	speed: 0.7499s/iter; left time: 366.6996s
	iters: 200, epoch: 9 | loss: 0.8016834 | Mem: 30MB(Max:32MB)
	speed: 0.0295s/iter; left time: 11.4811s
Epoch: 9 cost time: 8.207248449325562
Epoch: 9, Steps: 294 | Train Loss: 0.6963008 Vali Loss: 0.4272535 Test Loss: 3.9730608
Validation loss decreased (0.427547 --> 0.427253).  Saving model ...
Updating learning rate to 3.90625e-07
	iters: 100, epoch: 10 | loss: 0.8166733 | Mem: 30MB(Max:32MB)
	speed: 0.7665s/iter; left time: 149.4603s
	iters: 200, epoch: 10 | loss: 0.9474680 | Mem: 30MB(Max:32MB)
	speed: 0.0296s/iter; left time: 2.8090s
Epoch: 10 cost time: 8.397100925445557
Epoch: 10, Steps: 294 | Train Loss: 0.6962913 Vali Loss: 0.4271150 Test Loss: 3.9745820
Validation loss decreased (0.427253 --> 0.427115).  Saving model ...
Updating learning rate to 1.953125e-07
>>>>>>>testing : long_term_forecast_kdd_sub3_24_LightTS_DYG_base_ftM_sl24_ll12_pl96_dm512_nh8_el2_dl1_df512_fc3_ebtimeF_dtTrue_Exp_0<<<<<<<<<<<<<<<<<<<<<<<<<<<<<<<<<
DYG_base
原始数据形状: (108051, 6)
Index(['Bacterial Density', 'Viscosity', 'Chemical Efficiency', 'pH Online',
       'Total Sugar'],
      dtype='object')
test 21515
test shape: (21515, 1, 96, 5) (21515, 1, 96, 5)
test shape: (21515, 96, 5) (21515, 96, 5)
mae:0.6007, mse:3.9746
(21515, 96, 5)
(21515, 96, 5)
