True
2.3.0
True
Args in experiment:
Namespace(activation='gelu', anomaly_ratio=0.25, batch_size=256, c_out=5, channel_independent=1, checkpoints='./checkpoints/', d_ff=512, d_layers=1, d_model=512, data='DYG_base', data_path='DYG_data_3_sub1.csv', dec_in=5, des='Exp', device_ids=[4, 5, 6, 7], devices='4,5,6,7', direction=[1, 1, 2, 0, 0], distil=True, dropout=0.1, e_layers=2, embed='timeF', enc_in=5, enc_out=5, factor=3, features='M', freq='h', gpu=4, inverse=False, is_training=1, itr=1, label_len=12, learning_rate=0.0001, loss='MSE', lradj='type1', mask_rate=0.25, model='LightTS', model_id='kdd_sub1_24', moe_logits_init='{"0": [5.0, -5.0], "1": [0.0, 0.0], "2": [5.0, -5.0]}', moving_avg=25, n_heads=8, num_kernels=6, num_workers=10, output_attention=False, p_hidden_dims=[128, 128], p_hidden_layers=2, patience=3, pred_len=96, root_path='./data/DYG/KDD', seasonal_patterns='Monthly', seg_len=12, seq_len=24, target='r1', task_name='long_term_forecast', temp=1.0, top_k=5, train_epochs=10, use_amp=True, use_gpu=True, use_multi_gpu=True)
Use GPU: cuda:4
>>> Total Params: 114,022
>>> Trainable Params: 114,022
>>>>>>>start training : long_term_forecast_kdd_sub1_24_LightTS_DYG_base_ftM_sl24_ll12_pl96_dm512_nh8_el2_dl1_df512_fc3_ebtimeF_dtTrue_Exp_0>>>>>>>>>>>>>>>>>>>>>>>>>>
DYG_base
原始数据形状: (108051, 6)
Index(['Bacterial Density', 'Viscosity', 'Alcohol Addition', 'Reducing Sugar',
       'Non Reducing Suger'],
      dtype='object')
train 75516
DYG_base
原始数据形状: (108051, 6)
Index(['Bacterial Density', 'Viscosity', 'Alcohol Addition', 'Reducing Sugar',
       'Non Reducing Suger'],
      dtype='object')
val 10711
DYG_base
原始数据形状: (108051, 6)
Index(['Bacterial Density', 'Viscosity', 'Alcohol Addition', 'Reducing Sugar',
       'Non Reducing Suger'],
      dtype='object')
test 21515
	iters: 100, epoch: 1 | loss: 0.9532093 | Mem: 22MB(Max:23MB)
	speed: 0.0756s/iter; left time: 214.8464s
	iters: 200, epoch: 1 | loss: 0.9309171 | Mem: 22MB(Max:23MB)
	speed: 0.0502s/iter; left time: 137.6170s
Epoch: 1 cost time: 17.460415363311768
Epoch: 1, Steps: 294 | Train Loss: 0.9047481 Vali Loss: 0.4697565 Test Loss: 0.5715021
Validation loss decreased (inf --> 0.469756).  Saving model ...
Updating learning rate to 0.0001
	iters: 100, epoch: 2 | loss: 0.7199765 | Mem: 30MB(Max:31MB)
	speed: 0.9987s/iter; left time: 2543.6321s
	iters: 200, epoch: 2 | loss: 0.9968379 | Mem: 30MB(Max:31MB)
	speed: 0.0422s/iter; left time: 103.2449s
Epoch: 2 cost time: 13.57166862487793
Epoch: 2, Steps: 294 | Train Loss: 0.7054310 Vali Loss: 0.4363889 Test Loss: 0.5393174
Validation loss decreased (0.469756 --> 0.436389).  Saving model ...
Updating learning rate to 5e-05
	iters: 100, epoch: 3 | loss: 0.4946126 | Mem: 30MB(Max:32MB)
	speed: 1.0015s/iter; left time: 2256.4521s
	iters: 200, epoch: 3 | loss: 0.6215138 | Mem: 30MB(Max:32MB)
	speed: 0.0374s/iter; left time: 80.5889s
Epoch: 3 cost time: 11.223935604095459
Epoch: 3, Steps: 294 | Train Loss: 0.6768156 Vali Loss: 0.4268468 Test Loss: 0.5258274
Validation loss decreased (0.436389 --> 0.426847).  Saving model ...
Updating learning rate to 2.5e-05
	iters: 100, epoch: 4 | loss: 0.5494800 | Mem: 30MB(Max:32MB)
	speed: 0.9460s/iter; left time: 1853.1987s
	iters: 200, epoch: 4 | loss: 0.7922511 | Mem: 30MB(Max:32MB)
	speed: 0.0407s/iter; left time: 75.6447s
Epoch: 4 cost time: 12.39568281173706
Epoch: 4, Steps: 294 | Train Loss: 0.6669881 Vali Loss: 0.4226840 Test Loss: 0.5184374
Validation loss decreased (0.426847 --> 0.422684).  Saving model ...
Updating learning rate to 1.25e-05
	iters: 100, epoch: 5 | loss: 0.8776602 | Mem: 30MB(Max:32MB)
	speed: 0.9979s/iter; left time: 1661.4249s
	iters: 200, epoch: 5 | loss: 0.5556032 | Mem: 30MB(Max:32MB)
	speed: 0.0425s/iter; left time: 66.4958s
Epoch: 5 cost time: 12.668899059295654
Epoch: 5, Steps: 294 | Train Loss: 0.6616592 Vali Loss: 0.4207821 Test Loss: 0.5159917
Validation loss decreased (0.422684 --> 0.420782).  Saving model ...
Updating learning rate to 6.25e-06
	iters: 100, epoch: 6 | loss: 0.5761745 | Mem: 30MB(Max:32MB)
	speed: 0.9552s/iter; left time: 1309.5756s
	iters: 200, epoch: 6 | loss: 0.6129009 | Mem: 30MB(Max:32MB)
	speed: 0.0388s/iter; left time: 49.3508s
Epoch: 6 cost time: 12.380579710006714
Epoch: 6, Steps: 294 | Train Loss: 0.6589786 Vali Loss: 0.4189087 Test Loss: 0.5150458
Validation loss decreased (0.420782 --> 0.418909).  Saving model ...
Updating learning rate to 3.125e-06
	iters: 100, epoch: 7 | loss: 0.4540076 | Mem: 30MB(Max:32MB)
	speed: 0.9697s/iter; left time: 1044.4122s
	iters: 200, epoch: 7 | loss: 0.6766689 | Mem: 30MB(Max:32MB)
	speed: 0.0407s/iter; left time: 39.8039s
Epoch: 7 cost time: 12.863472700119019
Epoch: 7, Steps: 294 | Train Loss: 0.6579405 Vali Loss: 0.4199977 Test Loss: 0.5132679
EarlyStopping counter: 1 out of 3
Updating learning rate to 1.5625e-06
	iters: 100, epoch: 8 | loss: 0.6837343 | Mem: 30MB(Max:32MB)
	speed: 1.0268s/iter; left time: 803.9698s
	iters: 200, epoch: 8 | loss: 0.5828553 | Mem: 30MB(Max:32MB)
	speed: 0.0472s/iter; left time: 32.2114s
Epoch: 8 cost time: 14.431477546691895
Epoch: 8, Steps: 294 | Train Loss: 0.6580628 Vali Loss: 0.4192072 Test Loss: 0.5132502
EarlyStopping counter: 2 out of 3
Updating learning rate to 7.8125e-07
	iters: 100, epoch: 9 | loss: 0.5819195 | Mem: 30MB(Max:32MB)
	speed: 1.1095s/iter; left time: 542.5560s
	iters: 200, epoch: 9 | loss: 0.7740812 | Mem: 30MB(Max:32MB)
	speed: 0.0478s/iter; left time: 18.6112s
Epoch: 9 cost time: 15.29545521736145
Epoch: 9, Steps: 294 | Train Loss: 0.6569026 Vali Loss: 0.4187017 Test Loss: 0.5131940
Validation loss decreased (0.418909 --> 0.418702).  Saving model ...
Updating learning rate to 3.90625e-07
	iters: 100, epoch: 10 | loss: 0.7039490 | Mem: 30MB(Max:32MB)
	speed: 1.0525s/iter; left time: 205.2440s
	iters: 200, epoch: 10 | loss: 1.0087212 | Mem: 30MB(Max:32MB)
	speed: 0.0598s/iter; left time: 5.6839s
Epoch: 10 cost time: 18.296005249023438
Epoch: 10, Steps: 294 | Train Loss: 0.6568564 Vali Loss: 0.4185304 Test Loss: 0.5130112
Validation loss decreased (0.418702 --> 0.418530).  Saving model ...
Updating learning rate to 1.953125e-07
>>>>>>>testing : long_term_forecast_kdd_sub1_24_LightTS_DYG_base_ftM_sl24_ll12_pl96_dm512_nh8_el2_dl1_df512_fc3_ebtimeF_dtTrue_Exp_0<<<<<<<<<<<<<<<<<<<<<<<<<<<<<<<<<
DYG_base
原始数据形状: (108051, 6)
Index(['Bacterial Density', 'Viscosity', 'Alcohol Addition', 'Reducing Sugar',
       'Non Reducing Suger'],
      dtype='object')
test 21515
test shape: (21515, 1, 96, 5) (21515, 1, 96, 5)
test shape: (21515, 96, 5) (21515, 96, 5)
mae:0.5034, mse:0.5130
(21515, 96, 5)
(21515, 96, 5)
