True
2.3.0
True
Args in experiment:
Namespace(activation='gelu', anomaly_ratio=0.25, batch_size=512, c_out=5, channel_independent=1, checkpoints='./checkpoints/', d_ff=512, d_layers=1, d_model=512, data='DYG_base', data_path='DYG_data_3_sub3.csv', dec_in=5, des='Exp', device_ids=[0, 1, 2, 3], devices='0,1,2,3', direction=[0, 0, 0, 1, 1], distil=True, dropout=0.1, e_layers=2, embed='timeF', enc_in=5, enc_out=5, factor=3, features='M', freq='h', gpu=0, inverse=False, is_training=1, itr=1, label_len=48, learning_rate=0.0001, loss='MSE', lradj='type1', mask_rate=0.25, model='LMMoe', model_id='kdd_sub3_96', moe_logits_init='{"0": [3.0, -3.0], "1": [0.0, 0.0]}', moving_avg=25, n_heads=8, num_kernels=6, num_workers=10, output_attention=False, p_hidden_dims=[128, 128], p_hidden_layers=2, patience=3, pred_len=96, root_path='./data/DYG/KDD', seasonal_patterns='Monthly', seg_len=12, seq_len=96, target='zs', task_name='long_term_forecast', top_k=5, train_epochs=10, use_amp=True, use_gpu=True, use_multi_gpu=True)
Use GPU: cuda:0
>>>>>>>start training : long_term_forecast_kdd_sub3_96_LMMoe_DYG_base_ftM_sl96_ll48_pl96_dm512_nh8_el2_dl1_df512_fc3_ebtimeF_dtTrue_Exp_0>>>>>>>>>>>>>>>>>>>>>>>>>>
DYG_base
原始数据形状: (108051, 6)
Index(['Bacterial Density', 'Viscosity', 'Chemical Efficiency', 'pH Online',
       'Total Sugar'],
      dtype='object')
train 75444
DYG_base
原始数据形状: (108051, 6)
Index(['Bacterial Density', 'Viscosity', 'Chemical Efficiency', 'pH Online',
       'Total Sugar'],
      dtype='object')
val 10711
DYG_base
原始数据形状: (108051, 6)
Index(['Bacterial Density', 'Viscosity', 'Chemical Efficiency', 'pH Online',
       'Total Sugar'],
      dtype='object')
test 21515
	iters: 100, epoch: 1 | loss: 1.0021491
	speed: 0.1770s/iter; left time: 242.6483s
Epoch: 1 cost time: 24.97329020500183
Epoch: 1, Steps: 147 | Train Loss: 0.9664012 Vali Loss: 0.6165601 Test Loss: 4.5848432
Validation loss decreased (inf --> 0.616560).  Saving model ...
Updating learning rate to 0.0001
	iters: 100, epoch: 2 | loss: 0.9569083
	speed: 2.1548s/iter; left time: 2637.4541s
Epoch: 2 cost time: 20.521284580230713
Epoch: 2, Steps: 147 | Train Loss: 0.9313017 Vali Loss: 0.6170865 Test Loss: 4.5918994
EarlyStopping counter: 1 out of 3
Updating learning rate to 5e-05
	iters: 100, epoch: 3 | loss: 0.9350337
	speed: 2.3267s/iter; left time: 2505.8702s
Epoch: 3 cost time: 22.553487539291382
Epoch: 3, Steps: 147 | Train Loss: 0.9254156 Vali Loss: 0.6173836 Test Loss: 4.5814743
EarlyStopping counter: 2 out of 3
Updating learning rate to 2.5e-05
	iters: 100, epoch: 4 | loss: 1.1016361
	speed: 2.2472s/iter; left time: 2089.8870s
Epoch: 4 cost time: 20.407599925994873
Epoch: 4, Steps: 147 | Train Loss: 0.9225428 Vali Loss: 0.6134547 Test Loss: 4.5714755
Validation loss decreased (0.616560 --> 0.613455).  Saving model ...
Updating learning rate to 1.25e-05
	iters: 100, epoch: 5 | loss: 0.8861843
	speed: 2.2088s/iter; left time: 1729.5052s
Epoch: 5 cost time: 21.69422745704651
Epoch: 5, Steps: 147 | Train Loss: 0.9203179 Vali Loss: 0.6104299 Test Loss: 4.5733252
Validation loss decreased (0.613455 --> 0.610430).  Saving model ...
Updating learning rate to 6.25e-06
	iters: 100, epoch: 6 | loss: 1.0160248
	speed: 2.2576s/iter; left time: 1435.8482s
Epoch: 6 cost time: 21.252094745635986
Epoch: 6, Steps: 147 | Train Loss: 0.9210835 Vali Loss: 0.6123174 Test Loss: 4.5712342
EarlyStopping counter: 1 out of 3
Updating learning rate to 3.125e-06
	iters: 100, epoch: 7 | loss: 1.0642534
	speed: 2.2179s/iter; left time: 1084.5534s
Epoch: 7 cost time: 21.63328790664673
Epoch: 7, Steps: 147 | Train Loss: 0.9203431 Vali Loss: 0.6118227 Test Loss: 4.5701075
EarlyStopping counter: 2 out of 3
Updating learning rate to 1.5625e-06
	iters: 100, epoch: 8 | loss: 0.7720416
	speed: 2.2418s/iter; left time: 766.6976s
Epoch: 8 cost time: 20.468197345733643
Epoch: 8, Steps: 147 | Train Loss: 0.9197414 Vali Loss: 0.6125526 Test Loss: 4.5689802
EarlyStopping counter: 3 out of 3
Early stopping
Updating learning rate to 7.8125e-07
	iters: 100, epoch: 9 | loss: 1.0375303
	speed: 2.2532s/iter; left time: 439.3664s
Epoch: 9 cost time: 20.81952738761902
Epoch: 9, Steps: 147 | Train Loss: 0.9201239 Vali Loss: 0.6107606 Test Loss: 4.5686460
EarlyStopping counter: 4 out of 3
Early stopping
Updating learning rate to 3.90625e-07
	iters: 100, epoch: 10 | loss: 1.1349318
	speed: 2.3551s/iter; left time: 113.0424s
Epoch: 10 cost time: 19.835981607437134
Epoch: 10, Steps: 147 | Train Loss: 0.9205183 Vali Loss: 0.6102427 Test Loss: 4.5686445
Validation loss decreased (0.610430 --> 0.610243).  Saving model ...
Early stopping
Updating learning rate to 1.953125e-07
>>>>>>>testing : long_term_forecast_kdd_sub3_96_LMMoe_DYG_base_ftM_sl96_ll48_pl96_dm512_nh8_el2_dl1_df512_fc3_ebtimeF_dtTrue_Exp_0<<<<<<<<<<<<<<<<<<<<<<<<<<<<<<<<<
DYG_base
原始数据形状: (108051, 6)
Index(['Bacterial Density', 'Viscosity', 'Chemical Efficiency', 'pH Online',
       'Total Sugar'],
      dtype='object')
test 21515
test shape: (21515, 1, 96, 5) (21515, 1, 96, 5)
test shape: (21515, 96, 5) (21515, 96, 5)
mae:0.7325, mse:4.5686
(21515, 96, 5)
(21515, 96, 5)
