True
2.3.0
True
Args in experiment:
Namespace(activation='gelu', anomaly_ratio=0.25, batch_size=256, c_out=5, channel_independent=1, checkpoints='./checkpoints/', d_ff=512, d_layers=1, d_model=512, data='DYG_base', data_path='DYG_data_3_sub1.csv', dec_in=5, des='Exp', device_ids=[0, 1, 2, 3], devices='0,1,2,3', direction=[1, 1, 2, 0, 0], distil=True, dropout=0.1, e_layers=2, embed='timeF', enc_in=5, enc_out=5, factor=3, features='M', freq='h', gpu=0, inverse=False, is_training=1, itr=1, label_len=480, learning_rate=0.0001, loss='MSE', lradj='type1', mask_rate=0.25, model='Reformer', model_id='kdd_sub1_960', moe_logits_init='{"0": [5.0, -5.0], "1": [0.0, 0.0], "2": [5.0, -5.0]}', moving_avg=25, n_heads=8, num_kernels=6, num_workers=10, output_attention=False, p_hidden_dims=[128, 128], p_hidden_layers=2, patience=3, pred_len=96, root_path='./data/DYG/KDD', seasonal_patterns='Monthly', seg_len=12, seq_len=960, target='r1', task_name='long_term_forecast', temp=1.0, top_k=5, train_epochs=10, use_amp=True, use_gpu=True, use_multi_gpu=True)
Use GPU: cuda:0
>>> Total Params: 2,641,925
>>> Trainable Params: 2,641,925
>>>>>>>start training : long_term_forecast_kdd_sub1_960_Reformer_DYG_base_ftM_sl960_ll480_pl96_dm512_nh8_el2_dl1_df512_fc3_ebtimeF_dtTrue_Exp_0>>>>>>>>>>>>>>>>>>>>>>>>>>
DYG_base
原始数据形状: (108051, 6)
Index(['Bacterial Density', 'Viscosity', 'Alcohol Addition', 'Reducing Sugar',
       'Non Reducing Suger'],
      dtype='object')
train 74580
DYG_base
原始数据形状: (108051, 6)
Index(['Bacterial Density', 'Viscosity', 'Alcohol Addition', 'Reducing Sugar',
       'Non Reducing Suger'],
      dtype='object')
val 10711
DYG_base
原始数据形状: (108051, 6)
Index(['Bacterial Density', 'Viscosity', 'Alcohol Addition', 'Reducing Sugar',
       'Non Reducing Suger'],
      dtype='object')
test 21515
	iters: 100, epoch: 1 | loss: 1.0970068 | Mem: 6307MB(Max:7066MB)
	speed: 0.7459s/iter; left time: 2096.6520s
	iters: 200, epoch: 1 | loss: 0.3895040 | Mem: 6307MB(Max:7066MB)
	speed: 0.6116s/iter; left time: 1658.0930s
Epoch: 1 cost time: 192.32345008850098
Epoch: 1, Steps: 291 | Train Loss: 0.7185877 Vali Loss: 0.3421095 Test Loss: 0.3692560
Validation loss decreased (inf --> 0.342110).  Saving model ...
Updating learning rate to 0.0001
	iters: 100, epoch: 2 | loss: 0.4077583 | Mem: 6315MB(Max:7074MB)
	speed: 5.0324s/iter; left time: 12681.6746s
	iters: 200, epoch: 2 | loss: 0.3263488 | Mem: 6315MB(Max:7074MB)
	speed: 0.6666s/iter; left time: 1613.1639s
Epoch: 2 cost time: 192.94897413253784
Epoch: 2, Steps: 291 | Train Loss: 0.5064280 Vali Loss: 0.3241357 Test Loss: 0.3303521
Validation loss decreased (0.342110 --> 0.324136).  Saving model ...
Updating learning rate to 5e-05
	iters: 100, epoch: 3 | loss: 0.5057857 | Mem: 6315MB(Max:7074MB)
	speed: 5.3702s/iter; left time: 11970.2093s
	iters: 200, epoch: 3 | loss: 0.3129064 | Mem: 6315MB(Max:7074MB)
	speed: 0.6551s/iter; left time: 1394.7422s
Epoch: 3 cost time: 199.62102437019348
Epoch: 3, Steps: 291 | Train Loss: 0.4844655 Vali Loss: 0.3169183 Test Loss: 0.3244087
Validation loss decreased (0.324136 --> 0.316918).  Saving model ...
Updating learning rate to 2.5e-05
	iters: 100, epoch: 4 | loss: 0.7266195 | Mem: 6315MB(Max:7074MB)
	speed: 4.6141s/iter; left time: 8942.0596s
	iters: 200, epoch: 4 | loss: 0.6980512 | Mem: 6315MB(Max:7074MB)
	speed: 0.5267s/iter; left time: 968.0408s
Epoch: 4 cost time: 151.30140471458435
Epoch: 4, Steps: 291 | Train Loss: 0.4770364 Vali Loss: 0.3131790 Test Loss: 0.3229675
Validation loss decreased (0.316918 --> 0.313179).  Saving model ...
Updating learning rate to 1.25e-05
	iters: 100, epoch: 5 | loss: 0.3272094 | Mem: 6315MB(Max:7074MB)
	speed: 3.2575s/iter; left time: 5365.1716s
	iters: 200, epoch: 5 | loss: 0.3586943 | Mem: 6315MB(Max:7074MB)
	speed: 0.3635s/iter; left time: 562.3204s
Epoch: 5 cost time: 110.47219061851501
Epoch: 5, Steps: 291 | Train Loss: 0.4734683 Vali Loss: 0.3162481 Test Loss: 0.3176337
EarlyStopping counter: 1 out of 3
Updating learning rate to 6.25e-06
	iters: 100, epoch: 6 | loss: 0.5920101 | Mem: 6315MB(Max:7074MB)
	speed: 2.9134s/iter; left time: 3950.5392s
	iters: 200, epoch: 6 | loss: 0.2492705 | Mem: 6315MB(Max:7074MB)
	speed: 0.3599s/iter; left time: 452.0096s
Epoch: 6 cost time: 103.12636399269104
Epoch: 6, Steps: 291 | Train Loss: 0.4717996 Vali Loss: 0.3105282 Test Loss: 0.3198291
Validation loss decreased (0.313179 --> 0.310528).  Saving model ...
Updating learning rate to 3.125e-06
	iters: 100, epoch: 7 | loss: 0.4740167 | Mem: 6315MB(Max:7074MB)
	speed: 2.8986s/iter; left time: 3086.9898s
	iters: 200, epoch: 7 | loss: 0.6918349 | Mem: 6315MB(Max:7074MB)
	speed: 0.3402s/iter; left time: 328.2568s
Epoch: 7 cost time: 97.4795069694519
Epoch: 7, Steps: 291 | Train Loss: 0.4704911 Vali Loss: 0.3155117 Test Loss: 0.3176864
EarlyStopping counter: 1 out of 3
Updating learning rate to 1.5625e-06
	iters: 100, epoch: 8 | loss: 0.4009763 | Mem: 6315MB(Max:7074MB)
	speed: 2.5243s/iter; left time: 1953.8424s
	iters: 200, epoch: 8 | loss: 0.5820299 | Mem: 6315MB(Max:7074MB)
	speed: 0.3130s/iter; left time: 210.9869s
Epoch: 8 cost time: 91.16819643974304
Epoch: 8, Steps: 291 | Train Loss: 0.4696196 Vali Loss: 0.3130471 Test Loss: 0.3176022
EarlyStopping counter: 2 out of 3
Updating learning rate to 7.8125e-07
	iters: 100, epoch: 9 | loss: 0.7410653 | Mem: 6315MB(Max:7074MB)
	speed: 2.4874s/iter; left time: 1201.3946s
	iters: 200, epoch: 9 | loss: 0.2288685 | Mem: 6315MB(Max:7074MB)
	speed: 0.3010s/iter; left time: 115.2994s
Epoch: 9 cost time: 86.4927830696106
Epoch: 9, Steps: 291 | Train Loss: 0.4700723 Vali Loss: 0.3120680 Test Loss: 0.3186898
EarlyStopping counter: 3 out of 3
Early stopping
Updating learning rate to 3.90625e-07
	iters: 100, epoch: 10 | loss: 0.3348395 | Mem: 6315MB(Max:7074MB)
	speed: 2.4311s/iter; left time: 466.7631s
	iters: 200, epoch: 10 | loss: 0.2465868 | Mem: 6315MB(Max:7074MB)
	speed: 0.2565s/iter; left time: 23.5955s
Epoch: 10 cost time: 75.48689007759094
Epoch: 10, Steps: 291 | Train Loss: 0.4693323 Vali Loss: 0.3123937 Test Loss: 0.3181701
EarlyStopping counter: 4 out of 3
Early stopping
Updating learning rate to 1.953125e-07
>>>>>>> Training Total Time: 3917.88 seconds <<<<<<<
>>>>>>>testing : long_term_forecast_kdd_sub1_960_Reformer_DYG_base_ftM_sl960_ll480_pl96_dm512_nh8_el2_dl1_df512_fc3_ebtimeF_dtTrue_Exp_0<<<<<<<<<<<<<<<<<<<<<<<<<<<<<<<<<
DYG_base
原始数据形状: (108051, 6)
Index(['Bacterial Density', 'Viscosity', 'Alcohol Addition', 'Reducing Sugar',
       'Non Reducing Suger'],
      dtype='object')
test 21515
test shape: (21515, 1, 96, 5) (21515, 1, 96, 5)
test shape: (21515, 96, 5) (21515, 96, 5)
mae:0.3553, mse:0.3195
>>>>>>> Test Total Time: 434.79 seconds <<<<<<<
(21515, 96, 5)
(21515, 96, 5)
