True
2.3.0
True
Args in experiment:
Namespace(activation='gelu', anomaly_ratio=0.25, batch_size=256, c_out=5, channel_independent=1, checkpoints='./checkpoints/', d_ff=512, d_layers=1, d_model=512, data='DYG_base', data_path='DYG_data_3_sub2.csv', dec_in=5, des='Exp', device_ids=[0, 1, 2, 3], devices='0,1,2,3', direction=[1, 1, 2, 0, 2], distil=True, dropout=0.1, e_layers=2, embed='timeF', enc_in=5, enc_out=5, factor=3, features='M', freq='h', gpu=0, inverse=False, is_training=1, itr=1, label_len=480, learning_rate=0.0001, loss='MSE', lradj='type1', mask_rate=0.25, model='Reformer', model_id='kdd_sub2_960', moe_logits_init='{"0": [0.0, 0.0], "1": [5.0, -5.0], "2": [5.0, -5.0]}', moving_avg=25, n_heads=8, num_kernels=6, num_workers=10, output_attention=False, p_hidden_dims=[128, 128], p_hidden_layers=2, patience=3, pred_len=96, root_path='./data/DYG/KDD', seasonal_patterns='Monthly', seg_len=12, seq_len=960, target='r1', task_name='long_term_forecast', temp=1.0, top_k=5, train_epochs=10, use_amp=True, use_gpu=True, use_multi_gpu=True)
Use GPU: cuda:0
>>> Total Params: 2,641,925
>>> Trainable Params: 2,641,925
>>>>>>>start training : long_term_forecast_kdd_sub2_960_Reformer_DYG_base_ftM_sl960_ll480_pl96_dm512_nh8_el2_dl1_df512_fc3_ebtimeF_dtTrue_Exp_0>>>>>>>>>>>>>>>>>>>>>>>>>>
DYG_base
原始数据形状: (108051, 6)
Index(['Viscosity', 'Chemical Efficiency', 'DO Value', 'pH Online',
       'Air Flow'],
      dtype='object')
train 74580
DYG_base
原始数据形状: (108051, 6)
Index(['Viscosity', 'Chemical Efficiency', 'DO Value', 'pH Online',
       'Air Flow'],
      dtype='object')
val 10711
DYG_base
原始数据形状: (108051, 6)
Index(['Viscosity', 'Chemical Efficiency', 'DO Value', 'pH Online',
       'Air Flow'],
      dtype='object')
test 21515
	iters: 100, epoch: 1 | loss: 0.8160996 | Mem: 6307MB(Max:7066MB)
	speed: 0.3743s/iter; left time: 1052.1940s
	iters: 200, epoch: 1 | loss: 0.5504208 | Mem: 6307MB(Max:7066MB)
	speed: 0.2660s/iter; left time: 721.1007s
Epoch: 1 cost time: 85.84499216079712
Epoch: 1, Steps: 291 | Train Loss: 0.7331924 Vali Loss: 0.5014160 Test Loss: 4.3651524
Validation loss decreased (inf --> 0.501416).  Saving model ...
Updating learning rate to 0.0001
	iters: 100, epoch: 2 | loss: 0.5201242 | Mem: 6315MB(Max:7074MB)
	speed: 2.3279s/iter; left time: 5866.2770s
	iters: 200, epoch: 2 | loss: 0.5941525 | Mem: 6315MB(Max:7074MB)
	speed: 0.2353s/iter; left time: 569.3694s
Epoch: 2 cost time: 69.21024513244629
Epoch: 2, Steps: 291 | Train Loss: 0.5161298 Vali Loss: 0.4651293 Test Loss: 4.3361588
Validation loss decreased (0.501416 --> 0.465129).  Saving model ...
Updating learning rate to 5e-05
	iters: 100, epoch: 3 | loss: 0.4410986 | Mem: 6315MB(Max:7074MB)
	speed: 2.4039s/iter; left time: 5358.3479s
	iters: 200, epoch: 3 | loss: 0.4352906 | Mem: 6315MB(Max:7074MB)
	speed: 0.2256s/iter; left time: 480.3424s
Epoch: 3 cost time: 67.47727298736572
Epoch: 3, Steps: 291 | Train Loss: 0.4807404 Vali Loss: 0.4676146 Test Loss: 4.2430935
EarlyStopping counter: 1 out of 3
Updating learning rate to 2.5e-05
	iters: 100, epoch: 4 | loss: 0.4783177 | Mem: 6315MB(Max:7074MB)
	speed: 2.2943s/iter; left time: 4446.3697s
	iters: 200, epoch: 4 | loss: 0.5082472 | Mem: 6315MB(Max:7074MB)
	speed: 0.2369s/iter; left time: 435.5001s
Epoch: 4 cost time: 69.15742588043213
Epoch: 4, Steps: 291 | Train Loss: 0.4675125 Vali Loss: 0.4503745 Test Loss: 4.2850637
Validation loss decreased (0.465129 --> 0.450374).  Saving model ...
Updating learning rate to 1.25e-05
	iters: 100, epoch: 5 | loss: 0.4408951 | Mem: 6315MB(Max:7074MB)
	speed: 2.3174s/iter; left time: 3816.7311s
	iters: 200, epoch: 5 | loss: 0.4060357 | Mem: 6315MB(Max:7074MB)
	speed: 0.2219s/iter; left time: 343.2963s
Epoch: 5 cost time: 67.74189066886902
Epoch: 5, Steps: 291 | Train Loss: 0.4613417 Vali Loss: 0.4521531 Test Loss: 4.2088790
EarlyStopping counter: 1 out of 3
Updating learning rate to 6.25e-06
	iters: 100, epoch: 6 | loss: 0.4801272 | Mem: 6315MB(Max:7074MB)
	speed: 2.3067s/iter; left time: 3127.9524s
	iters: 200, epoch: 6 | loss: 0.4175605 | Mem: 6315MB(Max:7074MB)
	speed: 0.2256s/iter; left time: 283.3099s
Epoch: 6 cost time: 67.36683344841003
Epoch: 6, Steps: 291 | Train Loss: 0.4571802 Vali Loss: 0.4524991 Test Loss: 4.2489996
EarlyStopping counter: 2 out of 3
Updating learning rate to 3.125e-06
	iters: 100, epoch: 7 | loss: 0.7316902 | Mem: 6315MB(Max:7074MB)
	speed: 2.3291s/iter; left time: 2480.5401s
	iters: 200, epoch: 7 | loss: 0.3940188 | Mem: 6315MB(Max:7074MB)
	speed: 0.2284s/iter; left time: 220.3883s
Epoch: 7 cost time: 66.3733389377594
Epoch: 7, Steps: 291 | Train Loss: 0.4554824 Vali Loss: 0.4510860 Test Loss: 4.2128229
EarlyStopping counter: 3 out of 3
Early stopping
Updating learning rate to 1.5625e-06
	iters: 100, epoch: 8 | loss: 0.5651075 | Mem: 6315MB(Max:7074MB)
	speed: 2.2458s/iter; left time: 1738.2810s
	iters: 200, epoch: 8 | loss: 0.4143945 | Mem: 6315MB(Max:7074MB)
	speed: 0.2212s/iter; left time: 149.0856s
Epoch: 8 cost time: 65.20344352722168
Epoch: 8, Steps: 291 | Train Loss: 0.4546272 Vali Loss: 0.4530299 Test Loss: 4.2260237
EarlyStopping counter: 4 out of 3
Early stopping
Updating learning rate to 7.8125e-07
	iters: 100, epoch: 9 | loss: 0.3904434 | Mem: 6315MB(Max:7074MB)
	speed: 2.2955s/iter; left time: 1108.7239s
	iters: 200, epoch: 9 | loss: 0.3752138 | Mem: 6315MB(Max:7074MB)
	speed: 0.2207s/iter; left time: 84.5200s
Epoch: 9 cost time: 69.5661199092865
Epoch: 9, Steps: 291 | Train Loss: 0.4540446 Vali Loss: 0.4546196 Test Loss: 4.2294269
EarlyStopping counter: 5 out of 3
Early stopping
Updating learning rate to 3.90625e-07
	iters: 100, epoch: 10 | loss: 0.4009332 | Mem: 6315MB(Max:7074MB)
	speed: 2.2419s/iter; left time: 430.4402s
	iters: 200, epoch: 10 | loss: 0.4198132 | Mem: 6315MB(Max:7074MB)
	speed: 0.2266s/iter; left time: 20.8491s
Epoch: 10 cost time: 65.60637164115906
Epoch: 10, Steps: 291 | Train Loss: 0.4534279 Vali Loss: 0.4531197 Test Loss: 4.2310600
EarlyStopping counter: 6 out of 3
Early stopping
Updating learning rate to 1.953125e-07
>>>>>>> Training Total Time: 2540.95 seconds <<<<<<<
>>>>>>>testing : long_term_forecast_kdd_sub2_960_Reformer_DYG_base_ftM_sl960_ll480_pl96_dm512_nh8_el2_dl1_df512_fc3_ebtimeF_dtTrue_Exp_0<<<<<<<<<<<<<<<<<<<<<<<<<<<<<<<<<
DYG_base
原始数据形状: (108051, 6)
Index(['Viscosity', 'Chemical Efficiency', 'DO Value', 'pH Online',
       'Air Flow'],
      dtype='object')
test 21515
test shape: (21515, 1, 96, 5) (21515, 1, 96, 5)
test shape: (21515, 96, 5) (21515, 96, 5)
mae:0.5754, mse:4.2883
>>>>>>> Test Total Time: 310.67 seconds <<<<<<<
(21515, 96, 5)
(21515, 96, 5)
