True
2.3.0
True
Args in experiment:
Namespace(activation='gelu', anomaly_ratio=0.25, batch_size=256, c_out=5, channel_independent=1, checkpoints='./checkpoints/', d_ff=512, d_layers=1, d_model=512, data='DYG_base', data_path='DYG_data_3_sub1.csv', dec_in=5, des='Exp', device_ids=[0, 1, 2, 3], devices='0,1,2,3', direction=[1, 1, 2, 0, 0], distil=True, dropout=0.1, e_layers=2, embed='timeF', enc_in=5, enc_out=5, factor=3, features='M', freq='h', gpu=0, inverse=False, is_training=1, itr=1, label_len=132, learning_rate=0.0001, loss='MSE', lradj='type1', mask_rate=0.25, model='Reformer', model_id='kdd_sub1_264', moe_logits_init='{"0": [5.0, -5.0], "1": [0.0, 0.0], "2": [5.0, -5.0]}', moving_avg=25, n_heads=8, num_kernels=6, num_workers=10, output_attention=False, p_hidden_dims=[128, 128], p_hidden_layers=2, patience=3, pred_len=96, root_path='./data/DYG/KDD', seasonal_patterns='Monthly', seg_len=12, seq_len=264, target='r1', task_name='long_term_forecast', temp=1.0, top_k=5, train_epochs=10, use_amp=True, use_gpu=True, use_multi_gpu=True)
Use GPU: cuda:0
>>> Total Params: 2,641,925
>>> Trainable Params: 2,641,925
>>>>>>>start training : long_term_forecast_kdd_sub1_264_Reformer_DYG_base_ftM_sl264_ll132_pl96_dm512_nh8_el2_dl1_df512_fc3_ebtimeF_dtTrue_Exp_0>>>>>>>>>>>>>>>>>>>>>>>>>>
DYG_base
原始数据形状: (108051, 6)
Index(['Bacterial Density', 'Viscosity', 'Alcohol Addition', 'Reducing Sugar',
       'Non Reducing Suger'],
      dtype='object')
train 75276
DYG_base
原始数据形状: (108051, 6)
Index(['Bacterial Density', 'Viscosity', 'Alcohol Addition', 'Reducing Sugar',
       'Non Reducing Suger'],
      dtype='object')
val 10711
DYG_base
原始数据形状: (108051, 6)
Index(['Bacterial Density', 'Viscosity', 'Alcohol Addition', 'Reducing Sugar',
       'Non Reducing Suger'],
      dtype='object')
test 21515
	iters: 100, epoch: 1 | loss: 0.6140091 | Mem: 2195MB(Max:2456MB)
	speed: 0.1553s/iter; left time: 441.1018s
	iters: 200, epoch: 1 | loss: 0.4498616 | Mem: 2195MB(Max:2456MB)
	speed: 0.1416s/iter; left time: 388.1744s
Epoch: 1 cost time: 39.25305724143982
Epoch: 1, Steps: 294 | Train Loss: 0.6973669 Vali Loss: 0.3516660 Test Loss: 0.3746837
Validation loss decreased (inf --> 0.351666).  Saving model ...
Updating learning rate to 0.0001
	iters: 100, epoch: 2 | loss: 0.2495034 | Mem: 2203MB(Max:2463MB)
	speed: 2.6171s/iter; left time: 6665.7885s
	iters: 200, epoch: 2 | loss: 0.6290185 | Mem: 2203MB(Max:2463MB)
	speed: 0.0907s/iter; left time: 221.9583s
Epoch: 2 cost time: 31.26694083213806
Epoch: 2, Steps: 294 | Train Loss: 0.5077287 Vali Loss: 0.3302837 Test Loss: 0.3320888
Validation loss decreased (0.351666 --> 0.330284).  Saving model ...
Updating learning rate to 5e-05
	iters: 100, epoch: 3 | loss: 0.4083090 | Mem: 2203MB(Max:2463MB)
	speed: 2.6184s/iter; left time: 5899.2341s
	iters: 200, epoch: 3 | loss: 0.4528601 | Mem: 2203MB(Max:2463MB)
	speed: 0.1366s/iter; left time: 294.0722s
Epoch: 3 cost time: 41.262775897979736
Epoch: 3, Steps: 294 | Train Loss: 0.4838355 Vali Loss: 0.3253652 Test Loss: 0.3254497
Validation loss decreased (0.330284 --> 0.325365).  Saving model ...
Updating learning rate to 2.5e-05
	iters: 100, epoch: 4 | loss: 0.2250577 | Mem: 2203MB(Max:2463MB)
	speed: 2.0555s/iter; left time: 4026.7700s
	iters: 200, epoch: 4 | loss: 0.5854208 | Mem: 2203MB(Max:2463MB)
	speed: 0.1316s/iter; left time: 244.7028s
Epoch: 4 cost time: 39.009122371673584
Epoch: 4, Steps: 294 | Train Loss: 0.4746916 Vali Loss: 0.3136821 Test Loss: 0.3333734
Validation loss decreased (0.325365 --> 0.313682).  Saving model ...
Updating learning rate to 1.25e-05
	iters: 100, epoch: 5 | loss: 0.3288071 | Mem: 2203MB(Max:2463MB)
	speed: 2.0274s/iter; left time: 3375.6110s
	iters: 200, epoch: 5 | loss: 0.2978523 | Mem: 2203MB(Max:2463MB)
	speed: 0.1320s/iter; left time: 206.5244s
Epoch: 5 cost time: 35.3854455947876
Epoch: 5, Steps: 294 | Train Loss: 0.4712622 Vali Loss: 0.3129224 Test Loss: 0.3299191
Validation loss decreased (0.313682 --> 0.312922).  Saving model ...
Updating learning rate to 6.25e-06
	iters: 100, epoch: 6 | loss: 0.4155894 | Mem: 2203MB(Max:2463MB)
	speed: 2.0660s/iter; left time: 2832.4713s
	iters: 200, epoch: 6 | loss: 0.3928097 | Mem: 2203MB(Max:2463MB)
	speed: 0.0964s/iter; left time: 122.5216s
Epoch: 6 cost time: 28.020776748657227
Epoch: 6, Steps: 294 | Train Loss: 0.4695260 Vali Loss: 0.3109956 Test Loss: 0.3273175
Validation loss decreased (0.312922 --> 0.310996).  Saving model ...
Updating learning rate to 3.125e-06
	iters: 100, epoch: 7 | loss: 0.2425383 | Mem: 2203MB(Max:2463MB)
	speed: 2.0150s/iter; left time: 2170.1433s
	iters: 200, epoch: 7 | loss: 0.7586485 | Mem: 2203MB(Max:2463MB)
	speed: 0.0956s/iter; left time: 93.3690s
Epoch: 7 cost time: 28.517306327819824
Epoch: 7, Steps: 294 | Train Loss: 0.4684063 Vali Loss: 0.3135364 Test Loss: 0.3270932
EarlyStopping counter: 1 out of 3
Updating learning rate to 1.5625e-06
	iters: 100, epoch: 8 | loss: 0.3362382 | Mem: 2203MB(Max:2463MB)
	speed: 1.9774s/iter; left time: 1548.2968s
	iters: 200, epoch: 8 | loss: 0.8594220 | Mem: 2203MB(Max:2463MB)
	speed: 0.0927s/iter; left time: 63.3212s
Epoch: 8 cost time: 28.317325592041016
Epoch: 8, Steps: 294 | Train Loss: 0.4679576 Vali Loss: 0.3115457 Test Loss: 0.3264594
EarlyStopping counter: 2 out of 3
Updating learning rate to 7.8125e-07
	iters: 100, epoch: 9 | loss: 0.2334432 | Mem: 2203MB(Max:2463MB)
	speed: 2.0035s/iter; left time: 979.7030s
	iters: 200, epoch: 9 | loss: 0.5352313 | Mem: 2203MB(Max:2463MB)
	speed: 0.0924s/iter; left time: 35.9519s
Epoch: 9 cost time: 28.509226322174072
Epoch: 9, Steps: 294 | Train Loss: 0.4670559 Vali Loss: 0.3113268 Test Loss: 0.3287904
EarlyStopping counter: 3 out of 3
Early stopping
Updating learning rate to 3.90625e-07
	iters: 100, epoch: 10 | loss: 0.3858495 | Mem: 2203MB(Max:2463MB)
	speed: 1.9540s/iter; left time: 381.0281s
	iters: 200, epoch: 10 | loss: 0.4115798 | Mem: 2203MB(Max:2463MB)
	speed: 0.0965s/iter; left time: 9.1684s
Epoch: 10 cost time: 29.072028875350952
Epoch: 10, Steps: 294 | Train Loss: 0.4673355 Vali Loss: 0.3112403 Test Loss: 0.3289325
EarlyStopping counter: 4 out of 3
Early stopping
Updating learning rate to 1.953125e-07
>>>>>>> Training Total Time: 2240.96 seconds <<<<<<<
>>>>>>>testing : long_term_forecast_kdd_sub1_264_Reformer_DYG_base_ftM_sl264_ll132_pl96_dm512_nh8_el2_dl1_df512_fc3_ebtimeF_dtTrue_Exp_0<<<<<<<<<<<<<<<<<<<<<<<<<<<<<<<<<
DYG_base
原始数据形状: (108051, 6)
Index(['Bacterial Density', 'Viscosity', 'Alcohol Addition', 'Reducing Sugar',
       'Non Reducing Suger'],
      dtype='object')
test 21515
test shape: (21515, 1, 96, 5) (21515, 1, 96, 5)
test shape: (21515, 96, 5) (21515, 96, 5)
mae:0.3590, mse:0.3272
>>>>>>> Test Total Time: 317.56 seconds <<<<<<<
(21515, 96, 5)
(21515, 96, 5)
