True
2.3.0
True
Args in experiment:
Namespace(activation='gelu', anomaly_ratio=0.25, batch_size=256, c_out=5, channel_independent=1, checkpoints='./checkpoints/', d_ff=512, d_layers=1, d_model=512, data='DYG_base', data_path='DYG_data_3_sub2.csv', dec_in=5, des='Exp', device_ids=[0, 1, 2, 3], devices='0,1,2,3', direction=[1, 1, 2, 0, 2], distil=True, dropout=0.1, e_layers=2, embed='timeF', enc_in=5, enc_out=5, factor=3, features='M', freq='h', gpu=0, inverse=False, is_training=1, itr=1, label_len=12, learning_rate=0.0001, loss='MSE', lradj='type1', mask_rate=0.25, model='Reformer', model_id='kdd_sub2_24', moe_logits_init='{"0": [0.0, 0.0], "1": [5.0, -5.0], "2": [5.0, -5.0]}', moving_avg=25, n_heads=8, num_kernels=6, num_workers=10, output_attention=False, p_hidden_dims=[128, 128], p_hidden_layers=2, patience=3, pred_len=96, root_path='./data/DYG/KDD', seasonal_patterns='Monthly', seg_len=12, seq_len=24, target='r1', task_name='long_term_forecast', temp=1.0, top_k=5, train_epochs=10, use_amp=True, use_gpu=True, use_multi_gpu=True)
Use GPU: cuda:0
>>> Total Params: 2,641,925
>>> Trainable Params: 2,641,925
>>>>>>>start training : long_term_forecast_kdd_sub2_24_Reformer_DYG_base_ftM_sl24_ll12_pl96_dm512_nh8_el2_dl1_df512_fc3_ebtimeF_dtTrue_Exp_0>>>>>>>>>>>>>>>>>>>>>>>>>>
DYG_base
原始数据形状: (108051, 6)
Index(['Viscosity', 'Chemical Efficiency', 'DO Value', 'pH Online',
       'Air Flow'],
      dtype='object')
train 75516
DYG_base
原始数据形状: (108051, 6)
Index(['Viscosity', 'Chemical Efficiency', 'DO Value', 'pH Online',
       'Air Flow'],
      dtype='object')
val 10711
DYG_base
原始数据形状: (108051, 6)
Index(['Viscosity', 'Chemical Efficiency', 'DO Value', 'pH Online',
       'Air Flow'],
      dtype='object')
test 21515
	iters: 100, epoch: 1 | loss: 0.7261156 | Mem: 774MB(Max:898MB)
	speed: 0.1086s/iter; left time: 308.5830s
	iters: 200, epoch: 1 | loss: 0.5809362 | Mem: 774MB(Max:898MB)
	speed: 0.0815s/iter; left time: 223.4832s
Epoch: 1 cost time: 26.979127407073975
Epoch: 1, Steps: 294 | Train Loss: 0.6800262 Vali Loss: 0.5025104 Test Loss: 4.3594398
Validation loss decreased (inf --> 0.502510).  Saving model ...
Updating learning rate to 0.0001
	iters: 100, epoch: 2 | loss: 0.5048167 | Mem: 782MB(Max:906MB)
	speed: 2.5404s/iter; left time: 6470.4723s
	iters: 200, epoch: 2 | loss: 0.4908416 | Mem: 782MB(Max:906MB)
	speed: 0.0707s/iter; left time: 172.9344s
Epoch: 2 cost time: 21.98973250389099
Epoch: 2, Steps: 294 | Train Loss: 0.5388198 Vali Loss: 0.4714659 Test Loss: 4.1036606
Validation loss decreased (0.502510 --> 0.471466).  Saving model ...
Updating learning rate to 5e-05
	iters: 100, epoch: 3 | loss: 0.6441020 | Mem: 782MB(Max:906MB)
	speed: 2.5146s/iter; left time: 5665.3604s
	iters: 200, epoch: 3 | loss: 0.4481721 | Mem: 782MB(Max:906MB)
	speed: 0.0759s/iter; left time: 163.3985s
Epoch: 3 cost time: 22.87963032722473
Epoch: 3, Steps: 294 | Train Loss: 0.5067200 Vali Loss: 0.4708405 Test Loss: 4.0836749
Validation loss decreased (0.471466 --> 0.470841).  Saving model ...
Updating learning rate to 2.5e-05
	iters: 100, epoch: 4 | loss: 0.5557515 | Mem: 782MB(Max:906MB)
	speed: 2.0136s/iter; left time: 3944.6903s
	iters: 200, epoch: 4 | loss: 0.5763942 | Mem: 782MB(Max:906MB)
	speed: 0.0686s/iter; left time: 127.5989s
Epoch: 4 cost time: 20.953962564468384
Epoch: 4, Steps: 294 | Train Loss: 0.4926017 Vali Loss: 0.4586072 Test Loss: 4.0213056
Validation loss decreased (0.470841 --> 0.458607).  Saving model ...
Updating learning rate to 1.25e-05
	iters: 100, epoch: 5 | loss: 0.4470666 | Mem: 782MB(Max:906MB)
	speed: 1.9604s/iter; left time: 3264.0985s
	iters: 200, epoch: 5 | loss: 0.5458910 | Mem: 782MB(Max:906MB)
	speed: 0.0747s/iter; left time: 116.9299s
Epoch: 5 cost time: 22.104978799819946
Epoch: 5, Steps: 294 | Train Loss: 0.4868525 Vali Loss: 0.4497816 Test Loss: 4.0318780
Validation loss decreased (0.458607 --> 0.449782).  Saving model ...
Updating learning rate to 6.25e-06
	iters: 100, epoch: 6 | loss: 0.4807314 | Mem: 782MB(Max:906MB)
	speed: 2.1075s/iter; left time: 2889.3445s
	iters: 200, epoch: 6 | loss: 0.4407796 | Mem: 782MB(Max:906MB)
	speed: 0.0716s/iter; left time: 91.0372s
Epoch: 6 cost time: 21.856824159622192
Epoch: 6, Steps: 294 | Train Loss: 0.4830796 Vali Loss: 0.4516810 Test Loss: 4.0202565
EarlyStopping counter: 1 out of 3
Updating learning rate to 3.125e-06
	iters: 100, epoch: 7 | loss: 0.5580636 | Mem: 782MB(Max:906MB)
	speed: 2.0442s/iter; left time: 2201.5703s
	iters: 200, epoch: 7 | loss: 0.4917489 | Mem: 782MB(Max:906MB)
	speed: 0.0697s/iter; left time: 68.0591s
Epoch: 7 cost time: 21.803693294525146
Epoch: 7, Steps: 294 | Train Loss: 0.4831305 Vali Loss: 0.4510930 Test Loss: 4.0120997
EarlyStopping counter: 2 out of 3
Updating learning rate to 1.5625e-06
	iters: 100, epoch: 8 | loss: 0.5149007 | Mem: 782MB(Max:906MB)
	speed: 1.9612s/iter; left time: 1535.6136s
	iters: 200, epoch: 8 | loss: 0.4365935 | Mem: 782MB(Max:906MB)
	speed: 0.0733s/iter; left time: 50.0348s
Epoch: 8 cost time: 23.13727045059204
Epoch: 8, Steps: 294 | Train Loss: 0.4820772 Vali Loss: 0.4503884 Test Loss: 4.0073566
EarlyStopping counter: 3 out of 3
Early stopping
Updating learning rate to 7.8125e-07
	iters: 100, epoch: 9 | loss: 0.4396291 | Mem: 782MB(Max:906MB)
	speed: 1.9882s/iter; left time: 972.2407s
	iters: 200, epoch: 9 | loss: 0.4478724 | Mem: 782MB(Max:906MB)
	speed: 0.0784s/iter; left time: 30.4870s
Epoch: 9 cost time: 23.10531973838806
Epoch: 9, Steps: 294 | Train Loss: 0.4814192 Vali Loss: 0.4484789 Test Loss: 4.0048428
Validation loss decreased (0.449782 --> 0.448479).  Saving model ...
Early stopping
Updating learning rate to 3.90625e-07
	iters: 100, epoch: 10 | loss: 0.5217596 | Mem: 782MB(Max:906MB)
	speed: 1.9965s/iter; left time: 389.3151s
	iters: 200, epoch: 10 | loss: 0.4806020 | Mem: 782MB(Max:906MB)
	speed: 0.0742s/iter; left time: 7.0455s
Epoch: 10 cost time: 22.14631223678589
Epoch: 10, Steps: 294 | Train Loss: 0.4815637 Vali Loss: 0.4493890 Test Loss: 4.0125532
EarlyStopping counter: 1 out of 3
Early stopping
Updating learning rate to 1.953125e-07
>>>>>>> Training Total Time: 2190.62 seconds <<<<<<<
>>>>>>>testing : long_term_forecast_kdd_sub2_24_Reformer_DYG_base_ftM_sl24_ll12_pl96_dm512_nh8_el2_dl1_df512_fc3_ebtimeF_dtTrue_Exp_0<<<<<<<<<<<<<<<<<<<<<<<<<<<<<<<<<
DYG_base
原始数据形状: (108051, 6)
Index(['Viscosity', 'Chemical Efficiency', 'DO Value', 'pH Online',
       'Air Flow'],
      dtype='object')
test 21515
test shape: (21515, 1, 96, 5) (21515, 1, 96, 5)
test shape: (21515, 96, 5) (21515, 96, 5)
mae:0.5963, mse:4.0115
>>>>>>> Test Total Time: 314.24 seconds <<<<<<<
(21515, 96, 5)
(21515, 96, 5)
