True
2.3.0
True
Args in experiment:
Namespace(activation='gelu', anomaly_ratio=0.25, batch_size=256, c_out=5, channel_independent=1, checkpoints='./checkpoints/', d_ff=512, d_layers=1, d_model=512, data='DYG_base', data_path='DYG_data_3_sub3.csv', dec_in=5, des='Exp', device_ids=[0, 1, 2, 3], devices='0,1,2,3', direction=[0, 0, 0, 1, 1], distil=True, dropout=0.1, e_layers=2, embed='timeF', enc_in=5, enc_out=5, factor=3, features='M', freq='h', gpu=0, inverse=False, is_training=1, itr=1, label_len=480, learning_rate=0.0001, loss='MSE', lradj='type1', mask_rate=0.25, model='Reformer', model_id='kdd_sub3_960', moe_logits_init='{"0": [3.0, -3.0], "1": [0.0, 0.0]}', moving_avg=25, n_heads=8, num_kernels=6, num_workers=10, output_attention=False, p_hidden_dims=[128, 128], p_hidden_layers=2, patience=3, pred_len=96, root_path='./data/DYG/KDD', seasonal_patterns='Monthly', seg_len=12, seq_len=960, target='r1', task_name='long_term_forecast', temp=1.0, top_k=5, train_epochs=10, use_amp=True, use_gpu=True, use_multi_gpu=True)
Use GPU: cuda:0
>>> Total Params: 2,641,925
>>> Trainable Params: 2,641,925
>>>>>>>start training : long_term_forecast_kdd_sub3_960_Reformer_DYG_base_ftM_sl960_ll480_pl96_dm512_nh8_el2_dl1_df512_fc3_ebtimeF_dtTrue_Exp_0>>>>>>>>>>>>>>>>>>>>>>>>>>
DYG_base
原始数据形状: (108051, 6)
Index(['Bacterial Density', 'Viscosity', 'Chemical Efficiency', 'pH Online',
       'Total Sugar'],
      dtype='object')
train 74580
DYG_base
原始数据形状: (108051, 6)
Index(['Bacterial Density', 'Viscosity', 'Chemical Efficiency', 'pH Online',
       'Total Sugar'],
      dtype='object')
val 10711
DYG_base
原始数据形状: (108051, 6)
Index(['Bacterial Density', 'Viscosity', 'Chemical Efficiency', 'pH Online',
       'Total Sugar'],
      dtype='object')
test 21515
	iters: 100, epoch: 1 | loss: 1.2069672 | Mem: 6307MB(Max:7066MB)
	speed: 0.3016s/iter; left time: 847.8339s
	iters: 200, epoch: 1 | loss: 0.4160956 | Mem: 6307MB(Max:7066MB)
	speed: 0.2281s/iter; left time: 618.4976s
Epoch: 1 cost time: 75.03266596794128
Epoch: 1, Steps: 291 | Train Loss: 0.7578767 Vali Loss: 0.3575557 Test Loss: 4.2840190
Validation loss decreased (inf --> 0.357556).  Saving model ...
Updating learning rate to 0.0001
	iters: 100, epoch: 2 | loss: 0.5031999 | Mem: 6315MB(Max:7074MB)
	speed: 2.2464s/iter; left time: 5660.8904s
	iters: 200, epoch: 2 | loss: 0.4926960 | Mem: 6315MB(Max:7074MB)
	speed: 0.2218s/iter; left time: 536.6410s
Epoch: 2 cost time: 68.34059405326843
Epoch: 2, Steps: 291 | Train Loss: 0.5762494 Vali Loss: 0.3469987 Test Loss: 4.2339478
Validation loss decreased (0.357556 --> 0.346999).  Saving model ...
Updating learning rate to 5e-05
	iters: 100, epoch: 3 | loss: 0.5377119 | Mem: 6315MB(Max:7074MB)
	speed: 2.2786s/iter; left time: 5079.0605s
	iters: 200, epoch: 3 | loss: 0.3319718 | Mem: 6315MB(Max:7074MB)
	speed: 0.2303s/iter; left time: 490.3863s
Epoch: 3 cost time: 68.97362852096558
Epoch: 3, Steps: 291 | Train Loss: 0.5491926 Vali Loss: 0.3456695 Test Loss: 4.1251082
Validation loss decreased (0.346999 --> 0.345669).  Saving model ...
Updating learning rate to 2.5e-05
	iters: 100, epoch: 4 | loss: 0.7987324 | Mem: 6315MB(Max:7074MB)
	speed: 2.3085s/iter; left time: 4473.9346s
	iters: 200, epoch: 4 | loss: 0.8144978 | Mem: 6315MB(Max:7074MB)
	speed: 0.2290s/iter; left time: 420.9645s
Epoch: 4 cost time: 68.00092720985413
Epoch: 4, Steps: 291 | Train Loss: 0.5379834 Vali Loss: 0.3368680 Test Loss: 4.2088046
Validation loss decreased (0.345669 --> 0.336868).  Saving model ...
Updating learning rate to 1.25e-05
	iters: 100, epoch: 5 | loss: 0.3904177 | Mem: 6315MB(Max:7074MB)
	speed: 2.2686s/iter; left time: 3736.4033s
	iters: 200, epoch: 5 | loss: 0.3774689 | Mem: 6315MB(Max:7074MB)
	speed: 0.2268s/iter; left time: 350.8784s
Epoch: 5 cost time: 69.36557173728943
Epoch: 5, Steps: 291 | Train Loss: 0.5324494 Vali Loss: 0.3359791 Test Loss: 4.1399221
Validation loss decreased (0.336868 --> 0.335979).  Saving model ...
Updating learning rate to 6.25e-06
	iters: 100, epoch: 6 | loss: 0.6954504 | Mem: 6315MB(Max:7074MB)
	speed: 2.2649s/iter; left time: 3071.2718s
	iters: 200, epoch: 6 | loss: 0.2844455 | Mem: 6315MB(Max:7074MB)
	speed: 0.2210s/iter; left time: 277.5327s
Epoch: 6 cost time: 67.51841807365417
Epoch: 6, Steps: 291 | Train Loss: 0.5297741 Vali Loss: 0.3370016 Test Loss: 4.1815038
EarlyStopping counter: 1 out of 3
Updating learning rate to 3.125e-06
	iters: 100, epoch: 7 | loss: 0.7604308 | Mem: 6315MB(Max:7074MB)
	speed: 2.3224s/iter; left time: 2473.3957s
	iters: 200, epoch: 7 | loss: 0.6888741 | Mem: 6315MB(Max:7074MB)
	speed: 0.2203s/iter; left time: 212.6337s
Epoch: 7 cost time: 67.57864046096802
Epoch: 7, Steps: 291 | Train Loss: 0.5282098 Vali Loss: 0.3376284 Test Loss: 4.1543903
EarlyStopping counter: 2 out of 3
Updating learning rate to 1.5625e-06
	iters: 100, epoch: 8 | loss: 0.5712440 | Mem: 6315MB(Max:7074MB)
	speed: 2.3253s/iter; left time: 1799.7989s
	iters: 200, epoch: 8 | loss: 0.6035349 | Mem: 6315MB(Max:7074MB)
	speed: 0.2217s/iter; left time: 149.3962s
Epoch: 8 cost time: 67.13352918624878
Epoch: 8, Steps: 291 | Train Loss: 0.5268300 Vali Loss: 0.3361512 Test Loss: 4.1753473
EarlyStopping counter: 3 out of 3
Early stopping
Updating learning rate to 7.8125e-07
	iters: 100, epoch: 9 | loss: 0.7793911 | Mem: 6315MB(Max:7074MB)
	speed: 2.3056s/iter; left time: 1113.6284s
	iters: 200, epoch: 9 | loss: 0.2684766 | Mem: 6315MB(Max:7074MB)
	speed: 0.2240s/iter; left time: 85.7938s
Epoch: 9 cost time: 69.22280859947205
Epoch: 9, Steps: 291 | Train Loss: 0.5278277 Vali Loss: 0.3354906 Test Loss: 4.1717715
Validation loss decreased (0.335979 --> 0.335491).  Saving model ...
Early stopping
Updating learning rate to 3.90625e-07
	iters: 100, epoch: 10 | loss: 0.3494444 | Mem: 6315MB(Max:7074MB)
	speed: 2.3152s/iter; left time: 444.5258s
	iters: 200, epoch: 10 | loss: 0.2840577 | Mem: 6315MB(Max:7074MB)
	speed: 0.2221s/iter; left time: 20.4363s
Epoch: 10 cost time: 65.98763060569763
Epoch: 10, Steps: 291 | Train Loss: 0.5264391 Vali Loss: 0.3352703 Test Loss: 4.1749158
Validation loss decreased (0.335491 --> 0.335270).  Saving model ...
Early stopping
Updating learning rate to 1.953125e-07
>>>>>>> Training Total Time: 2514.44 seconds <<<<<<<
>>>>>>>testing : long_term_forecast_kdd_sub3_960_Reformer_DYG_base_ftM_sl960_ll480_pl96_dm512_nh8_el2_dl1_df512_fc3_ebtimeF_dtTrue_Exp_0<<<<<<<<<<<<<<<<<<<<<<<<<<<<<<<<<
DYG_base
原始数据形状: (108051, 6)
Index(['Bacterial Density', 'Viscosity', 'Chemical Efficiency', 'pH Online',
       'Total Sugar'],
      dtype='object')
test 21515
test shape: (21515, 1, 96, 5) (21515, 1, 96, 5)
test shape: (21515, 96, 5) (21515, 96, 5)
mae:0.4899, mse:4.1700
>>>>>>> Test Total Time: 320.97 seconds <<<<<<<
(21515, 96, 5)
(21515, 96, 5)
