True
2.3.0
True
Args in experiment:
Namespace(activation='gelu', anomaly_ratio=0.25, batch_size=256, c_out=5, channel_independent=1, checkpoints='./checkpoints/', d_ff=512, d_layers=1, d_model=512, data='DYG_base', data_path='DYG_data_3_sub1.csv', dec_in=5, des='Exp', device_ids=[2, 3], devices='2,3', direction=[1, 1, 2, 0, 0], distil=True, dropout=0.1, e_layers=2, embed='timeF', enc_in=5, enc_out=5, factor=3, features='M', freq='h', gpu=2, inverse=False, is_training=1, itr=1, label_len=168, learning_rate=0.0001, loss='MSE', lradj='type1', mask_rate=0.25, model='TLMMoeED', model_id='kdd_sub1_336', moe_logits_init='{"0": [5.0, -5.0], "1": [0.0, 0.0], "2": [5.0, -5.0]}', moving_avg=25, n_heads=8, num_kernels=6, num_workers=10, output_attention=False, p_hidden_dims=[128, 128], p_hidden_layers=2, patience=3, pred_len=96, root_path='./data/DYG/KDD', seasonal_patterns='Monthly', seg_len=12, seq_len=336, target='zs', task_name='long_term_forecast', top_k=5, train_epochs=10, use_amp=True, use_gpu=True, use_multi_gpu=True)
Use GPU: cuda:2
>>>>>>>start training : long_term_forecast_kdd_sub1_336_TLMMoeED_DYG_base_ftM_sl336_ll168_pl96_dm512_nh8_el2_dl1_df512_fc3_ebtimeF_dtTrue_Exp_0>>>>>>>>>>>>>>>>>>>>>>>>>>
DYG_base
原始数据形状: (108051, 6)
Index(['Bacterial Density', 'Viscosity', 'Alcohol Addition', 'Reducing Sugar',
       'Non Reducing Suger'],
      dtype='object')
train 75204
DYG_base
原始数据形状: (108051, 6)
Index(['Bacterial Density', 'Viscosity', 'Alcohol Addition', 'Reducing Sugar',
       'Non Reducing Suger'],
      dtype='object')
val 10711
DYG_base
原始数据形状: (108051, 6)
Index(['Bacterial Density', 'Viscosity', 'Alcohol Addition', 'Reducing Sugar',
       'Non Reducing Suger'],
      dtype='object')
test 21515
[MOE_TRACE] Group:0 Prob:0.93853 Alpha:0.50000
[MOE_TRACE] Group:1 Prob:0.67129 Alpha:0.50000
[MOE_TRACE] Group:2 Prob:0.99421 Alpha:0.50000
Traceback (most recent call last):
  File "run.py", line 167, in <module>
    exp.train(setting)
  File "/home/home_new/syc/code/Timeserise_Library/exp/exp_long_term_forecasting.py", line 223, in train
    outputs = self.model(batch_x, batch_x_mark, dec_inp, batch_y_mark)
  File "/home/home_new/syc/anaconda3/envs/py38torch121/lib/python3.8/site-packages/torch/nn/modules/module.py", line 1532, in _wrapped_call_impl
    return self._call_impl(*args, **kwargs)
  File "/home/home_new/syc/anaconda3/envs/py38torch121/lib/python3.8/site-packages/torch/nn/modules/module.py", line 1541, in _call_impl
    return forward_call(*args, **kwargs)
  File "/home/home_new/syc/anaconda3/envs/py38torch121/lib/python3.8/site-packages/torch/nn/parallel/data_parallel.py", line 185, in forward
    outputs = self.parallel_apply(replicas, inputs, module_kwargs)
  File "/home/home_new/syc/anaconda3/envs/py38torch121/lib/python3.8/site-packages/torch/nn/parallel/data_parallel.py", line 200, in parallel_apply
    return parallel_apply(replicas, inputs, kwargs, self.device_ids[:len(replicas)])
  File "/home/home_new/syc/anaconda3/envs/py38torch121/lib/python3.8/site-packages/torch/nn/parallel/parallel_apply.py", line 108, in parallel_apply
    output.reraise()
  File "/home/home_new/syc/anaconda3/envs/py38torch121/lib/python3.8/site-packages/torch/_utils.py", line 705, in reraise
    raise exception
torch.cuda.OutOfMemoryError: Caught OutOfMemoryError in replica 1 on device 3.
Original Traceback (most recent call last):
  File "/home/home_new/syc/anaconda3/envs/py38torch121/lib/python3.8/site-packages/torch/nn/parallel/parallel_apply.py", line 83, in _worker
    output = module(*input, **kwargs)
  File "/home/home_new/syc/anaconda3/envs/py38torch121/lib/python3.8/site-packages/torch/nn/modules/module.py", line 1532, in _wrapped_call_impl
    return self._call_impl(*args, **kwargs)
  File "/home/home_new/syc/anaconda3/envs/py38torch121/lib/python3.8/site-packages/torch/nn/modules/module.py", line 1541, in _call_impl
    return forward_call(*args, **kwargs)
  File "/home/home_new/syc/code/Timeserise_Library/models/TLMMoeED.py", line 143, in forward
    dec_out = self.forecast(x_enc, x_mark_enc, x_dec, x_mark_dec)
  File "/home/home_new/syc/code/Timeserise_Library/models/TLMMoeED.py", line 247, in forecast
    enc_out, attns = self.encoder(enc_out, attn_mask=None)
  File "/home/home_new/syc/anaconda3/envs/py38torch121/lib/python3.8/site-packages/torch/nn/modules/module.py", line 1532, in _wrapped_call_impl
    return self._call_impl(*args, **kwargs)
  File "/home/home_new/syc/anaconda3/envs/py38torch121/lib/python3.8/site-packages/torch/nn/modules/module.py", line 1541, in _call_impl
    return forward_call(*args, **kwargs)
  File "/home/home_new/syc/code/Timeserise_Library/layers/Transformer_EncDec.py", line 74, in forward
    x, attn = attn_layer(x, attn_mask=attn_mask, tau=tau, delta=delta)
  File "/home/home_new/syc/anaconda3/envs/py38torch121/lib/python3.8/site-packages/torch/nn/modules/module.py", line 1532, in _wrapped_call_impl
    return self._call_impl(*args, **kwargs)
  File "/home/home_new/syc/anaconda3/envs/py38torch121/lib/python3.8/site-packages/torch/nn/modules/module.py", line 1541, in _call_impl
    return forward_call(*args, **kwargs)
  File "/home/home_new/syc/code/Timeserise_Library/layers/Transformer_EncDec.py", line 40, in forward
    new_x, attn = self.attention(
  File "/home/home_new/syc/anaconda3/envs/py38torch121/lib/python3.8/site-packages/torch/nn/modules/module.py", line 1532, in _wrapped_call_impl
    return self._call_impl(*args, **kwargs)
  File "/home/home_new/syc/anaconda3/envs/py38torch121/lib/python3.8/site-packages/torch/nn/modules/module.py", line 1541, in _call_impl
    return forward_call(*args, **kwargs)
  File "/home/home_new/syc/code/Timeserise_Library/layers/SelfAttention_Family.py", line 203, in forward
    out, attn = self.inner_attention(
  File "/home/home_new/syc/anaconda3/envs/py38torch121/lib/python3.8/site-packages/torch/nn/modules/module.py", line 1532, in _wrapped_call_impl
    return self._call_impl(*args, **kwargs)
  File "/home/home_new/syc/anaconda3/envs/py38torch121/lib/python3.8/site-packages/torch/nn/modules/module.py", line 1541, in _call_impl
    return forward_call(*args, **kwargs)
  File "/home/home_new/syc/code/Timeserise_Library/layers/SelfAttention_Family.py", line 69, in forward
    A = self.dropout(torch.softmax(scale * scores, dim=-1))
torch.cuda.OutOfMemoryError: CUDA out of memory. Tried to allocate 442.00 MiB. GPU  has a total capacity of 23.64 GiB of which 228.56 MiB is free. Process 2647763 has 14.13 GiB memory in use. Process 3953993 has 4.94 GiB memory in use. Including non-PyTorch memory, this process has 4.33 GiB memory in use. Of the allocated memory 3.75 GiB is allocated by PyTorch, and 12.61 MiB is reserved by PyTorch but unallocated. If reserved but unallocated memory is large try setting PYTORCH_CUDA_ALLOC_CONF=expandable_segments:True to avoid fragmentation.  See documentation for Memory Management  (https://pytorch.org/docs/stable/notes/cuda.html#environment-variables)

