True
2.3.0
True
Args in experiment:
Namespace(activation='gelu', anomaly_ratio=0.25, batch_size=256, c_out=5, channel_independent=1, checkpoints='./checkpoints/', d_ff=512, d_layers=1, d_model=512, data='DYG_base', data_path='DYG_data_3_sub1.csv', dec_in=5, des='Exp', device_ids=[4, 5, 6, 7], devices='4,5,6,7', direction=[1, 1, 2, 0, 0], distil=True, dropout=0.1, e_layers=2, embed='timeF', enc_in=5, enc_out=5, factor=3, features='M', freq='h', gpu=4, inverse=False, is_training=1, itr=1, label_len=12, learning_rate=0.0001, loss='MSE', lradj='type1', mask_rate=0.25, model='Transformer', model_id='kdd_sub1_24', moe_logits_init='{"0": [5.0, -5.0], "1": [0.0, 0.0], "2": [5.0, -5.0]}', moving_avg=25, n_heads=8, num_kernels=6, num_workers=10, output_attention=False, p_hidden_dims=[128, 128], p_hidden_layers=2, patience=3, pred_len=96, root_path='./data/DYG/KDD', seasonal_patterns='Monthly', seg_len=12, seq_len=24, target='r1', task_name='long_term_forecast', temp=1.0, top_k=5, train_epochs=10, use_amp=True, use_gpu=True, use_multi_gpu=True)
Use GPU: cuda:4
>>> Total Params: 5,809,669
>>> Trainable Params: 5,809,669
>>>>>>>start training : long_term_forecast_kdd_sub1_24_Transformer_DYG_base_ftM_sl24_ll12_pl96_dm512_nh8_el2_dl1_df512_fc3_ebtimeF_dtTrue_Exp_0>>>>>>>>>>>>>>>>>>>>>>>>>>
DYG_base
原始数据形状: (108051, 6)
Index(['Bacterial Density', 'Viscosity', 'Alcohol Addition', 'Reducing Sugar',
       'Non Reducing Suger'],
      dtype='object')
train 75516
DYG_base
原始数据形状: (108051, 6)
Index(['Bacterial Density', 'Viscosity', 'Alcohol Addition', 'Reducing Sugar',
       'Non Reducing Suger'],
      dtype='object')
val 10711
DYG_base
原始数据形状: (108051, 6)
Index(['Bacterial Density', 'Viscosity', 'Alcohol Addition', 'Reducing Sugar',
       'Non Reducing Suger'],
      dtype='object')
test 21515
	iters: 100, epoch: 1 | loss: 0.4215045 | Mem: 396MB(Max:520MB)
	speed: 0.2306s/iter; left time: 655.2591s
	iters: 200, epoch: 1 | loss: 0.2780175 | Mem: 396MB(Max:520MB)
	speed: 0.1862s/iter; left time: 510.3341s
Epoch: 1 cost time: 59.645002126693726
Epoch: 1, Steps: 294 | Train Loss: 0.5364656 Vali Loss: 0.2493753 Test Loss: 0.2624025
Validation loss decreased (inf --> 0.249375).  Saving model ...
Updating learning rate to 0.0001
	iters: 100, epoch: 2 | loss: 0.3790393 | Mem: 403MB(Max:527MB)
	speed: 6.3051s/iter; left time: 16059.0680s
	iters: 200, epoch: 2 | loss: 0.5084481 | Mem: 403MB(Max:527MB)
	speed: 0.1816s/iter; left time: 444.3929s
Epoch: 2 cost time: 55.324291944503784
Epoch: 2, Steps: 294 | Train Loss: 0.4428530 Vali Loss: 0.2776788 Test Loss: 0.2759503
EarlyStopping counter: 1 out of 3
Updating learning rate to 5e-05
	iters: 100, epoch: 3 | loss: 0.3719164 | Mem: 403MB(Max:527MB)
	speed: 6.4507s/iter; left time: 14533.4161s
	iters: 200, epoch: 3 | loss: 0.5718437 | Mem: 403MB(Max:527MB)
	speed: 0.1923s/iter; left time: 413.9713s
Epoch: 3 cost time: 57.089195013046265
Epoch: 3, Steps: 294 | Train Loss: 0.4256725 Vali Loss: 0.2683477 Test Loss: 0.2709836
EarlyStopping counter: 2 out of 3
Updating learning rate to 2.5e-05
	iters: 100, epoch: 4 | loss: 0.3712481 | Mem: 403MB(Max:527MB)
	speed: 5.9167s/iter; left time: 11590.7475s
	iters: 200, epoch: 4 | loss: 0.9177960 | Mem: 403MB(Max:527MB)
	speed: 0.1831s/iter; left time: 340.3835s
Epoch: 4 cost time: 55.713977575302124
Epoch: 4, Steps: 294 | Train Loss: 0.4175381 Vali Loss: 0.2581282 Test Loss: 0.2694659
EarlyStopping counter: 3 out of 3
Early stopping
Updating learning rate to 1.25e-05
	iters: 100, epoch: 5 | loss: 0.4020379 | Mem: 403MB(Max:527MB)
	speed: 6.0961s/iter; left time: 10150.0721s
	iters: 200, epoch: 5 | loss: 0.3363695 | Mem: 403MB(Max:527MB)
	speed: 0.1867s/iter; left time: 292.1135s
Epoch: 5 cost time: 59.2652804851532
Epoch: 5, Steps: 294 | Train Loss: 0.4124494 Vali Loss: 0.2512327 Test Loss: 0.2665403
EarlyStopping counter: 4 out of 3
Early stopping
Updating learning rate to 6.25e-06
	iters: 100, epoch: 6 | loss: 0.2880585 | Mem: 403MB(Max:527MB)
	speed: 6.1832s/iter; left time: 8477.1254s
	iters: 200, epoch: 6 | loss: 0.3104984 | Mem: 403MB(Max:527MB)
	speed: 0.1873s/iter; left time: 238.0046s
Epoch: 6 cost time: 58.15804147720337
Epoch: 6, Steps: 294 | Train Loss: 0.4100028 Vali Loss: 0.2544497 Test Loss: 0.2670242
EarlyStopping counter: 5 out of 3
Early stopping
Updating learning rate to 3.125e-06
	iters: 100, epoch: 7 | loss: 0.4805067 | Mem: 403MB(Max:527MB)
	speed: 6.2092s/iter; left time: 6687.3226s
	iters: 200, epoch: 7 | loss: 0.1806675 | Mem: 403MB(Max:527MB)
	speed: 0.2002s/iter; left time: 195.5891s
Epoch: 7 cost time: 58.55622315406799
Epoch: 7, Steps: 294 | Train Loss: 0.4073661 Vali Loss: 0.2536221 Test Loss: 0.2734661
EarlyStopping counter: 6 out of 3
Early stopping
Updating learning rate to 1.5625e-06
	iters: 100, epoch: 8 | loss: 0.4550965 | Mem: 403MB(Max:527MB)
	speed: 5.4567s/iter; left time: 4272.5702s
	iters: 200, epoch: 8 | loss: 0.4352202 | Mem: 403MB(Max:527MB)
	speed: 0.1658s/iter; left time: 113.2677s
Epoch: 8 cost time: 49.41829252243042
Epoch: 8, Steps: 294 | Train Loss: 0.4069391 Vali Loss: 0.2573423 Test Loss: 0.2741423
EarlyStopping counter: 7 out of 3
Early stopping
Updating learning rate to 7.8125e-07
	iters: 100, epoch: 9 | loss: 0.7056314 | Mem: 403MB(Max:527MB)
	speed: 5.3185s/iter; left time: 2600.7403s
	iters: 200, epoch: 9 | loss: 0.3849493 | Mem: 403MB(Max:527MB)
	speed: 0.1813s/iter; left time: 70.5101s
Epoch: 9 cost time: 53.35987830162048
Epoch: 9, Steps: 294 | Train Loss: 0.4077303 Vali Loss: 0.2559206 Test Loss: 0.2725415
EarlyStopping counter: 8 out of 3
Early stopping
Updating learning rate to 3.90625e-07
	iters: 100, epoch: 10 | loss: 0.2947319 | Mem: 403MB(Max:527MB)
	speed: 5.1627s/iter; left time: 1006.7275s
	iters: 200, epoch: 10 | loss: 0.3312520 | Mem: 403MB(Max:527MB)
	speed: 0.1670s/iter; left time: 15.8688s
Epoch: 10 cost time: 49.93358850479126
Epoch: 10, Steps: 294 | Train Loss: 0.4068900 Vali Loss: 0.2552047 Test Loss: 0.2730477
EarlyStopping counter: 9 out of 3
Early stopping
Updating learning rate to 1.953125e-07
>>>>>>>testing : long_term_forecast_kdd_sub1_24_Transformer_DYG_base_ftM_sl24_ll12_pl96_dm512_nh8_el2_dl1_df512_fc3_ebtimeF_dtTrue_Exp_0<<<<<<<<<<<<<<<<<<<<<<<<<<<<<<<<<
DYG_base
原始数据形状: (108051, 6)
Index(['Bacterial Density', 'Viscosity', 'Alcohol Addition', 'Reducing Sugar',
       'Non Reducing Suger'],
      dtype='object')
test 21515
test shape: (21515, 1, 96, 5) (21515, 1, 96, 5)
test shape: (21515, 96, 5) (21515, 96, 5)
mae:0.3063, mse:0.2624
(21515, 96, 5)
(21515, 96, 5)
