True
2.3.0
True
Args in experiment:
Namespace(activation='gelu', anomaly_ratio=0.25, batch_size=256, c_out=5, channel_independent=1, checkpoints='./checkpoints/', d_ff=512, d_layers=1, d_model=512, data='DYG_base', data_path='DYG_data_3_sub1.csv', dec_in=5, des='Exp', device_ids=[4, 5, 6, 7], devices='4,5,6,7', direction=[1, 1, 2, 0, 0], distil=True, dropout=0.1, e_layers=2, embed='timeF', enc_in=5, enc_out=5, factor=3, features='M', freq='h', gpu=4, inverse=False, is_training=1, itr=1, label_len=132, learning_rate=0.0001, loss='MSE', lradj='type1', mask_rate=0.25, model='Transformer', model_id='kdd_sub1_264', moe_logits_init='{"0": [5.0, -5.0], "1": [0.0, 0.0], "2": [5.0, -5.0]}', moving_avg=25, n_heads=8, num_kernels=6, num_workers=10, output_attention=False, p_hidden_dims=[128, 128], p_hidden_layers=2, patience=3, pred_len=96, root_path='./data/DYG/KDD', seasonal_patterns='Monthly', seg_len=12, seq_len=264, target='r1', task_name='long_term_forecast', temp=1.0, top_k=5, train_epochs=10, use_amp=True, use_gpu=True, use_multi_gpu=True)
Use GPU: cuda:4
>>> Total Params: 5,809,669
>>> Trainable Params: 5,809,669
>>>>>>>start training : long_term_forecast_kdd_sub1_264_Transformer_DYG_base_ftM_sl264_ll132_pl96_dm512_nh8_el2_dl1_df512_fc3_ebtimeF_dtTrue_Exp_0>>>>>>>>>>>>>>>>>>>>>>>>>>
DYG_base
原始数据形状: (108051, 6)
Index(['Bacterial Density', 'Viscosity', 'Alcohol Addition', 'Reducing Sugar',
       'Non Reducing Suger'],
      dtype='object')
train 75276
DYG_base
原始数据形状: (108051, 6)
Index(['Bacterial Density', 'Viscosity', 'Alcohol Addition', 'Reducing Sugar',
       'Non Reducing Suger'],
      dtype='object')
val 10711
DYG_base
原始数据形状: (108051, 6)
Index(['Bacterial Density', 'Viscosity', 'Alcohol Addition', 'Reducing Sugar',
       'Non Reducing Suger'],
      dtype='object')
test 21515
	iters: 100, epoch: 1 | loss: 0.4378136 | Mem: 1958MB(Max:2118MB)
	speed: 0.2131s/iter; left time: 605.4923s
	iters: 200, epoch: 1 | loss: 0.4186543 | Mem: 1958MB(Max:2118MB)
	speed: 0.1824s/iter; left time: 499.9116s
Epoch: 1 cost time: 57.11661434173584
Epoch: 1, Steps: 294 | Train Loss: 0.5320168 Vali Loss: 0.2949699 Test Loss: 0.2956890
Validation loss decreased (inf --> 0.294970).  Saving model ...
Updating learning rate to 0.0001
	iters: 100, epoch: 2 | loss: 0.2739162 | Mem: 1966MB(Max:2126MB)
	speed: 7.1691s/iter; left time: 18259.5915s
	iters: 200, epoch: 2 | loss: 0.5395772 | Mem: 1966MB(Max:2126MB)
	speed: 0.2338s/iter; left time: 572.0167s
Epoch: 2 cost time: 72.9094398021698
Epoch: 2, Steps: 294 | Train Loss: 0.4007753 Vali Loss: 0.2900409 Test Loss: 0.3208207
Validation loss decreased (0.294970 --> 0.290041).  Saving model ...
Updating learning rate to 5e-05
	iters: 100, epoch: 3 | loss: 0.2569851 | Mem: 1966MB(Max:2126MB)
	speed: 6.5009s/iter; left time: 14646.5000s
	iters: 200, epoch: 3 | loss: 0.4967832 | Mem: 1966MB(Max:2126MB)
	speed: 0.0899s/iter; left time: 193.5161s
Epoch: 3 cost time: 28.627782344818115
Epoch: 3, Steps: 294 | Train Loss: 0.3344991 Vali Loss: 0.3064478 Test Loss: 0.3706383
EarlyStopping counter: 1 out of 3
Updating learning rate to 2.5e-05
	iters: 100, epoch: 4 | loss: 0.3813029 | Mem: 1966MB(Max:2126MB)
	speed: 3.7098s/iter; left time: 7267.4265s
	iters: 200, epoch: 4 | loss: 0.2899688 | Mem: 1966MB(Max:2126MB)
	speed: 0.0811s/iter; left time: 150.7863s
Epoch: 4 cost time: 26.29917073249817
Epoch: 4, Steps: 294 | Train Loss: 0.2811066 Vali Loss: 0.3217849 Test Loss: 0.4523502
EarlyStopping counter: 2 out of 3
Updating learning rate to 1.25e-05
	iters: 100, epoch: 5 | loss: 0.4221117 | Mem: 1966MB(Max:2126MB)
	speed: 3.0324s/iter; left time: 5048.9741s
	iters: 200, epoch: 5 | loss: 0.2594292 | Mem: 1966MB(Max:2126MB)
	speed: 0.0973s/iter; left time: 152.2513s
Epoch: 5 cost time: 30.618332147598267
Epoch: 5, Steps: 294 | Train Loss: 0.2475049 Vali Loss: 0.3292488 Test Loss: 0.5224377
EarlyStopping counter: 3 out of 3
Early stopping
Updating learning rate to 6.25e-06
	iters: 100, epoch: 6 | loss: 0.3040066 | Mem: 1966MB(Max:2126MB)
	speed: 3.3220s/iter; left time: 4554.4922s
	iters: 200, epoch: 6 | loss: 0.2447781 | Mem: 1966MB(Max:2126MB)
	speed: 0.0940s/iter; left time: 119.4441s
Epoch: 6 cost time: 30.190237045288086
Epoch: 6, Steps: 294 | Train Loss: 0.2339022 Vali Loss: 0.3222578 Test Loss: 0.5277200
EarlyStopping counter: 4 out of 3
Early stopping
Updating learning rate to 3.125e-06
	iters: 100, epoch: 7 | loss: 0.2416228 | Mem: 1966MB(Max:2126MB)
	speed: 4.0086s/iter; left time: 4317.2528s
	iters: 200, epoch: 7 | loss: 0.1460719 | Mem: 1966MB(Max:2126MB)
	speed: 0.1356s/iter; left time: 132.5198s
Epoch: 7 cost time: 41.303393840789795
Epoch: 7, Steps: 294 | Train Loss: 0.2267902 Vali Loss: 0.3281667 Test Loss: 0.5492511
EarlyStopping counter: 5 out of 3
Early stopping
Updating learning rate to 1.5625e-06
	iters: 100, epoch: 8 | loss: 0.1932767 | Mem: 1966MB(Max:2126MB)
	speed: 3.6331s/iter; left time: 2844.7111s
	iters: 200, epoch: 8 | loss: 0.2847068 | Mem: 1966MB(Max:2126MB)
	speed: 0.0908s/iter; left time: 61.9832s
Epoch: 8 cost time: 29.633931875228882
Epoch: 8, Steps: 294 | Train Loss: 0.2236989 Vali Loss: 0.3304930 Test Loss: 0.5524538
EarlyStopping counter: 6 out of 3
Early stopping
Updating learning rate to 7.8125e-07
	iters: 100, epoch: 9 | loss: 0.2641203 | Mem: 1966MB(Max:2126MB)
	speed: 3.1553s/iter; left time: 1542.9572s
	iters: 200, epoch: 9 | loss: 0.2308841 | Mem: 1966MB(Max:2126MB)
	speed: 0.0788s/iter; left time: 30.6635s
Epoch: 9 cost time: 26.783559560775757
Epoch: 9, Steps: 294 | Train Loss: 0.2220509 Vali Loss: 0.3304689 Test Loss: 0.5504431
EarlyStopping counter: 7 out of 3
Early stopping
Updating learning rate to 3.90625e-07
	iters: 100, epoch: 10 | loss: 0.1782297 | Mem: 1966MB(Max:2126MB)
	speed: 2.6845s/iter; left time: 523.4872s
	iters: 200, epoch: 10 | loss: 0.1390600 | Mem: 1966MB(Max:2126MB)
	speed: 0.0814s/iter; left time: 7.7368s
Epoch: 10 cost time: 26.145670652389526
Epoch: 10, Steps: 294 | Train Loss: 0.2213086 Vali Loss: 0.3278089 Test Loss: 0.5510742
EarlyStopping counter: 8 out of 3
Early stopping
Updating learning rate to 1.953125e-07
>>>>>>>testing : long_term_forecast_kdd_sub1_264_Transformer_DYG_base_ftM_sl264_ll132_pl96_dm512_nh8_el2_dl1_df512_fc3_ebtimeF_dtTrue_Exp_0<<<<<<<<<<<<<<<<<<<<<<<<<<<<<<<<<
DYG_base
原始数据形状: (108051, 6)
Index(['Bacterial Density', 'Viscosity', 'Alcohol Addition', 'Reducing Sugar',
       'Non Reducing Suger'],
      dtype='object')
test 21515
test shape: (21515, 1, 96, 5) (21515, 1, 96, 5)
test shape: (21515, 96, 5) (21515, 96, 5)
mae:0.3456, mse:0.3208
(21515, 96, 5)
(21515, 96, 5)
