True
2.3.0
True
Args in experiment:
Namespace(activation='gelu', anomaly_ratio=0.25, batch_size=256, c_out=5, channel_independent=1, checkpoints='./checkpoints/', d_ff=512, d_layers=1, d_model=1024, data='DYG_base', data_path='EDA_femprocess.csv', dec_in=5, des='Exp', device_ids=[4, 5, 6, 7], devices='4,5,6,7', direction=[1, 1, 2, 0, 2], distil=True, dropout=0.1, e_layers=2, embed='timeF', enc_in=5, enc_out=5, factor=3, features='M', freq='h', gpu=4, inverse=False, is_training=1, itr=1, label_len=48, learning_rate=0.0001, loss='MSE', lradj='type1', mask_rate=0.25, model='TimesNet', model_id='kdd_femprocess_96', moe_logits_init='{\n    "0": {0: 3.0, 1: 2.0, 2: 5.0},\n    "1": {0: 5.0, 1: 3.0, 2: 1.0},\n    "2": {0: 2.0, 1: 5.0, 2: 3.0}, \n    "3": {0: -5.0, 1: 3.0, 2: 5.0},\n    "4": {0: 5.0, 1: 4.0, 2: -5.0}\n}', moving_avg=25, n_heads=8, num_kernels=6, num_workers=10, output_attention=False, p_hidden_dims=[128, 128], p_hidden_layers=2, patience=3, pred_len=96, root_path='./data/public', seasonal_patterns='Monthly', seg_len=12, seq_len=96, target='time', task_name='long_term_forecast', temp=1.0, top_k=5, train_epochs=10, use_amp=False, use_gpu=True, use_multi_gpu=True)
Use GPU: cuda:4
>>> Total Params: 599,849,157
>>> Trainable Params: 599,849,157
>>>>>>>start training : long_term_forecast_kdd_femprocess_96_TimesNet_DYG_base_ftM_sl96_ll48_pl96_dm1024_nh8_el2_dl1_df512_fc3_ebtimeF_dtTrue_Exp_0>>>>>>>>>>>>>>>>>>>>>>>>>>
DYG_base
原始数据形状: (113935, 6)
Index(['flow_rate', 'heating_cooling_water_flow_rate', 'concentration',
       'vessel_volume', 'generated_heat'],
      dtype='object')
train 79563
DYG_base
原始数据形状: (113935, 6)
Index(['flow_rate', 'heating_cooling_water_flow_rate', 'concentration',
       'vessel_volume', 'generated_heat'],
      dtype='object')
val 11299
DYG_base
原始数据形状: (113935, 6)
Index(['flow_rate', 'heating_cooling_water_flow_rate', 'concentration',
       'vessel_volume', 'generated_heat'],
      dtype='object')
test 22692
	iters: 100, epoch: 1 | loss: 0.4238923 | Mem: 9012MB(Max:11969MB)
	speed: 4.6045s/iter; left time: 13817.9813s
	iters: 200, epoch: 1 | loss: 0.3679536 | Mem: 9012MB(Max:11969MB)
	speed: 5.3561s/iter; left time: 15538.0124s
	iters: 300, epoch: 1 | loss: 0.3586518 | Mem: 9012MB(Max:11969MB)
	speed: 7.3103s/iter; left time: 20476.1720s
Epoch: 1 cost time: 1799.7705595493317
Epoch: 1, Steps: 310 | Train Loss: 0.3908747 Vali Loss: 0.2689465 Test Loss: 0.7016356
Validation loss decreased (inf --> 0.268947).  Saving model ...
Updating learning rate to 0.0001
	iters: 100, epoch: 2 | loss: 0.2617105 | Mem: 9021MB(Max:12402MB)
	speed: 32.3616s/iter; left time: 87085.0602s
	iters: 200, epoch: 2 | loss: 0.2782804 | Mem: 9021MB(Max:12402MB)
	speed: 7.3605s/iter; left time: 19071.0442s
	iters: 300, epoch: 2 | loss: 0.3159503 | Mem: 9021MB(Max:12402MB)
	speed: 6.3931s/iter; left time: 15925.1790s
Epoch: 2 cost time: 2113.2299897670746
Epoch: 2, Steps: 310 | Train Loss: 0.3040866 Vali Loss: 0.2332620 Test Loss: 0.7224581
Validation loss decreased (0.268947 --> 0.233262).  Saving model ...
Updating learning rate to 5e-05
	iters: 100, epoch: 3 | loss: 0.2191810 | Mem: 9021MB(Max:11924MB)
	speed: 31.1108s/iter; left time: 74074.8519s
	iters: 200, epoch: 3 | loss: 0.2848040 | Mem: 9021MB(Max:11924MB)
	speed: 7.5668s/iter; left time: 17259.8179s
	iters: 300, epoch: 3 | loss: 0.2721059 | Mem: 9020MB(Max:11924MB)
	speed: 8.5827s/iter; left time: 18718.8079s
Epoch: 3 cost time: 2279.589029312134
Epoch: 3, Steps: 310 | Train Loss: 0.2648937 Vali Loss: 0.2297268 Test Loss: 0.6932888
Validation loss decreased (0.233262 --> 0.229727).  Saving model ...
Updating learning rate to 2.5e-05
	iters: 100, epoch: 4 | loss: 0.2410401 | Mem: 9020MB(Max:12367MB)
	speed: 32.5006s/iter; left time: 67308.6528s
	iters: 200, epoch: 4 | loss: 0.2071048 | Mem: 9020MB(Max:12367MB)
	speed: 6.7748s/iter; left time: 13353.1316s
	iters: 300, epoch: 4 | loss: 0.2494458 | Mem: 9020MB(Max:12367MB)
	speed: 6.0794s/iter; left time: 11374.6383s
Epoch: 4 cost time: 1980.4088966846466
Epoch: 4, Steps: 310 | Train Loss: 0.2375918 Vali Loss: 0.2228828 Test Loss: 0.6956111
Validation loss decreased (0.229727 --> 0.222883).  Saving model ...
Updating learning rate to 1.25e-05
	iters: 100, epoch: 5 | loss: 0.2088422 | Mem: 9020MB(Max:12317MB)
	speed: 29.9009s/iter; left time: 52655.4463s
	iters: 200, epoch: 5 | loss: 0.2474099 | Mem: 9021MB(Max:12317MB)
	speed: 6.6731s/iter; left time: 11084.0497s
	iters: 300, epoch: 5 | loss: 0.2324085 | Mem: 9020MB(Max:12317MB)
	speed: 6.7111s/iter; left time: 10476.0698s
Epoch: 5 cost time: 2013.3133301734924
Epoch: 5, Steps: 310 | Train Loss: 0.2171810 Vali Loss: 0.2248225 Test Loss: 0.6831725
EarlyStopping counter: 1 out of 3
Updating learning rate to 6.25e-06
	iters: 100, epoch: 6 | loss: 0.2233166 | Mem: 9021MB(Max:12802MB)
	speed: 29.2260s/iter; left time: 42406.9783s
	iters: 200, epoch: 6 | loss: 0.1854692 | Mem: 9020MB(Max:12802MB)
	speed: 4.9607s/iter; left time: 6701.8487s
	iters: 300, epoch: 6 | loss: 0.1775885 | Mem: 9021MB(Max:12802MB)
	speed: 5.1720s/iter; left time: 6470.2306s
Epoch: 6 cost time: 1545.7941024303436
Epoch: 6, Steps: 310 | Train Loss: 0.2038396 Vali Loss: 0.2267848 Test Loss: 0.6860107
EarlyStopping counter: 2 out of 3
Updating learning rate to 3.125e-06
	iters: 100, epoch: 7 | loss: 0.2125880 | Mem: 9020MB(Max:12802MB)
	speed: 28.5884s/iter; left time: 32619.3595s
	iters: 200, epoch: 7 | loss: 0.2057142 | Mem: 9021MB(Max:12802MB)
	speed: 6.1772s/iter; left time: 6430.4804s
	iters: 300, epoch: 7 | loss: 0.1850141 | Mem: 9021MB(Max:12802MB)
	speed: 5.9621s/iter; left time: 5610.2922s
Epoch: 7 cost time: 1802.045342206955
Epoch: 7, Steps: 310 | Train Loss: 0.1961917 Vali Loss: 0.2281477 Test Loss: 0.6910969
EarlyStopping counter: 3 out of 3
Early stopping
Updating learning rate to 1.5625e-06
	iters: 100, epoch: 8 | loss: 0.1925248 | Mem: 9021MB(Max:12802MB)
	speed: 30.9645s/iter; left time: 25731.5226s
	iters: 200, epoch: 8 | loss: 0.1803787 | Mem: 9021MB(Max:12802MB)
	speed: 8.5935s/iter; left time: 6281.8449s
	iters: 300, epoch: 8 | loss: 0.1679008 | Mem: 9021MB(Max:12802MB)
	speed: 10.2605s/iter; left time: 6474.3694s
Epoch: 8 cost time: 2618.0410244464874
Epoch: 8, Steps: 310 | Train Loss: 0.1919558 Vali Loss: 0.2292972 Test Loss: 0.6835463
EarlyStopping counter: 4 out of 3
Early stopping
Updating learning rate to 7.8125e-07
	iters: 100, epoch: 9 | loss: 0.1558662 | Mem: 9021MB(Max:12802MB)
	speed: 37.9164s/iter; left time: 19754.4446s
	iters: 200, epoch: 9 | loss: 0.1984106 | Mem: 9020MB(Max:12802MB)
	speed: 9.2220s/iter; left time: 3882.4551s
	iters: 300, epoch: 9 | loss: 0.2021133 | Mem: 9021MB(Max:12802MB)
	speed: 9.3054s/iter; left time: 2987.0203s
Epoch: 9 cost time: 2731.232087135315
Epoch: 9, Steps: 310 | Train Loss: 0.1898370 Vali Loss: 0.2287061 Test Loss: 0.6864410
EarlyStopping counter: 5 out of 3
Early stopping
Updating learning rate to 3.90625e-07
	iters: 100, epoch: 10 | loss: 0.1841125 | Mem: 9021MB(Max:12802MB)
	speed: 37.7853s/iter; left time: 7972.6896s
	iters: 200, epoch: 10 | loss: 0.1952906 | Mem: 9021MB(Max:12802MB)
	speed: 9.0793s/iter; left time: 1007.8038s
	iters: 300, epoch: 10 | loss: 0.1728279 | Mem: 9020MB(Max:12802MB)
	speed: 11.1494s/iter; left time: 122.6435s
Epoch: 10 cost time: 2826.2579367160797
Epoch: 10, Steps: 310 | Train Loss: 0.1889219 Vali Loss: 0.2294625 Test Loss: 0.6891828
EarlyStopping counter: 6 out of 3
Early stopping
Updating learning rate to 1.953125e-07
>>>>>>> Training Total Time: 47503.62 seconds <<<<<<<
>>>>>>>testing : long_term_forecast_kdd_femprocess_96_TimesNet_DYG_base_ftM_sl96_ll48_pl96_dm1024_nh8_el2_dl1_df512_fc3_ebtimeF_dtTrue_Exp_0<<<<<<<<<<<<<<<<<<<<<<<<<<<<<<<<<
DYG_base
原始数据形状: (113935, 6)
Index(['flow_rate', 'heating_cooling_water_flow_rate', 'concentration',
       'vessel_volume', 'generated_heat'],
      dtype='object')
test 22692
test shape: (22692, 1, 96, 5) (22692, 1, 96, 5)
test shape: (22692, 96, 5) (22692, 96, 5)
mae:0.3462, mse:0.6956
>>>>>>> Test Total Time: 2999.86 seconds <<<<<<<
(22692, 96, 5)
(22692, 96, 5)
